[2026-08-16T17:25:46.481+0000] {local_task_job_runner.py:120} INFO - ::group::Pre task execution logs
[2026-08-16T17:25:46.950+0000] {taskinstance.py:2076} INFO - Dependencies all met for dep_context=non-requeueable deps ti=<TaskInstance: nyc_taxi_ingest.load_bronze manual__2026-08-16T17:23:48.250153+00:00 [queued]>
[2026-08-16T17:25:46.973+0000] {taskinstance.py:2076} INFO - Dependencies all met for dep_context=requeueable deps ti=<TaskInstance: nyc_taxi_ingest.load_bronze manual__2026-08-16T17:23:48.250153+00:00 [queued]>
[2026-08-16T17:25:46.975+0000] {taskinstance.py:2306} INFO - Starting attempt 1 of 2
[2026-08-16T17:25:46.996+0000] {taskinstance.py:2330} INFO - Executing <Task(PythonOperator): load_bronze> on 2026-08-16 17:23:48.250153+00:00
[2026-08-16T17:25:47.012+0000] {warnings.py:112} WARNING - /home/***/.local/lib/python3.12/site-packages/***/task/task_runner/standard_task_runner.py:62: DeprecationWarning: This process (pid=271) is multi-threaded, use of fork() may lead to deadlocks in the child.
  pid = os.fork()

[2026-08-16T17:25:47.015+0000] {standard_task_runner.py:64} INFO - Started process 273 to run task
[2026-08-16T17:25:47.016+0000] {standard_task_runner.py:90} INFO - Running: ['***', 'tasks', 'run', 'nyc_taxi_ingest', 'load_bronze', 'manual__2026-08-16T17:23:48.250153+00:00', '--job-id', '34', '--raw', '--subdir', 'DAGS_FOLDER/nyc_taxi_ingest.py', '--cfg-path', '/tmp/tmp27bxdzsd']
[2026-08-16T17:25:47.024+0000] {standard_task_runner.py:91} INFO - Job 34: Subtask load_bronze
[2026-08-16T17:25:47.191+0000] {task_command.py:426} INFO - Running <TaskInstance: nyc_taxi_ingest.load_bronze manual__2026-08-16T17:23:48.250153+00:00 [running]> on host ***-worker
[2026-08-16T17:25:47.462+0000] {taskinstance.py:2648} INFO - Exporting env vars: AIRFLOW_CTX_DAG_OWNER='aadya-anil-kumar' AIRFLOW_CTX_DAG_ID='nyc_taxi_ingest' AIRFLOW_CTX_TASK_ID='load_bronze' AIRFLOW_CTX_EXECUTION_DATE='2026-08-16T17:23:48.250153+00:00' AIRFLOW_CTX_TRY_NUMBER='1' AIRFLOW_CTX_DAG_RUN_ID='manual__2026-08-16T17:23:48.250153+00:00'
[2026-08-16T17:25:47.465+0000] {taskinstance.py:430} INFO - ::endgroup::
[2026-08-16T17:27:21.604+0000] {job.py:218} ERROR - Job heartbeat got an exception
Traceback (most recent call last):
  File "/home/airflow/.local/lib/python3.12/site-packages/sqlalchemy/engine/base.py", line 3371, in _wrap_pool_connect
    return fn()
           ^^^^
  File "/home/airflow/.local/lib/python3.12/site-packages/sqlalchemy/pool/base.py", line 327, in connect
    return _ConnectionFairy._checkout(self)
           ^^^^^^^^^^^^^^^^^^^^^^^^^^^^^^^^
  File "/home/airflow/.local/lib/python3.12/site-packages/sqlalchemy/pool/base.py", line 894, in _checkout
    fairy = _ConnectionRecord.checkout(pool)
            ^^^^^^^^^^^^^^^^^^^^^^^^^^^^^^^^
  File "/home/airflow/.local/lib/python3.12/site-packages/sqlalchemy/pool/base.py", line 493, in checkout
    rec = pool._do_get()
          ^^^^^^^^^^^^^^
  File "/home/airflow/.local/lib/python3.12/site-packages/sqlalchemy/pool/impl.py", line 256, in _do_get
    return self._create_connection()
           ^^^^^^^^^^^^^^^^^^^^^^^^^
  File "/home/airflow/.local/lib/python3.12/site-packages/sqlalchemy/pool/base.py", line 273, in _create_connection
    return _ConnectionRecord(self)
           ^^^^^^^^^^^^^^^^^^^^^^^
  File "/home/airflow/.local/lib/python3.12/site-packages/sqlalchemy/pool/base.py", line 388, in __init__
    self.__connect()
  File "/home/airflow/.local/lib/python3.12/site-packages/sqlalchemy/pool/base.py", line 690, in __connect
    with util.safe_reraise():
  File "/home/airflow/.local/lib/python3.12/site-packages/sqlalchemy/util/langhelpers.py", line 70, in __exit__
    compat.raise_(
  File "/home/airflow/.local/lib/python3.12/site-packages/sqlalchemy/util/compat.py", line 211, in raise_
    raise exception
  File "/home/airflow/.local/lib/python3.12/site-packages/sqlalchemy/pool/base.py", line 686, in __connect
    self.dbapi_connection = connection = pool._invoke_creator(self)
                                         ^^^^^^^^^^^^^^^^^^^^^^^^^^
  File "/home/airflow/.local/lib/python3.12/site-packages/sqlalchemy/engine/create.py", line 574, in connect
    return dialect.connect(*cargs, **cparams)
           ^^^^^^^^^^^^^^^^^^^^^^^^^^^^^^^^^^
  File "/home/airflow/.local/lib/python3.12/site-packages/sqlalchemy/engine/default.py", line 598, in connect
    return self.dbapi.connect(*cargs, **cparams)
           ^^^^^^^^^^^^^^^^^^^^^^^^^^^^^^^^^^^^^
  File "/home/airflow/.local/lib/python3.12/site-packages/psycopg2/__init__.py", line 122, in connect
    conn = _connect(dsn, connection_factory=connection_factory, **kwasync)
           ^^^^^^^^^^^^^^^^^^^^^^^^^^^^^^^^^^^^^^^^^^^^^^^^^^^^^^^^^^^^^^^
psycopg2.OperationalError: could not translate host name "postgres" to address: Temporary failure in name resolution


The above exception was the direct cause of the following exception:

Traceback (most recent call last):
  File "/home/airflow/.local/lib/python3.12/site-packages/airflow/jobs/job.py", line 192, in heartbeat
    self._merge_from(Job._fetch_from_db(self, session))
                     ^^^^^^^^^^^^^^^^^^^^^^^^^^^^^^^^^
  File "/home/airflow/.local/lib/python3.12/site-packages/airflow/api_internal/internal_api_call.py", line 115, in wrapper
    return func(*args, **kwargs)
           ^^^^^^^^^^^^^^^^^^^^^
  File "/home/airflow/.local/lib/python3.12/site-packages/airflow/utils/session.py", line 76, in wrapper
    return func(*args, **kwargs)
           ^^^^^^^^^^^^^^^^^^^^^
  File "/home/airflow/.local/lib/python3.12/site-packages/airflow/utils/retries.py", line 89, in wrapped_function
    for attempt in run_with_db_retries(max_retries=retries, logger=logger, **retry_kwargs):
  File "/home/airflow/.local/lib/python3.12/site-packages/tenacity/__init__.py", line 443, in __iter__
    do = self.iter(retry_state=retry_state)
         ^^^^^^^^^^^^^^^^^^^^^^^^^^^^^^^^^^
  File "/home/airflow/.local/lib/python3.12/site-packages/tenacity/__init__.py", line 376, in iter
    result = action(retry_state)
             ^^^^^^^^^^^^^^^^^^^
  File "/home/airflow/.local/lib/python3.12/site-packages/tenacity/__init__.py", line 418, in exc_check
    raise retry_exc.reraise()
          ^^^^^^^^^^^^^^^^^^^
  File "/home/airflow/.local/lib/python3.12/site-packages/tenacity/__init__.py", line 185, in reraise
    raise self.last_attempt.result()
          ^^^^^^^^^^^^^^^^^^^^^^^^^^
  File "/usr/local/lib/python3.12/concurrent/futures/_base.py", line 449, in result
    return self.__get_result()
           ^^^^^^^^^^^^^^^^^^^
  File "/usr/local/lib/python3.12/concurrent/futures/_base.py", line 401, in __get_result
    raise self._exception
  File "/home/airflow/.local/lib/python3.12/site-packages/airflow/utils/retries.py", line 98, in wrapped_function
    return func(*args, **kwargs)
           ^^^^^^^^^^^^^^^^^^^^^
  File "/home/airflow/.local/lib/python3.12/site-packages/airflow/jobs/job.py", line 316, in _fetch_from_db
    session.merge(job)
  File "/home/airflow/.local/lib/python3.12/site-packages/sqlalchemy/orm/session.py", line 3056, in merge
    return self._merge(
           ^^^^^^^^^^^^
  File "/home/airflow/.local/lib/python3.12/site-packages/sqlalchemy/orm/session.py", line 3136, in _merge
    merged = self.get(
             ^^^^^^^^^
  File "/home/airflow/.local/lib/python3.12/site-packages/sqlalchemy/orm/session.py", line 2853, in get
    return self._get_impl(
           ^^^^^^^^^^^^^^^
  File "/home/airflow/.local/lib/python3.12/site-packages/sqlalchemy/orm/session.py", line 2975, in _get_impl
    return db_load_fn(
           ^^^^^^^^^^^
  File "/home/airflow/.local/lib/python3.12/site-packages/sqlalchemy/orm/loading.py", line 530, in load_on_pk_identity
    session.execute(
  File "/home/airflow/.local/lib/python3.12/site-packages/sqlalchemy/orm/session.py", line 1716, in execute
    conn = self._connection_for_bind(bind)
           ^^^^^^^^^^^^^^^^^^^^^^^^^^^^^^^
  File "/home/airflow/.local/lib/python3.12/site-packages/sqlalchemy/orm/session.py", line 1555, in _connection_for_bind
    return self._transaction._connection_for_bind(
           ^^^^^^^^^^^^^^^^^^^^^^^^^^^^^^^^^^^^^^^
  File "/home/airflow/.local/lib/python3.12/site-packages/sqlalchemy/orm/session.py", line 750, in _connection_for_bind
    conn = bind.connect()
           ^^^^^^^^^^^^^^
  File "/home/airflow/.local/lib/python3.12/site-packages/sqlalchemy/future/engine.py", line 412, in connect
    return super(Engine, self).connect()
           ^^^^^^^^^^^^^^^^^^^^^^^^^^^^^
  File "/home/airflow/.local/lib/python3.12/site-packages/sqlalchemy/engine/base.py", line 3325, in connect
    return self._connection_cls(self, close_with_result=close_with_result)
           ^^^^^^^^^^^^^^^^^^^^^^^^^^^^^^^^^^^^^^^^^^^^^^^^^^^^^^^^^^^^^^^
  File "/home/airflow/.local/lib/python3.12/site-packages/sqlalchemy/engine/base.py", line 96, in __init__
    else engine.raw_connection()
         ^^^^^^^^^^^^^^^^^^^^^^^
  File "/home/airflow/.local/lib/python3.12/site-packages/sqlalchemy/engine/base.py", line 3404, in raw_connection
    return self._wrap_pool_connect(self.pool.connect, _connection)
           ^^^^^^^^^^^^^^^^^^^^^^^^^^^^^^^^^^^^^^^^^^^^^^^^^^^^^^^
  File "/home/airflow/.local/lib/python3.12/site-packages/sqlalchemy/engine/base.py", line 3374, in _wrap_pool_connect
    Connection._handle_dbapi_exception_noconnection(
  File "/home/airflow/.local/lib/python3.12/site-packages/sqlalchemy/engine/base.py", line 2208, in _handle_dbapi_exception_noconnection
    util.raise_(
  File "/home/airflow/.local/lib/python3.12/site-packages/sqlalchemy/util/compat.py", line 211, in raise_
    raise exception
  File "/home/airflow/.local/lib/python3.12/site-packages/sqlalchemy/engine/base.py", line 3371, in _wrap_pool_connect
    return fn()
           ^^^^
  File "/home/airflow/.local/lib/python3.12/site-packages/sqlalchemy/pool/base.py", line 327, in connect
    return _ConnectionFairy._checkout(self)
           ^^^^^^^^^^^^^^^^^^^^^^^^^^^^^^^^
  File "/home/airflow/.local/lib/python3.12/site-packages/sqlalchemy/pool/base.py", line 894, in _checkout
    fairy = _ConnectionRecord.checkout(pool)
            ^^^^^^^^^^^^^^^^^^^^^^^^^^^^^^^^
  File "/home/airflow/.local/lib/python3.12/site-packages/sqlalchemy/pool/base.py", line 493, in checkout
    rec = pool._do_get()
          ^^^^^^^^^^^^^^
  File "/home/airflow/.local/lib/python3.12/site-packages/sqlalchemy/pool/impl.py", line 256, in _do_get
    return self._create_connection()
           ^^^^^^^^^^^^^^^^^^^^^^^^^
  File "/home/airflow/.local/lib/python3.12/site-packages/sqlalchemy/pool/base.py", line 273, in _create_connection
    return _ConnectionRecord(self)
           ^^^^^^^^^^^^^^^^^^^^^^^
  File "/home/airflow/.local/lib/python3.12/site-packages/sqlalchemy/pool/base.py", line 388, in __init__
    self.__connect()
  File "/home/airflow/.local/lib/python3.12/site-packages/sqlalchemy/pool/base.py", line 690, in __connect
    with util.safe_reraise():
  File "/home/airflow/.local/lib/python3.12/site-packages/sqlalchemy/util/langhelpers.py", line 70, in __exit__
    compat.raise_(
  File "/home/airflow/.local/lib/python3.12/site-packages/sqlalchemy/util/compat.py", line 211, in raise_
    raise exception
  File "/home/airflow/.local/lib/python3.12/site-packages/sqlalchemy/pool/base.py", line 686, in __connect
    self.dbapi_connection = connection = pool._invoke_creator(self)
                                         ^^^^^^^^^^^^^^^^^^^^^^^^^^
  File "/home/airflow/.local/lib/python3.12/site-packages/sqlalchemy/engine/create.py", line 574, in connect
    return dialect.connect(*cargs, **cparams)
           ^^^^^^^^^^^^^^^^^^^^^^^^^^^^^^^^^^
  File "/home/airflow/.local/lib/python3.12/site-packages/sqlalchemy/engine/default.py", line 598, in connect
    return self.dbapi.connect(*cargs, **cparams)
           ^^^^^^^^^^^^^^^^^^^^^^^^^^^^^^^^^^^^^
  File "/home/airflow/.local/lib/python3.12/site-packages/psycopg2/__init__.py", line 122, in connect
    conn = _connect(dsn, connection_factory=connection_factory, **kwasync)
           ^^^^^^^^^^^^^^^^^^^^^^^^^^^^^^^^^^^^^^^^^^^^^^^^^^^^^^^^^^^^^^^
sqlalchemy.exc.OperationalError: (psycopg2.OperationalError) could not translate host name "postgres" to address: Temporary failure in name resolution

(Background on this error at: https://sqlalche.me/e/14/e3q8)
[2026-08-16T17:27:26.008+0000] {job.py:226} ERROR - Job heartbeat failed with error. Scheduler is in unhealthy state
[2026-08-16T17:29:02.527+0000] {logging_mixin.py:188} INFO - ✅ Inserted 5000/2964624 rows
[2026-08-16T17:29:02.830+0000] {logging_mixin.py:188} INFO - ✅ Inserted 10000/2964624 rows
[2026-08-16T17:29:03.049+0000] {logging_mixin.py:188} INFO - ✅ Inserted 15000/2964624 rows
[2026-08-16T17:29:03.300+0000] {logging_mixin.py:188} INFO - ✅ Inserted 20000/2964624 rows
[2026-08-16T17:29:03.490+0000] {logging_mixin.py:188} INFO - ✅ Inserted 25000/2964624 rows
[2026-08-16T17:29:03.650+0000] {logging_mixin.py:188} INFO - ✅ Inserted 30000/2964624 rows
[2026-08-16T17:29:03.845+0000] {logging_mixin.py:188} INFO - ✅ Inserted 35000/2964624 rows
[2026-08-16T17:29:03.996+0000] {logging_mixin.py:188} INFO - ✅ Inserted 40000/2964624 rows
[2026-08-16T17:29:04.179+0000] {logging_mixin.py:188} INFO - ✅ Inserted 45000/2964624 rows
[2026-08-16T17:29:04.351+0000] {logging_mixin.py:188} INFO - ✅ Inserted 50000/2964624 rows
[2026-08-16T17:29:04.580+0000] {logging_mixin.py:188} INFO - ✅ Inserted 55000/2964624 rows
[2026-08-16T17:29:04.713+0000] {logging_mixin.py:188} INFO - ✅ Inserted 60000/2964624 rows
[2026-08-16T17:29:04.879+0000] {logging_mixin.py:188} INFO - ✅ Inserted 65000/2964624 rows
[2026-08-16T17:29:05.093+0000] {logging_mixin.py:188} INFO - ✅ Inserted 70000/2964624 rows
[2026-08-16T17:29:05.403+0000] {logging_mixin.py:188} INFO - ✅ Inserted 75000/2964624 rows
[2026-08-16T17:29:05.721+0000] {logging_mixin.py:188} INFO - ✅ Inserted 80000/2964624 rows
[2026-08-16T17:29:06.034+0000] {logging_mixin.py:188} INFO - ✅ Inserted 85000/2964624 rows
[2026-08-16T17:29:06.302+0000] {logging_mixin.py:188} INFO - ✅ Inserted 90000/2964624 rows
[2026-08-16T17:29:06.526+0000] {logging_mixin.py:188} INFO - ✅ Inserted 95000/2964624 rows
[2026-08-16T17:29:06.749+0000] {logging_mixin.py:188} INFO - ✅ Inserted 100000/2964624 rows
[2026-08-16T17:29:06.949+0000] {logging_mixin.py:188} INFO - ✅ Inserted 105000/2964624 rows
[2026-08-16T17:29:07.138+0000] {logging_mixin.py:188} INFO - ✅ Inserted 110000/2964624 rows
[2026-08-16T17:29:07.373+0000] {logging_mixin.py:188} INFO - ✅ Inserted 115000/2964624 rows
[2026-08-16T17:29:07.606+0000] {logging_mixin.py:188} INFO - ✅ Inserted 120000/2964624 rows
[2026-08-16T17:29:07.861+0000] {logging_mixin.py:188} INFO - ✅ Inserted 125000/2964624 rows
[2026-08-16T17:29:08.036+0000] {logging_mixin.py:188} INFO - ✅ Inserted 130000/2964624 rows
[2026-08-16T17:29:08.183+0000] {logging_mixin.py:188} INFO - ✅ Inserted 135000/2964624 rows
[2026-08-16T17:29:08.369+0000] {logging_mixin.py:188} INFO - ✅ Inserted 140000/2964624 rows
[2026-08-16T17:29:08.532+0000] {logging_mixin.py:188} INFO - ✅ Inserted 145000/2964624 rows
[2026-08-16T17:29:08.674+0000] {logging_mixin.py:188} INFO - ✅ Inserted 150000/2964624 rows
[2026-08-16T17:29:08.837+0000] {logging_mixin.py:188} INFO - ✅ Inserted 155000/2964624 rows
[2026-08-16T17:29:09.006+0000] {logging_mixin.py:188} INFO - ✅ Inserted 160000/2964624 rows
[2026-08-16T17:29:09.155+0000] {logging_mixin.py:188} INFO - ✅ Inserted 165000/2964624 rows
[2026-08-16T17:29:09.366+0000] {logging_mixin.py:188} INFO - ✅ Inserted 170000/2964624 rows
[2026-08-16T17:29:09.807+0000] {logging_mixin.py:188} INFO - ✅ Inserted 175000/2964624 rows
[2026-08-16T17:29:10.124+0000] {logging_mixin.py:188} INFO - ✅ Inserted 180000/2964624 rows
[2026-08-16T17:29:10.387+0000] {logging_mixin.py:188} INFO - ✅ Inserted 185000/2964624 rows
[2026-08-16T17:29:10.615+0000] {logging_mixin.py:188} INFO - ✅ Inserted 190000/2964624 rows
[2026-08-16T17:29:10.834+0000] {logging_mixin.py:188} INFO - ✅ Inserted 195000/2964624 rows
[2026-08-16T17:29:11.044+0000] {logging_mixin.py:188} INFO - ✅ Inserted 200000/2964624 rows
[2026-08-16T17:29:11.223+0000] {logging_mixin.py:188} INFO - ✅ Inserted 205000/2964624 rows
[2026-08-16T17:29:11.394+0000] {logging_mixin.py:188} INFO - ✅ Inserted 210000/2964624 rows
[2026-08-16T17:29:11.537+0000] {logging_mixin.py:188} INFO - ✅ Inserted 215000/2964624 rows
[2026-08-16T17:29:11.717+0000] {logging_mixin.py:188} INFO - ✅ Inserted 220000/2964624 rows
[2026-08-16T17:29:11.862+0000] {logging_mixin.py:188} INFO - ✅ Inserted 225000/2964624 rows
[2026-08-16T17:29:12.037+0000] {logging_mixin.py:188} INFO - ✅ Inserted 230000/2964624 rows
[2026-08-16T17:29:12.242+0000] {logging_mixin.py:188} INFO - ✅ Inserted 235000/2964624 rows
[2026-08-16T17:29:12.420+0000] {logging_mixin.py:188} INFO - ✅ Inserted 240000/2964624 rows
[2026-08-16T17:29:12.574+0000] {logging_mixin.py:188} INFO - ✅ Inserted 245000/2964624 rows
[2026-08-16T17:29:12.706+0000] {logging_mixin.py:188} INFO - ✅ Inserted 250000/2964624 rows
[2026-08-16T17:29:12.892+0000] {logging_mixin.py:188} INFO - ✅ Inserted 255000/2964624 rows
[2026-08-16T17:29:13.040+0000] {logging_mixin.py:188} INFO - ✅ Inserted 260000/2964624 rows
[2026-08-16T17:29:13.212+0000] {logging_mixin.py:188} INFO - ✅ Inserted 265000/2964624 rows
[2026-08-16T17:29:13.359+0000] {logging_mixin.py:188} INFO - ✅ Inserted 270000/2964624 rows
[2026-08-16T17:29:13.538+0000] {logging_mixin.py:188} INFO - ✅ Inserted 275000/2964624 rows
[2026-08-16T17:29:13.703+0000] {logging_mixin.py:188} INFO - ✅ Inserted 280000/2964624 rows
[2026-08-16T17:29:13.939+0000] {logging_mixin.py:188} INFO - ✅ Inserted 285000/2964624 rows
[2026-08-16T17:29:14.309+0000] {logging_mixin.py:188} INFO - ✅ Inserted 290000/2964624 rows
[2026-08-16T17:29:14.572+0000] {logging_mixin.py:188} INFO - ✅ Inserted 295000/2964624 rows
[2026-08-16T17:29:14.705+0000] {logging_mixin.py:188} INFO - ✅ Inserted 300000/2964624 rows
[2026-08-16T17:29:14.856+0000] {logging_mixin.py:188} INFO - ✅ Inserted 305000/2964624 rows
[2026-08-16T17:29:15.082+0000] {logging_mixin.py:188} INFO - ✅ Inserted 310000/2964624 rows
[2026-08-16T17:29:15.280+0000] {logging_mixin.py:188} INFO - ✅ Inserted 315000/2964624 rows
[2026-08-16T17:29:15.555+0000] {logging_mixin.py:188} INFO - ✅ Inserted 320000/2964624 rows
[2026-08-16T17:29:15.794+0000] {logging_mixin.py:188} INFO - ✅ Inserted 325000/2964624 rows
[2026-08-16T17:29:16.055+0000] {logging_mixin.py:188} INFO - ✅ Inserted 330000/2964624 rows
[2026-08-16T17:29:16.275+0000] {logging_mixin.py:188} INFO - ✅ Inserted 335000/2964624 rows
[2026-08-16T17:29:16.444+0000] {logging_mixin.py:188} INFO - ✅ Inserted 340000/2964624 rows
[2026-08-16T17:29:16.673+0000] {logging_mixin.py:188} INFO - ✅ Inserted 345000/2964624 rows
[2026-08-16T17:29:16.835+0000] {logging_mixin.py:188} INFO - ✅ Inserted 350000/2964624 rows
[2026-08-16T17:29:17.005+0000] {logging_mixin.py:188} INFO - ✅ Inserted 355000/2964624 rows
[2026-08-16T17:29:17.137+0000] {logging_mixin.py:188} INFO - ✅ Inserted 360000/2964624 rows
[2026-08-16T17:29:17.357+0000] {logging_mixin.py:188} INFO - ✅ Inserted 365000/2964624 rows
[2026-08-16T17:29:17.619+0000] {logging_mixin.py:188} INFO - ✅ Inserted 370000/2964624 rows
[2026-08-16T17:29:17.863+0000] {logging_mixin.py:188} INFO - ✅ Inserted 375000/2964624 rows
[2026-08-16T17:29:18.056+0000] {logging_mixin.py:188} INFO - ✅ Inserted 380000/2964624 rows
[2026-08-16T17:29:18.201+0000] {logging_mixin.py:188} INFO - ✅ Inserted 385000/2964624 rows
[2026-08-16T17:29:18.346+0000] {logging_mixin.py:188} INFO - ✅ Inserted 390000/2964624 rows
[2026-08-16T17:29:18.501+0000] {logging_mixin.py:188} INFO - ✅ Inserted 395000/2964624 rows
[2026-08-16T17:29:18.686+0000] {logging_mixin.py:188} INFO - ✅ Inserted 400000/2964624 rows
[2026-08-16T17:29:18.823+0000] {logging_mixin.py:188} INFO - ✅ Inserted 405000/2964624 rows
[2026-08-16T17:29:18.992+0000] {logging_mixin.py:188} INFO - ✅ Inserted 410000/2964624 rows
[2026-08-16T17:29:19.186+0000] {logging_mixin.py:188} INFO - ✅ Inserted 415000/2964624 rows
[2026-08-16T17:29:19.442+0000] {logging_mixin.py:188} INFO - ✅ Inserted 420000/2964624 rows
[2026-08-16T17:29:19.766+0000] {logging_mixin.py:188} INFO - ✅ Inserted 425000/2964624 rows
[2026-08-16T17:29:20.126+0000] {logging_mixin.py:188} INFO - ✅ Inserted 430000/2964624 rows
[2026-08-16T17:29:20.404+0000] {logging_mixin.py:188} INFO - ✅ Inserted 435000/2964624 rows
[2026-08-16T17:29:20.580+0000] {logging_mixin.py:188} INFO - ✅ Inserted 440000/2964624 rows
[2026-08-16T17:29:20.756+0000] {logging_mixin.py:188} INFO - ✅ Inserted 445000/2964624 rows
[2026-08-16T17:29:20.920+0000] {logging_mixin.py:188} INFO - ✅ Inserted 450000/2964624 rows
[2026-08-16T17:29:21.075+0000] {logging_mixin.py:188} INFO - ✅ Inserted 455000/2964624 rows
[2026-08-16T17:29:21.259+0000] {logging_mixin.py:188} INFO - ✅ Inserted 460000/2964624 rows
[2026-08-16T17:29:21.386+0000] {logging_mixin.py:188} INFO - ✅ Inserted 465000/2964624 rows
[2026-08-16T17:29:21.577+0000] {logging_mixin.py:188} INFO - ✅ Inserted 470000/2964624 rows
[2026-08-16T17:29:21.743+0000] {logging_mixin.py:188} INFO - ✅ Inserted 475000/2964624 rows
[2026-08-16T17:29:21.890+0000] {logging_mixin.py:188} INFO - ✅ Inserted 480000/2964624 rows
[2026-08-16T17:29:22.018+0000] {logging_mixin.py:188} INFO - ✅ Inserted 485000/2964624 rows
[2026-08-16T17:29:22.226+0000] {logging_mixin.py:188} INFO - ✅ Inserted 490000/2964624 rows
[2026-08-16T17:29:22.384+0000] {logging_mixin.py:188} INFO - ✅ Inserted 495000/2964624 rows
[2026-08-16T17:29:22.514+0000] {logging_mixin.py:188} INFO - ✅ Inserted 500000/2964624 rows
[2026-08-16T17:29:22.697+0000] {logging_mixin.py:188} INFO - ✅ Inserted 505000/2964624 rows
[2026-08-16T17:29:22.835+0000] {logging_mixin.py:188} INFO - ✅ Inserted 510000/2964624 rows
[2026-08-16T17:29:22.976+0000] {logging_mixin.py:188} INFO - ✅ Inserted 515000/2964624 rows
[2026-08-16T17:29:23.146+0000] {logging_mixin.py:188} INFO - ✅ Inserted 520000/2964624 rows
[2026-08-16T17:29:23.307+0000] {logging_mixin.py:188} INFO - ✅ Inserted 525000/2964624 rows
[2026-08-16T17:29:23.471+0000] {logging_mixin.py:188} INFO - ✅ Inserted 530000/2964624 rows
[2026-08-16T17:29:23.657+0000] {logging_mixin.py:188} INFO - ✅ Inserted 535000/2964624 rows
[2026-08-16T17:29:23.878+0000] {logging_mixin.py:188} INFO - ✅ Inserted 540000/2964624 rows
[2026-08-16T17:29:24.046+0000] {logging_mixin.py:188} INFO - ✅ Inserted 545000/2964624 rows
[2026-08-16T17:29:24.264+0000] {logging_mixin.py:188} INFO - ✅ Inserted 550000/2964624 rows
[2026-08-16T17:29:24.421+0000] {logging_mixin.py:188} INFO - ✅ Inserted 555000/2964624 rows
[2026-08-16T17:29:24.639+0000] {logging_mixin.py:188} INFO - ✅ Inserted 560000/2964624 rows
[2026-08-16T17:29:24.805+0000] {logging_mixin.py:188} INFO - ✅ Inserted 565000/2964624 rows
[2026-08-16T17:29:24.998+0000] {logging_mixin.py:188} INFO - ✅ Inserted 570000/2964624 rows
[2026-08-16T17:29:25.234+0000] {logging_mixin.py:188} INFO - ✅ Inserted 575000/2964624 rows
[2026-08-16T17:29:25.569+0000] {logging_mixin.py:188} INFO - ✅ Inserted 580000/2964624 rows
[2026-08-16T17:29:25.928+0000] {logging_mixin.py:188} INFO - ✅ Inserted 585000/2964624 rows
[2026-08-16T17:29:26.163+0000] {logging_mixin.py:188} INFO - ✅ Inserted 590000/2964624 rows
[2026-08-16T17:29:26.286+0000] {logging_mixin.py:188} INFO - ✅ Inserted 595000/2964624 rows
[2026-08-16T17:29:26.454+0000] {logging_mixin.py:188} INFO - ✅ Inserted 600000/2964624 rows
[2026-08-16T17:29:26.599+0000] {logging_mixin.py:188} INFO - ✅ Inserted 605000/2964624 rows
[2026-08-16T17:29:26.802+0000] {logging_mixin.py:188} INFO - ✅ Inserted 610000/2964624 rows
[2026-08-16T17:29:27.134+0000] {logging_mixin.py:188} INFO - ✅ Inserted 615000/2964624 rows
[2026-08-16T17:29:27.340+0000] {logging_mixin.py:188} INFO - ✅ Inserted 620000/2964624 rows
[2026-08-16T17:29:27.512+0000] {logging_mixin.py:188} INFO - ✅ Inserted 625000/2964624 rows
[2026-08-16T17:29:27.742+0000] {logging_mixin.py:188} INFO - ✅ Inserted 630000/2964624 rows
[2026-08-16T17:29:27.908+0000] {logging_mixin.py:188} INFO - ✅ Inserted 635000/2964624 rows
[2026-08-16T17:29:28.044+0000] {logging_mixin.py:188} INFO - ✅ Inserted 640000/2964624 rows
[2026-08-16T17:29:28.203+0000] {logging_mixin.py:188} INFO - ✅ Inserted 645000/2964624 rows
[2026-08-16T17:29:28.361+0000] {logging_mixin.py:188} INFO - ✅ Inserted 650000/2964624 rows
[2026-08-16T17:29:28.527+0000] {logging_mixin.py:188} INFO - ✅ Inserted 655000/2964624 rows
[2026-08-16T17:29:28.659+0000] {logging_mixin.py:188} INFO - ✅ Inserted 660000/2964624 rows
[2026-08-16T17:29:28.797+0000] {logging_mixin.py:188} INFO - ✅ Inserted 665000/2964624 rows
[2026-08-16T17:29:28.887+0000] {logging_mixin.py:188} INFO - ✅ Inserted 670000/2964624 rows
[2026-08-16T17:29:28.978+0000] {logging_mixin.py:188} INFO - ✅ Inserted 675000/2964624 rows
[2026-08-16T17:29:29.239+0000] {logging_mixin.py:188} INFO - ✅ Inserted 680000/2964624 rows
[2026-08-16T17:29:29.469+0000] {logging_mixin.py:188} INFO - ✅ Inserted 685000/2964624 rows
[2026-08-16T17:29:29.647+0000] {logging_mixin.py:188} INFO - ✅ Inserted 690000/2964624 rows
[2026-08-16T17:29:29.926+0000] {logging_mixin.py:188} INFO - ✅ Inserted 695000/2964624 rows
[2026-08-16T17:29:30.078+0000] {logging_mixin.py:188} INFO - ✅ Inserted 700000/2964624 rows
[2026-08-16T17:29:30.207+0000] {logging_mixin.py:188} INFO - ✅ Inserted 705000/2964624 rows
[2026-08-16T17:29:30.304+0000] {logging_mixin.py:188} INFO - ✅ Inserted 710000/2964624 rows
[2026-08-16T17:29:30.411+0000] {logging_mixin.py:188} INFO - ✅ Inserted 715000/2964624 rows
[2026-08-16T17:29:30.513+0000] {logging_mixin.py:188} INFO - ✅ Inserted 720000/2964624 rows
[2026-08-16T17:29:30.626+0000] {logging_mixin.py:188} INFO - ✅ Inserted 725000/2964624 rows
[2026-08-16T17:29:30.786+0000] {logging_mixin.py:188} INFO - ✅ Inserted 730000/2964624 rows
[2026-08-16T17:29:30.908+0000] {logging_mixin.py:188} INFO - ✅ Inserted 735000/2964624 rows
[2026-08-16T17:29:31.056+0000] {logging_mixin.py:188} INFO - ✅ Inserted 740000/2964624 rows
[2026-08-16T17:29:31.207+0000] {logging_mixin.py:188} INFO - ✅ Inserted 745000/2964624 rows
[2026-08-16T17:29:31.364+0000] {logging_mixin.py:188} INFO - ✅ Inserted 750000/2964624 rows
[2026-08-16T17:29:31.500+0000] {logging_mixin.py:188} INFO - ✅ Inserted 755000/2964624 rows
[2026-08-16T17:29:31.674+0000] {logging_mixin.py:188} INFO - ✅ Inserted 760000/2964624 rows
[2026-08-16T17:29:31.847+0000] {logging_mixin.py:188} INFO - ✅ Inserted 765000/2964624 rows
[2026-08-16T17:29:32.034+0000] {logging_mixin.py:188} INFO - ✅ Inserted 770000/2964624 rows
[2026-08-16T17:29:32.223+0000] {logging_mixin.py:188} INFO - ✅ Inserted 775000/2964624 rows
[2026-08-16T17:29:32.369+0000] {logging_mixin.py:188} INFO - ✅ Inserted 780000/2964624 rows
[2026-08-16T17:29:32.553+0000] {logging_mixin.py:188} INFO - ✅ Inserted 785000/2964624 rows
[2026-08-16T17:29:32.774+0000] {logging_mixin.py:188} INFO - ✅ Inserted 790000/2964624 rows
[2026-08-16T17:29:32.944+0000] {logging_mixin.py:188} INFO - ✅ Inserted 795000/2964624 rows
[2026-08-16T17:29:33.166+0000] {logging_mixin.py:188} INFO - ✅ Inserted 800000/2964624 rows
[2026-08-16T17:29:33.337+0000] {logging_mixin.py:188} INFO - ✅ Inserted 805000/2964624 rows
[2026-08-16T17:29:33.517+0000] {logging_mixin.py:188} INFO - ✅ Inserted 810000/2964624 rows
[2026-08-16T17:29:33.647+0000] {logging_mixin.py:188} INFO - ✅ Inserted 815000/2964624 rows
[2026-08-16T17:29:33.863+0000] {logging_mixin.py:188} INFO - ✅ Inserted 820000/2964624 rows
[2026-08-16T17:29:34.062+0000] {logging_mixin.py:188} INFO - ✅ Inserted 825000/2964624 rows
[2026-08-16T17:29:34.234+0000] {logging_mixin.py:188} INFO - ✅ Inserted 830000/2964624 rows
[2026-08-16T17:29:34.420+0000] {logging_mixin.py:188} INFO - ✅ Inserted 835000/2964624 rows
[2026-08-16T17:29:34.649+0000] {logging_mixin.py:188} INFO - ✅ Inserted 840000/2964624 rows
[2026-08-16T17:29:34.875+0000] {logging_mixin.py:188} INFO - ✅ Inserted 845000/2964624 rows
[2026-08-16T17:29:35.112+0000] {logging_mixin.py:188} INFO - ✅ Inserted 850000/2964624 rows
[2026-08-16T17:29:35.466+0000] {logging_mixin.py:188} INFO - ✅ Inserted 855000/2964624 rows
[2026-08-16T17:29:35.874+0000] {logging_mixin.py:188} INFO - ✅ Inserted 860000/2964624 rows
[2026-08-16T17:29:36.360+0000] {logging_mixin.py:188} INFO - ✅ Inserted 865000/2964624 rows
[2026-08-16T17:29:36.707+0000] {logging_mixin.py:188} INFO - ✅ Inserted 870000/2964624 rows
[2026-08-16T17:29:37.144+0000] {logging_mixin.py:188} INFO - ✅ Inserted 875000/2964624 rows
[2026-08-16T17:29:37.479+0000] {logging_mixin.py:188} INFO - ✅ Inserted 880000/2964624 rows
[2026-08-16T17:29:37.726+0000] {logging_mixin.py:188} INFO - ✅ Inserted 885000/2964624 rows
[2026-08-16T17:29:37.911+0000] {logging_mixin.py:188} INFO - ✅ Inserted 890000/2964624 rows
[2026-08-16T17:29:38.238+0000] {logging_mixin.py:188} INFO - ✅ Inserted 895000/2964624 rows
[2026-08-16T17:29:38.536+0000] {logging_mixin.py:188} INFO - ✅ Inserted 900000/2964624 rows
[2026-08-16T17:29:38.781+0000] {logging_mixin.py:188} INFO - ✅ Inserted 905000/2964624 rows
[2026-08-16T17:29:39.087+0000] {logging_mixin.py:188} INFO - ✅ Inserted 910000/2964624 rows
[2026-08-16T17:29:39.877+0000] {logging_mixin.py:188} INFO - ✅ Inserted 915000/2964624 rows
[2026-08-16T17:29:40.260+0000] {logging_mixin.py:188} INFO - ✅ Inserted 920000/2964624 rows
[2026-08-16T17:29:40.622+0000] {logging_mixin.py:188} INFO - ✅ Inserted 925000/2964624 rows
[2026-08-16T17:29:40.773+0000] {logging_mixin.py:188} INFO - ✅ Inserted 930000/2964624 rows
[2026-08-16T17:29:41.032+0000] {logging_mixin.py:188} INFO - ✅ Inserted 935000/2964624 rows
[2026-08-16T17:29:41.475+0000] {logging_mixin.py:188} INFO - ✅ Inserted 940000/2964624 rows
[2026-08-16T17:29:41.731+0000] {logging_mixin.py:188} INFO - ✅ Inserted 945000/2964624 rows
[2026-08-16T17:29:42.047+0000] {logging_mixin.py:188} INFO - ✅ Inserted 950000/2964624 rows
[2026-08-16T17:29:42.231+0000] {logging_mixin.py:188} INFO - ✅ Inserted 955000/2964624 rows
[2026-08-16T17:29:42.481+0000] {logging_mixin.py:188} INFO - ✅ Inserted 960000/2964624 rows
[2026-08-16T17:29:42.722+0000] {logging_mixin.py:188} INFO - ✅ Inserted 965000/2964624 rows
[2026-08-16T17:29:42.889+0000] {logging_mixin.py:188} INFO - ✅ Inserted 970000/2964624 rows
[2026-08-16T17:29:43.199+0000] {logging_mixin.py:188} INFO - ✅ Inserted 975000/2964624 rows
[2026-08-16T17:29:43.464+0000] {logging_mixin.py:188} INFO - ✅ Inserted 980000/2964624 rows
[2026-08-16T17:29:43.709+0000] {logging_mixin.py:188} INFO - ✅ Inserted 985000/2964624 rows
[2026-08-16T17:29:44.029+0000] {logging_mixin.py:188} INFO - ✅ Inserted 990000/2964624 rows
[2026-08-16T17:29:44.603+0000] {logging_mixin.py:188} INFO - ✅ Inserted 995000/2964624 rows
[2026-08-16T17:29:44.802+0000] {logging_mixin.py:188} INFO - ✅ Inserted 1000000/2964624 rows
[2026-08-16T17:29:45.213+0000] {logging_mixin.py:188} INFO - ✅ Inserted 1005000/2964624 rows
[2026-08-16T17:29:45.529+0000] {logging_mixin.py:188} INFO - ✅ Inserted 1010000/2964624 rows
[2026-08-16T17:29:45.914+0000] {logging_mixin.py:188} INFO - ✅ Inserted 1015000/2964624 rows
[2026-08-16T17:29:46.352+0000] {logging_mixin.py:188} INFO - ✅ Inserted 1020000/2964624 rows
[2026-08-16T17:29:46.680+0000] {logging_mixin.py:188} INFO - ✅ Inserted 1025000/2964624 rows
[2026-08-16T17:29:46.860+0000] {logging_mixin.py:188} INFO - ✅ Inserted 1030000/2964624 rows
[2026-08-16T17:29:47.073+0000] {logging_mixin.py:188} INFO - ✅ Inserted 1035000/2964624 rows
[2026-08-16T17:29:47.333+0000] {logging_mixin.py:188} INFO - ✅ Inserted 1040000/2964624 rows
[2026-08-16T17:29:47.529+0000] {logging_mixin.py:188} INFO - ✅ Inserted 1045000/2964624 rows
[2026-08-16T17:29:47.684+0000] {logging_mixin.py:188} INFO - ✅ Inserted 1050000/2964624 rows
[2026-08-16T17:29:47.850+0000] {logging_mixin.py:188} INFO - ✅ Inserted 1055000/2964624 rows
[2026-08-16T17:29:48.022+0000] {logging_mixin.py:188} INFO - ✅ Inserted 1060000/2964624 rows
[2026-08-16T17:29:48.188+0000] {logging_mixin.py:188} INFO - ✅ Inserted 1065000/2964624 rows
[2026-08-16T17:29:48.493+0000] {logging_mixin.py:188} INFO - ✅ Inserted 1070000/2964624 rows
[2026-08-16T17:29:48.795+0000] {logging_mixin.py:188} INFO - ✅ Inserted 1075000/2964624 rows
[2026-08-16T17:29:49.132+0000] {logging_mixin.py:188} INFO - ✅ Inserted 1080000/2964624 rows
[2026-08-16T17:29:49.287+0000] {logging_mixin.py:188} INFO - ✅ Inserted 1085000/2964624 rows
[2026-08-16T17:29:49.518+0000] {logging_mixin.py:188} INFO - ✅ Inserted 1090000/2964624 rows
[2026-08-16T17:29:49.737+0000] {logging_mixin.py:188} INFO - ✅ Inserted 1095000/2964624 rows
[2026-08-16T17:29:50.131+0000] {logging_mixin.py:188} INFO - ✅ Inserted 1100000/2964624 rows
[2026-08-16T17:29:50.243+0000] {logging_mixin.py:188} INFO - ✅ Inserted 1105000/2964624 rows
[2026-08-16T17:29:50.478+0000] {logging_mixin.py:188} INFO - ✅ Inserted 1110000/2964624 rows
[2026-08-16T17:29:50.642+0000] {logging_mixin.py:188} INFO - ✅ Inserted 1115000/2964624 rows
[2026-08-16T17:29:50.781+0000] {logging_mixin.py:188} INFO - ✅ Inserted 1120000/2964624 rows
[2026-08-16T17:29:50.981+0000] {logging_mixin.py:188} INFO - ✅ Inserted 1125000/2964624 rows
[2026-08-16T17:29:51.403+0000] {logging_mixin.py:188} INFO - ✅ Inserted 1130000/2964624 rows
[2026-08-16T17:29:51.577+0000] {logging_mixin.py:188} INFO - ✅ Inserted 1135000/2964624 rows
[2026-08-16T17:29:51.682+0000] {logging_mixin.py:188} INFO - ✅ Inserted 1140000/2964624 rows
[2026-08-16T17:29:51.817+0000] {logging_mixin.py:188} INFO - ✅ Inserted 1145000/2964624 rows
[2026-08-16T17:29:51.937+0000] {logging_mixin.py:188} INFO - ✅ Inserted 1150000/2964624 rows
[2026-08-16T17:29:52.088+0000] {logging_mixin.py:188} INFO - ✅ Inserted 1155000/2964624 rows
[2026-08-16T17:29:52.241+0000] {logging_mixin.py:188} INFO - ✅ Inserted 1160000/2964624 rows
[2026-08-16T17:29:52.404+0000] {logging_mixin.py:188} INFO - ✅ Inserted 1165000/2964624 rows
[2026-08-16T17:29:52.553+0000] {logging_mixin.py:188} INFO - ✅ Inserted 1170000/2964624 rows
[2026-08-16T17:29:52.653+0000] {logging_mixin.py:188} INFO - ✅ Inserted 1175000/2964624 rows
[2026-08-16T17:29:52.759+0000] {logging_mixin.py:188} INFO - ✅ Inserted 1180000/2964624 rows
[2026-08-16T17:29:52.865+0000] {logging_mixin.py:188} INFO - ✅ Inserted 1185000/2964624 rows
[2026-08-16T17:29:52.941+0000] {logging_mixin.py:188} INFO - ✅ Inserted 1190000/2964624 rows
[2026-08-16T17:29:53.032+0000] {logging_mixin.py:188} INFO - ✅ Inserted 1195000/2964624 rows
[2026-08-16T17:29:53.111+0000] {logging_mixin.py:188} INFO - ✅ Inserted 1200000/2964624 rows
[2026-08-16T17:29:53.180+0000] {logging_mixin.py:188} INFO - ✅ Inserted 1205000/2964624 rows
[2026-08-16T17:29:53.279+0000] {logging_mixin.py:188} INFO - ✅ Inserted 1210000/2964624 rows
[2026-08-16T17:29:53.366+0000] {logging_mixin.py:188} INFO - ✅ Inserted 1215000/2964624 rows
[2026-08-16T17:29:53.443+0000] {logging_mixin.py:188} INFO - ✅ Inserted 1220000/2964624 rows
[2026-08-16T17:29:53.529+0000] {logging_mixin.py:188} INFO - ✅ Inserted 1225000/2964624 rows
[2026-08-16T17:29:53.633+0000] {logging_mixin.py:188} INFO - ✅ Inserted 1230000/2964624 rows
[2026-08-16T17:29:53.721+0000] {logging_mixin.py:188} INFO - ✅ Inserted 1235000/2964624 rows
[2026-08-16T17:29:53.990+0000] {logging_mixin.py:188} INFO - ✅ Inserted 1240000/2964624 rows
[2026-08-16T17:29:54.129+0000] {logging_mixin.py:188} INFO - ✅ Inserted 1245000/2964624 rows
[2026-08-16T17:29:54.255+0000] {logging_mixin.py:188} INFO - ✅ Inserted 1250000/2964624 rows
[2026-08-16T17:29:54.422+0000] {logging_mixin.py:188} INFO - ✅ Inserted 1255000/2964624 rows
[2026-08-16T17:29:54.514+0000] {logging_mixin.py:188} INFO - ✅ Inserted 1260000/2964624 rows
[2026-08-16T17:29:54.795+0000] {logging_mixin.py:188} INFO - ✅ Inserted 1265000/2964624 rows
[2026-08-16T17:29:54.911+0000] {logging_mixin.py:188} INFO - ✅ Inserted 1270000/2964624 rows
[2026-08-16T17:29:55.005+0000] {logging_mixin.py:188} INFO - ✅ Inserted 1275000/2964624 rows
[2026-08-16T17:29:55.207+0000] {logging_mixin.py:188} INFO - ✅ Inserted 1280000/2964624 rows
[2026-08-16T17:29:55.494+0000] {logging_mixin.py:188} INFO - ✅ Inserted 1285000/2964624 rows
[2026-08-16T17:29:55.745+0000] {logging_mixin.py:188} INFO - ✅ Inserted 1290000/2964624 rows
[2026-08-16T17:29:56.017+0000] {logging_mixin.py:188} INFO - ✅ Inserted 1295000/2964624 rows
[2026-08-16T17:29:56.200+0000] {logging_mixin.py:188} INFO - ✅ Inserted 1300000/2964624 rows
[2026-08-16T17:29:56.358+0000] {logging_mixin.py:188} INFO - ✅ Inserted 1305000/2964624 rows
[2026-08-16T17:29:56.478+0000] {logging_mixin.py:188} INFO - ✅ Inserted 1310000/2964624 rows
[2026-08-16T17:29:56.664+0000] {logging_mixin.py:188} INFO - ✅ Inserted 1315000/2964624 rows
[2026-08-16T17:29:56.810+0000] {logging_mixin.py:188} INFO - ✅ Inserted 1320000/2964624 rows
[2026-08-16T17:29:56.928+0000] {logging_mixin.py:188} INFO - ✅ Inserted 1325000/2964624 rows
[2026-08-16T17:29:57.070+0000] {logging_mixin.py:188} INFO - ✅ Inserted 1330000/2964624 rows
[2026-08-16T17:29:57.269+0000] {logging_mixin.py:188} INFO - ✅ Inserted 1335000/2964624 rows
[2026-08-16T17:29:57.401+0000] {logging_mixin.py:188} INFO - ✅ Inserted 1340000/2964624 rows
[2026-08-16T17:29:57.675+0000] {logging_mixin.py:188} INFO - ✅ Inserted 1345000/2964624 rows
[2026-08-16T17:29:57.861+0000] {logging_mixin.py:188} INFO - ✅ Inserted 1350000/2964624 rows
[2026-08-16T17:29:58.009+0000] {logging_mixin.py:188} INFO - ✅ Inserted 1355000/2964624 rows
[2026-08-16T17:29:58.183+0000] {logging_mixin.py:188} INFO - ✅ Inserted 1360000/2964624 rows
[2026-08-16T17:29:58.341+0000] {logging_mixin.py:188} INFO - ✅ Inserted 1365000/2964624 rows
[2026-08-16T17:29:58.444+0000] {logging_mixin.py:188} INFO - ✅ Inserted 1370000/2964624 rows
[2026-08-16T17:29:58.533+0000] {logging_mixin.py:188} INFO - ✅ Inserted 1375000/2964624 rows
[2026-08-16T17:29:58.637+0000] {logging_mixin.py:188} INFO - ✅ Inserted 1380000/2964624 rows
[2026-08-16T17:29:58.734+0000] {logging_mixin.py:188} INFO - ✅ Inserted 1385000/2964624 rows
[2026-08-16T17:29:58.847+0000] {logging_mixin.py:188} INFO - ✅ Inserted 1390000/2964624 rows
[2026-08-16T17:29:58.966+0000] {logging_mixin.py:188} INFO - ✅ Inserted 1395000/2964624 rows
[2026-08-16T17:29:59.077+0000] {logging_mixin.py:188} INFO - ✅ Inserted 1400000/2964624 rows
[2026-08-16T17:29:59.192+0000] {logging_mixin.py:188} INFO - ✅ Inserted 1405000/2964624 rows
[2026-08-16T17:29:59.318+0000] {logging_mixin.py:188} INFO - ✅ Inserted 1410000/2964624 rows
[2026-08-16T17:29:59.445+0000] {logging_mixin.py:188} INFO - ✅ Inserted 1415000/2964624 rows
[2026-08-16T17:29:59.753+0000] {logging_mixin.py:188} INFO - ✅ Inserted 1420000/2964624 rows
[2026-08-16T17:29:59.988+0000] {logging_mixin.py:188} INFO - ✅ Inserted 1425000/2964624 rows
[2026-08-16T17:30:00.142+0000] {logging_mixin.py:188} INFO - ✅ Inserted 1430000/2964624 rows
[2026-08-16T17:30:00.304+0000] {logging_mixin.py:188} INFO - ✅ Inserted 1435000/2964624 rows
[2026-08-16T17:30:00.449+0000] {logging_mixin.py:188} INFO - ✅ Inserted 1440000/2964624 rows
[2026-08-16T17:30:00.693+0000] {logging_mixin.py:188} INFO - ✅ Inserted 1445000/2964624 rows
[2026-08-16T17:30:00.909+0000] {logging_mixin.py:188} INFO - ✅ Inserted 1450000/2964624 rows
[2026-08-16T17:30:01.060+0000] {logging_mixin.py:188} INFO - ✅ Inserted 1455000/2964624 rows
[2026-08-16T17:30:01.244+0000] {logging_mixin.py:188} INFO - ✅ Inserted 1460000/2964624 rows
[2026-08-16T17:30:01.425+0000] {logging_mixin.py:188} INFO - ✅ Inserted 1465000/2964624 rows
[2026-08-16T17:30:01.568+0000] {logging_mixin.py:188} INFO - ✅ Inserted 1470000/2964624 rows
[2026-08-16T17:30:01.667+0000] {logging_mixin.py:188} INFO - ✅ Inserted 1475000/2964624 rows
[2026-08-16T17:30:01.799+0000] {logging_mixin.py:188} INFO - ✅ Inserted 1480000/2964624 rows
[2026-08-16T17:30:02.025+0000] {logging_mixin.py:188} INFO - ✅ Inserted 1485000/2964624 rows
[2026-08-16T17:30:02.261+0000] {logging_mixin.py:188} INFO - ✅ Inserted 1490000/2964624 rows
[2026-08-16T17:30:02.524+0000] {logging_mixin.py:188} INFO - ✅ Inserted 1495000/2964624 rows
[2026-08-16T17:30:02.710+0000] {logging_mixin.py:188} INFO - ✅ Inserted 1500000/2964624 rows
[2026-08-16T17:30:02.893+0000] {logging_mixin.py:188} INFO - ✅ Inserted 1505000/2964624 rows
[2026-08-16T17:30:03.053+0000] {logging_mixin.py:188} INFO - ✅ Inserted 1510000/2964624 rows
[2026-08-16T17:30:03.215+0000] {logging_mixin.py:188} INFO - ✅ Inserted 1515000/2964624 rows
[2026-08-16T17:30:03.378+0000] {logging_mixin.py:188} INFO - ✅ Inserted 1520000/2964624 rows
[2026-08-16T17:30:03.549+0000] {logging_mixin.py:188} INFO - ✅ Inserted 1525000/2964624 rows
[2026-08-16T17:30:03.726+0000] {logging_mixin.py:188} INFO - ✅ Inserted 1530000/2964624 rows
[2026-08-16T17:30:03.810+0000] {logging_mixin.py:188} INFO - ✅ Inserted 1535000/2964624 rows
[2026-08-16T17:30:03.903+0000] {logging_mixin.py:188} INFO - ✅ Inserted 1540000/2964624 rows
[2026-08-16T17:30:04.008+0000] {logging_mixin.py:188} INFO - ✅ Inserted 1545000/2964624 rows
[2026-08-16T17:30:04.084+0000] {logging_mixin.py:188} INFO - ✅ Inserted 1550000/2964624 rows
[2026-08-16T17:30:04.210+0000] {logging_mixin.py:188} INFO - ✅ Inserted 1555000/2964624 rows
[2026-08-16T17:30:04.300+0000] {logging_mixin.py:188} INFO - ✅ Inserted 1560000/2964624 rows
[2026-08-16T17:30:04.383+0000] {logging_mixin.py:188} INFO - ✅ Inserted 1565000/2964624 rows
[2026-08-16T17:30:04.489+0000] {logging_mixin.py:188} INFO - ✅ Inserted 1570000/2964624 rows
[2026-08-16T17:30:04.585+0000] {logging_mixin.py:188} INFO - ✅ Inserted 1575000/2964624 rows
[2026-08-16T17:30:04.646+0000] {logging_mixin.py:188} INFO - ✅ Inserted 1580000/2964624 rows
[2026-08-16T17:30:04.752+0000] {logging_mixin.py:188} INFO - ✅ Inserted 1585000/2964624 rows
[2026-08-16T17:30:04.828+0000] {logging_mixin.py:188} INFO - ✅ Inserted 1590000/2964624 rows
[2026-08-16T17:30:04.922+0000] {logging_mixin.py:188} INFO - ✅ Inserted 1595000/2964624 rows
[2026-08-16T17:30:05.066+0000] {logging_mixin.py:188} INFO - ✅ Inserted 1600000/2964624 rows
[2026-08-16T17:30:05.255+0000] {logging_mixin.py:188} INFO - ✅ Inserted 1605000/2964624 rows
[2026-08-16T17:30:05.471+0000] {logging_mixin.py:188} INFO - ✅ Inserted 1610000/2964624 rows
[2026-08-16T17:30:05.726+0000] {logging_mixin.py:188} INFO - ✅ Inserted 1615000/2964624 rows
[2026-08-16T17:30:05.979+0000] {logging_mixin.py:188} INFO - ✅ Inserted 1620000/2964624 rows
[2026-08-16T17:30:06.120+0000] {logging_mixin.py:188} INFO - ✅ Inserted 1625000/2964624 rows
[2026-08-16T17:30:06.286+0000] {logging_mixin.py:188} INFO - ✅ Inserted 1630000/2964624 rows
[2026-08-16T17:30:06.439+0000] {logging_mixin.py:188} INFO - ✅ Inserted 1635000/2964624 rows
[2026-08-16T17:30:06.614+0000] {logging_mixin.py:188} INFO - ✅ Inserted 1640000/2964624 rows
[2026-08-16T17:30:06.752+0000] {logging_mixin.py:188} INFO - ✅ Inserted 1645000/2964624 rows
[2026-08-16T17:30:06.855+0000] {logging_mixin.py:188} INFO - ✅ Inserted 1650000/2964624 rows
[2026-08-16T17:30:07.011+0000] {logging_mixin.py:188} INFO - ✅ Inserted 1655000/2964624 rows
[2026-08-16T17:30:07.189+0000] {logging_mixin.py:188} INFO - ✅ Inserted 1660000/2964624 rows
[2026-08-16T17:30:07.555+0000] {logging_mixin.py:188} INFO - ✅ Inserted 1665000/2964624 rows
[2026-08-16T17:30:07.847+0000] {logging_mixin.py:188} INFO - ✅ Inserted 1670000/2964624 rows
[2026-08-16T17:30:08.070+0000] {logging_mixin.py:188} INFO - ✅ Inserted 1675000/2964624 rows
[2026-08-16T17:30:08.268+0000] {logging_mixin.py:188} INFO - ✅ Inserted 1680000/2964624 rows
[2026-08-16T17:30:08.437+0000] {logging_mixin.py:188} INFO - ✅ Inserted 1685000/2964624 rows
[2026-08-16T17:30:08.665+0000] {logging_mixin.py:188} INFO - ✅ Inserted 1690000/2964624 rows
[2026-08-16T17:30:08.771+0000] {logging_mixin.py:188} INFO - ✅ Inserted 1695000/2964624 rows
[2026-08-16T17:30:08.868+0000] {logging_mixin.py:188} INFO - ✅ Inserted 1700000/2964624 rows
[2026-08-16T17:30:08.970+0000] {logging_mixin.py:188} INFO - ✅ Inserted 1705000/2964624 rows
[2026-08-16T17:30:09.096+0000] {logging_mixin.py:188} INFO - ✅ Inserted 1710000/2964624 rows
[2026-08-16T17:30:09.341+0000] {logging_mixin.py:188} INFO - ✅ Inserted 1715000/2964624 rows
[2026-08-16T17:30:09.647+0000] {logging_mixin.py:188} INFO - ✅ Inserted 1720000/2964624 rows
[2026-08-16T17:30:09.917+0000] {logging_mixin.py:188} INFO - ✅ Inserted 1725000/2964624 rows
[2026-08-16T17:30:10.146+0000] {logging_mixin.py:188} INFO - ✅ Inserted 1730000/2964624 rows
[2026-08-16T17:30:10.290+0000] {logging_mixin.py:188} INFO - ✅ Inserted 1735000/2964624 rows
[2026-08-16T17:30:10.523+0000] {logging_mixin.py:188} INFO - ✅ Inserted 1740000/2964624 rows
[2026-08-16T17:30:10.621+0000] {logging_mixin.py:188} INFO - ✅ Inserted 1745000/2964624 rows
[2026-08-16T17:30:10.799+0000] {logging_mixin.py:188} INFO - ✅ Inserted 1750000/2964624 rows
[2026-08-16T17:30:10.919+0000] {logging_mixin.py:188} INFO - ✅ Inserted 1755000/2964624 rows
[2026-08-16T17:30:11.031+0000] {logging_mixin.py:188} INFO - ✅ Inserted 1760000/2964624 rows
[2026-08-16T17:30:11.129+0000] {logging_mixin.py:188} INFO - ✅ Inserted 1765000/2964624 rows
[2026-08-16T17:30:11.213+0000] {logging_mixin.py:188} INFO - ✅ Inserted 1770000/2964624 rows
[2026-08-16T17:30:11.299+0000] {logging_mixin.py:188} INFO - ✅ Inserted 1775000/2964624 rows
[2026-08-16T17:30:11.404+0000] {logging_mixin.py:188} INFO - ✅ Inserted 1780000/2964624 rows
[2026-08-16T17:30:11.514+0000] {logging_mixin.py:188} INFO - ✅ Inserted 1785000/2964624 rows
[2026-08-16T17:30:11.680+0000] {logging_mixin.py:188} INFO - ✅ Inserted 1790000/2964624 rows
[2026-08-16T17:30:11.807+0000] {logging_mixin.py:188} INFO - ✅ Inserted 1795000/2964624 rows
[2026-08-16T17:30:11.918+0000] {logging_mixin.py:188} INFO - ✅ Inserted 1800000/2964624 rows
[2026-08-16T17:30:12.013+0000] {logging_mixin.py:188} INFO - ✅ Inserted 1805000/2964624 rows
[2026-08-16T17:30:12.145+0000] {logging_mixin.py:188} INFO - ✅ Inserted 1810000/2964624 rows
[2026-08-16T17:30:12.314+0000] {logging_mixin.py:188} INFO - ✅ Inserted 1815000/2964624 rows
[2026-08-16T17:30:12.490+0000] {logging_mixin.py:188} INFO - ✅ Inserted 1820000/2964624 rows
[2026-08-16T17:30:12.652+0000] {logging_mixin.py:188} INFO - ✅ Inserted 1825000/2964624 rows
[2026-08-16T17:30:12.794+0000] {logging_mixin.py:188} INFO - ✅ Inserted 1830000/2964624 rows
[2026-08-16T17:30:12.874+0000] {logging_mixin.py:188} INFO - ✅ Inserted 1835000/2964624 rows
[2026-08-16T17:30:12.990+0000] {logging_mixin.py:188} INFO - ✅ Inserted 1840000/2964624 rows
[2026-08-16T17:30:13.087+0000] {logging_mixin.py:188} INFO - ✅ Inserted 1845000/2964624 rows
[2026-08-16T17:30:13.172+0000] {logging_mixin.py:188} INFO - ✅ Inserted 1850000/2964624 rows
[2026-08-16T17:30:13.291+0000] {logging_mixin.py:188} INFO - ✅ Inserted 1855000/2964624 rows
[2026-08-16T17:30:13.374+0000] {logging_mixin.py:188} INFO - ✅ Inserted 1860000/2964624 rows
[2026-08-16T17:30:13.463+0000] {logging_mixin.py:188} INFO - ✅ Inserted 1865000/2964624 rows
[2026-08-16T17:30:13.642+0000] {logging_mixin.py:188} INFO - ✅ Inserted 1870000/2964624 rows
[2026-08-16T17:30:13.711+0000] {logging_mixin.py:188} INFO - ✅ Inserted 1875000/2964624 rows
[2026-08-16T17:30:13.792+0000] {logging_mixin.py:188} INFO - ✅ Inserted 1880000/2964624 rows
[2026-08-16T17:30:13.879+0000] {logging_mixin.py:188} INFO - ✅ Inserted 1885000/2964624 rows
[2026-08-16T17:30:13.964+0000] {logging_mixin.py:188} INFO - ✅ Inserted 1890000/2964624 rows
[2026-08-16T17:30:14.037+0000] {logging_mixin.py:188} INFO - ✅ Inserted 1895000/2964624 rows
[2026-08-16T17:30:14.126+0000] {logging_mixin.py:188} INFO - ✅ Inserted 1900000/2964624 rows
[2026-08-16T17:30:14.196+0000] {logging_mixin.py:188} INFO - ✅ Inserted 1905000/2964624 rows
[2026-08-16T17:30:14.268+0000] {logging_mixin.py:188} INFO - ✅ Inserted 1910000/2964624 rows
[2026-08-16T17:30:14.369+0000] {logging_mixin.py:188} INFO - ✅ Inserted 1915000/2964624 rows
[2026-08-16T17:30:14.449+0000] {logging_mixin.py:188} INFO - ✅ Inserted 1920000/2964624 rows
[2026-08-16T17:30:14.539+0000] {logging_mixin.py:188} INFO - ✅ Inserted 1925000/2964624 rows
[2026-08-16T17:30:14.625+0000] {logging_mixin.py:188} INFO - ✅ Inserted 1930000/2964624 rows
[2026-08-16T17:30:14.702+0000] {logging_mixin.py:188} INFO - ✅ Inserted 1935000/2964624 rows
[2026-08-16T17:30:14.801+0000] {logging_mixin.py:188} INFO - ✅ Inserted 1940000/2964624 rows
[2026-08-16T17:30:14.914+0000] {logging_mixin.py:188} INFO - ✅ Inserted 1945000/2964624 rows
[2026-08-16T17:30:14.993+0000] {logging_mixin.py:188} INFO - ✅ Inserted 1950000/2964624 rows
[2026-08-16T17:30:15.110+0000] {logging_mixin.py:188} INFO - ✅ Inserted 1955000/2964624 rows
[2026-08-16T17:30:15.300+0000] {logging_mixin.py:188} INFO - ✅ Inserted 1960000/2964624 rows
[2026-08-16T17:30:15.556+0000] {logging_mixin.py:188} INFO - ✅ Inserted 1965000/2964624 rows
[2026-08-16T17:30:15.754+0000] {logging_mixin.py:188} INFO - ✅ Inserted 1970000/2964624 rows
[2026-08-16T17:30:15.986+0000] {logging_mixin.py:188} INFO - ✅ Inserted 1975000/2964624 rows
[2026-08-16T17:30:16.090+0000] {logging_mixin.py:188} INFO - ✅ Inserted 1980000/2964624 rows
[2026-08-16T17:30:16.224+0000] {logging_mixin.py:188} INFO - ✅ Inserted 1985000/2964624 rows
[2026-08-16T17:30:16.452+0000] {logging_mixin.py:188} INFO - ✅ Inserted 1990000/2964624 rows
[2026-08-16T17:30:16.569+0000] {logging_mixin.py:188} INFO - ✅ Inserted 1995000/2964624 rows
[2026-08-16T17:30:16.729+0000] {logging_mixin.py:188} INFO - ✅ Inserted 2000000/2964624 rows
[2026-08-16T17:30:16.916+0000] {logging_mixin.py:188} INFO - ✅ Inserted 2005000/2964624 rows
[2026-08-16T17:30:17.068+0000] {logging_mixin.py:188} INFO - ✅ Inserted 2010000/2964624 rows
[2026-08-16T17:30:17.229+0000] {logging_mixin.py:188} INFO - ✅ Inserted 2015000/2964624 rows
[2026-08-16T17:30:17.330+0000] {logging_mixin.py:188} INFO - ✅ Inserted 2020000/2964624 rows
[2026-08-16T17:30:17.468+0000] {logging_mixin.py:188} INFO - ✅ Inserted 2025000/2964624 rows
[2026-08-16T17:30:17.623+0000] {logging_mixin.py:188} INFO - ✅ Inserted 2030000/2964624 rows
[2026-08-16T17:30:17.817+0000] {logging_mixin.py:188} INFO - ✅ Inserted 2035000/2964624 rows
[2026-08-16T17:30:17.940+0000] {logging_mixin.py:188} INFO - ✅ Inserted 2040000/2964624 rows
[2026-08-16T17:30:18.094+0000] {logging_mixin.py:188} INFO - ✅ Inserted 2045000/2964624 rows
[2026-08-16T17:30:18.292+0000] {logging_mixin.py:188} INFO - ✅ Inserted 2050000/2964624 rows
[2026-08-16T17:30:18.431+0000] {logging_mixin.py:188} INFO - ✅ Inserted 2055000/2964624 rows
[2026-08-16T17:30:18.597+0000] {logging_mixin.py:188} INFO - ✅ Inserted 2060000/2964624 rows
[2026-08-16T17:30:18.726+0000] {logging_mixin.py:188} INFO - ✅ Inserted 2065000/2964624 rows
[2026-08-16T17:30:18.807+0000] {logging_mixin.py:188} INFO - ✅ Inserted 2070000/2964624 rows
[2026-08-16T17:30:18.960+0000] {logging_mixin.py:188} INFO - ✅ Inserted 2075000/2964624 rows
[2026-08-16T17:30:19.069+0000] {logging_mixin.py:188} INFO - ✅ Inserted 2080000/2964624 rows
[2026-08-16T17:30:19.164+0000] {logging_mixin.py:188} INFO - ✅ Inserted 2085000/2964624 rows
[2026-08-16T17:30:19.254+0000] {logging_mixin.py:188} INFO - ✅ Inserted 2090000/2964624 rows
[2026-08-16T17:30:19.364+0000] {logging_mixin.py:188} INFO - ✅ Inserted 2095000/2964624 rows
[2026-08-16T17:30:19.538+0000] {logging_mixin.py:188} INFO - ✅ Inserted 2100000/2964624 rows
[2026-08-16T17:30:19.752+0000] {logging_mixin.py:188} INFO - ✅ Inserted 2105000/2964624 rows
[2026-08-16T17:30:19.970+0000] {logging_mixin.py:188} INFO - ✅ Inserted 2110000/2964624 rows
[2026-08-16T17:30:20.116+0000] {logging_mixin.py:188} INFO - ✅ Inserted 2115000/2964624 rows
[2026-08-16T17:30:20.211+0000] {logging_mixin.py:188} INFO - ✅ Inserted 2120000/2964624 rows
[2026-08-16T17:30:20.316+0000] {logging_mixin.py:188} INFO - ✅ Inserted 2125000/2964624 rows
[2026-08-16T17:30:20.433+0000] {logging_mixin.py:188} INFO - ✅ Inserted 2130000/2964624 rows
[2026-08-16T17:30:20.544+0000] {logging_mixin.py:188} INFO - ✅ Inserted 2135000/2964624 rows
[2026-08-16T17:30:20.750+0000] {logging_mixin.py:188} INFO - ✅ Inserted 2140000/2964624 rows
[2026-08-16T17:30:20.911+0000] {logging_mixin.py:188} INFO - ✅ Inserted 2145000/2964624 rows
[2026-08-16T17:30:21.075+0000] {logging_mixin.py:188} INFO - ✅ Inserted 2150000/2964624 rows
[2026-08-16T17:30:21.245+0000] {logging_mixin.py:188} INFO - ✅ Inserted 2155000/2964624 rows
[2026-08-16T17:30:21.323+0000] {logging_mixin.py:188} INFO - ✅ Inserted 2160000/2964624 rows
[2026-08-16T17:30:21.411+0000] {logging_mixin.py:188} INFO - ✅ Inserted 2165000/2964624 rows
[2026-08-16T17:30:21.519+0000] {logging_mixin.py:188} INFO - ✅ Inserted 2170000/2964624 rows
[2026-08-16T17:30:21.606+0000] {logging_mixin.py:188} INFO - ✅ Inserted 2175000/2964624 rows
[2026-08-16T17:30:21.724+0000] {logging_mixin.py:188} INFO - ✅ Inserted 2180000/2964624 rows
[2026-08-16T17:30:21.813+0000] {logging_mixin.py:188} INFO - ✅ Inserted 2185000/2964624 rows
[2026-08-16T17:30:21.894+0000] {logging_mixin.py:188} INFO - ✅ Inserted 2190000/2964624 rows
[2026-08-16T17:30:22.062+0000] {logging_mixin.py:188} INFO - ✅ Inserted 2195000/2964624 rows
[2026-08-16T17:30:22.214+0000] {logging_mixin.py:188} INFO - ✅ Inserted 2200000/2964624 rows
[2026-08-16T17:30:22.346+0000] {logging_mixin.py:188} INFO - ✅ Inserted 2205000/2964624 rows
[2026-08-16T17:30:22.491+0000] {logging_mixin.py:188} INFO - ✅ Inserted 2210000/2964624 rows
[2026-08-16T17:30:22.655+0000] {logging_mixin.py:188} INFO - ✅ Inserted 2215000/2964624 rows
[2026-08-16T17:30:22.856+0000] {logging_mixin.py:188} INFO - ✅ Inserted 2220000/2964624 rows
[2026-08-16T17:30:23.006+0000] {logging_mixin.py:188} INFO - ✅ Inserted 2225000/2964624 rows
[2026-08-16T17:30:23.178+0000] {logging_mixin.py:188} INFO - ✅ Inserted 2230000/2964624 rows
[2026-08-16T17:30:23.359+0000] {logging_mixin.py:188} INFO - ✅ Inserted 2235000/2964624 rows
[2026-08-16T17:30:23.493+0000] {logging_mixin.py:188} INFO - ✅ Inserted 2240000/2964624 rows
[2026-08-16T17:30:23.651+0000] {logging_mixin.py:188} INFO - ✅ Inserted 2245000/2964624 rows
[2026-08-16T17:30:23.826+0000] {logging_mixin.py:188} INFO - ✅ Inserted 2250000/2964624 rows
[2026-08-16T17:30:23.984+0000] {logging_mixin.py:188} INFO - ✅ Inserted 2255000/2964624 rows
[2026-08-16T17:30:24.188+0000] {logging_mixin.py:188} INFO - ✅ Inserted 2260000/2964624 rows
[2026-08-16T17:30:24.362+0000] {logging_mixin.py:188} INFO - ✅ Inserted 2265000/2964624 rows
[2026-08-16T17:30:24.476+0000] {logging_mixin.py:188} INFO - ✅ Inserted 2270000/2964624 rows
[2026-08-16T17:30:24.636+0000] {logging_mixin.py:188} INFO - ✅ Inserted 2275000/2964624 rows
[2026-08-16T17:30:24.758+0000] {logging_mixin.py:188} INFO - ✅ Inserted 2280000/2964624 rows
[2026-08-16T17:30:24.905+0000] {logging_mixin.py:188} INFO - ✅ Inserted 2285000/2964624 rows
[2026-08-16T17:30:24.997+0000] {logging_mixin.py:188} INFO - ✅ Inserted 2290000/2964624 rows
[2026-08-16T17:30:25.147+0000] {logging_mixin.py:188} INFO - ✅ Inserted 2295000/2964624 rows
[2026-08-16T17:30:25.337+0000] {logging_mixin.py:188} INFO - ✅ Inserted 2300000/2964624 rows
[2026-08-16T17:30:25.578+0000] {logging_mixin.py:188} INFO - ✅ Inserted 2305000/2964624 rows
[2026-08-16T17:30:25.839+0000] {logging_mixin.py:188} INFO - ✅ Inserted 2310000/2964624 rows
[2026-08-16T17:30:26.111+0000] {logging_mixin.py:188} INFO - ✅ Inserted 2315000/2964624 rows
[2026-08-16T17:30:26.366+0000] {logging_mixin.py:188} INFO - ✅ Inserted 2320000/2964624 rows
[2026-08-16T17:30:26.533+0000] {logging_mixin.py:188} INFO - ✅ Inserted 2325000/2964624 rows
[2026-08-16T17:30:26.645+0000] {logging_mixin.py:188} INFO - ✅ Inserted 2330000/2964624 rows
[2026-08-16T17:30:26.760+0000] {logging_mixin.py:188} INFO - ✅ Inserted 2335000/2964624 rows
[2026-08-16T17:30:26.854+0000] {logging_mixin.py:188} INFO - ✅ Inserted 2340000/2964624 rows
[2026-08-16T17:30:26.931+0000] {logging_mixin.py:188} INFO - ✅ Inserted 2345000/2964624 rows
[2026-08-16T17:30:27.014+0000] {logging_mixin.py:188} INFO - ✅ Inserted 2350000/2964624 rows
[2026-08-16T17:30:27.093+0000] {logging_mixin.py:188} INFO - ✅ Inserted 2355000/2964624 rows
[2026-08-16T17:30:27.162+0000] {logging_mixin.py:188} INFO - ✅ Inserted 2360000/2964624 rows
[2026-08-16T17:30:27.268+0000] {logging_mixin.py:188} INFO - ✅ Inserted 2365000/2964624 rows
[2026-08-16T17:30:27.342+0000] {logging_mixin.py:188} INFO - ✅ Inserted 2370000/2964624 rows
[2026-08-16T17:30:27.432+0000] {logging_mixin.py:188} INFO - ✅ Inserted 2375000/2964624 rows
[2026-08-16T17:30:27.547+0000] {logging_mixin.py:188} INFO - ✅ Inserted 2380000/2964624 rows
[2026-08-16T17:30:27.689+0000] {logging_mixin.py:188} INFO - ✅ Inserted 2385000/2964624 rows
[2026-08-16T17:30:27.886+0000] {logging_mixin.py:188} INFO - ✅ Inserted 2390000/2964624 rows
[2026-08-16T17:30:28.060+0000] {logging_mixin.py:188} INFO - ✅ Inserted 2395000/2964624 rows
[2026-08-16T17:30:28.218+0000] {logging_mixin.py:188} INFO - ✅ Inserted 2400000/2964624 rows
[2026-08-16T17:30:28.317+0000] {logging_mixin.py:188} INFO - ✅ Inserted 2405000/2964624 rows
[2026-08-16T17:30:28.398+0000] {logging_mixin.py:188} INFO - ✅ Inserted 2410000/2964624 rows
[2026-08-16T17:30:28.527+0000] {logging_mixin.py:188} INFO - ✅ Inserted 2415000/2964624 rows
[2026-08-16T17:30:28.703+0000] {logging_mixin.py:188} INFO - ✅ Inserted 2420000/2964624 rows
[2026-08-16T17:30:28.896+0000] {logging_mixin.py:188} INFO - ✅ Inserted 2425000/2964624 rows
[2026-08-16T17:30:29.027+0000] {logging_mixin.py:188} INFO - ✅ Inserted 2430000/2964624 rows
[2026-08-16T17:30:29.193+0000] {logging_mixin.py:188} INFO - ✅ Inserted 2435000/2964624 rows
[2026-08-16T17:30:29.384+0000] {logging_mixin.py:188} INFO - ✅ Inserted 2440000/2964624 rows
[2026-08-16T17:30:29.548+0000] {logging_mixin.py:188} INFO - ✅ Inserted 2445000/2964624 rows
[2026-08-16T17:30:29.745+0000] {logging_mixin.py:188} INFO - ✅ Inserted 2450000/2964624 rows
[2026-08-16T17:30:30.021+0000] {logging_mixin.py:188} INFO - ✅ Inserted 2455000/2964624 rows
[2026-08-16T17:30:30.171+0000] {logging_mixin.py:188} INFO - ✅ Inserted 2460000/2964624 rows
[2026-08-16T17:30:30.304+0000] {logging_mixin.py:188} INFO - ✅ Inserted 2465000/2964624 rows
[2026-08-16T17:30:30.464+0000] {logging_mixin.py:188} INFO - ✅ Inserted 2470000/2964624 rows
[2026-08-16T17:30:30.587+0000] {logging_mixin.py:188} INFO - ✅ Inserted 2475000/2964624 rows
[2026-08-16T17:30:30.722+0000] {logging_mixin.py:188} INFO - ✅ Inserted 2480000/2964624 rows
[2026-08-16T17:30:30.900+0000] {logging_mixin.py:188} INFO - ✅ Inserted 2485000/2964624 rows
[2026-08-16T17:30:31.035+0000] {logging_mixin.py:188} INFO - ✅ Inserted 2490000/2964624 rows
[2026-08-16T17:30:31.201+0000] {logging_mixin.py:188} INFO - ✅ Inserted 2495000/2964624 rows
[2026-08-16T17:30:31.324+0000] {logging_mixin.py:188} INFO - ✅ Inserted 2500000/2964624 rows
[2026-08-16T17:30:31.489+0000] {logging_mixin.py:188} INFO - ✅ Inserted 2505000/2964624 rows
[2026-08-16T17:30:31.679+0000] {logging_mixin.py:188} INFO - ✅ Inserted 2510000/2964624 rows
[2026-08-16T17:30:31.844+0000] {logging_mixin.py:188} INFO - ✅ Inserted 2515000/2964624 rows
[2026-08-16T17:30:32.019+0000] {logging_mixin.py:188} INFO - ✅ Inserted 2520000/2964624 rows
[2026-08-16T17:30:32.231+0000] {logging_mixin.py:188} INFO - ✅ Inserted 2525000/2964624 rows
[2026-08-16T17:30:32.495+0000] {logging_mixin.py:188} INFO - ✅ Inserted 2530000/2964624 rows
[2026-08-16T17:30:32.739+0000] {logging_mixin.py:188} INFO - ✅ Inserted 2535000/2964624 rows
[2026-08-16T17:30:32.933+0000] {logging_mixin.py:188} INFO - ✅ Inserted 2540000/2964624 rows
[2026-08-16T17:30:33.062+0000] {logging_mixin.py:188} INFO - ✅ Inserted 2545000/2964624 rows
[2026-08-16T17:30:33.217+0000] {logging_mixin.py:188} INFO - ✅ Inserted 2550000/2964624 rows
[2026-08-16T17:30:33.388+0000] {logging_mixin.py:188} INFO - ✅ Inserted 2555000/2964624 rows
[2026-08-16T17:30:33.506+0000] {logging_mixin.py:188} INFO - ✅ Inserted 2560000/2964624 rows
[2026-08-16T17:30:33.618+0000] {logging_mixin.py:188} INFO - ✅ Inserted 2565000/2964624 rows
[2026-08-16T17:30:33.817+0000] {logging_mixin.py:188} INFO - ✅ Inserted 2570000/2964624 rows
[2026-08-16T17:30:33.985+0000] {logging_mixin.py:188} INFO - ✅ Inserted 2575000/2964624 rows
[2026-08-16T17:30:34.147+0000] {logging_mixin.py:188} INFO - ✅ Inserted 2580000/2964624 rows
[2026-08-16T17:30:34.318+0000] {logging_mixin.py:188} INFO - ✅ Inserted 2585000/2964624 rows
[2026-08-16T17:30:34.487+0000] {logging_mixin.py:188} INFO - ✅ Inserted 2590000/2964624 rows
[2026-08-16T17:30:34.637+0000] {logging_mixin.py:188} INFO - ✅ Inserted 2595000/2964624 rows
[2026-08-16T17:30:34.768+0000] {logging_mixin.py:188} INFO - ✅ Inserted 2600000/2964624 rows
[2026-08-16T17:30:34.861+0000] {logging_mixin.py:188} INFO - ✅ Inserted 2605000/2964624 rows
[2026-08-16T17:30:34.973+0000] {logging_mixin.py:188} INFO - ✅ Inserted 2610000/2964624 rows
[2026-08-16T17:30:35.087+0000] {logging_mixin.py:188} INFO - ✅ Inserted 2615000/2964624 rows
[2026-08-16T17:30:35.287+0000] {logging_mixin.py:188} INFO - ✅ Inserted 2620000/2964624 rows
[2026-08-16T17:30:35.492+0000] {logging_mixin.py:188} INFO - ✅ Inserted 2625000/2964624 rows
[2026-08-16T17:30:35.694+0000] {logging_mixin.py:188} INFO - ✅ Inserted 2630000/2964624 rows
[2026-08-16T17:30:35.950+0000] {logging_mixin.py:188} INFO - ✅ Inserted 2635000/2964624 rows
[2026-08-16T17:30:36.167+0000] {logging_mixin.py:188} INFO - ✅ Inserted 2640000/2964624 rows
[2026-08-16T17:30:36.325+0000] {logging_mixin.py:188} INFO - ✅ Inserted 2645000/2964624 rows
[2026-08-16T17:30:36.474+0000] {logging_mixin.py:188} INFO - ✅ Inserted 2650000/2964624 rows
[2026-08-16T17:30:36.586+0000] {logging_mixin.py:188} INFO - ✅ Inserted 2655000/2964624 rows
[2026-08-16T17:30:36.667+0000] {logging_mixin.py:188} INFO - ✅ Inserted 2660000/2964624 rows
[2026-08-16T17:30:36.780+0000] {logging_mixin.py:188} INFO - ✅ Inserted 2665000/2964624 rows
[2026-08-16T17:30:36.912+0000] {logging_mixin.py:188} INFO - ✅ Inserted 2670000/2964624 rows
[2026-08-16T17:30:37.078+0000] {logging_mixin.py:188} INFO - ✅ Inserted 2675000/2964624 rows
[2026-08-16T17:30:37.213+0000] {logging_mixin.py:188} INFO - ✅ Inserted 2680000/2964624 rows
[2026-08-16T17:30:37.370+0000] {logging_mixin.py:188} INFO - ✅ Inserted 2685000/2964624 rows
[2026-08-16T17:30:37.540+0000] {logging_mixin.py:188} INFO - ✅ Inserted 2690000/2964624 rows
[2026-08-16T17:30:37.698+0000] {logging_mixin.py:188} INFO - ✅ Inserted 2695000/2964624 rows
[2026-08-16T17:30:37.833+0000] {logging_mixin.py:188} INFO - ✅ Inserted 2700000/2964624 rows
[2026-08-16T17:30:37.980+0000] {logging_mixin.py:188} INFO - ✅ Inserted 2705000/2964624 rows
[2026-08-16T17:30:38.241+0000] {logging_mixin.py:188} INFO - ✅ Inserted 2710000/2964624 rows
[2026-08-16T17:30:38.400+0000] {logging_mixin.py:188} INFO - ✅ Inserted 2715000/2964624 rows
[2026-08-16T17:30:38.572+0000] {logging_mixin.py:188} INFO - ✅ Inserted 2720000/2964624 rows
[2026-08-16T17:30:38.756+0000] {logging_mixin.py:188} INFO - ✅ Inserted 2725000/2964624 rows
[2026-08-16T17:30:38.907+0000] {logging_mixin.py:188} INFO - ✅ Inserted 2730000/2964624 rows
[2026-08-16T17:30:38.982+0000] {logging_mixin.py:188} INFO - ✅ Inserted 2735000/2964624 rows
[2026-08-16T17:30:39.148+0000] {logging_mixin.py:188} INFO - ✅ Inserted 2740000/2964624 rows
[2026-08-16T17:30:39.242+0000] {logging_mixin.py:188} INFO - ✅ Inserted 2745000/2964624 rows
[2026-08-16T17:30:39.337+0000] {logging_mixin.py:188} INFO - ✅ Inserted 2750000/2964624 rows
[2026-08-16T17:30:39.471+0000] {logging_mixin.py:188} INFO - ✅ Inserted 2755000/2964624 rows
[2026-08-16T17:30:39.727+0000] {logging_mixin.py:188} INFO - ✅ Inserted 2760000/2964624 rows
[2026-08-16T17:30:40.008+0000] {logging_mixin.py:188} INFO - ✅ Inserted 2765000/2964624 rows
[2026-08-16T17:30:40.176+0000] {logging_mixin.py:188} INFO - ✅ Inserted 2770000/2964624 rows
[2026-08-16T17:30:40.323+0000] {logging_mixin.py:188} INFO - ✅ Inserted 2775000/2964624 rows
[2026-08-16T17:30:40.464+0000] {logging_mixin.py:188} INFO - ✅ Inserted 2780000/2964624 rows
[2026-08-16T17:30:40.645+0000] {logging_mixin.py:188} INFO - ✅ Inserted 2785000/2964624 rows
[2026-08-16T17:30:40.791+0000] {logging_mixin.py:188} INFO - ✅ Inserted 2790000/2964624 rows
[2026-08-16T17:30:41.002+0000] {logging_mixin.py:188} INFO - ✅ Inserted 2795000/2964624 rows
[2026-08-16T17:30:41.141+0000] {logging_mixin.py:188} INFO - ✅ Inserted 2800000/2964624 rows
[2026-08-16T17:30:41.344+0000] {logging_mixin.py:188} INFO - ✅ Inserted 2805000/2964624 rows
[2026-08-16T17:30:41.533+0000] {logging_mixin.py:188} INFO - ✅ Inserted 2810000/2964624 rows
[2026-08-16T17:30:41.711+0000] {logging_mixin.py:188} INFO - ✅ Inserted 2815000/2964624 rows
[2026-08-16T17:30:42.016+0000] {logging_mixin.py:188} INFO - ✅ Inserted 2820000/2964624 rows
[2026-08-16T17:30:42.182+0000] {logging_mixin.py:188} INFO - ✅ Inserted 2825000/2964624 rows
[2026-08-16T17:30:42.334+0000] {logging_mixin.py:188} INFO - ✅ Inserted 2830000/2964624 rows
[2026-08-16T17:30:42.525+0000] {logging_mixin.py:188} INFO - ✅ Inserted 2835000/2964624 rows
[2026-08-16T17:30:42.688+0000] {logging_mixin.py:188} INFO - ✅ Inserted 2840000/2964624 rows
[2026-08-16T17:30:42.810+0000] {logging_mixin.py:188} INFO - ✅ Inserted 2845000/2964624 rows
[2026-08-16T17:30:42.973+0000] {logging_mixin.py:188} INFO - ✅ Inserted 2850000/2964624 rows
[2026-08-16T17:30:43.161+0000] {logging_mixin.py:188} INFO - ✅ Inserted 2855000/2964624 rows
[2026-08-16T17:30:43.402+0000] {logging_mixin.py:188} INFO - ✅ Inserted 2860000/2964624 rows
[2026-08-16T17:30:43.562+0000] {logging_mixin.py:188} INFO - ✅ Inserted 2865000/2964624 rows
[2026-08-16T17:30:43.708+0000] {logging_mixin.py:188} INFO - ✅ Inserted 2870000/2964624 rows
[2026-08-16T17:30:43.872+0000] {logging_mixin.py:188} INFO - ✅ Inserted 2875000/2964624 rows
[2026-08-16T17:30:44.024+0000] {logging_mixin.py:188} INFO - ✅ Inserted 2880000/2964624 rows
[2026-08-16T17:30:44.163+0000] {logging_mixin.py:188} INFO - ✅ Inserted 2885000/2964624 rows
[2026-08-16T17:30:44.331+0000] {logging_mixin.py:188} INFO - ✅ Inserted 2890000/2964624 rows
[2026-08-16T17:30:44.479+0000] {logging_mixin.py:188} INFO - ✅ Inserted 2895000/2964624 rows
[2026-08-16T17:30:44.723+0000] {logging_mixin.py:188} INFO - ✅ Inserted 2900000/2964624 rows
[2026-08-16T17:30:44.882+0000] {logging_mixin.py:188} INFO - ✅ Inserted 2905000/2964624 rows
[2026-08-16T17:30:45.088+0000] {logging_mixin.py:188} INFO - ✅ Inserted 2910000/2964624 rows
[2026-08-16T17:30:45.328+0000] {logging_mixin.py:188} INFO - ✅ Inserted 2915000/2964624 rows
[2026-08-16T17:30:45.606+0000] {logging_mixin.py:188} INFO - ✅ Inserted 2920000/2964624 rows
[2026-08-16T17:30:45.852+0000] {logging_mixin.py:188} INFO - ✅ Inserted 2925000/2964624 rows
[2026-08-16T17:30:46.071+0000] {logging_mixin.py:188} INFO - ✅ Inserted 2930000/2964624 rows
[2026-08-16T17:30:46.281+0000] {logging_mixin.py:188} INFO - ✅ Inserted 2935000/2964624 rows
[2026-08-16T17:30:46.375+0000] {logging_mixin.py:188} INFO - ✅ Inserted 2940000/2964624 rows
[2026-08-16T17:30:46.491+0000] {logging_mixin.py:188} INFO - ✅ Inserted 2945000/2964624 rows
[2026-08-16T17:30:46.610+0000] {logging_mixin.py:188} INFO - ✅ Inserted 2950000/2964624 rows
[2026-08-16T17:30:46.702+0000] {logging_mixin.py:188} INFO - ✅ Inserted 2955000/2964624 rows
[2026-08-16T17:30:46.830+0000] {logging_mixin.py:188} INFO - ✅ Inserted 2960000/2964624 rows
[2026-08-16T17:30:46.956+0000] {logging_mixin.py:188} INFO - ✅ Inserted 2964624/2964624 rows
[2026-08-16T17:30:46.958+0000] {logging_mixin.py:188} INFO - ✅ Bronze load complete. Total: 2964624 rows
[2026-08-16T17:30:47.256+0000] {python.py:237} INFO - Done. Returned value was: None
[2026-08-16T17:30:47.258+0000] {taskinstance.py:441} INFO - ::group::Post task execution logs
[2026-08-16T17:30:47.362+0000] {taskinstance.py:1206} INFO - Marking task as SUCCESS. dag_id=nyc_taxi_ingest, task_id=load_bronze, run_id=manual__2026-08-16T17:23:48.250153+00:00, execution_date=20260816T172348, start_date=20260816T172546, end_date=20260816T173047
[2026-08-16T17:30:47.656+0000] {local_task_job_runner.py:243} INFO - Task exited with return code 0
[2026-08-16T17:30:47.819+0000] {taskinstance.py:3503} INFO - 1 downstream tasks scheduled from follow-on schedule check
[2026-08-16T17:30:47.829+0000] {local_task_job_runner.py:222} INFO - ::endgroup::
