[2026-08-16T16:31:58.335+0000] {local_task_job_runner.py:120} INFO - ::group::Pre task execution logs
[2026-08-16T16:32:04.709+0000] {taskinstance.py:2076} INFO - Dependencies all met for dep_context=non-requeueable deps ti=<TaskInstance: nyc_taxi_ingest.file_check manual__2026-08-16T16:31:33.488109+00:00 [queued]>
[2026-08-16T16:32:04.726+0000] {taskinstance.py:2076} INFO - Dependencies all met for dep_context=requeueable deps ti=<TaskInstance: nyc_taxi_ingest.file_check manual__2026-08-16T16:31:33.488109+00:00 [queued]>
[2026-08-16T16:32:04.728+0000] {taskinstance.py:2306} INFO - Starting attempt 1 of 2
[2026-08-16T16:32:04.761+0000] {taskinstance.py:2330} INFO - Executing <Task(PythonOperator): file_check> on 2026-08-16 16:31:33.488109+00:00
[2026-08-16T16:32:04.810+0000] {warnings.py:112} WARNING - /home/***/.local/lib/python3.12/site-packages/***/task/task_runner/standard_task_runner.py:62: DeprecationWarning: This process (pid=54) is multi-threaded, use of fork() may lead to deadlocks in the child.
  pid = os.fork()

[2026-08-16T16:32:04.817+0000] {standard_task_runner.py:64} INFO - Started process 56 to run task
[2026-08-16T16:32:04.811+0000] {standard_task_runner.py:90} INFO - Running: ['***', 'tasks', 'run', 'nyc_taxi_ingest', 'file_check', 'manual__2026-08-16T16:31:33.488109+00:00', '--job-id', '19', '--raw', '--subdir', 'DAGS_FOLDER/nyc_taxi_ingest.py', '--cfg-path', '/tmp/tmp8l0_x24m']
[2026-08-16T16:32:04.871+0000] {standard_task_runner.py:91} INFO - Job 19: Subtask file_check
[2026-08-16T16:32:05.555+0000] {task_command.py:426} INFO - Running <TaskInstance: nyc_taxi_ingest.file_check manual__2026-08-16T16:31:33.488109+00:00 [running]> on host ***-worker
[2026-08-16T16:32:06.087+0000] {taskinstance.py:2648} INFO - Exporting env vars: AIRFLOW_CTX_DAG_OWNER='aadya-anil-kumar' AIRFLOW_CTX_DAG_ID='nyc_taxi_ingest' AIRFLOW_CTX_TASK_ID='file_check' AIRFLOW_CTX_EXECUTION_DATE='2026-08-16T16:31:33.488109+00:00' AIRFLOW_CTX_TRY_NUMBER='1' AIRFLOW_CTX_DAG_RUN_ID='manual__2026-08-16T16:31:33.488109+00:00'
[2026-08-16T16:32:06.090+0000] {taskinstance.py:430} INFO - ::endgroup::
[2026-08-16T16:32:20.238+0000] {logging_mixin.py:188} INFO - ✅ File found. Rows: 2964624, Columns: ['VendorID', 'tpep_pickup_datetime', 'tpep_dropoff_datetime', 'passenger_count', 'trip_distance', 'RatecodeID', 'store_and_fwd_flag', 'PULocationID', 'DOLocationID', 'payment_type', 'fare_amount', 'extra', 'mta_tax', 'tip_amount', 'tolls_amount', 'improvement_surcharge', 'total_amount', 'congestion_surcharge', 'Airport_fee']
[2026-08-16T16:32:20.253+0000] {python.py:237} INFO - Done. Returned value was: None
[2026-08-16T16:32:20.255+0000] {taskinstance.py:441} INFO - ::group::Post task execution logs
[2026-08-16T16:32:20.299+0000] {taskinstance.py:1206} INFO - Marking task as SUCCESS. dag_id=nyc_taxi_ingest, task_id=file_check, run_id=manual__2026-08-16T16:31:33.488109+00:00, execution_date=20260816T163133, start_date=20260816T163204, end_date=20260816T163220
[2026-08-16T16:32:20.667+0000] {local_task_job_runner.py:243} INFO - Task exited with return code 0
[2026-08-16T16:32:20.786+0000] {taskinstance.py:3503} INFO - 1 downstream tasks scheduled from follow-on schedule check
[2026-08-16T16:32:20.801+0000] {local_task_job_runner.py:222} INFO - ::endgroup::
