[2026-08-16T17:31:01.958+0000] {local_task_job_runner.py:120} INFO - ::group::Pre task execution logs
[2026-08-16T17:31:02.123+0000] {taskinstance.py:2076} INFO - Dependencies all met for dep_context=non-requeueable deps ti=<TaskInstance: nyc_taxi_ingest.dbt_run manual__2026-08-16T17:23:48.250153+00:00 [queued]>
[2026-08-16T17:31:02.158+0000] {taskinstance.py:2076} INFO - Dependencies all met for dep_context=requeueable deps ti=<TaskInstance: nyc_taxi_ingest.dbt_run manual__2026-08-16T17:23:48.250153+00:00 [queued]>
[2026-08-16T17:31:02.161+0000] {taskinstance.py:2306} INFO - Starting attempt 1 of 2
[2026-08-16T17:31:07.974+0000] {taskinstance.py:2330} INFO - Executing <Task(BashOperator): dbt_run> on 2026-08-16 17:23:48.250153+00:00
[2026-08-16T17:31:07.992+0000] {warnings.py:112} WARNING - /home/***/.local/lib/python3.12/site-packages/***/task/task_runner/standard_task_runner.py:62: DeprecationWarning: This process (pid=284) is multi-threaded, use of fork() may lead to deadlocks in the child.
  pid = os.fork()

[2026-08-16T17:31:07.996+0000] {standard_task_runner.py:64} INFO - Started process 286 to run task
[2026-08-16T17:31:07.997+0000] {standard_task_runner.py:90} INFO - Running: ['***', 'tasks', 'run', 'nyc_taxi_ingest', 'dbt_run', 'manual__2026-08-16T17:23:48.250153+00:00', '--job-id', '35', '--raw', '--subdir', 'DAGS_FOLDER/nyc_taxi_ingest.py', '--cfg-path', '/tmp/tmpmgmh32lm']
[2026-08-16T17:31:08.014+0000] {standard_task_runner.py:91} INFO - Job 35: Subtask dbt_run
[2026-08-16T17:31:08.269+0000] {task_command.py:426} INFO - Running <TaskInstance: nyc_taxi_ingest.dbt_run manual__2026-08-16T17:23:48.250153+00:00 [running]> on host ***-worker
[2026-08-16T17:31:08.478+0000] {taskinstance.py:2648} INFO - Exporting env vars: AIRFLOW_CTX_DAG_OWNER='aadya-anil-kumar' AIRFLOW_CTX_DAG_ID='nyc_taxi_ingest' AIRFLOW_CTX_TASK_ID='dbt_run' AIRFLOW_CTX_EXECUTION_DATE='2026-08-16T17:23:48.250153+00:00' AIRFLOW_CTX_TRY_NUMBER='1' AIRFLOW_CTX_DAG_RUN_ID='manual__2026-08-16T17:23:48.250153+00:00'
[2026-08-16T17:31:08.481+0000] {taskinstance.py:430} INFO - ::endgroup::
[2026-08-16T17:31:08.552+0000] {subprocess.py:63} INFO - Tmp dir root location: /tmp
[2026-08-16T17:31:08.555+0000] {subprocess.py:75} INFO - Running command: ['/usr/bin/bash', '-c', 'cd /opt/***/dbt && dbt run --profiles-dir .']
[2026-08-16T17:31:08.585+0000] {subprocess.py:86} INFO - Output:
[2026-08-16T17:31:19.395+0000] {subprocess.py:93} INFO - [0m17:31:19  Running with dbt=1.11.12
[2026-08-16T17:31:20.703+0000] {subprocess.py:93} INFO - [0m17:31:20  Registered adapter: clickhouse=1.10.1
[2026-08-16T17:31:21.671+0000] {subprocess.py:93} INFO - [0m17:31:21  [[33mWARNING[0m]: Configuration paths exist in your dbt_project.yml file which do not apply to any resources.
[2026-08-16T17:31:21.673+0000] {subprocess.py:93} INFO - There are 1 unused configuration paths:
[2026-08-16T17:31:21.674+0000] {subprocess.py:93} INFO - - models.nyc_taxi.bronze
[2026-08-16T17:31:22.115+0000] {subprocess.py:93} INFO - [0m17:31:22  Found 2 models, 530 macros
[2026-08-16T17:31:22.136+0000] {subprocess.py:93} INFO - [0m17:31:22
[2026-08-16T17:31:22.142+0000] {subprocess.py:93} INFO - [0m17:31:22  Concurrency: 1 threads (target='dev')
[2026-08-16T17:31:22.147+0000] {subprocess.py:93} INFO - [0m17:31:22
[2026-08-16T17:31:23.512+0000] {subprocess.py:93} INFO - [0m17:31:23  1 of 2 START sql table model `medallion`.`silver_nyc_taxi` ..................... [RUN]
[2026-08-16T17:31:37.086+0000] {subprocess.py:93} INFO - [0m17:31:37  1 of 2 OK created sql table model `medallion`.`silver_nyc_taxi` ................ [[32mOK[0m in 13.57s]
[2026-08-16T17:31:37.100+0000] {subprocess.py:93} INFO - [0m17:31:37  2 of 2 START sql table model `medallion`.`gold_nyc_taxi_daily` ................. [RUN]
[2026-08-16T17:31:38.851+0000] {subprocess.py:93} INFO - [0m17:31:38  2 of 2 OK created sql table model `medallion`.`gold_nyc_taxi_daily` ............ [[32mOK[0m in 1.73s]
[2026-08-16T17:31:38.901+0000] {subprocess.py:93} INFO - [0m17:31:38
[2026-08-16T17:31:38.906+0000] {subprocess.py:93} INFO - [0m17:31:38  Finished running 2 table models in 0 hours 0 minutes and 16.75 seconds (16.75s).
[2026-08-16T17:31:39.665+0000] {subprocess.py:93} INFO - [0m17:31:39
[2026-08-16T17:31:39.672+0000] {subprocess.py:93} INFO - [0m17:31:39  [32mCompleted successfully[0m
[2026-08-16T17:31:39.677+0000] {subprocess.py:93} INFO - [0m17:31:39
[2026-08-16T17:31:39.681+0000] {subprocess.py:93} INFO - [0m17:31:39  Done. PASS=2 WARN=0 ERROR=0 SKIP=0 NO-OP=0 TOTAL=2
[2026-08-16T17:31:42.097+0000] {subprocess.py:97} INFO - Command exited with return code 0
[2026-08-16T17:31:42.106+0000] {taskinstance.py:441} INFO - ::group::Post task execution logs
[2026-08-16T17:31:42.227+0000] {taskinstance.py:1206} INFO - Marking task as SUCCESS. dag_id=nyc_taxi_ingest, task_id=dbt_run, run_id=manual__2026-08-16T17:23:48.250153+00:00, execution_date=20260816T172348, start_date=20260816T173102, end_date=20260816T173142
[2026-08-16T17:31:42.333+0000] {local_task_job_runner.py:243} INFO - Task exited with return code 0
[2026-08-16T17:31:42.367+0000] {taskinstance.py:3503} INFO - 0 downstream tasks scheduled from follow-on schedule check
[2026-08-16T17:31:42.372+0000] {local_task_job_runner.py:222} INFO - ::endgroup::
