[2026-08-16T16:32:30.431+0000] {local_task_job_runner.py:120} INFO - ::group::Pre task execution logs
[2026-08-16T16:32:30.789+0000] {taskinstance.py:2076} INFO - Dependencies all met for dep_context=non-requeueable deps ti=<TaskInstance: nyc_taxi_ingest.load_bronze manual__2026-08-16T16:31:33.488109+00:00 [queued]>
[2026-08-16T16:32:30.812+0000] {taskinstance.py:2076} INFO - Dependencies all met for dep_context=requeueable deps ti=<TaskInstance: nyc_taxi_ingest.load_bronze manual__2026-08-16T16:31:33.488109+00:00 [queued]>
[2026-08-16T16:32:30.815+0000] {taskinstance.py:2306} INFO - Starting attempt 1 of 2
[2026-08-16T16:32:30.850+0000] {taskinstance.py:2330} INFO - Executing <Task(PythonOperator): load_bronze> on 2026-08-16 16:31:33.488109+00:00
[2026-08-16T16:32:30.870+0000] {warnings.py:112} WARNING - /home/***/.local/lib/python3.12/site-packages/***/task/task_runner/standard_task_runner.py:62: DeprecationWarning: This process (pid=80) is multi-threaded, use of fork() may lead to deadlocks in the child.
  pid = os.fork()

[2026-08-16T16:32:30.876+0000] {standard_task_runner.py:64} INFO - Started process 82 to run task
[2026-08-16T16:32:30.877+0000] {standard_task_runner.py:90} INFO - Running: ['***', 'tasks', 'run', 'nyc_taxi_ingest', 'load_bronze', 'manual__2026-08-16T16:31:33.488109+00:00', '--job-id', '21', '--raw', '--subdir', 'DAGS_FOLDER/nyc_taxi_ingest.py', '--cfg-path', '/tmp/tmprli1mru2']
[2026-08-16T16:32:30.888+0000] {standard_task_runner.py:91} INFO - Job 21: Subtask load_bronze
[2026-08-16T16:32:31.048+0000] {task_command.py:426} INFO - Running <TaskInstance: nyc_taxi_ingest.load_bronze manual__2026-08-16T16:31:33.488109+00:00 [running]> on host ***-worker
[2026-08-16T16:32:31.339+0000] {taskinstance.py:2648} INFO - Exporting env vars: AIRFLOW_CTX_DAG_OWNER='aadya-anil-kumar' AIRFLOW_CTX_DAG_ID='nyc_taxi_ingest' AIRFLOW_CTX_TASK_ID='load_bronze' AIRFLOW_CTX_EXECUTION_DATE='2026-08-16T16:31:33.488109+00:00' AIRFLOW_CTX_TRY_NUMBER='1' AIRFLOW_CTX_DAG_RUN_ID='manual__2026-08-16T16:31:33.488109+00:00'
[2026-08-16T16:32:31.342+0000] {taskinstance.py:430} INFO - ::endgroup::
[2026-08-16T16:33:28.266+0000] {logging_mixin.py:188} INFO - ✅ Inserted 5000/2964624 rows
[2026-08-16T16:33:28.418+0000] {logging_mixin.py:188} INFO - ✅ Inserted 10000/2964624 rows
[2026-08-16T16:33:28.529+0000] {logging_mixin.py:188} INFO - ✅ Inserted 15000/2964624 rows
[2026-08-16T16:33:28.650+0000] {logging_mixin.py:188} INFO - ✅ Inserted 20000/2964624 rows
[2026-08-16T16:33:28.784+0000] {logging_mixin.py:188} INFO - ✅ Inserted 25000/2964624 rows
[2026-08-16T16:33:28.933+0000] {logging_mixin.py:188} INFO - ✅ Inserted 30000/2964624 rows
[2026-08-16T16:33:29.058+0000] {logging_mixin.py:188} INFO - ✅ Inserted 35000/2964624 rows
[2026-08-16T16:33:29.199+0000] {logging_mixin.py:188} INFO - ✅ Inserted 40000/2964624 rows
[2026-08-16T16:33:29.291+0000] {logging_mixin.py:188} INFO - ✅ Inserted 45000/2964624 rows
[2026-08-16T16:33:29.522+0000] {logging_mixin.py:188} INFO - ✅ Inserted 50000/2964624 rows
[2026-08-16T16:33:29.722+0000] {logging_mixin.py:188} INFO - ✅ Inserted 55000/2964624 rows
[2026-08-16T16:33:29.887+0000] {logging_mixin.py:188} INFO - ✅ Inserted 60000/2964624 rows
[2026-08-16T16:33:30.030+0000] {logging_mixin.py:188} INFO - ✅ Inserted 65000/2964624 rows
[2026-08-16T16:33:30.174+0000] {logging_mixin.py:188} INFO - ✅ Inserted 70000/2964624 rows
[2026-08-16T16:33:30.307+0000] {logging_mixin.py:188} INFO - ✅ Inserted 75000/2964624 rows
[2026-08-16T16:33:30.487+0000] {logging_mixin.py:188} INFO - ✅ Inserted 80000/2964624 rows
[2026-08-16T16:33:30.622+0000] {logging_mixin.py:188} INFO - ✅ Inserted 85000/2964624 rows
[2026-08-16T16:33:30.737+0000] {logging_mixin.py:188} INFO - ✅ Inserted 90000/2964624 rows
[2026-08-16T16:33:30.809+0000] {logging_mixin.py:188} INFO - ✅ Inserted 95000/2964624 rows
[2026-08-16T16:33:30.902+0000] {logging_mixin.py:188} INFO - ✅ Inserted 100000/2964624 rows
[2026-08-16T16:33:31.028+0000] {logging_mixin.py:188} INFO - ✅ Inserted 105000/2964624 rows
[2026-08-16T16:33:31.175+0000] {logging_mixin.py:188} INFO - ✅ Inserted 110000/2964624 rows
[2026-08-16T16:33:31.246+0000] {logging_mixin.py:188} INFO - ✅ Inserted 115000/2964624 rows
[2026-08-16T16:33:31.327+0000] {logging_mixin.py:188} INFO - ✅ Inserted 120000/2964624 rows
[2026-08-16T16:33:31.416+0000] {logging_mixin.py:188} INFO - ✅ Inserted 125000/2964624 rows
[2026-08-16T16:33:31.506+0000] {logging_mixin.py:188} INFO - ✅ Inserted 130000/2964624 rows
[2026-08-16T16:33:31.657+0000] {logging_mixin.py:188} INFO - ✅ Inserted 135000/2964624 rows
[2026-08-16T16:33:31.838+0000] {logging_mixin.py:188} INFO - ✅ Inserted 140000/2964624 rows
[2026-08-16T16:33:32.131+0000] {logging_mixin.py:188} INFO - ✅ Inserted 145000/2964624 rows
[2026-08-16T16:33:32.537+0000] {logging_mixin.py:188} INFO - ✅ Inserted 150000/2964624 rows
[2026-08-16T16:33:32.857+0000] {logging_mixin.py:188} INFO - ✅ Inserted 155000/2964624 rows
[2026-08-16T16:33:32.996+0000] {logging_mixin.py:188} INFO - ✅ Inserted 160000/2964624 rows
[2026-08-16T16:33:33.164+0000] {logging_mixin.py:188} INFO - ✅ Inserted 165000/2964624 rows
[2026-08-16T16:33:33.346+0000] {logging_mixin.py:188} INFO - ✅ Inserted 170000/2964624 rows
[2026-08-16T16:33:33.484+0000] {logging_mixin.py:188} INFO - ✅ Inserted 175000/2964624 rows
[2026-08-16T16:33:33.570+0000] {logging_mixin.py:188} INFO - ✅ Inserted 180000/2964624 rows
[2026-08-16T16:33:33.661+0000] {logging_mixin.py:188} INFO - ✅ Inserted 185000/2964624 rows
[2026-08-16T16:33:33.741+0000] {logging_mixin.py:188} INFO - ✅ Inserted 190000/2964624 rows
[2026-08-16T16:33:33.839+0000] {logging_mixin.py:188} INFO - ✅ Inserted 195000/2964624 rows
[2026-08-16T16:33:33.948+0000] {logging_mixin.py:188} INFO - ✅ Inserted 200000/2964624 rows
[2026-08-16T16:33:34.040+0000] {logging_mixin.py:188} INFO - ✅ Inserted 205000/2964624 rows
[2026-08-16T16:33:34.154+0000] {logging_mixin.py:188} INFO - ✅ Inserted 210000/2964624 rows
[2026-08-16T16:33:34.248+0000] {logging_mixin.py:188} INFO - ✅ Inserted 215000/2964624 rows
[2026-08-16T16:33:34.387+0000] {logging_mixin.py:188} INFO - ✅ Inserted 220000/2964624 rows
[2026-08-16T16:33:34.487+0000] {logging_mixin.py:188} INFO - ✅ Inserted 225000/2964624 rows
[2026-08-16T16:33:34.558+0000] {logging_mixin.py:188} INFO - ✅ Inserted 230000/2964624 rows
[2026-08-16T16:33:34.638+0000] {logging_mixin.py:188} INFO - ✅ Inserted 235000/2964624 rows
[2026-08-16T16:33:34.721+0000] {logging_mixin.py:188} INFO - ✅ Inserted 240000/2964624 rows
[2026-08-16T16:33:34.812+0000] {logging_mixin.py:188} INFO - ✅ Inserted 245000/2964624 rows
[2026-08-16T16:33:34.957+0000] {logging_mixin.py:188} INFO - ✅ Inserted 250000/2964624 rows
[2026-08-16T16:33:35.072+0000] {logging_mixin.py:188} INFO - ✅ Inserted 255000/2964624 rows
[2026-08-16T16:33:35.152+0000] {logging_mixin.py:188} INFO - ✅ Inserted 260000/2964624 rows
[2026-08-16T16:33:35.220+0000] {logging_mixin.py:188} INFO - ✅ Inserted 265000/2964624 rows
[2026-08-16T16:33:35.309+0000] {logging_mixin.py:188} INFO - ✅ Inserted 270000/2964624 rows
[2026-08-16T16:33:35.387+0000] {logging_mixin.py:188} INFO - ✅ Inserted 275000/2964624 rows
[2026-08-16T16:33:35.532+0000] {logging_mixin.py:188} INFO - ✅ Inserted 280000/2964624 rows
[2026-08-16T16:33:35.661+0000] {logging_mixin.py:188} INFO - ✅ Inserted 285000/2964624 rows
[2026-08-16T16:33:35.766+0000] {logging_mixin.py:188} INFO - ✅ Inserted 290000/2964624 rows
[2026-08-16T16:33:35.839+0000] {logging_mixin.py:188} INFO - ✅ Inserted 295000/2964624 rows
[2026-08-16T16:33:35.942+0000] {logging_mixin.py:188} INFO - ✅ Inserted 300000/2964624 rows
[2026-08-16T16:33:36.064+0000] {logging_mixin.py:188} INFO - ✅ Inserted 305000/2964624 rows
[2026-08-16T16:33:36.176+0000] {logging_mixin.py:188} INFO - ✅ Inserted 310000/2964624 rows
[2026-08-16T16:33:36.260+0000] {logging_mixin.py:188} INFO - ✅ Inserted 315000/2964624 rows
[2026-08-16T16:33:36.370+0000] {logging_mixin.py:188} INFO - ✅ Inserted 320000/2964624 rows
[2026-08-16T16:33:36.450+0000] {logging_mixin.py:188} INFO - ✅ Inserted 325000/2964624 rows
[2026-08-16T16:33:36.544+0000] {logging_mixin.py:188} INFO - ✅ Inserted 330000/2964624 rows
[2026-08-16T16:33:36.689+0000] {logging_mixin.py:188} INFO - ✅ Inserted 335000/2964624 rows
[2026-08-16T16:33:36.792+0000] {logging_mixin.py:188} INFO - ✅ Inserted 340000/2964624 rows
[2026-08-16T16:33:36.896+0000] {logging_mixin.py:188} INFO - ✅ Inserted 345000/2964624 rows
[2026-08-16T16:33:37.088+0000] {logging_mixin.py:188} INFO - ✅ Inserted 350000/2964624 rows
[2026-08-16T16:33:37.337+0000] {logging_mixin.py:188} INFO - ✅ Inserted 355000/2964624 rows
[2026-08-16T16:33:37.606+0000] {logging_mixin.py:188} INFO - ✅ Inserted 360000/2964624 rows
[2026-08-16T16:33:37.757+0000] {logging_mixin.py:188} INFO - ✅ Inserted 365000/2964624 rows
[2026-08-16T16:33:37.868+0000] {logging_mixin.py:188} INFO - ✅ Inserted 370000/2964624 rows
[2026-08-16T16:33:37.970+0000] {logging_mixin.py:188} INFO - ✅ Inserted 375000/2964624 rows
[2026-08-16T16:33:38.080+0000] {logging_mixin.py:188} INFO - ✅ Inserted 380000/2964624 rows
[2026-08-16T16:33:38.188+0000] {logging_mixin.py:188} INFO - ✅ Inserted 385000/2964624 rows
[2026-08-16T16:33:38.300+0000] {logging_mixin.py:188} INFO - ✅ Inserted 390000/2964624 rows
[2026-08-16T16:33:38.435+0000] {logging_mixin.py:188} INFO - ✅ Inserted 395000/2964624 rows
[2026-08-16T16:33:38.601+0000] {logging_mixin.py:188} INFO - ✅ Inserted 400000/2964624 rows
[2026-08-16T16:33:38.734+0000] {logging_mixin.py:188} INFO - ✅ Inserted 405000/2964624 rows
[2026-08-16T16:33:38.843+0000] {logging_mixin.py:188} INFO - ✅ Inserted 410000/2964624 rows
[2026-08-16T16:33:38.932+0000] {logging_mixin.py:188} INFO - ✅ Inserted 415000/2964624 rows
[2026-08-16T16:33:39.029+0000] {logging_mixin.py:188} INFO - ✅ Inserted 420000/2964624 rows
[2026-08-16T16:33:39.118+0000] {logging_mixin.py:188} INFO - ✅ Inserted 425000/2964624 rows
[2026-08-16T16:33:39.219+0000] {logging_mixin.py:188} INFO - ✅ Inserted 430000/2964624 rows
[2026-08-16T16:33:39.320+0000] {logging_mixin.py:188} INFO - ✅ Inserted 435000/2964624 rows
[2026-08-16T16:33:39.406+0000] {logging_mixin.py:188} INFO - ✅ Inserted 440000/2964624 rows
[2026-08-16T16:33:39.558+0000] {logging_mixin.py:188} INFO - ✅ Inserted 445000/2964624 rows
[2026-08-16T16:33:39.719+0000] {logging_mixin.py:188} INFO - ✅ Inserted 450000/2964624 rows
[2026-08-16T16:33:39.872+0000] {logging_mixin.py:188} INFO - ✅ Inserted 455000/2964624 rows
[2026-08-16T16:33:40.078+0000] {logging_mixin.py:188} INFO - ✅ Inserted 460000/2964624 rows
[2026-08-16T16:33:40.253+0000] {logging_mixin.py:188} INFO - ✅ Inserted 465000/2964624 rows
[2026-08-16T16:33:40.386+0000] {logging_mixin.py:188} INFO - ✅ Inserted 470000/2964624 rows
[2026-08-16T16:33:40.515+0000] {logging_mixin.py:188} INFO - ✅ Inserted 475000/2964624 rows
[2026-08-16T16:33:40.658+0000] {logging_mixin.py:188} INFO - ✅ Inserted 480000/2964624 rows
[2026-08-16T16:33:40.773+0000] {logging_mixin.py:188} INFO - ✅ Inserted 485000/2964624 rows
[2026-08-16T16:33:40.871+0000] {logging_mixin.py:188} INFO - ✅ Inserted 490000/2964624 rows
[2026-08-16T16:33:40.957+0000] {logging_mixin.py:188} INFO - ✅ Inserted 495000/2964624 rows
[2026-08-16T16:33:41.058+0000] {logging_mixin.py:188} INFO - ✅ Inserted 500000/2964624 rows
[2026-08-16T16:33:41.158+0000] {logging_mixin.py:188} INFO - ✅ Inserted 505000/2964624 rows
[2026-08-16T16:33:41.255+0000] {logging_mixin.py:188} INFO - ✅ Inserted 510000/2964624 rows
[2026-08-16T16:33:41.344+0000] {logging_mixin.py:188} INFO - ✅ Inserted 515000/2964624 rows
[2026-08-16T16:33:41.429+0000] {logging_mixin.py:188} INFO - ✅ Inserted 520000/2964624 rows
[2026-08-16T16:33:41.534+0000] {logging_mixin.py:188} INFO - ✅ Inserted 525000/2964624 rows
[2026-08-16T16:33:41.604+0000] {logging_mixin.py:188} INFO - ✅ Inserted 530000/2964624 rows
[2026-08-16T16:33:41.696+0000] {logging_mixin.py:188} INFO - ✅ Inserted 535000/2964624 rows
[2026-08-16T16:33:41.913+0000] {logging_mixin.py:188} INFO - ✅ Inserted 540000/2964624 rows
[2026-08-16T16:33:42.260+0000] {logging_mixin.py:188} INFO - ✅ Inserted 545000/2964624 rows
[2026-08-16T16:33:42.557+0000] {logging_mixin.py:188} INFO - ✅ Inserted 550000/2964624 rows
[2026-08-16T16:33:42.797+0000] {logging_mixin.py:188} INFO - ✅ Inserted 555000/2964624 rows
[2026-08-16T16:33:42.904+0000] {logging_mixin.py:188} INFO - ✅ Inserted 560000/2964624 rows
[2026-08-16T16:33:43.101+0000] {logging_mixin.py:188} INFO - ✅ Inserted 565000/2964624 rows
[2026-08-16T16:33:43.308+0000] {logging_mixin.py:188} INFO - ✅ Inserted 570000/2964624 rows
[2026-08-16T16:33:43.502+0000] {logging_mixin.py:188} INFO - ✅ Inserted 575000/2964624 rows
[2026-08-16T16:33:43.600+0000] {logging_mixin.py:188} INFO - ✅ Inserted 580000/2964624 rows
[2026-08-16T16:33:43.715+0000] {logging_mixin.py:188} INFO - ✅ Inserted 585000/2964624 rows
[2026-08-16T16:33:43.809+0000] {logging_mixin.py:188} INFO - ✅ Inserted 590000/2964624 rows
[2026-08-16T16:33:43.997+0000] {logging_mixin.py:188} INFO - ✅ Inserted 595000/2964624 rows
[2026-08-16T16:33:44.161+0000] {logging_mixin.py:188} INFO - ✅ Inserted 600000/2964624 rows
[2026-08-16T16:33:44.305+0000] {logging_mixin.py:188} INFO - ✅ Inserted 605000/2964624 rows
[2026-08-16T16:33:44.621+0000] {logging_mixin.py:188} INFO - ✅ Inserted 610000/2964624 rows
[2026-08-16T16:33:44.711+0000] {logging_mixin.py:188} INFO - ✅ Inserted 615000/2964624 rows
[2026-08-16T16:33:44.811+0000] {logging_mixin.py:188} INFO - ✅ Inserted 620000/2964624 rows
[2026-08-16T16:33:44.904+0000] {logging_mixin.py:188} INFO - ✅ Inserted 625000/2964624 rows
[2026-08-16T16:33:44.996+0000] {logging_mixin.py:188} INFO - ✅ Inserted 630000/2964624 rows
[2026-08-16T16:33:45.129+0000] {logging_mixin.py:188} INFO - ✅ Inserted 635000/2964624 rows
[2026-08-16T16:33:45.259+0000] {logging_mixin.py:188} INFO - ✅ Inserted 640000/2964624 rows
[2026-08-16T16:33:45.372+0000] {logging_mixin.py:188} INFO - ✅ Inserted 645000/2964624 rows
[2026-08-16T16:33:45.497+0000] {logging_mixin.py:188} INFO - ✅ Inserted 650000/2964624 rows
[2026-08-16T16:33:45.673+0000] {logging_mixin.py:188} INFO - ✅ Inserted 655000/2964624 rows
[2026-08-16T16:33:45.773+0000] {logging_mixin.py:188} INFO - ✅ Inserted 660000/2964624 rows
[2026-08-16T16:33:45.859+0000] {logging_mixin.py:188} INFO - ✅ Inserted 665000/2964624 rows
[2026-08-16T16:33:45.959+0000] {logging_mixin.py:188} INFO - ✅ Inserted 670000/2964624 rows
[2026-08-16T16:33:46.059+0000] {logging_mixin.py:188} INFO - ✅ Inserted 675000/2964624 rows
[2026-08-16T16:33:46.175+0000] {logging_mixin.py:188} INFO - ✅ Inserted 680000/2964624 rows
[2026-08-16T16:33:46.282+0000] {logging_mixin.py:188} INFO - ✅ Inserted 685000/2964624 rows
[2026-08-16T16:33:46.405+0000] {logging_mixin.py:188} INFO - ✅ Inserted 690000/2964624 rows
[2026-08-16T16:33:46.515+0000] {logging_mixin.py:188} INFO - ✅ Inserted 695000/2964624 rows
[2026-08-16T16:33:46.685+0000] {logging_mixin.py:188} INFO - ✅ Inserted 700000/2964624 rows
[2026-08-16T16:33:47.034+0000] {logging_mixin.py:188} INFO - ✅ Inserted 705000/2964624 rows
[2026-08-16T16:33:47.410+0000] {logging_mixin.py:188} INFO - ✅ Inserted 710000/2964624 rows
[2026-08-16T16:33:47.828+0000] {logging_mixin.py:188} INFO - ✅ Inserted 715000/2964624 rows
[2026-08-16T16:33:48.019+0000] {logging_mixin.py:188} INFO - ✅ Inserted 720000/2964624 rows
[2026-08-16T16:33:48.123+0000] {logging_mixin.py:188} INFO - ✅ Inserted 725000/2964624 rows
[2026-08-16T16:33:48.196+0000] {logging_mixin.py:188} INFO - ✅ Inserted 730000/2964624 rows
[2026-08-16T16:33:48.258+0000] {logging_mixin.py:188} INFO - ✅ Inserted 735000/2964624 rows
[2026-08-16T16:33:48.337+0000] {logging_mixin.py:188} INFO - ✅ Inserted 740000/2964624 rows
[2026-08-16T16:33:48.414+0000] {logging_mixin.py:188} INFO - ✅ Inserted 745000/2964624 rows
[2026-08-16T16:33:48.516+0000] {logging_mixin.py:188} INFO - ✅ Inserted 750000/2964624 rows
[2026-08-16T16:33:48.605+0000] {logging_mixin.py:188} INFO - ✅ Inserted 755000/2964624 rows
[2026-08-16T16:33:48.688+0000] {logging_mixin.py:188} INFO - ✅ Inserted 760000/2964624 rows
[2026-08-16T16:33:48.801+0000] {logging_mixin.py:188} INFO - ✅ Inserted 765000/2964624 rows
[2026-08-16T16:33:48.877+0000] {logging_mixin.py:188} INFO - ✅ Inserted 770000/2964624 rows
[2026-08-16T16:33:48.978+0000] {logging_mixin.py:188} INFO - ✅ Inserted 775000/2964624 rows
[2026-08-16T16:33:49.113+0000] {logging_mixin.py:188} INFO - ✅ Inserted 780000/2964624 rows
[2026-08-16T16:33:49.207+0000] {logging_mixin.py:188} INFO - ✅ Inserted 785000/2964624 rows
[2026-08-16T16:33:49.286+0000] {logging_mixin.py:188} INFO - ✅ Inserted 790000/2964624 rows
[2026-08-16T16:33:49.353+0000] {logging_mixin.py:188} INFO - ✅ Inserted 795000/2964624 rows
[2026-08-16T16:33:49.426+0000] {logging_mixin.py:188} INFO - ✅ Inserted 800000/2964624 rows
[2026-08-16T16:33:49.498+0000] {logging_mixin.py:188} INFO - ✅ Inserted 805000/2964624 rows
[2026-08-16T16:33:49.580+0000] {logging_mixin.py:188} INFO - ✅ Inserted 810000/2964624 rows
[2026-08-16T16:33:49.649+0000] {logging_mixin.py:188} INFO - ✅ Inserted 815000/2964624 rows
[2026-08-16T16:33:49.737+0000] {logging_mixin.py:188} INFO - ✅ Inserted 820000/2964624 rows
[2026-08-16T16:33:49.814+0000] {logging_mixin.py:188} INFO - ✅ Inserted 825000/2964624 rows
[2026-08-16T16:33:49.898+0000] {logging_mixin.py:188} INFO - ✅ Inserted 830000/2964624 rows
[2026-08-16T16:33:49.983+0000] {logging_mixin.py:188} INFO - ✅ Inserted 835000/2964624 rows
[2026-08-16T16:33:50.134+0000] {logging_mixin.py:188} INFO - ✅ Inserted 840000/2964624 rows
[2026-08-16T16:33:50.229+0000] {logging_mixin.py:188} INFO - ✅ Inserted 845000/2964624 rows
[2026-08-16T16:33:50.336+0000] {logging_mixin.py:188} INFO - ✅ Inserted 850000/2964624 rows
[2026-08-16T16:33:50.436+0000] {logging_mixin.py:188} INFO - ✅ Inserted 855000/2964624 rows
[2026-08-16T16:33:50.547+0000] {logging_mixin.py:188} INFO - ✅ Inserted 860000/2964624 rows
[2026-08-16T16:33:50.616+0000] {logging_mixin.py:188} INFO - ✅ Inserted 865000/2964624 rows
[2026-08-16T16:33:50.681+0000] {logging_mixin.py:188} INFO - ✅ Inserted 870000/2964624 rows
[2026-08-16T16:33:50.852+0000] {logging_mixin.py:188} INFO - ✅ Inserted 875000/2964624 rows
[2026-08-16T16:33:50.955+0000] {logging_mixin.py:188} INFO - ✅ Inserted 880000/2964624 rows
[2026-08-16T16:33:51.019+0000] {logging_mixin.py:188} INFO - ✅ Inserted 885000/2964624 rows
[2026-08-16T16:33:51.102+0000] {logging_mixin.py:188} INFO - ✅ Inserted 890000/2964624 rows
[2026-08-16T16:33:51.204+0000] {logging_mixin.py:188} INFO - ✅ Inserted 895000/2964624 rows
[2026-08-16T16:33:51.312+0000] {logging_mixin.py:188} INFO - ✅ Inserted 900000/2964624 rows
[2026-08-16T16:33:51.443+0000] {logging_mixin.py:188} INFO - ✅ Inserted 905000/2964624 rows
[2026-08-16T16:33:51.775+0000] {logging_mixin.py:188} INFO - ✅ Inserted 910000/2964624 rows
[2026-08-16T16:33:51.947+0000] {logging_mixin.py:188} INFO - ✅ Inserted 915000/2964624 rows
[2026-08-16T16:33:52.188+0000] {logging_mixin.py:188} INFO - ✅ Inserted 920000/2964624 rows
[2026-08-16T16:33:52.474+0000] {logging_mixin.py:188} INFO - ✅ Inserted 925000/2964624 rows
[2026-08-16T16:33:52.607+0000] {logging_mixin.py:188} INFO - ✅ Inserted 930000/2964624 rows
[2026-08-16T16:33:52.720+0000] {logging_mixin.py:188} INFO - ✅ Inserted 935000/2964624 rows
[2026-08-16T16:33:52.807+0000] {logging_mixin.py:188} INFO - ✅ Inserted 940000/2964624 rows
[2026-08-16T16:33:52.890+0000] {logging_mixin.py:188} INFO - ✅ Inserted 945000/2964624 rows
[2026-08-16T16:33:52.967+0000] {logging_mixin.py:188} INFO - ✅ Inserted 950000/2964624 rows
[2026-08-16T16:33:53.057+0000] {logging_mixin.py:188} INFO - ✅ Inserted 955000/2964624 rows
[2026-08-16T16:33:53.125+0000] {logging_mixin.py:188} INFO - ✅ Inserted 960000/2964624 rows
[2026-08-16T16:33:53.196+0000] {logging_mixin.py:188} INFO - ✅ Inserted 965000/2964624 rows
[2026-08-16T16:33:53.272+0000] {logging_mixin.py:188} INFO - ✅ Inserted 970000/2964624 rows
[2026-08-16T16:33:53.410+0000] {logging_mixin.py:188} INFO - ✅ Inserted 975000/2964624 rows
[2026-08-16T16:33:53.500+0000] {logging_mixin.py:188} INFO - ✅ Inserted 980000/2964624 rows
[2026-08-16T16:33:53.601+0000] {logging_mixin.py:188} INFO - ✅ Inserted 985000/2964624 rows
[2026-08-16T16:33:53.703+0000] {logging_mixin.py:188} INFO - ✅ Inserted 990000/2964624 rows
[2026-08-16T16:33:53.814+0000] {logging_mixin.py:188} INFO - ✅ Inserted 995000/2964624 rows
[2026-08-16T16:33:53.984+0000] {logging_mixin.py:188} INFO - ✅ Inserted 1000000/2964624 rows
[2026-08-16T16:33:54.082+0000] {logging_mixin.py:188} INFO - ✅ Inserted 1005000/2964624 rows
[2026-08-16T16:33:54.151+0000] {logging_mixin.py:188} INFO - ✅ Inserted 1010000/2964624 rows
[2026-08-16T16:33:54.230+0000] {logging_mixin.py:188} INFO - ✅ Inserted 1015000/2964624 rows
[2026-08-16T16:33:54.301+0000] {logging_mixin.py:188} INFO - ✅ Inserted 1020000/2964624 rows
[2026-08-16T16:33:54.431+0000] {logging_mixin.py:188} INFO - ✅ Inserted 1025000/2964624 rows
[2026-08-16T16:33:54.524+0000] {logging_mixin.py:188} INFO - ✅ Inserted 1030000/2964624 rows
[2026-08-16T16:33:54.605+0000] {logging_mixin.py:188} INFO - ✅ Inserted 1035000/2964624 rows
[2026-08-16T16:33:54.675+0000] {logging_mixin.py:188} INFO - ✅ Inserted 1040000/2964624 rows
[2026-08-16T16:33:54.772+0000] {logging_mixin.py:188} INFO - ✅ Inserted 1045000/2964624 rows
[2026-08-16T16:33:54.870+0000] {logging_mixin.py:188} INFO - ✅ Inserted 1050000/2964624 rows
[2026-08-16T16:33:54.944+0000] {logging_mixin.py:188} INFO - ✅ Inserted 1055000/2964624 rows
[2026-08-16T16:33:55.012+0000] {logging_mixin.py:188} INFO - ✅ Inserted 1060000/2964624 rows
[2026-08-16T16:33:55.081+0000] {logging_mixin.py:188} INFO - ✅ Inserted 1065000/2964624 rows
[2026-08-16T16:33:55.207+0000] {logging_mixin.py:188} INFO - ✅ Inserted 1070000/2964624 rows
[2026-08-16T16:33:55.401+0000] {logging_mixin.py:188} INFO - ✅ Inserted 1075000/2964624 rows
[2026-08-16T16:33:55.529+0000] {logging_mixin.py:188} INFO - ✅ Inserted 1080000/2964624 rows
[2026-08-16T16:33:55.653+0000] {logging_mixin.py:188} INFO - ✅ Inserted 1085000/2964624 rows
[2026-08-16T16:33:55.792+0000] {logging_mixin.py:188} INFO - ✅ Inserted 1090000/2964624 rows
[2026-08-16T16:33:55.915+0000] {logging_mixin.py:188} INFO - ✅ Inserted 1095000/2964624 rows
[2026-08-16T16:33:56.016+0000] {logging_mixin.py:188} INFO - ✅ Inserted 1100000/2964624 rows
[2026-08-16T16:33:56.078+0000] {logging_mixin.py:188} INFO - ✅ Inserted 1105000/2964624 rows
[2026-08-16T16:33:56.154+0000] {logging_mixin.py:188} INFO - ✅ Inserted 1110000/2964624 rows
[2026-08-16T16:33:56.227+0000] {logging_mixin.py:188} INFO - ✅ Inserted 1115000/2964624 rows
[2026-08-16T16:33:56.329+0000] {logging_mixin.py:188} INFO - ✅ Inserted 1120000/2964624 rows
[2026-08-16T16:33:56.404+0000] {logging_mixin.py:188} INFO - ✅ Inserted 1125000/2964624 rows
[2026-08-16T16:33:56.488+0000] {logging_mixin.py:188} INFO - ✅ Inserted 1130000/2964624 rows
[2026-08-16T16:33:56.575+0000] {logging_mixin.py:188} INFO - ✅ Inserted 1135000/2964624 rows
[2026-08-16T16:33:56.679+0000] {logging_mixin.py:188} INFO - ✅ Inserted 1140000/2964624 rows
[2026-08-16T16:33:56.763+0000] {logging_mixin.py:188} INFO - ✅ Inserted 1145000/2964624 rows
[2026-08-16T16:33:56.854+0000] {logging_mixin.py:188} INFO - ✅ Inserted 1150000/2964624 rows
[2026-08-16T16:33:57.004+0000] {logging_mixin.py:188} INFO - ✅ Inserted 1155000/2964624 rows
[2026-08-16T16:33:57.230+0000] {logging_mixin.py:188} INFO - ✅ Inserted 1160000/2964624 rows
[2026-08-16T16:33:57.456+0000] {logging_mixin.py:188} INFO - ✅ Inserted 1165000/2964624 rows
[2026-08-16T16:33:57.545+0000] {logging_mixin.py:188} INFO - ✅ Inserted 1170000/2964624 rows
[2026-08-16T16:33:57.638+0000] {logging_mixin.py:188} INFO - ✅ Inserted 1175000/2964624 rows
[2026-08-16T16:33:57.817+0000] {logging_mixin.py:188} INFO - ✅ Inserted 1180000/2964624 rows
[2026-08-16T16:33:57.925+0000] {logging_mixin.py:188} INFO - ✅ Inserted 1185000/2964624 rows
[2026-08-16T16:33:58.069+0000] {logging_mixin.py:188} INFO - ✅ Inserted 1190000/2964624 rows
[2026-08-16T16:33:58.151+0000] {logging_mixin.py:188} INFO - ✅ Inserted 1195000/2964624 rows
[2026-08-16T16:33:58.229+0000] {logging_mixin.py:188} INFO - ✅ Inserted 1200000/2964624 rows
[2026-08-16T16:33:58.304+0000] {logging_mixin.py:188} INFO - ✅ Inserted 1205000/2964624 rows
[2026-08-16T16:33:58.400+0000] {logging_mixin.py:188} INFO - ✅ Inserted 1210000/2964624 rows
[2026-08-16T16:33:58.493+0000] {logging_mixin.py:188} INFO - ✅ Inserted 1215000/2964624 rows
[2026-08-16T16:33:58.781+0000] {logging_mixin.py:188} INFO - ✅ Inserted 1220000/2964624 rows
[2026-08-16T16:33:59.283+0000] {logging_mixin.py:188} INFO - ✅ Inserted 1225000/2964624 rows
[2026-08-16T16:33:59.912+0000] {logging_mixin.py:188} INFO - ✅ Inserted 1230000/2964624 rows
[2026-08-16T16:33:59.985+0000] {logging_mixin.py:188} INFO - ✅ Inserted 1235000/2964624 rows
[2026-08-16T16:34:00.048+0000] {logging_mixin.py:188} INFO - ✅ Inserted 1240000/2964624 rows
[2026-08-16T16:34:00.133+0000] {logging_mixin.py:188} INFO - ✅ Inserted 1245000/2964624 rows
[2026-08-16T16:34:00.347+0000] {logging_mixin.py:188} INFO - ✅ Inserted 1250000/2964624 rows
[2026-08-16T16:34:00.640+0000] {logging_mixin.py:188} INFO - ✅ Inserted 1255000/2964624 rows
[2026-08-16T16:34:02.364+0000] {logging_mixin.py:188} INFO - ✅ Inserted 1260000/2964624 rows
[2026-08-16T16:34:02.615+0000] {logging_mixin.py:188} INFO - ✅ Inserted 1265000/2964624 rows
[2026-08-16T16:34:02.899+0000] {logging_mixin.py:188} INFO - ✅ Inserted 1270000/2964624 rows
[2026-08-16T16:34:03.173+0000] {logging_mixin.py:188} INFO - ✅ Inserted 1275000/2964624 rows
[2026-08-16T16:34:03.355+0000] {logging_mixin.py:188} INFO - ✅ Inserted 1280000/2964624 rows
[2026-08-16T16:34:03.493+0000] {logging_mixin.py:188} INFO - ✅ Inserted 1285000/2964624 rows
[2026-08-16T16:34:04.310+0000] {logging_mixin.py:188} INFO - ✅ Inserted 1290000/2964624 rows
[2026-08-16T16:34:05.251+0000] {logging_mixin.py:188} INFO - ✅ Inserted 1295000/2964624 rows
[2026-08-16T16:34:05.607+0000] {logging_mixin.py:188} INFO - ✅ Inserted 1300000/2964624 rows
[2026-08-16T16:34:05.850+0000] {logging_mixin.py:188} INFO - ✅ Inserted 1305000/2964624 rows
[2026-08-16T16:34:06.210+0000] {logging_mixin.py:188} INFO - ✅ Inserted 1310000/2964624 rows
[2026-08-16T16:34:06.406+0000] {logging_mixin.py:188} INFO - ✅ Inserted 1315000/2964624 rows
[2026-08-16T16:34:06.543+0000] {logging_mixin.py:188} INFO - ✅ Inserted 1320000/2964624 rows
[2026-08-16T16:34:06.671+0000] {logging_mixin.py:188} INFO - ✅ Inserted 1325000/2964624 rows
[2026-08-16T16:34:06.856+0000] {logging_mixin.py:188} INFO - ✅ Inserted 1330000/2964624 rows
[2026-08-16T16:34:07.209+0000] {logging_mixin.py:188} INFO - ✅ Inserted 1335000/2964624 rows
[2026-08-16T16:34:07.462+0000] {logging_mixin.py:188} INFO - ✅ Inserted 1340000/2964624 rows
[2026-08-16T16:34:07.732+0000] {logging_mixin.py:188} INFO - ✅ Inserted 1345000/2964624 rows
[2026-08-16T16:34:07.977+0000] {logging_mixin.py:188} INFO - ✅ Inserted 1350000/2964624 rows
[2026-08-16T16:34:08.148+0000] {logging_mixin.py:188} INFO - ✅ Inserted 1355000/2964624 rows
[2026-08-16T16:34:08.394+0000] {logging_mixin.py:188} INFO - ✅ Inserted 1360000/2964624 rows
[2026-08-16T16:34:08.543+0000] {logging_mixin.py:188} INFO - ✅ Inserted 1365000/2964624 rows
[2026-08-16T16:34:08.771+0000] {logging_mixin.py:188} INFO - ✅ Inserted 1370000/2964624 rows
[2026-08-16T16:34:08.899+0000] {logging_mixin.py:188} INFO - ✅ Inserted 1375000/2964624 rows
[2026-08-16T16:34:08.997+0000] {logging_mixin.py:188} INFO - ✅ Inserted 1380000/2964624 rows
[2026-08-16T16:34:09.079+0000] {logging_mixin.py:188} INFO - ✅ Inserted 1385000/2964624 rows
[2026-08-16T16:34:09.164+0000] {logging_mixin.py:188} INFO - ✅ Inserted 1390000/2964624 rows
[2026-08-16T16:34:09.244+0000] {logging_mixin.py:188} INFO - ✅ Inserted 1395000/2964624 rows
[2026-08-16T16:34:09.661+0000] {logging_mixin.py:188} INFO - ✅ Inserted 1400000/2964624 rows
[2026-08-16T16:34:09.807+0000] {logging_mixin.py:188} INFO - ✅ Inserted 1405000/2964624 rows
[2026-08-16T16:34:09.915+0000] {logging_mixin.py:188} INFO - ✅ Inserted 1410000/2964624 rows
[2026-08-16T16:34:09.998+0000] {logging_mixin.py:188} INFO - ✅ Inserted 1415000/2964624 rows
[2026-08-16T16:34:10.093+0000] {logging_mixin.py:188} INFO - ✅ Inserted 1420000/2964624 rows
[2026-08-16T16:34:10.154+0000] {logging_mixin.py:188} INFO - ✅ Inserted 1425000/2964624 rows
[2026-08-16T16:34:10.328+0000] {logging_mixin.py:188} INFO - ✅ Inserted 1430000/2964624 rows
[2026-08-16T16:34:10.417+0000] {logging_mixin.py:188} INFO - ✅ Inserted 1435000/2964624 rows
[2026-08-16T16:34:10.529+0000] {logging_mixin.py:188} INFO - ✅ Inserted 1440000/2964624 rows
[2026-08-16T16:34:10.647+0000] {logging_mixin.py:188} INFO - ✅ Inserted 1445000/2964624 rows
[2026-08-16T16:34:10.782+0000] {logging_mixin.py:188} INFO - ✅ Inserted 1450000/2964624 rows
[2026-08-16T16:34:10.987+0000] {logging_mixin.py:188} INFO - ✅ Inserted 1455000/2964624 rows
[2026-08-16T16:34:11.115+0000] {logging_mixin.py:188} INFO - ✅ Inserted 1460000/2964624 rows
[2026-08-16T16:34:11.246+0000] {logging_mixin.py:188} INFO - ✅ Inserted 1465000/2964624 rows
[2026-08-16T16:34:11.536+0000] {logging_mixin.py:188} INFO - ✅ Inserted 1470000/2964624 rows
[2026-08-16T16:34:11.676+0000] {logging_mixin.py:188} INFO - ✅ Inserted 1475000/2964624 rows
[2026-08-16T16:34:11.783+0000] {logging_mixin.py:188} INFO - ✅ Inserted 1480000/2964624 rows
[2026-08-16T16:34:11.910+0000] {logging_mixin.py:188} INFO - ✅ Inserted 1485000/2964624 rows
[2026-08-16T16:34:12.170+0000] {logging_mixin.py:188} INFO - ✅ Inserted 1490000/2964624 rows
[2026-08-16T16:34:12.385+0000] {logging_mixin.py:188} INFO - ✅ Inserted 1495000/2964624 rows
[2026-08-16T16:34:12.671+0000] {logging_mixin.py:188} INFO - ✅ Inserted 1500000/2964624 rows
[2026-08-16T16:34:12.779+0000] {logging_mixin.py:188} INFO - ✅ Inserted 1505000/2964624 rows
[2026-08-16T16:34:12.866+0000] {logging_mixin.py:188} INFO - ✅ Inserted 1510000/2964624 rows
[2026-08-16T16:34:12.948+0000] {logging_mixin.py:188} INFO - ✅ Inserted 1515000/2964624 rows
[2026-08-16T16:34:13.040+0000] {logging_mixin.py:188} INFO - ✅ Inserted 1520000/2964624 rows
[2026-08-16T16:34:13.106+0000] {logging_mixin.py:188} INFO - ✅ Inserted 1525000/2964624 rows
[2026-08-16T16:34:13.304+0000] {logging_mixin.py:188} INFO - ✅ Inserted 1530000/2964624 rows
[2026-08-16T16:34:13.454+0000] {logging_mixin.py:188} INFO - ✅ Inserted 1535000/2964624 rows
[2026-08-16T16:34:13.576+0000] {logging_mixin.py:188} INFO - ✅ Inserted 1540000/2964624 rows
[2026-08-16T16:34:13.666+0000] {logging_mixin.py:188} INFO - ✅ Inserted 1545000/2964624 rows
[2026-08-16T16:34:13.771+0000] {logging_mixin.py:188} INFO - ✅ Inserted 1550000/2964624 rows
[2026-08-16T16:34:13.858+0000] {logging_mixin.py:188} INFO - ✅ Inserted 1555000/2964624 rows
[2026-08-16T16:34:13.961+0000] {logging_mixin.py:188} INFO - ✅ Inserted 1560000/2964624 rows
[2026-08-16T16:34:14.045+0000] {logging_mixin.py:188} INFO - ✅ Inserted 1565000/2964624 rows
[2026-08-16T16:34:14.121+0000] {logging_mixin.py:188} INFO - ✅ Inserted 1570000/2964624 rows
[2026-08-16T16:34:14.196+0000] {logging_mixin.py:188} INFO - ✅ Inserted 1575000/2964624 rows
[2026-08-16T16:34:14.283+0000] {logging_mixin.py:188} INFO - ✅ Inserted 1580000/2964624 rows
[2026-08-16T16:34:14.391+0000] {logging_mixin.py:188} INFO - ✅ Inserted 1585000/2964624 rows
[2026-08-16T16:34:14.473+0000] {logging_mixin.py:188} INFO - ✅ Inserted 1590000/2964624 rows
[2026-08-16T16:34:14.613+0000] {logging_mixin.py:188} INFO - ✅ Inserted 1595000/2964624 rows
[2026-08-16T16:34:14.745+0000] {logging_mixin.py:188} INFO - ✅ Inserted 1600000/2964624 rows
[2026-08-16T16:34:14.864+0000] {logging_mixin.py:188} INFO - ✅ Inserted 1605000/2964624 rows
[2026-08-16T16:34:15.016+0000] {logging_mixin.py:188} INFO - ✅ Inserted 1610000/2964624 rows
[2026-08-16T16:34:15.211+0000] {logging_mixin.py:188} INFO - ✅ Inserted 1615000/2964624 rows
[2026-08-16T16:34:15.345+0000] {logging_mixin.py:188} INFO - ✅ Inserted 1620000/2964624 rows
[2026-08-16T16:34:15.482+0000] {logging_mixin.py:188} INFO - ✅ Inserted 1625000/2964624 rows
[2026-08-16T16:34:15.556+0000] {logging_mixin.py:188} INFO - ✅ Inserted 1630000/2964624 rows
[2026-08-16T16:34:15.630+0000] {logging_mixin.py:188} INFO - ✅ Inserted 1635000/2964624 rows
[2026-08-16T16:34:15.725+0000] {logging_mixin.py:188} INFO - ✅ Inserted 1640000/2964624 rows
[2026-08-16T16:34:15.831+0000] {logging_mixin.py:188} INFO - ✅ Inserted 1645000/2964624 rows
[2026-08-16T16:34:15.920+0000] {logging_mixin.py:188} INFO - ✅ Inserted 1650000/2964624 rows
[2026-08-16T16:34:16.056+0000] {logging_mixin.py:188} INFO - ✅ Inserted 1655000/2964624 rows
[2026-08-16T16:34:16.190+0000] {logging_mixin.py:188} INFO - ✅ Inserted 1660000/2964624 rows
[2026-08-16T16:34:16.279+0000] {logging_mixin.py:188} INFO - ✅ Inserted 1665000/2964624 rows
[2026-08-16T16:34:16.404+0000] {logging_mixin.py:188} INFO - ✅ Inserted 1670000/2964624 rows
[2026-08-16T16:34:16.496+0000] {logging_mixin.py:188} INFO - ✅ Inserted 1675000/2964624 rows
[2026-08-16T16:34:16.587+0000] {logging_mixin.py:188} INFO - ✅ Inserted 1680000/2964624 rows
[2026-08-16T16:34:16.684+0000] {logging_mixin.py:188} INFO - ✅ Inserted 1685000/2964624 rows
[2026-08-16T16:34:16.762+0000] {logging_mixin.py:188} INFO - ✅ Inserted 1690000/2964624 rows
[2026-08-16T16:34:16.845+0000] {logging_mixin.py:188} INFO - ✅ Inserted 1695000/2964624 rows
[2026-08-16T16:34:17.008+0000] {logging_mixin.py:188} INFO - ✅ Inserted 1700000/2964624 rows
[2026-08-16T16:34:17.241+0000] {logging_mixin.py:188} INFO - ✅ Inserted 1705000/2964624 rows
[2026-08-16T16:34:17.471+0000] {logging_mixin.py:188} INFO - ✅ Inserted 1710000/2964624 rows
[2026-08-16T16:34:17.607+0000] {logging_mixin.py:188} INFO - ✅ Inserted 1715000/2964624 rows
[2026-08-16T16:34:17.699+0000] {logging_mixin.py:188} INFO - ✅ Inserted 1720000/2964624 rows
[2026-08-16T16:34:17.771+0000] {logging_mixin.py:188} INFO - ✅ Inserted 1725000/2964624 rows
[2026-08-16T16:34:17.969+0000] {logging_mixin.py:188} INFO - ✅ Inserted 1730000/2964624 rows
[2026-08-16T16:34:18.131+0000] {logging_mixin.py:188} INFO - ✅ Inserted 1735000/2964624 rows
[2026-08-16T16:34:18.259+0000] {logging_mixin.py:188} INFO - ✅ Inserted 1740000/2964624 rows
[2026-08-16T16:34:18.341+0000] {logging_mixin.py:188} INFO - ✅ Inserted 1745000/2964624 rows
[2026-08-16T16:34:18.447+0000] {logging_mixin.py:188} INFO - ✅ Inserted 1750000/2964624 rows
[2026-08-16T16:34:18.576+0000] {logging_mixin.py:188} INFO - ✅ Inserted 1755000/2964624 rows
[2026-08-16T16:34:18.695+0000] {logging_mixin.py:188} INFO - ✅ Inserted 1760000/2964624 rows
[2026-08-16T16:34:18.784+0000] {logging_mixin.py:188} INFO - ✅ Inserted 1765000/2964624 rows
[2026-08-16T16:34:18.867+0000] {logging_mixin.py:188} INFO - ✅ Inserted 1770000/2964624 rows
[2026-08-16T16:34:18.954+0000] {logging_mixin.py:188} INFO - ✅ Inserted 1775000/2964624 rows
[2026-08-16T16:34:19.034+0000] {logging_mixin.py:188} INFO - ✅ Inserted 1780000/2964624 rows
[2026-08-16T16:34:19.130+0000] {logging_mixin.py:188} INFO - ✅ Inserted 1785000/2964624 rows
[2026-08-16T16:34:19.220+0000] {logging_mixin.py:188} INFO - ✅ Inserted 1790000/2964624 rows
[2026-08-16T16:34:19.388+0000] {logging_mixin.py:188} INFO - ✅ Inserted 1795000/2964624 rows
[2026-08-16T16:34:19.688+0000] {logging_mixin.py:188} INFO - ✅ Inserted 1800000/2964624 rows
[2026-08-16T16:34:19.824+0000] {logging_mixin.py:188} INFO - ✅ Inserted 1805000/2964624 rows
[2026-08-16T16:34:20.075+0000] {logging_mixin.py:188} INFO - ✅ Inserted 1810000/2964624 rows
[2026-08-16T16:34:20.213+0000] {logging_mixin.py:188} INFO - ✅ Inserted 1815000/2964624 rows
[2026-08-16T16:34:20.317+0000] {logging_mixin.py:188} INFO - ✅ Inserted 1820000/2964624 rows
[2026-08-16T16:34:20.456+0000] {logging_mixin.py:188} INFO - ✅ Inserted 1825000/2964624 rows
[2026-08-16T16:34:20.572+0000] {logging_mixin.py:188} INFO - ✅ Inserted 1830000/2964624 rows
[2026-08-16T16:34:20.754+0000] {logging_mixin.py:188} INFO - ✅ Inserted 1835000/2964624 rows
[2026-08-16T16:34:20.936+0000] {logging_mixin.py:188} INFO - ✅ Inserted 1840000/2964624 rows
[2026-08-16T16:34:21.029+0000] {logging_mixin.py:188} INFO - ✅ Inserted 1845000/2964624 rows
[2026-08-16T16:34:21.216+0000] {logging_mixin.py:188} INFO - ✅ Inserted 1850000/2964624 rows
[2026-08-16T16:34:21.427+0000] {logging_mixin.py:188} INFO - ✅ Inserted 1855000/2964624 rows
[2026-08-16T16:34:21.540+0000] {logging_mixin.py:188} INFO - ✅ Inserted 1860000/2964624 rows
[2026-08-16T16:34:21.653+0000] {logging_mixin.py:188} INFO - ✅ Inserted 1865000/2964624 rows
[2026-08-16T16:34:21.822+0000] {logging_mixin.py:188} INFO - ✅ Inserted 1870000/2964624 rows
[2026-08-16T16:34:22.239+0000] {logging_mixin.py:188} INFO - ✅ Inserted 1875000/2964624 rows
[2026-08-16T16:34:22.569+0000] {logging_mixin.py:188} INFO - ✅ Inserted 1880000/2964624 rows
[2026-08-16T16:34:22.918+0000] {logging_mixin.py:188} INFO - ✅ Inserted 1885000/2964624 rows
[2026-08-16T16:34:23.160+0000] {logging_mixin.py:188} INFO - ✅ Inserted 1890000/2964624 rows
[2026-08-16T16:34:23.308+0000] {logging_mixin.py:188} INFO - ✅ Inserted 1895000/2964624 rows
[2026-08-16T16:34:23.402+0000] {logging_mixin.py:188} INFO - ✅ Inserted 1900000/2964624 rows
[2026-08-16T16:34:23.503+0000] {logging_mixin.py:188} INFO - ✅ Inserted 1905000/2964624 rows
[2026-08-16T16:34:23.584+0000] {logging_mixin.py:188} INFO - ✅ Inserted 1910000/2964624 rows
[2026-08-16T16:34:23.654+0000] {logging_mixin.py:188} INFO - ✅ Inserted 1915000/2964624 rows
[2026-08-16T16:34:23.755+0000] {logging_mixin.py:188} INFO - ✅ Inserted 1920000/2964624 rows
[2026-08-16T16:34:23.921+0000] {logging_mixin.py:188} INFO - ✅ Inserted 1925000/2964624 rows
[2026-08-16T16:34:24.009+0000] {logging_mixin.py:188} INFO - ✅ Inserted 1930000/2964624 rows
[2026-08-16T16:34:24.106+0000] {logging_mixin.py:188} INFO - ✅ Inserted 1935000/2964624 rows
[2026-08-16T16:34:24.191+0000] {logging_mixin.py:188} INFO - ✅ Inserted 1940000/2964624 rows
[2026-08-16T16:34:24.291+0000] {logging_mixin.py:188} INFO - ✅ Inserted 1945000/2964624 rows
[2026-08-16T16:34:24.475+0000] {logging_mixin.py:188} INFO - ✅ Inserted 1950000/2964624 rows
[2026-08-16T16:34:24.580+0000] {logging_mixin.py:188} INFO - ✅ Inserted 1955000/2964624 rows
[2026-08-16T16:34:24.669+0000] {logging_mixin.py:188} INFO - ✅ Inserted 1960000/2964624 rows
[2026-08-16T16:34:24.837+0000] {logging_mixin.py:188} INFO - ✅ Inserted 1965000/2964624 rows
[2026-08-16T16:34:24.928+0000] {logging_mixin.py:188} INFO - ✅ Inserted 1970000/2964624 rows
[2026-08-16T16:34:25.038+0000] {logging_mixin.py:188} INFO - ✅ Inserted 1975000/2964624 rows
[2026-08-16T16:34:25.160+0000] {logging_mixin.py:188} INFO - ✅ Inserted 1980000/2964624 rows
[2026-08-16T16:34:25.405+0000] {logging_mixin.py:188} INFO - ✅ Inserted 1985000/2964624 rows
[2026-08-16T16:34:25.601+0000] {logging_mixin.py:188} INFO - ✅ Inserted 1990000/2964624 rows
[2026-08-16T16:34:25.746+0000] {logging_mixin.py:188} INFO - ✅ Inserted 1995000/2964624 rows
[2026-08-16T16:34:25.880+0000] {logging_mixin.py:188} INFO - ✅ Inserted 2000000/2964624 rows
[2026-08-16T16:34:26.050+0000] {logging_mixin.py:188} INFO - ✅ Inserted 2005000/2964624 rows
[2026-08-16T16:34:26.150+0000] {logging_mixin.py:188} INFO - ✅ Inserted 2010000/2964624 rows
[2026-08-16T16:34:26.265+0000] {logging_mixin.py:188} INFO - ✅ Inserted 2015000/2964624 rows
[2026-08-16T16:34:26.396+0000] {logging_mixin.py:188} INFO - ✅ Inserted 2020000/2964624 rows
[2026-08-16T16:34:26.492+0000] {logging_mixin.py:188} INFO - ✅ Inserted 2025000/2964624 rows
[2026-08-16T16:34:26.566+0000] {logging_mixin.py:188} INFO - ✅ Inserted 2030000/2964624 rows
[2026-08-16T16:34:26.659+0000] {logging_mixin.py:188} INFO - ✅ Inserted 2035000/2964624 rows
[2026-08-16T16:34:26.767+0000] {logging_mixin.py:188} INFO - ✅ Inserted 2040000/2964624 rows
[2026-08-16T16:34:26.865+0000] {logging_mixin.py:188} INFO - ✅ Inserted 2045000/2964624 rows
[2026-08-16T16:34:27.021+0000] {logging_mixin.py:188} INFO - ✅ Inserted 2050000/2964624 rows
[2026-08-16T16:34:27.255+0000] {logging_mixin.py:188} INFO - ✅ Inserted 2055000/2964624 rows
[2026-08-16T16:34:27.521+0000] {logging_mixin.py:188} INFO - ✅ Inserted 2060000/2964624 rows
[2026-08-16T16:34:27.717+0000] {logging_mixin.py:188} INFO - ✅ Inserted 2065000/2964624 rows
[2026-08-16T16:34:28.404+0000] {logging_mixin.py:188} INFO - ✅ Inserted 2070000/2964624 rows
[2026-08-16T16:34:28.515+0000] {logging_mixin.py:188} INFO - ✅ Inserted 2075000/2964624 rows
[2026-08-16T16:34:28.591+0000] {logging_mixin.py:188} INFO - ✅ Inserted 2080000/2964624 rows
[2026-08-16T16:34:28.652+0000] {logging_mixin.py:188} INFO - ✅ Inserted 2085000/2964624 rows
[2026-08-16T16:34:28.738+0000] {logging_mixin.py:188} INFO - ✅ Inserted 2090000/2964624 rows
[2026-08-16T16:34:28.867+0000] {logging_mixin.py:188} INFO - ✅ Inserted 2095000/2964624 rows
[2026-08-16T16:34:29.034+0000] {logging_mixin.py:188} INFO - ✅ Inserted 2100000/2964624 rows
[2026-08-16T16:34:29.161+0000] {logging_mixin.py:188} INFO - ✅ Inserted 2105000/2964624 rows
[2026-08-16T16:34:29.288+0000] {logging_mixin.py:188} INFO - ✅ Inserted 2110000/2964624 rows
[2026-08-16T16:34:29.459+0000] {logging_mixin.py:188} INFO - ✅ Inserted 2115000/2964624 rows
[2026-08-16T16:34:29.597+0000] {logging_mixin.py:188} INFO - ✅ Inserted 2120000/2964624 rows
[2026-08-16T16:34:29.718+0000] {logging_mixin.py:188} INFO - ✅ Inserted 2125000/2964624 rows
[2026-08-16T16:34:29.873+0000] {logging_mixin.py:188} INFO - ✅ Inserted 2130000/2964624 rows
[2026-08-16T16:34:30.102+0000] {logging_mixin.py:188} INFO - ✅ Inserted 2135000/2964624 rows
[2026-08-16T16:34:30.248+0000] {logging_mixin.py:188} INFO - ✅ Inserted 2140000/2964624 rows
[2026-08-16T16:34:30.415+0000] {logging_mixin.py:188} INFO - ✅ Inserted 2145000/2964624 rows
[2026-08-16T16:34:30.608+0000] {logging_mixin.py:188} INFO - ✅ Inserted 2150000/2964624 rows
[2026-08-16T16:34:30.853+0000] {logging_mixin.py:188} INFO - ✅ Inserted 2155000/2964624 rows
[2026-08-16T16:34:31.005+0000] {logging_mixin.py:188} INFO - ✅ Inserted 2160000/2964624 rows
[2026-08-16T16:34:31.206+0000] {logging_mixin.py:188} INFO - ✅ Inserted 2165000/2964624 rows
[2026-08-16T16:34:31.376+0000] {logging_mixin.py:188} INFO - ✅ Inserted 2170000/2964624 rows
[2026-08-16T16:34:31.567+0000] {logging_mixin.py:188} INFO - ✅ Inserted 2175000/2964624 rows
[2026-08-16T16:34:31.694+0000] {logging_mixin.py:188} INFO - ✅ Inserted 2180000/2964624 rows
[2026-08-16T16:34:31.929+0000] {logging_mixin.py:188} INFO - ✅ Inserted 2185000/2964624 rows
[2026-08-16T16:34:32.242+0000] {logging_mixin.py:188} INFO - ✅ Inserted 2190000/2964624 rows
[2026-08-16T16:34:32.535+0000] {logging_mixin.py:188} INFO - ✅ Inserted 2195000/2964624 rows
[2026-08-16T16:34:32.798+0000] {logging_mixin.py:188} INFO - ✅ Inserted 2200000/2964624 rows
[2026-08-16T16:34:32.943+0000] {logging_mixin.py:188} INFO - ✅ Inserted 2205000/2964624 rows
[2026-08-16T16:34:33.091+0000] {logging_mixin.py:188} INFO - ✅ Inserted 2210000/2964624 rows
[2026-08-16T16:34:33.208+0000] {logging_mixin.py:188} INFO - ✅ Inserted 2215000/2964624 rows
[2026-08-16T16:34:33.295+0000] {logging_mixin.py:188} INFO - ✅ Inserted 2220000/2964624 rows
[2026-08-16T16:34:33.416+0000] {logging_mixin.py:188} INFO - ✅ Inserted 2225000/2964624 rows
[2026-08-16T16:34:33.522+0000] {logging_mixin.py:188} INFO - ✅ Inserted 2230000/2964624 rows
[2026-08-16T16:34:33.609+0000] {logging_mixin.py:188} INFO - ✅ Inserted 2235000/2964624 rows
[2026-08-16T16:34:33.704+0000] {logging_mixin.py:188} INFO - ✅ Inserted 2240000/2964624 rows
[2026-08-16T16:34:33.823+0000] {logging_mixin.py:188} INFO - ✅ Inserted 2245000/2964624 rows
[2026-08-16T16:34:33.929+0000] {logging_mixin.py:188} INFO - ✅ Inserted 2250000/2964624 rows
[2026-08-16T16:34:34.025+0000] {logging_mixin.py:188} INFO - ✅ Inserted 2255000/2964624 rows
[2026-08-16T16:34:34.128+0000] {logging_mixin.py:188} INFO - ✅ Inserted 2260000/2964624 rows
[2026-08-16T16:34:34.236+0000] {logging_mixin.py:188} INFO - ✅ Inserted 2265000/2964624 rows
[2026-08-16T16:34:34.326+0000] {logging_mixin.py:188} INFO - ✅ Inserted 2270000/2964624 rows
[2026-08-16T16:34:34.395+0000] {logging_mixin.py:188} INFO - ✅ Inserted 2275000/2964624 rows
[2026-08-16T16:34:34.697+0000] {logging_mixin.py:188} INFO - ✅ Inserted 2280000/2964624 rows
[2026-08-16T16:34:34.926+0000] {logging_mixin.py:188} INFO - ✅ Inserted 2285000/2964624 rows
[2026-08-16T16:34:35.071+0000] {logging_mixin.py:188} INFO - ✅ Inserted 2290000/2964624 rows
[2026-08-16T16:34:35.184+0000] {logging_mixin.py:188} INFO - ✅ Inserted 2295000/2964624 rows
[2026-08-16T16:34:35.291+0000] {logging_mixin.py:188} INFO - ✅ Inserted 2300000/2964624 rows
[2026-08-16T16:34:35.392+0000] {logging_mixin.py:188} INFO - ✅ Inserted 2305000/2964624 rows
[2026-08-16T16:34:35.480+0000] {logging_mixin.py:188} INFO - ✅ Inserted 2310000/2964624 rows
[2026-08-16T16:34:35.581+0000] {logging_mixin.py:188} INFO - ✅ Inserted 2315000/2964624 rows
[2026-08-16T16:34:35.666+0000] {logging_mixin.py:188} INFO - ✅ Inserted 2320000/2964624 rows
[2026-08-16T16:34:35.819+0000] {logging_mixin.py:188} INFO - ✅ Inserted 2325000/2964624 rows
[2026-08-16T16:34:36.017+0000] {logging_mixin.py:188} INFO - ✅ Inserted 2330000/2964624 rows
[2026-08-16T16:34:36.407+0000] {logging_mixin.py:188} INFO - ✅ Inserted 2335000/2964624 rows
[2026-08-16T16:34:36.508+0000] {logging_mixin.py:188} INFO - ✅ Inserted 2340000/2964624 rows
[2026-08-16T16:34:36.699+0000] {logging_mixin.py:188} INFO - ✅ Inserted 2345000/2964624 rows
[2026-08-16T16:34:36.828+0000] {logging_mixin.py:188} INFO - ✅ Inserted 2350000/2964624 rows
[2026-08-16T16:34:37.126+0000] {logging_mixin.py:188} INFO - ✅ Inserted 2355000/2964624 rows
[2026-08-16T16:34:37.517+0000] {logging_mixin.py:188} INFO - ✅ Inserted 2360000/2964624 rows
[2026-08-16T16:34:37.654+0000] {logging_mixin.py:188} INFO - ✅ Inserted 2365000/2964624 rows
[2026-08-16T16:34:37.985+0000] {logging_mixin.py:188} INFO - ✅ Inserted 2370000/2964624 rows
[2026-08-16T16:34:38.157+0000] {logging_mixin.py:188} INFO - ✅ Inserted 2375000/2964624 rows
[2026-08-16T16:34:38.292+0000] {logging_mixin.py:188} INFO - ✅ Inserted 2380000/2964624 rows
[2026-08-16T16:34:38.425+0000] {logging_mixin.py:188} INFO - ✅ Inserted 2385000/2964624 rows
[2026-08-16T16:34:38.537+0000] {logging_mixin.py:188} INFO - ✅ Inserted 2390000/2964624 rows
[2026-08-16T16:34:38.681+0000] {logging_mixin.py:188} INFO - ✅ Inserted 2395000/2964624 rows
[2026-08-16T16:34:38.807+0000] {logging_mixin.py:188} INFO - ✅ Inserted 2400000/2964624 rows
[2026-08-16T16:34:39.017+0000] {logging_mixin.py:188} INFO - ✅ Inserted 2405000/2964624 rows
[2026-08-16T16:34:39.176+0000] {logging_mixin.py:188} INFO - ✅ Inserted 2410000/2964624 rows
[2026-08-16T16:34:39.581+0000] {logging_mixin.py:188} INFO - ✅ Inserted 2415000/2964624 rows
[2026-08-16T16:34:39.709+0000] {logging_mixin.py:188} INFO - ✅ Inserted 2420000/2964624 rows
[2026-08-16T16:34:39.783+0000] {logging_mixin.py:188} INFO - ✅ Inserted 2425000/2964624 rows
[2026-08-16T16:34:39.883+0000] {logging_mixin.py:188} INFO - ✅ Inserted 2430000/2964624 rows
[2026-08-16T16:34:40.168+0000] {logging_mixin.py:188} INFO - ✅ Inserted 2435000/2964624 rows
[2026-08-16T16:34:40.299+0000] {logging_mixin.py:188} INFO - ✅ Inserted 2440000/2964624 rows
[2026-08-16T16:34:40.413+0000] {logging_mixin.py:188} INFO - ✅ Inserted 2445000/2964624 rows
[2026-08-16T16:34:40.591+0000] {logging_mixin.py:188} INFO - ✅ Inserted 2450000/2964624 rows
[2026-08-16T16:34:40.732+0000] {logging_mixin.py:188} INFO - ✅ Inserted 2455000/2964624 rows
[2026-08-16T16:34:40.882+0000] {logging_mixin.py:188} INFO - ✅ Inserted 2460000/2964624 rows
[2026-08-16T16:34:41.054+0000] {logging_mixin.py:188} INFO - ✅ Inserted 2465000/2964624 rows
[2026-08-16T16:34:41.165+0000] {logging_mixin.py:188} INFO - ✅ Inserted 2470000/2964624 rows
[2026-08-16T16:34:41.264+0000] {logging_mixin.py:188} INFO - ✅ Inserted 2475000/2964624 rows
[2026-08-16T16:34:41.416+0000] {logging_mixin.py:188} INFO - ✅ Inserted 2480000/2964624 rows
[2026-08-16T16:34:41.553+0000] {logging_mixin.py:188} INFO - ✅ Inserted 2485000/2964624 rows
[2026-08-16T16:34:41.662+0000] {logging_mixin.py:188} INFO - ✅ Inserted 2490000/2964624 rows
[2026-08-16T16:34:41.800+0000] {logging_mixin.py:188} INFO - ✅ Inserted 2495000/2964624 rows
[2026-08-16T16:34:42.124+0000] {logging_mixin.py:188} INFO - ✅ Inserted 2500000/2964624 rows
[2026-08-16T16:34:42.326+0000] {logging_mixin.py:188} INFO - ✅ Inserted 2505000/2964624 rows
[2026-08-16T16:34:42.686+0000] {logging_mixin.py:188} INFO - ✅ Inserted 2510000/2964624 rows
[2026-08-16T16:34:42.856+0000] {logging_mixin.py:188} INFO - ✅ Inserted 2515000/2964624 rows
[2026-08-16T16:34:43.012+0000] {logging_mixin.py:188} INFO - ✅ Inserted 2520000/2964624 rows
[2026-08-16T16:34:43.277+0000] {logging_mixin.py:188} INFO - ✅ Inserted 2525000/2964624 rows
[2026-08-16T16:34:43.454+0000] {logging_mixin.py:188} INFO - ✅ Inserted 2530000/2964624 rows
[2026-08-16T16:34:43.666+0000] {logging_mixin.py:188} INFO - ✅ Inserted 2535000/2964624 rows
[2026-08-16T16:34:43.836+0000] {logging_mixin.py:188} INFO - ✅ Inserted 2540000/2964624 rows
[2026-08-16T16:34:43.947+0000] {logging_mixin.py:188} INFO - ✅ Inserted 2545000/2964624 rows
[2026-08-16T16:34:44.083+0000] {logging_mixin.py:188} INFO - ✅ Inserted 2550000/2964624 rows
[2026-08-16T16:34:44.244+0000] {logging_mixin.py:188} INFO - ✅ Inserted 2555000/2964624 rows
[2026-08-16T16:34:44.375+0000] {logging_mixin.py:188} INFO - ✅ Inserted 2560000/2964624 rows
[2026-08-16T16:34:44.468+0000] {logging_mixin.py:188} INFO - ✅ Inserted 2565000/2964624 rows
[2026-08-16T16:34:44.622+0000] {logging_mixin.py:188} INFO - ✅ Inserted 2570000/2964624 rows
[2026-08-16T16:34:44.714+0000] {logging_mixin.py:188} INFO - ✅ Inserted 2575000/2964624 rows
[2026-08-16T16:34:44.841+0000] {logging_mixin.py:188} INFO - ✅ Inserted 2580000/2964624 rows
[2026-08-16T16:34:44.985+0000] {logging_mixin.py:188} INFO - ✅ Inserted 2585000/2964624 rows
[2026-08-16T16:34:45.102+0000] {logging_mixin.py:188} INFO - ✅ Inserted 2590000/2964624 rows
[2026-08-16T16:34:45.213+0000] {logging_mixin.py:188} INFO - ✅ Inserted 2595000/2964624 rows
[2026-08-16T16:34:45.305+0000] {logging_mixin.py:188} INFO - ✅ Inserted 2600000/2964624 rows
[2026-08-16T16:34:45.378+0000] {logging_mixin.py:188} INFO - ✅ Inserted 2605000/2964624 rows
[2026-08-16T16:34:45.456+0000] {logging_mixin.py:188} INFO - ✅ Inserted 2610000/2964624 rows
[2026-08-16T16:34:45.547+0000] {logging_mixin.py:188} INFO - ✅ Inserted 2615000/2964624 rows
[2026-08-16T16:34:45.723+0000] {logging_mixin.py:188} INFO - ✅ Inserted 2620000/2964624 rows
[2026-08-16T16:34:46.011+0000] {logging_mixin.py:188} INFO - ✅ Inserted 2625000/2964624 rows
[2026-08-16T16:34:46.191+0000] {logging_mixin.py:188} INFO - ✅ Inserted 2630000/2964624 rows
[2026-08-16T16:34:46.277+0000] {logging_mixin.py:188} INFO - ✅ Inserted 2635000/2964624 rows
[2026-08-16T16:34:46.404+0000] {logging_mixin.py:188} INFO - ✅ Inserted 2640000/2964624 rows
[2026-08-16T16:34:46.528+0000] {logging_mixin.py:188} INFO - ✅ Inserted 2645000/2964624 rows
[2026-08-16T16:34:46.679+0000] {logging_mixin.py:188} INFO - ✅ Inserted 2650000/2964624 rows
[2026-08-16T16:34:46.779+0000] {logging_mixin.py:188} INFO - ✅ Inserted 2655000/2964624 rows
[2026-08-16T16:34:46.857+0000] {logging_mixin.py:188} INFO - ✅ Inserted 2660000/2964624 rows
[2026-08-16T16:34:46.998+0000] {logging_mixin.py:188} INFO - ✅ Inserted 2665000/2964624 rows
[2026-08-16T16:34:47.223+0000] {logging_mixin.py:188} INFO - ✅ Inserted 2670000/2964624 rows
[2026-08-16T16:34:47.462+0000] {logging_mixin.py:188} INFO - ✅ Inserted 2675000/2964624 rows
[2026-08-16T16:34:47.589+0000] {logging_mixin.py:188} INFO - ✅ Inserted 2680000/2964624 rows
[2026-08-16T16:34:47.694+0000] {logging_mixin.py:188} INFO - ✅ Inserted 2685000/2964624 rows
[2026-08-16T16:34:47.782+0000] {logging_mixin.py:188} INFO - ✅ Inserted 2690000/2964624 rows
[2026-08-16T16:34:47.878+0000] {logging_mixin.py:188} INFO - ✅ Inserted 2695000/2964624 rows
[2026-08-16T16:34:47.986+0000] {logging_mixin.py:188} INFO - ✅ Inserted 2700000/2964624 rows
[2026-08-16T16:34:48.158+0000] {logging_mixin.py:188} INFO - ✅ Inserted 2705000/2964624 rows
[2026-08-16T16:34:48.359+0000] {logging_mixin.py:188} INFO - ✅ Inserted 2710000/2964624 rows
[2026-08-16T16:34:48.533+0000] {logging_mixin.py:188} INFO - ✅ Inserted 2715000/2964624 rows
[2026-08-16T16:34:48.625+0000] {logging_mixin.py:188} INFO - ✅ Inserted 2720000/2964624 rows
[2026-08-16T16:34:48.708+0000] {logging_mixin.py:188} INFO - ✅ Inserted 2725000/2964624 rows
[2026-08-16T16:34:48.786+0000] {logging_mixin.py:188} INFO - ✅ Inserted 2730000/2964624 rows
[2026-08-16T16:34:48.890+0000] {logging_mixin.py:188} INFO - ✅ Inserted 2735000/2964624 rows
[2026-08-16T16:34:49.020+0000] {logging_mixin.py:188} INFO - ✅ Inserted 2740000/2964624 rows
[2026-08-16T16:34:49.138+0000] {logging_mixin.py:188} INFO - ✅ Inserted 2745000/2964624 rows
[2026-08-16T16:34:49.231+0000] {logging_mixin.py:188} INFO - ✅ Inserted 2750000/2964624 rows
[2026-08-16T16:34:49.327+0000] {logging_mixin.py:188} INFO - ✅ Inserted 2755000/2964624 rows
[2026-08-16T16:34:49.427+0000] {logging_mixin.py:188} INFO - ✅ Inserted 2760000/2964624 rows
[2026-08-16T16:34:49.591+0000] {logging_mixin.py:188} INFO - ✅ Inserted 2765000/2964624 rows
[2026-08-16T16:34:49.729+0000] {logging_mixin.py:188} INFO - ✅ Inserted 2770000/2964624 rows
[2026-08-16T16:34:49.924+0000] {logging_mixin.py:188} INFO - ✅ Inserted 2775000/2964624 rows
[2026-08-16T16:34:50.077+0000] {logging_mixin.py:188} INFO - ✅ Inserted 2780000/2964624 rows
[2026-08-16T16:34:50.348+0000] {logging_mixin.py:188} INFO - ✅ Inserted 2785000/2964624 rows
[2026-08-16T16:34:50.569+0000] {logging_mixin.py:188} INFO - ✅ Inserted 2790000/2964624 rows
[2026-08-16T16:34:50.773+0000] {logging_mixin.py:188} INFO - ✅ Inserted 2795000/2964624 rows
[2026-08-16T16:34:50.920+0000] {logging_mixin.py:188} INFO - ✅ Inserted 2800000/2964624 rows
[2026-08-16T16:34:51.055+0000] {logging_mixin.py:188} INFO - ✅ Inserted 2805000/2964624 rows
[2026-08-16T16:34:51.156+0000] {logging_mixin.py:188} INFO - ✅ Inserted 2810000/2964624 rows
[2026-08-16T16:34:51.263+0000] {logging_mixin.py:188} INFO - ✅ Inserted 2815000/2964624 rows
[2026-08-16T16:34:51.364+0000] {logging_mixin.py:188} INFO - ✅ Inserted 2820000/2964624 rows
[2026-08-16T16:34:51.466+0000] {logging_mixin.py:188} INFO - ✅ Inserted 2825000/2964624 rows
[2026-08-16T16:34:51.524+0000] {logging_mixin.py:188} INFO - ✅ Inserted 2830000/2964624 rows
[2026-08-16T16:34:51.583+0000] {logging_mixin.py:188} INFO - ✅ Inserted 2835000/2964624 rows
[2026-08-16T16:34:51.648+0000] {logging_mixin.py:188} INFO - ✅ Inserted 2840000/2964624 rows
[2026-08-16T16:34:51.771+0000] {logging_mixin.py:188} INFO - ✅ Inserted 2845000/2964624 rows
[2026-08-16T16:34:51.848+0000] {logging_mixin.py:188} INFO - ✅ Inserted 2850000/2964624 rows
[2026-08-16T16:34:51.914+0000] {logging_mixin.py:188} INFO - ✅ Inserted 2855000/2964624 rows
[2026-08-16T16:34:51.983+0000] {logging_mixin.py:188} INFO - ✅ Inserted 2860000/2964624 rows
[2026-08-16T16:34:52.158+0000] {logging_mixin.py:188} INFO - ✅ Inserted 2865000/2964624 rows
[2026-08-16T16:34:52.334+0000] {logging_mixin.py:188} INFO - ✅ Inserted 2870000/2964624 rows
[2026-08-16T16:34:52.508+0000] {logging_mixin.py:188} INFO - ✅ Inserted 2875000/2964624 rows
[2026-08-16T16:34:52.619+0000] {logging_mixin.py:188} INFO - ✅ Inserted 2880000/2964624 rows
[2026-08-16T16:34:52.764+0000] {logging_mixin.py:188} INFO - ✅ Inserted 2885000/2964624 rows
[2026-08-16T16:34:52.895+0000] {logging_mixin.py:188} INFO - ✅ Inserted 2890000/2964624 rows
[2026-08-16T16:34:52.944+0000] {logging_mixin.py:188} INFO - ✅ Inserted 2895000/2964624 rows
[2026-08-16T16:34:53.177+0000] {logging_mixin.py:188} INFO - ✅ Inserted 2900000/2964624 rows
[2026-08-16T16:34:53.300+0000] {logging_mixin.py:188} INFO - ✅ Inserted 2905000/2964624 rows
[2026-08-16T16:34:53.441+0000] {logging_mixin.py:188} INFO - ✅ Inserted 2910000/2964624 rows
[2026-08-16T16:34:53.504+0000] {logging_mixin.py:188} INFO - ✅ Inserted 2915000/2964624 rows
[2026-08-16T16:34:53.612+0000] {logging_mixin.py:188} INFO - ✅ Inserted 2920000/2964624 rows
[2026-08-16T16:34:53.719+0000] {logging_mixin.py:188} INFO - ✅ Inserted 2925000/2964624 rows
[2026-08-16T16:34:53.796+0000] {logging_mixin.py:188} INFO - ✅ Inserted 2930000/2964624 rows
[2026-08-16T16:34:53.896+0000] {logging_mixin.py:188} INFO - ✅ Inserted 2935000/2964624 rows
[2026-08-16T16:34:53.974+0000] {logging_mixin.py:188} INFO - ✅ Inserted 2940000/2964624 rows
[2026-08-16T16:34:54.075+0000] {logging_mixin.py:188} INFO - ✅ Inserted 2945000/2964624 rows
[2026-08-16T16:34:54.150+0000] {logging_mixin.py:188} INFO - ✅ Inserted 2950000/2964624 rows
[2026-08-16T16:34:54.217+0000] {logging_mixin.py:188} INFO - ✅ Inserted 2955000/2964624 rows
[2026-08-16T16:34:54.292+0000] {logging_mixin.py:188} INFO - ✅ Inserted 2960000/2964624 rows
[2026-08-16T16:34:54.405+0000] {logging_mixin.py:188} INFO - ✅ Inserted 2964624/2964624 rows
[2026-08-16T16:34:54.406+0000] {logging_mixin.py:188} INFO - ✅ Bronze load complete. Total: 2964624 rows
[2026-08-16T16:34:54.796+0000] {python.py:237} INFO - Done. Returned value was: None
[2026-08-16T16:34:54.799+0000] {taskinstance.py:441} INFO - ::group::Post task execution logs
[2026-08-16T16:34:55.070+0000] {taskinstance.py:1206} INFO - Marking task as SUCCESS. dag_id=nyc_taxi_ingest, task_id=load_bronze, run_id=manual__2026-08-16T16:31:33.488109+00:00, execution_date=20260816T163133, start_date=20260816T163230, end_date=20260816T163455
[2026-08-16T16:34:55.541+0000] {local_task_job_runner.py:243} INFO - Task exited with return code 0
[2026-08-16T16:34:55.860+0000] {taskinstance.py:3503} INFO - 0 downstream tasks scheduled from follow-on schedule check
[2026-08-16T16:34:55.864+0000] {local_task_job_runner.py:222} INFO - ::endgroup::
