[2026-08-16T17:39:46.283+0000] {local_task_job_runner.py:120} INFO - ::group::Pre task execution logs
[2026-08-16T17:39:50.467+0000] {taskinstance.py:2076} INFO - Dependencies all met for dep_context=non-requeueable deps ti=<TaskInstance: nyc_taxi_ingest.load_bronze manual__2026-08-16T17:38:23.667785+00:00 [queued]>
[2026-08-16T17:39:50.483+0000] {taskinstance.py:2076} INFO - Dependencies all met for dep_context=requeueable deps ti=<TaskInstance: nyc_taxi_ingest.load_bronze manual__2026-08-16T17:38:23.667785+00:00 [queued]>
[2026-08-16T17:39:50.485+0000] {taskinstance.py:2306} INFO - Starting attempt 1 of 2
[2026-08-16T17:39:50.518+0000] {taskinstance.py:2330} INFO - Executing <Task(PythonOperator): load_bronze> on 2026-08-16 17:38:23.667785+00:00
[2026-08-16T17:39:50.538+0000] {warnings.py:112} WARNING - /home/***/.local/lib/python3.12/site-packages/***/task/task_runner/standard_task_runner.py:62: DeprecationWarning: This process (pid=336) is multi-threaded, use of fork() may lead to deadlocks in the child.
  pid = os.fork()

[2026-08-16T17:39:50.545+0000] {standard_task_runner.py:64} INFO - Started process 338 to run task
[2026-08-16T17:39:50.546+0000] {standard_task_runner.py:90} INFO - Running: ['***', 'tasks', 'run', 'nyc_taxi_ingest', 'load_bronze', 'manual__2026-08-16T17:38:23.667785+00:00', '--job-id', '38', '--raw', '--subdir', 'DAGS_FOLDER/nyc_taxi_ingest.py', '--cfg-path', '/tmp/tmpx4qoxkjk']
[2026-08-16T17:39:50.552+0000] {standard_task_runner.py:91} INFO - Job 38: Subtask load_bronze
[2026-08-16T17:39:50.721+0000] {task_command.py:426} INFO - Running <TaskInstance: nyc_taxi_ingest.load_bronze manual__2026-08-16T17:38:23.667785+00:00 [running]> on host ***-worker
[2026-08-16T17:39:51.019+0000] {taskinstance.py:2648} INFO - Exporting env vars: AIRFLOW_CTX_DAG_OWNER='aadya-anil-kumar' AIRFLOW_CTX_DAG_ID='nyc_taxi_ingest' AIRFLOW_CTX_TASK_ID='load_bronze' AIRFLOW_CTX_EXECUTION_DATE='2026-08-16T17:38:23.667785+00:00' AIRFLOW_CTX_TRY_NUMBER='1' AIRFLOW_CTX_DAG_RUN_ID='manual__2026-08-16T17:38:23.667785+00:00'
[2026-08-16T17:39:51.022+0000] {taskinstance.py:430} INFO - ::endgroup::
[2026-08-16T17:41:15.403+0000] {logging_mixin.py:188} INFO - ✅ Inserted 5000/2964624 rows
[2026-08-16T17:41:15.722+0000] {logging_mixin.py:188} INFO - ✅ Inserted 10000/2964624 rows
[2026-08-16T17:41:16.020+0000] {logging_mixin.py:188} INFO - ✅ Inserted 15000/2964624 rows
[2026-08-16T17:41:16.244+0000] {logging_mixin.py:188} INFO - ✅ Inserted 20000/2964624 rows
[2026-08-16T17:41:16.688+0000] {logging_mixin.py:188} INFO - ✅ Inserted 25000/2964624 rows
[2026-08-16T17:41:17.181+0000] {logging_mixin.py:188} INFO - ✅ Inserted 30000/2964624 rows
[2026-08-16T17:41:17.900+0000] {logging_mixin.py:188} INFO - ✅ Inserted 35000/2964624 rows
[2026-08-16T17:41:18.403+0000] {logging_mixin.py:188} INFO - ✅ Inserted 40000/2964624 rows
[2026-08-16T17:41:18.614+0000] {logging_mixin.py:188} INFO - ✅ Inserted 45000/2964624 rows
[2026-08-16T17:41:18.808+0000] {logging_mixin.py:188} INFO - ✅ Inserted 50000/2964624 rows
[2026-08-16T17:41:18.966+0000] {logging_mixin.py:188} INFO - ✅ Inserted 55000/2964624 rows
[2026-08-16T17:41:19.227+0000] {logging_mixin.py:188} INFO - ✅ Inserted 60000/2964624 rows
[2026-08-16T17:41:19.441+0000] {logging_mixin.py:188} INFO - ✅ Inserted 65000/2964624 rows
[2026-08-16T17:41:19.697+0000] {logging_mixin.py:188} INFO - ✅ Inserted 70000/2964624 rows
[2026-08-16T17:41:19.906+0000] {logging_mixin.py:188} INFO - ✅ Inserted 75000/2964624 rows
[2026-08-16T17:41:20.127+0000] {logging_mixin.py:188} INFO - ✅ Inserted 80000/2964624 rows
[2026-08-16T17:41:20.380+0000] {logging_mixin.py:188} INFO - ✅ Inserted 85000/2964624 rows
[2026-08-16T17:41:20.563+0000] {logging_mixin.py:188} INFO - ✅ Inserted 90000/2964624 rows
[2026-08-16T17:41:20.703+0000] {logging_mixin.py:188} INFO - ✅ Inserted 95000/2964624 rows
[2026-08-16T17:41:20.838+0000] {logging_mixin.py:188} INFO - ✅ Inserted 100000/2964624 rows
[2026-08-16T17:41:20.992+0000] {logging_mixin.py:188} INFO - ✅ Inserted 105000/2964624 rows
[2026-08-16T17:41:21.229+0000] {logging_mixin.py:188} INFO - ✅ Inserted 110000/2964624 rows
[2026-08-16T17:41:21.391+0000] {logging_mixin.py:188} INFO - ✅ Inserted 115000/2964624 rows
[2026-08-16T17:41:21.548+0000] {logging_mixin.py:188} INFO - ✅ Inserted 120000/2964624 rows
[2026-08-16T17:41:21.648+0000] {logging_mixin.py:188} INFO - ✅ Inserted 125000/2964624 rows
[2026-08-16T17:41:21.787+0000] {logging_mixin.py:188} INFO - ✅ Inserted 130000/2964624 rows
[2026-08-16T17:41:21.916+0000] {logging_mixin.py:188} INFO - ✅ Inserted 135000/2964624 rows
[2026-08-16T17:41:22.017+0000] {logging_mixin.py:188} INFO - ✅ Inserted 140000/2964624 rows
[2026-08-16T17:41:22.111+0000] {logging_mixin.py:188} INFO - ✅ Inserted 145000/2964624 rows
[2026-08-16T17:41:22.204+0000] {logging_mixin.py:188} INFO - ✅ Inserted 150000/2964624 rows
[2026-08-16T17:41:22.346+0000] {logging_mixin.py:188} INFO - ✅ Inserted 155000/2964624 rows
[2026-08-16T17:41:22.452+0000] {logging_mixin.py:188} INFO - ✅ Inserted 160000/2964624 rows
[2026-08-16T17:41:22.577+0000] {logging_mixin.py:188} INFO - ✅ Inserted 165000/2964624 rows
[2026-08-16T17:41:22.714+0000] {logging_mixin.py:188} INFO - ✅ Inserted 170000/2964624 rows
[2026-08-16T17:41:22.875+0000] {logging_mixin.py:188} INFO - ✅ Inserted 175000/2964624 rows
[2026-08-16T17:41:23.001+0000] {logging_mixin.py:188} INFO - ✅ Inserted 180000/2964624 rows
[2026-08-16T17:41:23.106+0000] {logging_mixin.py:188} INFO - ✅ Inserted 185000/2964624 rows
[2026-08-16T17:41:23.274+0000] {logging_mixin.py:188} INFO - ✅ Inserted 190000/2964624 rows
[2026-08-16T17:41:23.382+0000] {logging_mixin.py:188} INFO - ✅ Inserted 195000/2964624 rows
[2026-08-16T17:41:23.523+0000] {logging_mixin.py:188} INFO - ✅ Inserted 200000/2964624 rows
[2026-08-16T17:41:23.662+0000] {logging_mixin.py:188} INFO - ✅ Inserted 205000/2964624 rows
[2026-08-16T17:41:23.805+0000] {logging_mixin.py:188} INFO - ✅ Inserted 210000/2964624 rows
[2026-08-16T17:41:24.000+0000] {logging_mixin.py:188} INFO - ✅ Inserted 215000/2964624 rows
[2026-08-16T17:41:24.151+0000] {logging_mixin.py:188} INFO - ✅ Inserted 220000/2964624 rows
[2026-08-16T17:41:24.279+0000] {logging_mixin.py:188} INFO - ✅ Inserted 225000/2964624 rows
[2026-08-16T17:41:24.401+0000] {logging_mixin.py:188} INFO - ✅ Inserted 230000/2964624 rows
[2026-08-16T17:41:24.517+0000] {logging_mixin.py:188} INFO - ✅ Inserted 235000/2964624 rows
[2026-08-16T17:41:24.667+0000] {logging_mixin.py:188} INFO - ✅ Inserted 240000/2964624 rows
[2026-08-16T17:41:24.821+0000] {logging_mixin.py:188} INFO - ✅ Inserted 245000/2964624 rows
[2026-08-16T17:41:25.026+0000] {logging_mixin.py:188} INFO - ✅ Inserted 250000/2964624 rows
[2026-08-16T17:41:25.215+0000] {logging_mixin.py:188} INFO - ✅ Inserted 255000/2964624 rows
[2026-08-16T17:41:25.411+0000] {logging_mixin.py:188} INFO - ✅ Inserted 260000/2964624 rows
[2026-08-16T17:41:25.649+0000] {logging_mixin.py:188} INFO - ✅ Inserted 265000/2964624 rows
[2026-08-16T17:41:26.002+0000] {logging_mixin.py:188} INFO - ✅ Inserted 270000/2964624 rows
[2026-08-16T17:41:26.164+0000] {logging_mixin.py:188} INFO - ✅ Inserted 275000/2964624 rows
[2026-08-16T17:41:26.310+0000] {logging_mixin.py:188} INFO - ✅ Inserted 280000/2964624 rows
[2026-08-16T17:41:26.523+0000] {logging_mixin.py:188} INFO - ✅ Inserted 285000/2964624 rows
[2026-08-16T17:41:26.836+0000] {logging_mixin.py:188} INFO - ✅ Inserted 290000/2964624 rows
[2026-08-16T17:41:27.275+0000] {logging_mixin.py:188} INFO - ✅ Inserted 295000/2964624 rows
[2026-08-16T17:41:27.505+0000] {logging_mixin.py:188} INFO - ✅ Inserted 300000/2964624 rows
[2026-08-16T17:41:27.653+0000] {logging_mixin.py:188} INFO - ✅ Inserted 305000/2964624 rows
[2026-08-16T17:41:27.827+0000] {logging_mixin.py:188} INFO - ✅ Inserted 310000/2964624 rows
[2026-08-16T17:41:28.017+0000] {logging_mixin.py:188} INFO - ✅ Inserted 315000/2964624 rows
[2026-08-16T17:41:28.378+0000] {logging_mixin.py:188} INFO - ✅ Inserted 320000/2964624 rows
[2026-08-16T17:41:28.639+0000] {logging_mixin.py:188} INFO - ✅ Inserted 325000/2964624 rows
[2026-08-16T17:41:28.912+0000] {logging_mixin.py:188} INFO - ✅ Inserted 330000/2964624 rows
[2026-08-16T17:41:29.080+0000] {logging_mixin.py:188} INFO - ✅ Inserted 335000/2964624 rows
[2026-08-16T17:41:29.328+0000] {logging_mixin.py:188} INFO - ✅ Inserted 340000/2964624 rows
[2026-08-16T17:41:29.506+0000] {logging_mixin.py:188} INFO - ✅ Inserted 345000/2964624 rows
[2026-08-16T17:41:29.664+0000] {logging_mixin.py:188} INFO - ✅ Inserted 350000/2964624 rows
[2026-08-16T17:41:29.854+0000] {logging_mixin.py:188} INFO - ✅ Inserted 355000/2964624 rows
[2026-08-16T17:41:30.056+0000] {logging_mixin.py:188} INFO - ✅ Inserted 360000/2964624 rows
[2026-08-16T17:41:30.228+0000] {logging_mixin.py:188} INFO - ✅ Inserted 365000/2964624 rows
[2026-08-16T17:41:30.428+0000] {logging_mixin.py:188} INFO - ✅ Inserted 370000/2964624 rows
[2026-08-16T17:41:30.617+0000] {logging_mixin.py:188} INFO - ✅ Inserted 375000/2964624 rows
[2026-08-16T17:41:30.848+0000] {logging_mixin.py:188} INFO - ✅ Inserted 380000/2964624 rows
[2026-08-16T17:41:31.037+0000] {logging_mixin.py:188} INFO - ✅ Inserted 385000/2964624 rows
[2026-08-16T17:41:31.254+0000] {logging_mixin.py:188} INFO - ✅ Inserted 390000/2964624 rows
[2026-08-16T17:41:31.451+0000] {logging_mixin.py:188} INFO - ✅ Inserted 395000/2964624 rows
[2026-08-16T17:41:31.662+0000] {logging_mixin.py:188} INFO - ✅ Inserted 400000/2964624 rows
[2026-08-16T17:41:31.920+0000] {logging_mixin.py:188} INFO - ✅ Inserted 405000/2964624 rows
[2026-08-16T17:41:32.169+0000] {logging_mixin.py:188} INFO - ✅ Inserted 410000/2964624 rows
[2026-08-16T17:41:32.436+0000] {logging_mixin.py:188} INFO - ✅ Inserted 415000/2964624 rows
[2026-08-16T17:41:32.646+0000] {logging_mixin.py:188} INFO - ✅ Inserted 420000/2964624 rows
[2026-08-16T17:41:32.815+0000] {logging_mixin.py:188} INFO - ✅ Inserted 425000/2964624 rows
[2026-08-16T17:41:33.036+0000] {logging_mixin.py:188} INFO - ✅ Inserted 430000/2964624 rows
[2026-08-16T17:41:33.214+0000] {logging_mixin.py:188} INFO - ✅ Inserted 435000/2964624 rows
[2026-08-16T17:41:33.369+0000] {logging_mixin.py:188} INFO - ✅ Inserted 440000/2964624 rows
[2026-08-16T17:41:33.541+0000] {logging_mixin.py:188} INFO - ✅ Inserted 445000/2964624 rows
[2026-08-16T17:41:33.701+0000] {logging_mixin.py:188} INFO - ✅ Inserted 450000/2964624 rows
[2026-08-16T17:41:33.812+0000] {logging_mixin.py:188} INFO - ✅ Inserted 455000/2964624 rows
[2026-08-16T17:41:33.958+0000] {logging_mixin.py:188} INFO - ✅ Inserted 460000/2964624 rows
[2026-08-16T17:41:34.092+0000] {logging_mixin.py:188} INFO - ✅ Inserted 465000/2964624 rows
[2026-08-16T17:41:34.261+0000] {logging_mixin.py:188} INFO - ✅ Inserted 470000/2964624 rows
[2026-08-16T17:41:34.384+0000] {logging_mixin.py:188} INFO - ✅ Inserted 475000/2964624 rows
[2026-08-16T17:41:34.486+0000] {logging_mixin.py:188} INFO - ✅ Inserted 480000/2964624 rows
[2026-08-16T17:41:34.619+0000] {logging_mixin.py:188} INFO - ✅ Inserted 485000/2964624 rows
[2026-08-16T17:41:34.812+0000] {logging_mixin.py:188} INFO - ✅ Inserted 490000/2964624 rows
[2026-08-16T17:41:34.947+0000] {logging_mixin.py:188} INFO - ✅ Inserted 495000/2964624 rows
[2026-08-16T17:41:35.091+0000] {logging_mixin.py:188} INFO - ✅ Inserted 500000/2964624 rows
[2026-08-16T17:41:35.227+0000] {logging_mixin.py:188} INFO - ✅ Inserted 505000/2964624 rows
[2026-08-16T17:41:35.377+0000] {logging_mixin.py:188} INFO - ✅ Inserted 510000/2964624 rows
[2026-08-16T17:41:35.606+0000] {logging_mixin.py:188} INFO - ✅ Inserted 515000/2964624 rows
[2026-08-16T17:41:35.877+0000] {logging_mixin.py:188} INFO - ✅ Inserted 520000/2964624 rows
[2026-08-16T17:41:36.130+0000] {logging_mixin.py:188} INFO - ✅ Inserted 525000/2964624 rows
[2026-08-16T17:41:36.294+0000] {logging_mixin.py:188} INFO - ✅ Inserted 530000/2964624 rows
[2026-08-16T17:41:36.518+0000] {logging_mixin.py:188} INFO - ✅ Inserted 535000/2964624 rows
[2026-08-16T17:41:36.888+0000] {logging_mixin.py:188} INFO - ✅ Inserted 540000/2964624 rows
[2026-08-16T17:41:37.310+0000] {logging_mixin.py:188} INFO - ✅ Inserted 545000/2964624 rows
[2026-08-16T17:41:37.587+0000] {logging_mixin.py:188} INFO - ✅ Inserted 550000/2964624 rows
[2026-08-16T17:41:37.752+0000] {logging_mixin.py:188} INFO - ✅ Inserted 555000/2964624 rows
[2026-08-16T17:41:37.882+0000] {logging_mixin.py:188} INFO - ✅ Inserted 560000/2964624 rows
[2026-08-16T17:41:38.009+0000] {logging_mixin.py:188} INFO - ✅ Inserted 565000/2964624 rows
[2026-08-16T17:41:38.167+0000] {logging_mixin.py:188} INFO - ✅ Inserted 570000/2964624 rows
[2026-08-16T17:41:38.336+0000] {logging_mixin.py:188} INFO - ✅ Inserted 575000/2964624 rows
[2026-08-16T17:41:38.572+0000] {logging_mixin.py:188} INFO - ✅ Inserted 580000/2964624 rows
[2026-08-16T17:41:38.758+0000] {logging_mixin.py:188} INFO - ✅ Inserted 585000/2964624 rows
[2026-08-16T17:41:38.956+0000] {logging_mixin.py:188} INFO - ✅ Inserted 590000/2964624 rows
[2026-08-16T17:41:39.206+0000] {logging_mixin.py:188} INFO - ✅ Inserted 595000/2964624 rows
[2026-08-16T17:41:39.391+0000] {logging_mixin.py:188} INFO - ✅ Inserted 600000/2964624 rows
[2026-08-16T17:41:39.543+0000] {logging_mixin.py:188} INFO - ✅ Inserted 605000/2964624 rows
[2026-08-16T17:41:39.690+0000] {logging_mixin.py:188} INFO - ✅ Inserted 610000/2964624 rows
[2026-08-16T17:41:39.854+0000] {logging_mixin.py:188} INFO - ✅ Inserted 615000/2964624 rows
[2026-08-16T17:41:39.994+0000] {logging_mixin.py:188} INFO - ✅ Inserted 620000/2964624 rows
[2026-08-16T17:41:40.130+0000] {logging_mixin.py:188} INFO - ✅ Inserted 625000/2964624 rows
[2026-08-16T17:41:40.232+0000] {logging_mixin.py:188} INFO - ✅ Inserted 630000/2964624 rows
[2026-08-16T17:41:40.319+0000] {logging_mixin.py:188} INFO - ✅ Inserted 635000/2964624 rows
[2026-08-16T17:41:40.425+0000] {logging_mixin.py:188} INFO - ✅ Inserted 640000/2964624 rows
[2026-08-16T17:41:40.566+0000] {logging_mixin.py:188} INFO - ✅ Inserted 645000/2964624 rows
[2026-08-16T17:41:40.748+0000] {logging_mixin.py:188} INFO - ✅ Inserted 650000/2964624 rows
[2026-08-16T17:41:40.937+0000] {logging_mixin.py:188} INFO - ✅ Inserted 655000/2964624 rows
[2026-08-16T17:41:41.034+0000] {logging_mixin.py:188} INFO - ✅ Inserted 660000/2964624 rows
[2026-08-16T17:41:41.119+0000] {logging_mixin.py:188} INFO - ✅ Inserted 665000/2964624 rows
[2026-08-16T17:41:41.224+0000] {logging_mixin.py:188} INFO - ✅ Inserted 670000/2964624 rows
[2026-08-16T17:41:41.358+0000] {logging_mixin.py:188} INFO - ✅ Inserted 675000/2964624 rows
[2026-08-16T17:41:41.442+0000] {logging_mixin.py:188} INFO - ✅ Inserted 680000/2964624 rows
[2026-08-16T17:41:41.525+0000] {logging_mixin.py:188} INFO - ✅ Inserted 685000/2964624 rows
[2026-08-16T17:41:41.622+0000] {logging_mixin.py:188} INFO - ✅ Inserted 690000/2964624 rows
[2026-08-16T17:41:41.721+0000] {logging_mixin.py:188} INFO - ✅ Inserted 695000/2964624 rows
[2026-08-16T17:41:41.819+0000] {logging_mixin.py:188} INFO - ✅ Inserted 700000/2964624 rows
[2026-08-16T17:41:41.949+0000] {logging_mixin.py:188} INFO - ✅ Inserted 705000/2964624 rows
[2026-08-16T17:41:42.082+0000] {logging_mixin.py:188} INFO - ✅ Inserted 710000/2964624 rows
[2026-08-16T17:41:42.204+0000] {logging_mixin.py:188} INFO - ✅ Inserted 715000/2964624 rows
[2026-08-16T17:41:42.329+0000] {logging_mixin.py:188} INFO - ✅ Inserted 720000/2964624 rows
[2026-08-16T17:41:42.462+0000] {logging_mixin.py:188} INFO - ✅ Inserted 725000/2964624 rows
[2026-08-16T17:41:42.623+0000] {logging_mixin.py:188} INFO - ✅ Inserted 730000/2964624 rows
[2026-08-16T17:41:42.799+0000] {logging_mixin.py:188} INFO - ✅ Inserted 735000/2964624 rows
[2026-08-16T17:41:42.955+0000] {logging_mixin.py:188} INFO - ✅ Inserted 740000/2964624 rows
[2026-08-16T17:41:43.086+0000] {logging_mixin.py:188} INFO - ✅ Inserted 745000/2964624 rows
[2026-08-16T17:41:43.172+0000] {logging_mixin.py:188} INFO - ✅ Inserted 750000/2964624 rows
[2026-08-16T17:41:43.277+0000] {logging_mixin.py:188} INFO - ✅ Inserted 755000/2964624 rows
[2026-08-16T17:41:43.368+0000] {logging_mixin.py:188} INFO - ✅ Inserted 760000/2964624 rows
[2026-08-16T17:41:43.457+0000] {logging_mixin.py:188} INFO - ✅ Inserted 765000/2964624 rows
[2026-08-16T17:41:43.546+0000] {logging_mixin.py:188} INFO - ✅ Inserted 770000/2964624 rows
[2026-08-16T17:41:43.628+0000] {logging_mixin.py:188} INFO - ✅ Inserted 775000/2964624 rows
[2026-08-16T17:41:43.729+0000] {logging_mixin.py:188} INFO - ✅ Inserted 780000/2964624 rows
[2026-08-16T17:41:43.829+0000] {logging_mixin.py:188} INFO - ✅ Inserted 785000/2964624 rows
[2026-08-16T17:41:43.938+0000] {logging_mixin.py:188} INFO - ✅ Inserted 790000/2964624 rows
[2026-08-16T17:41:44.082+0000] {logging_mixin.py:188} INFO - ✅ Inserted 795000/2964624 rows
[2026-08-16T17:41:44.233+0000] {logging_mixin.py:188} INFO - ✅ Inserted 800000/2964624 rows
[2026-08-16T17:41:44.386+0000] {logging_mixin.py:188} INFO - ✅ Inserted 805000/2964624 rows
[2026-08-16T17:41:44.521+0000] {logging_mixin.py:188} INFO - ✅ Inserted 810000/2964624 rows
[2026-08-16T17:41:44.618+0000] {logging_mixin.py:188} INFO - ✅ Inserted 815000/2964624 rows
[2026-08-16T17:41:44.707+0000] {logging_mixin.py:188} INFO - ✅ Inserted 820000/2964624 rows
[2026-08-16T17:41:44.827+0000] {logging_mixin.py:188} INFO - ✅ Inserted 825000/2964624 rows
[2026-08-16T17:41:44.965+0000] {logging_mixin.py:188} INFO - ✅ Inserted 830000/2964624 rows
[2026-08-16T17:41:45.097+0000] {logging_mixin.py:188} INFO - ✅ Inserted 835000/2964624 rows
[2026-08-16T17:41:45.267+0000] {logging_mixin.py:188} INFO - ✅ Inserted 840000/2964624 rows
[2026-08-16T17:41:45.441+0000] {logging_mixin.py:188} INFO - ✅ Inserted 845000/2964624 rows
[2026-08-16T17:41:45.643+0000] {logging_mixin.py:188} INFO - ✅ Inserted 850000/2964624 rows
[2026-08-16T17:41:45.914+0000] {logging_mixin.py:188} INFO - ✅ Inserted 855000/2964624 rows
[2026-08-16T17:41:46.060+0000] {logging_mixin.py:188} INFO - ✅ Inserted 860000/2964624 rows
[2026-08-16T17:41:46.230+0000] {logging_mixin.py:188} INFO - ✅ Inserted 865000/2964624 rows
[2026-08-16T17:41:46.397+0000] {logging_mixin.py:188} INFO - ✅ Inserted 870000/2964624 rows
[2026-08-16T17:41:46.710+0000] {logging_mixin.py:188} INFO - ✅ Inserted 875000/2964624 rows
[2026-08-16T17:41:46.999+0000] {logging_mixin.py:188} INFO - ✅ Inserted 880000/2964624 rows
[2026-08-16T17:41:47.326+0000] {logging_mixin.py:188} INFO - ✅ Inserted 885000/2964624 rows
[2026-08-16T17:41:47.563+0000] {logging_mixin.py:188} INFO - ✅ Inserted 890000/2964624 rows
[2026-08-16T17:41:47.715+0000] {logging_mixin.py:188} INFO - ✅ Inserted 895000/2964624 rows
[2026-08-16T17:41:47.938+0000] {logging_mixin.py:188} INFO - ✅ Inserted 900000/2964624 rows
[2026-08-16T17:41:48.214+0000] {logging_mixin.py:188} INFO - ✅ Inserted 905000/2964624 rows
[2026-08-16T17:41:48.371+0000] {logging_mixin.py:188} INFO - ✅ Inserted 910000/2964624 rows
[2026-08-16T17:41:48.559+0000] {logging_mixin.py:188} INFO - ✅ Inserted 915000/2964624 rows
[2026-08-16T17:41:48.741+0000] {logging_mixin.py:188} INFO - ✅ Inserted 920000/2964624 rows
[2026-08-16T17:41:48.901+0000] {logging_mixin.py:188} INFO - ✅ Inserted 925000/2964624 rows
[2026-08-16T17:41:49.257+0000] {logging_mixin.py:188} INFO - ✅ Inserted 930000/2964624 rows
[2026-08-16T17:41:49.425+0000] {logging_mixin.py:188} INFO - ✅ Inserted 935000/2964624 rows
[2026-08-16T17:41:49.562+0000] {logging_mixin.py:188} INFO - ✅ Inserted 940000/2964624 rows
[2026-08-16T17:41:49.668+0000] {logging_mixin.py:188} INFO - ✅ Inserted 945000/2964624 rows
[2026-08-16T17:41:49.794+0000] {logging_mixin.py:188} INFO - ✅ Inserted 950000/2964624 rows
[2026-08-16T17:41:49.900+0000] {logging_mixin.py:188} INFO - ✅ Inserted 955000/2964624 rows
[2026-08-16T17:41:49.998+0000] {logging_mixin.py:188} INFO - ✅ Inserted 960000/2964624 rows
[2026-08-16T17:41:50.111+0000] {logging_mixin.py:188} INFO - ✅ Inserted 965000/2964624 rows
[2026-08-16T17:41:50.208+0000] {logging_mixin.py:188} INFO - ✅ Inserted 970000/2964624 rows
[2026-08-16T17:41:50.345+0000] {logging_mixin.py:188} INFO - ✅ Inserted 975000/2964624 rows
[2026-08-16T17:41:50.439+0000] {logging_mixin.py:188} INFO - ✅ Inserted 980000/2964624 rows
[2026-08-16T17:41:50.544+0000] {logging_mixin.py:188} INFO - ✅ Inserted 985000/2964624 rows
[2026-08-16T17:41:50.630+0000] {logging_mixin.py:188} INFO - ✅ Inserted 990000/2964624 rows
[2026-08-16T17:41:50.743+0000] {logging_mixin.py:188} INFO - ✅ Inserted 995000/2964624 rows
[2026-08-16T17:41:50.858+0000] {logging_mixin.py:188} INFO - ✅ Inserted 1000000/2964624 rows
[2026-08-16T17:41:50.981+0000] {logging_mixin.py:188} INFO - ✅ Inserted 1005000/2964624 rows
[2026-08-16T17:41:51.084+0000] {logging_mixin.py:188} INFO - ✅ Inserted 1010000/2964624 rows
[2026-08-16T17:41:51.166+0000] {logging_mixin.py:188} INFO - ✅ Inserted 1015000/2964624 rows
[2026-08-16T17:41:51.275+0000] {logging_mixin.py:188} INFO - ✅ Inserted 1020000/2964624 rows
[2026-08-16T17:41:51.374+0000] {logging_mixin.py:188} INFO - ✅ Inserted 1025000/2964624 rows
[2026-08-16T17:41:51.459+0000] {logging_mixin.py:188} INFO - ✅ Inserted 1030000/2964624 rows
[2026-08-16T17:41:51.537+0000] {logging_mixin.py:188} INFO - ✅ Inserted 1035000/2964624 rows
[2026-08-16T17:41:51.655+0000] {logging_mixin.py:188} INFO - ✅ Inserted 1040000/2964624 rows
[2026-08-16T17:41:51.778+0000] {logging_mixin.py:188} INFO - ✅ Inserted 1045000/2964624 rows
[2026-08-16T17:41:51.875+0000] {logging_mixin.py:188} INFO - ✅ Inserted 1050000/2964624 rows
[2026-08-16T17:41:51.975+0000] {logging_mixin.py:188} INFO - ✅ Inserted 1055000/2964624 rows
[2026-08-16T17:41:52.081+0000] {logging_mixin.py:188} INFO - ✅ Inserted 1060000/2964624 rows
[2026-08-16T17:41:52.186+0000] {logging_mixin.py:188} INFO - ✅ Inserted 1065000/2964624 rows
[2026-08-16T17:41:52.259+0000] {logging_mixin.py:188} INFO - ✅ Inserted 1070000/2964624 rows
[2026-08-16T17:41:52.349+0000] {logging_mixin.py:188} INFO - ✅ Inserted 1075000/2964624 rows
[2026-08-16T17:41:52.480+0000] {logging_mixin.py:188} INFO - ✅ Inserted 1080000/2964624 rows
[2026-08-16T17:41:52.602+0000] {logging_mixin.py:188} INFO - ✅ Inserted 1085000/2964624 rows
[2026-08-16T17:41:52.758+0000] {logging_mixin.py:188} INFO - ✅ Inserted 1090000/2964624 rows
[2026-08-16T17:41:52.916+0000] {logging_mixin.py:188} INFO - ✅ Inserted 1095000/2964624 rows
[2026-08-16T17:41:53.057+0000] {logging_mixin.py:188} INFO - ✅ Inserted 1100000/2964624 rows
[2026-08-16T17:41:53.242+0000] {logging_mixin.py:188} INFO - ✅ Inserted 1105000/2964624 rows
[2026-08-16T17:41:53.406+0000] {logging_mixin.py:188} INFO - ✅ Inserted 1110000/2964624 rows
[2026-08-16T17:41:53.548+0000] {logging_mixin.py:188} INFO - ✅ Inserted 1115000/2964624 rows
[2026-08-16T17:41:53.688+0000] {logging_mixin.py:188} INFO - ✅ Inserted 1120000/2964624 rows
[2026-08-16T17:41:53.840+0000] {logging_mixin.py:188} INFO - ✅ Inserted 1125000/2964624 rows
[2026-08-16T17:41:54.043+0000] {logging_mixin.py:188} INFO - ✅ Inserted 1130000/2964624 rows
[2026-08-16T17:41:54.191+0000] {logging_mixin.py:188} INFO - ✅ Inserted 1135000/2964624 rows
[2026-08-16T17:41:54.359+0000] {logging_mixin.py:188} INFO - ✅ Inserted 1140000/2964624 rows
[2026-08-16T17:41:54.814+0000] {logging_mixin.py:188} INFO - ✅ Inserted 1145000/2964624 rows
[2026-08-16T17:41:55.387+0000] {logging_mixin.py:188} INFO - ✅ Inserted 1150000/2964624 rows
[2026-08-16T17:41:55.959+0000] {logging_mixin.py:188} INFO - ✅ Inserted 1155000/2964624 rows
[2026-08-16T17:41:56.349+0000] {logging_mixin.py:188} INFO - ✅ Inserted 1160000/2964624 rows
[2026-08-16T17:41:56.844+0000] {logging_mixin.py:188} INFO - ✅ Inserted 1165000/2964624 rows
[2026-08-16T17:41:57.163+0000] {logging_mixin.py:188} INFO - ✅ Inserted 1170000/2964624 rows
[2026-08-16T17:41:57.519+0000] {logging_mixin.py:188} INFO - ✅ Inserted 1175000/2964624 rows
[2026-08-16T17:41:57.722+0000] {logging_mixin.py:188} INFO - ✅ Inserted 1180000/2964624 rows
[2026-08-16T17:41:57.841+0000] {logging_mixin.py:188} INFO - ✅ Inserted 1185000/2964624 rows
[2026-08-16T17:41:58.023+0000] {logging_mixin.py:188} INFO - ✅ Inserted 1190000/2964624 rows
[2026-08-16T17:41:58.213+0000] {logging_mixin.py:188} INFO - ✅ Inserted 1195000/2964624 rows
[2026-08-16T17:41:58.363+0000] {logging_mixin.py:188} INFO - ✅ Inserted 1200000/2964624 rows
[2026-08-16T17:41:58.445+0000] {logging_mixin.py:188} INFO - ✅ Inserted 1205000/2964624 rows
[2026-08-16T17:41:58.527+0000] {logging_mixin.py:188} INFO - ✅ Inserted 1210000/2964624 rows
[2026-08-16T17:41:58.632+0000] {logging_mixin.py:188} INFO - ✅ Inserted 1215000/2964624 rows
[2026-08-16T17:41:58.864+0000] {logging_mixin.py:188} INFO - ✅ Inserted 1220000/2964624 rows
[2026-08-16T17:41:59.068+0000] {logging_mixin.py:188} INFO - ✅ Inserted 1225000/2964624 rows
[2026-08-16T17:41:59.205+0000] {logging_mixin.py:188} INFO - ✅ Inserted 1230000/2964624 rows
[2026-08-16T17:41:59.368+0000] {logging_mixin.py:188} INFO - ✅ Inserted 1235000/2964624 rows
[2026-08-16T17:41:59.531+0000] {logging_mixin.py:188} INFO - ✅ Inserted 1240000/2964624 rows
[2026-08-16T17:41:59.658+0000] {logging_mixin.py:188} INFO - ✅ Inserted 1245000/2964624 rows
[2026-08-16T17:41:59.829+0000] {logging_mixin.py:188} INFO - ✅ Inserted 1250000/2964624 rows
[2026-08-16T17:42:00.007+0000] {logging_mixin.py:188} INFO - ✅ Inserted 1255000/2964624 rows
[2026-08-16T17:42:00.316+0000] {logging_mixin.py:188} INFO - ✅ Inserted 1260000/2964624 rows
[2026-08-16T17:42:00.464+0000] {logging_mixin.py:188} INFO - ✅ Inserted 1265000/2964624 rows
[2026-08-16T17:42:00.647+0000] {logging_mixin.py:188} INFO - ✅ Inserted 1270000/2964624 rows
[2026-08-16T17:42:00.805+0000] {logging_mixin.py:188} INFO - ✅ Inserted 1275000/2964624 rows
[2026-08-16T17:42:01.030+0000] {logging_mixin.py:188} INFO - ✅ Inserted 1280000/2964624 rows
[2026-08-16T17:42:01.327+0000] {logging_mixin.py:188} INFO - ✅ Inserted 1285000/2964624 rows
[2026-08-16T17:42:01.599+0000] {logging_mixin.py:188} INFO - ✅ Inserted 1290000/2964624 rows
[2026-08-16T17:42:01.753+0000] {logging_mixin.py:188} INFO - ✅ Inserted 1295000/2964624 rows
[2026-08-16T17:42:01.935+0000] {logging_mixin.py:188} INFO - ✅ Inserted 1300000/2964624 rows
[2026-08-16T17:42:02.123+0000] {logging_mixin.py:188} INFO - ✅ Inserted 1305000/2964624 rows
[2026-08-16T17:42:02.297+0000] {logging_mixin.py:188} INFO - ✅ Inserted 1310000/2964624 rows
[2026-08-16T17:42:02.506+0000] {logging_mixin.py:188} INFO - ✅ Inserted 1315000/2964624 rows
[2026-08-16T17:42:02.708+0000] {logging_mixin.py:188} INFO - ✅ Inserted 1320000/2964624 rows
[2026-08-16T17:42:02.887+0000] {logging_mixin.py:188} INFO - ✅ Inserted 1325000/2964624 rows
[2026-08-16T17:42:03.069+0000] {logging_mixin.py:188} INFO - ✅ Inserted 1330000/2964624 rows
[2026-08-16T17:42:03.310+0000] {logging_mixin.py:188} INFO - ✅ Inserted 1335000/2964624 rows
[2026-08-16T17:42:03.542+0000] {logging_mixin.py:188} INFO - ✅ Inserted 1340000/2964624 rows
[2026-08-16T17:42:03.702+0000] {logging_mixin.py:188} INFO - ✅ Inserted 1345000/2964624 rows
[2026-08-16T17:42:03.883+0000] {logging_mixin.py:188} INFO - ✅ Inserted 1350000/2964624 rows
[2026-08-16T17:42:04.041+0000] {logging_mixin.py:188} INFO - ✅ Inserted 1355000/2964624 rows
[2026-08-16T17:42:04.388+0000] {logging_mixin.py:188} INFO - ✅ Inserted 1360000/2964624 rows
[2026-08-16T17:42:04.645+0000] {logging_mixin.py:188} INFO - ✅ Inserted 1365000/2964624 rows
[2026-08-16T17:42:04.827+0000] {logging_mixin.py:188} INFO - ✅ Inserted 1370000/2964624 rows
[2026-08-16T17:42:05.000+0000] {logging_mixin.py:188} INFO - ✅ Inserted 1375000/2964624 rows
[2026-08-16T17:42:05.187+0000] {logging_mixin.py:188} INFO - ✅ Inserted 1380000/2964624 rows
[2026-08-16T17:42:05.506+0000] {logging_mixin.py:188} INFO - ✅ Inserted 1385000/2964624 rows
[2026-08-16T17:42:05.909+0000] {logging_mixin.py:188} INFO - ✅ Inserted 1390000/2964624 rows
[2026-08-16T17:42:06.235+0000] {logging_mixin.py:188} INFO - ✅ Inserted 1395000/2964624 rows
[2026-08-16T17:42:06.489+0000] {logging_mixin.py:188} INFO - ✅ Inserted 1400000/2964624 rows
[2026-08-16T17:42:07.188+0000] {logging_mixin.py:188} INFO - ✅ Inserted 1405000/2964624 rows
[2026-08-16T17:42:07.673+0000] {logging_mixin.py:188} INFO - ✅ Inserted 1410000/2964624 rows
[2026-08-16T17:42:08.349+0000] {logging_mixin.py:188} INFO - ✅ Inserted 1415000/2964624 rows
[2026-08-16T17:42:08.965+0000] {logging_mixin.py:188} INFO - ✅ Inserted 1420000/2964624 rows
[2026-08-16T17:42:09.668+0000] {logging_mixin.py:188} INFO - ✅ Inserted 1425000/2964624 rows
[2026-08-16T17:42:09.980+0000] {logging_mixin.py:188} INFO - ✅ Inserted 1430000/2964624 rows
[2026-08-16T17:42:10.257+0000] {logging_mixin.py:188} INFO - ✅ Inserted 1435000/2964624 rows
[2026-08-16T17:42:10.444+0000] {logging_mixin.py:188} INFO - ✅ Inserted 1440000/2964624 rows
[2026-08-16T17:42:10.628+0000] {logging_mixin.py:188} INFO - ✅ Inserted 1445000/2964624 rows
[2026-08-16T17:42:10.929+0000] {logging_mixin.py:188} INFO - ✅ Inserted 1450000/2964624 rows
[2026-08-16T17:42:11.100+0000] {logging_mixin.py:188} INFO - ✅ Inserted 1455000/2964624 rows
[2026-08-16T17:42:11.270+0000] {logging_mixin.py:188} INFO - ✅ Inserted 1460000/2964624 rows
[2026-08-16T17:42:11.503+0000] {logging_mixin.py:188} INFO - ✅ Inserted 1465000/2964624 rows
[2026-08-16T17:42:11.648+0000] {logging_mixin.py:188} INFO - ✅ Inserted 1470000/2964624 rows
[2026-08-16T17:42:11.843+0000] {logging_mixin.py:188} INFO - ✅ Inserted 1475000/2964624 rows
[2026-08-16T17:42:12.054+0000] {logging_mixin.py:188} INFO - ✅ Inserted 1480000/2964624 rows
[2026-08-16T17:42:12.262+0000] {logging_mixin.py:188} INFO - ✅ Inserted 1485000/2964624 rows
[2026-08-16T17:42:12.493+0000] {logging_mixin.py:188} INFO - ✅ Inserted 1490000/2964624 rows
[2026-08-16T17:42:12.704+0000] {logging_mixin.py:188} INFO - ✅ Inserted 1495000/2964624 rows
[2026-08-16T17:42:12.915+0000] {logging_mixin.py:188} INFO - ✅ Inserted 1500000/2964624 rows
[2026-08-16T17:42:13.111+0000] {logging_mixin.py:188} INFO - ✅ Inserted 1505000/2964624 rows
[2026-08-16T17:42:13.233+0000] {logging_mixin.py:188} INFO - ✅ Inserted 1510000/2964624 rows
[2026-08-16T17:42:13.390+0000] {logging_mixin.py:188} INFO - ✅ Inserted 1515000/2964624 rows
[2026-08-16T17:42:13.512+0000] {logging_mixin.py:188} INFO - ✅ Inserted 1520000/2964624 rows
[2026-08-16T17:42:13.656+0000] {logging_mixin.py:188} INFO - ✅ Inserted 1525000/2964624 rows
[2026-08-16T17:42:13.900+0000] {logging_mixin.py:188} INFO - ✅ Inserted 1530000/2964624 rows
[2026-08-16T17:42:14.062+0000] {logging_mixin.py:188} INFO - ✅ Inserted 1535000/2964624 rows
[2026-08-16T17:42:14.240+0000] {logging_mixin.py:188} INFO - ✅ Inserted 1540000/2964624 rows
[2026-08-16T17:42:14.401+0000] {logging_mixin.py:188} INFO - ✅ Inserted 1545000/2964624 rows
[2026-08-16T17:42:14.559+0000] {logging_mixin.py:188} INFO - ✅ Inserted 1550000/2964624 rows
[2026-08-16T17:42:14.757+0000] {logging_mixin.py:188} INFO - ✅ Inserted 1555000/2964624 rows
[2026-08-16T17:42:14.932+0000] {logging_mixin.py:188} INFO - ✅ Inserted 1560000/2964624 rows
[2026-08-16T17:42:15.092+0000] {logging_mixin.py:188} INFO - ✅ Inserted 1565000/2964624 rows
[2026-08-16T17:42:15.255+0000] {logging_mixin.py:188} INFO - ✅ Inserted 1570000/2964624 rows
[2026-08-16T17:42:15.376+0000] {logging_mixin.py:188} INFO - ✅ Inserted 1575000/2964624 rows
[2026-08-16T17:42:15.614+0000] {logging_mixin.py:188} INFO - ✅ Inserted 1580000/2964624 rows
[2026-08-16T17:42:15.962+0000] {logging_mixin.py:188} INFO - ✅ Inserted 1585000/2964624 rows
[2026-08-16T17:42:16.156+0000] {logging_mixin.py:188} INFO - ✅ Inserted 1590000/2964624 rows
[2026-08-16T17:42:16.316+0000] {logging_mixin.py:188} INFO - ✅ Inserted 1595000/2964624 rows
[2026-08-16T17:42:16.526+0000] {logging_mixin.py:188} INFO - ✅ Inserted 1600000/2964624 rows
[2026-08-16T17:42:16.861+0000] {logging_mixin.py:188} INFO - ✅ Inserted 1605000/2964624 rows
[2026-08-16T17:42:17.261+0000] {logging_mixin.py:188} INFO - ✅ Inserted 1610000/2964624 rows
[2026-08-16T17:42:17.619+0000] {logging_mixin.py:188} INFO - ✅ Inserted 1615000/2964624 rows
[2026-08-16T17:42:17.747+0000] {logging_mixin.py:188} INFO - ✅ Inserted 1620000/2964624 rows
[2026-08-16T17:42:17.902+0000] {logging_mixin.py:188} INFO - ✅ Inserted 1625000/2964624 rows
[2026-08-16T17:42:18.067+0000] {logging_mixin.py:188} INFO - ✅ Inserted 1630000/2964624 rows
[2026-08-16T17:42:18.263+0000] {logging_mixin.py:188} INFO - ✅ Inserted 1635000/2964624 rows
[2026-08-16T17:42:18.447+0000] {logging_mixin.py:188} INFO - ✅ Inserted 1640000/2964624 rows
[2026-08-16T17:42:18.612+0000] {logging_mixin.py:188} INFO - ✅ Inserted 1645000/2964624 rows
[2026-08-16T17:42:18.697+0000] {logging_mixin.py:188} INFO - ✅ Inserted 1650000/2964624 rows
[2026-08-16T17:42:18.789+0000] {logging_mixin.py:188} INFO - ✅ Inserted 1655000/2964624 rows
[2026-08-16T17:42:18.951+0000] {logging_mixin.py:188} INFO - ✅ Inserted 1660000/2964624 rows
[2026-08-16T17:42:19.106+0000] {logging_mixin.py:188} INFO - ✅ Inserted 1665000/2964624 rows
[2026-08-16T17:42:19.285+0000] {logging_mixin.py:188} INFO - ✅ Inserted 1670000/2964624 rows
[2026-08-16T17:42:19.434+0000] {logging_mixin.py:188} INFO - ✅ Inserted 1675000/2964624 rows
[2026-08-16T17:42:19.627+0000] {logging_mixin.py:188} INFO - ✅ Inserted 1680000/2964624 rows
[2026-08-16T17:42:19.758+0000] {logging_mixin.py:188} INFO - ✅ Inserted 1685000/2964624 rows
[2026-08-16T17:42:19.930+0000] {logging_mixin.py:188} INFO - ✅ Inserted 1690000/2964624 rows
[2026-08-16T17:42:20.059+0000] {logging_mixin.py:188} INFO - ✅ Inserted 1695000/2964624 rows
[2026-08-16T17:42:20.157+0000] {logging_mixin.py:188} INFO - ✅ Inserted 1700000/2964624 rows
[2026-08-16T17:42:20.246+0000] {logging_mixin.py:188} INFO - ✅ Inserted 1705000/2964624 rows
[2026-08-16T17:42:20.330+0000] {logging_mixin.py:188} INFO - ✅ Inserted 1710000/2964624 rows
[2026-08-16T17:42:20.406+0000] {logging_mixin.py:188} INFO - ✅ Inserted 1715000/2964624 rows
[2026-08-16T17:42:20.493+0000] {logging_mixin.py:188} INFO - ✅ Inserted 1720000/2964624 rows
[2026-08-16T17:42:20.602+0000] {logging_mixin.py:188} INFO - ✅ Inserted 1725000/2964624 rows
[2026-08-16T17:42:20.735+0000] {logging_mixin.py:188} INFO - ✅ Inserted 1730000/2964624 rows
[2026-08-16T17:42:20.869+0000] {logging_mixin.py:188} INFO - ✅ Inserted 1735000/2964624 rows
[2026-08-16T17:42:21.065+0000] {logging_mixin.py:188} INFO - ✅ Inserted 1740000/2964624 rows
[2026-08-16T17:42:21.248+0000] {logging_mixin.py:188} INFO - ✅ Inserted 1745000/2964624 rows
[2026-08-16T17:42:21.483+0000] {logging_mixin.py:188} INFO - ✅ Inserted 1750000/2964624 rows
[2026-08-16T17:42:21.586+0000] {logging_mixin.py:188} INFO - ✅ Inserted 1755000/2964624 rows
[2026-08-16T17:42:21.741+0000] {logging_mixin.py:188} INFO - ✅ Inserted 1760000/2964624 rows
[2026-08-16T17:42:21.867+0000] {logging_mixin.py:188} INFO - ✅ Inserted 1765000/2964624 rows
[2026-08-16T17:42:22.048+0000] {logging_mixin.py:188} INFO - ✅ Inserted 1770000/2964624 rows
[2026-08-16T17:42:22.223+0000] {logging_mixin.py:188} INFO - ✅ Inserted 1775000/2964624 rows
[2026-08-16T17:42:22.361+0000] {logging_mixin.py:188} INFO - ✅ Inserted 1780000/2964624 rows
[2026-08-16T17:42:22.530+0000] {logging_mixin.py:188} INFO - ✅ Inserted 1785000/2964624 rows
[2026-08-16T17:42:22.660+0000] {logging_mixin.py:188} INFO - ✅ Inserted 1790000/2964624 rows
[2026-08-16T17:42:22.834+0000] {logging_mixin.py:188} INFO - ✅ Inserted 1795000/2964624 rows
[2026-08-16T17:42:22.981+0000] {logging_mixin.py:188} INFO - ✅ Inserted 1800000/2964624 rows
[2026-08-16T17:42:23.112+0000] {logging_mixin.py:188} INFO - ✅ Inserted 1805000/2964624 rows
[2026-08-16T17:42:23.248+0000] {logging_mixin.py:188} INFO - ✅ Inserted 1810000/2964624 rows
[2026-08-16T17:42:23.388+0000] {logging_mixin.py:188} INFO - ✅ Inserted 1815000/2964624 rows
[2026-08-16T17:42:23.484+0000] {logging_mixin.py:188} INFO - ✅ Inserted 1820000/2964624 rows
[2026-08-16T17:42:23.564+0000] {logging_mixin.py:188} INFO - ✅ Inserted 1825000/2964624 rows
[2026-08-16T17:42:23.645+0000] {logging_mixin.py:188} INFO - ✅ Inserted 1830000/2964624 rows
[2026-08-16T17:42:23.739+0000] {logging_mixin.py:188} INFO - ✅ Inserted 1835000/2964624 rows
[2026-08-16T17:42:23.844+0000] {logging_mixin.py:188} INFO - ✅ Inserted 1840000/2964624 rows
[2026-08-16T17:42:23.943+0000] {logging_mixin.py:188} INFO - ✅ Inserted 1845000/2964624 rows
[2026-08-16T17:42:24.175+0000] {logging_mixin.py:188} INFO - ✅ Inserted 1850000/2964624 rows
[2026-08-16T17:42:24.316+0000] {logging_mixin.py:188} INFO - ✅ Inserted 1855000/2964624 rows
[2026-08-16T17:42:24.454+0000] {logging_mixin.py:188} INFO - ✅ Inserted 1860000/2964624 rows
[2026-08-16T17:42:24.532+0000] {logging_mixin.py:188} INFO - ✅ Inserted 1865000/2964624 rows
[2026-08-16T17:42:24.606+0000] {logging_mixin.py:188} INFO - ✅ Inserted 1870000/2964624 rows
[2026-08-16T17:42:24.719+0000] {logging_mixin.py:188} INFO - ✅ Inserted 1875000/2964624 rows
[2026-08-16T17:42:24.811+0000] {logging_mixin.py:188} INFO - ✅ Inserted 1880000/2964624 rows
[2026-08-16T17:42:24.958+0000] {logging_mixin.py:188} INFO - ✅ Inserted 1885000/2964624 rows
[2026-08-16T17:42:25.114+0000] {logging_mixin.py:188} INFO - ✅ Inserted 1890000/2964624 rows
[2026-08-16T17:42:25.244+0000] {logging_mixin.py:188} INFO - ✅ Inserted 1895000/2964624 rows
[2026-08-16T17:42:25.427+0000] {logging_mixin.py:188} INFO - ✅ Inserted 1900000/2964624 rows
[2026-08-16T17:42:25.619+0000] {logging_mixin.py:188} INFO - ✅ Inserted 1905000/2964624 rows
[2026-08-16T17:42:25.972+0000] {logging_mixin.py:188} INFO - ✅ Inserted 1910000/2964624 rows
[2026-08-16T17:42:26.272+0000] {logging_mixin.py:188} INFO - ✅ Inserted 1915000/2964624 rows
[2026-08-16T17:42:26.422+0000] {logging_mixin.py:188} INFO - ✅ Inserted 1920000/2964624 rows
[2026-08-16T17:42:26.623+0000] {logging_mixin.py:188} INFO - ✅ Inserted 1925000/2964624 rows
[2026-08-16T17:42:26.940+0000] {logging_mixin.py:188} INFO - ✅ Inserted 1930000/2964624 rows
[2026-08-16T17:42:27.233+0000] {logging_mixin.py:188} INFO - ✅ Inserted 1935000/2964624 rows
[2026-08-16T17:42:27.428+0000] {logging_mixin.py:188} INFO - ✅ Inserted 1940000/2964624 rows
[2026-08-16T17:42:27.526+0000] {logging_mixin.py:188} INFO - ✅ Inserted 1945000/2964624 rows
[2026-08-16T17:42:27.627+0000] {logging_mixin.py:188} INFO - ✅ Inserted 1950000/2964624 rows
[2026-08-16T17:42:27.770+0000] {logging_mixin.py:188} INFO - ✅ Inserted 1955000/2964624 rows
[2026-08-16T17:42:27.905+0000] {logging_mixin.py:188} INFO - ✅ Inserted 1960000/2964624 rows
[2026-08-16T17:42:28.022+0000] {logging_mixin.py:188} INFO - ✅ Inserted 1965000/2964624 rows
[2026-08-16T17:42:28.204+0000] {logging_mixin.py:188} INFO - ✅ Inserted 1970000/2964624 rows
[2026-08-16T17:42:28.328+0000] {logging_mixin.py:188} INFO - ✅ Inserted 1975000/2964624 rows
[2026-08-16T17:42:28.500+0000] {logging_mixin.py:188} INFO - ✅ Inserted 1980000/2964624 rows
[2026-08-16T17:42:28.638+0000] {logging_mixin.py:188} INFO - ✅ Inserted 1985000/2964624 rows
[2026-08-16T17:42:28.752+0000] {logging_mixin.py:188} INFO - ✅ Inserted 1990000/2964624 rows
[2026-08-16T17:42:28.891+0000] {logging_mixin.py:188} INFO - ✅ Inserted 1995000/2964624 rows
[2026-08-16T17:42:29.028+0000] {logging_mixin.py:188} INFO - ✅ Inserted 2000000/2964624 rows
[2026-08-16T17:42:29.159+0000] {logging_mixin.py:188} INFO - ✅ Inserted 2005000/2964624 rows
[2026-08-16T17:42:29.306+0000] {logging_mixin.py:188} INFO - ✅ Inserted 2010000/2964624 rows
[2026-08-16T17:42:29.428+0000] {logging_mixin.py:188} INFO - ✅ Inserted 2015000/2964624 rows
[2026-08-16T17:42:29.517+0000] {logging_mixin.py:188} INFO - ✅ Inserted 2020000/2964624 rows
[2026-08-16T17:42:29.612+0000] {logging_mixin.py:188} INFO - ✅ Inserted 2025000/2964624 rows
[2026-08-16T17:42:29.822+0000] {logging_mixin.py:188} INFO - ✅ Inserted 2030000/2964624 rows
[2026-08-16T17:42:29.999+0000] {logging_mixin.py:188} INFO - ✅ Inserted 2035000/2964624 rows
[2026-08-16T17:42:30.153+0000] {logging_mixin.py:188} INFO - ✅ Inserted 2040000/2964624 rows
[2026-08-16T17:42:30.280+0000] {logging_mixin.py:188} INFO - ✅ Inserted 2045000/2964624 rows
[2026-08-16T17:42:30.435+0000] {logging_mixin.py:188} INFO - ✅ Inserted 2050000/2964624 rows
[2026-08-16T17:42:30.546+0000] {logging_mixin.py:188} INFO - ✅ Inserted 2055000/2964624 rows
[2026-08-16T17:42:30.703+0000] {logging_mixin.py:188} INFO - ✅ Inserted 2060000/2964624 rows
[2026-08-16T17:42:30.853+0000] {logging_mixin.py:188} INFO - ✅ Inserted 2065000/2964624 rows
[2026-08-16T17:42:31.030+0000] {logging_mixin.py:188} INFO - ✅ Inserted 2070000/2964624 rows
[2026-08-16T17:42:31.149+0000] {logging_mixin.py:188} INFO - ✅ Inserted 2075000/2964624 rows
[2026-08-16T17:42:31.248+0000] {logging_mixin.py:188} INFO - ✅ Inserted 2080000/2964624 rows
[2026-08-16T17:42:31.358+0000] {logging_mixin.py:188} INFO - ✅ Inserted 2085000/2964624 rows
[2026-08-16T17:42:31.477+0000] {logging_mixin.py:188} INFO - ✅ Inserted 2090000/2964624 rows
[2026-08-16T17:42:31.676+0000] {logging_mixin.py:188} INFO - ✅ Inserted 2095000/2964624 rows
[2026-08-16T17:42:31.791+0000] {logging_mixin.py:188} INFO - ✅ Inserted 2100000/2964624 rows
[2026-08-16T17:42:31.876+0000] {logging_mixin.py:188} INFO - ✅ Inserted 2105000/2964624 rows
[2026-08-16T17:42:31.959+0000] {logging_mixin.py:188} INFO - ✅ Inserted 2110000/2964624 rows
[2026-08-16T17:42:32.106+0000] {logging_mixin.py:188} INFO - ✅ Inserted 2115000/2964624 rows
[2026-08-16T17:42:32.230+0000] {logging_mixin.py:188} INFO - ✅ Inserted 2120000/2964624 rows
[2026-08-16T17:42:32.354+0000] {logging_mixin.py:188} INFO - ✅ Inserted 2125000/2964624 rows
[2026-08-16T17:42:32.494+0000] {logging_mixin.py:188} INFO - ✅ Inserted 2130000/2964624 rows
[2026-08-16T17:42:32.659+0000] {logging_mixin.py:188} INFO - ✅ Inserted 2135000/2964624 rows
[2026-08-16T17:42:32.801+0000] {logging_mixin.py:188} INFO - ✅ Inserted 2140000/2964624 rows
[2026-08-16T17:42:32.980+0000] {logging_mixin.py:188} INFO - ✅ Inserted 2145000/2964624 rows
[2026-08-16T17:42:33.235+0000] {logging_mixin.py:188} INFO - ✅ Inserted 2150000/2964624 rows
[2026-08-16T17:42:33.467+0000] {logging_mixin.py:188} INFO - ✅ Inserted 2155000/2964624 rows
[2026-08-16T17:42:33.620+0000] {logging_mixin.py:188} INFO - ✅ Inserted 2160000/2964624 rows
[2026-08-16T17:42:33.821+0000] {logging_mixin.py:188} INFO - ✅ Inserted 2165000/2964624 rows
[2026-08-16T17:42:33.979+0000] {logging_mixin.py:188} INFO - ✅ Inserted 2170000/2964624 rows
[2026-08-16T17:42:34.115+0000] {logging_mixin.py:188} INFO - ✅ Inserted 2175000/2964624 rows
[2026-08-16T17:42:34.278+0000] {logging_mixin.py:188} INFO - ✅ Inserted 2180000/2964624 rows
[2026-08-16T17:42:34.428+0000] {logging_mixin.py:188} INFO - ✅ Inserted 2185000/2964624 rows
[2026-08-16T17:42:34.596+0000] {logging_mixin.py:188} INFO - ✅ Inserted 2190000/2964624 rows
[2026-08-16T17:42:34.768+0000] {logging_mixin.py:188} INFO - ✅ Inserted 2195000/2964624 rows
[2026-08-16T17:42:34.912+0000] {logging_mixin.py:188} INFO - ✅ Inserted 2200000/2964624 rows
[2026-08-16T17:42:35.080+0000] {logging_mixin.py:188} INFO - ✅ Inserted 2205000/2964624 rows
[2026-08-16T17:42:35.244+0000] {logging_mixin.py:188} INFO - ✅ Inserted 2210000/2964624 rows
[2026-08-16T17:42:35.398+0000] {logging_mixin.py:188} INFO - ✅ Inserted 2215000/2964624 rows
[2026-08-16T17:42:35.594+0000] {logging_mixin.py:188} INFO - ✅ Inserted 2220000/2964624 rows
[2026-08-16T17:42:35.863+0000] {logging_mixin.py:188} INFO - ✅ Inserted 2225000/2964624 rows
[2026-08-16T17:42:36.326+0000] {logging_mixin.py:188} INFO - ✅ Inserted 2230000/2964624 rows
[2026-08-16T17:42:36.599+0000] {logging_mixin.py:188} INFO - ✅ Inserted 2235000/2964624 rows
[2026-08-16T17:42:36.993+0000] {logging_mixin.py:188} INFO - ✅ Inserted 2240000/2964624 rows
[2026-08-16T17:42:37.311+0000] {logging_mixin.py:188} INFO - ✅ Inserted 2245000/2964624 rows
[2026-08-16T17:42:37.697+0000] {logging_mixin.py:188} INFO - ✅ Inserted 2250000/2964624 rows
[2026-08-16T17:42:37.877+0000] {logging_mixin.py:188} INFO - ✅ Inserted 2255000/2964624 rows
[2026-08-16T17:42:38.161+0000] {logging_mixin.py:188} INFO - ✅ Inserted 2260000/2964624 rows
[2026-08-16T17:42:38.329+0000] {logging_mixin.py:188} INFO - ✅ Inserted 2265000/2964624 rows
[2026-08-16T17:42:38.545+0000] {logging_mixin.py:188} INFO - ✅ Inserted 2270000/2964624 rows
[2026-08-16T17:42:38.705+0000] {logging_mixin.py:188} INFO - ✅ Inserted 2275000/2964624 rows
[2026-08-16T17:42:38.856+0000] {logging_mixin.py:188} INFO - ✅ Inserted 2280000/2964624 rows
[2026-08-16T17:42:39.034+0000] {logging_mixin.py:188} INFO - ✅ Inserted 2285000/2964624 rows
[2026-08-16T17:42:39.173+0000] {logging_mixin.py:188} INFO - ✅ Inserted 2290000/2964624 rows
[2026-08-16T17:42:39.282+0000] {logging_mixin.py:188} INFO - ✅ Inserted 2295000/2964624 rows
[2026-08-16T17:42:39.400+0000] {logging_mixin.py:188} INFO - ✅ Inserted 2300000/2964624 rows
[2026-08-16T17:42:39.552+0000] {logging_mixin.py:188} INFO - ✅ Inserted 2305000/2964624 rows
[2026-08-16T17:42:39.731+0000] {logging_mixin.py:188} INFO - ✅ Inserted 2310000/2964624 rows
[2026-08-16T17:42:39.921+0000] {logging_mixin.py:188} INFO - ✅ Inserted 2315000/2964624 rows
[2026-08-16T17:42:40.159+0000] {logging_mixin.py:188} INFO - ✅ Inserted 2320000/2964624 rows
[2026-08-16T17:42:40.326+0000] {logging_mixin.py:188} INFO - ✅ Inserted 2325000/2964624 rows
[2026-08-16T17:42:40.465+0000] {logging_mixin.py:188} INFO - ✅ Inserted 2330000/2964624 rows
[2026-08-16T17:42:40.577+0000] {logging_mixin.py:188} INFO - ✅ Inserted 2335000/2964624 rows
[2026-08-16T17:42:40.698+0000] {logging_mixin.py:188} INFO - ✅ Inserted 2340000/2964624 rows
[2026-08-16T17:42:40.836+0000] {logging_mixin.py:188} INFO - ✅ Inserted 2345000/2964624 rows
[2026-08-16T17:42:41.046+0000] {logging_mixin.py:188} INFO - ✅ Inserted 2350000/2964624 rows
[2026-08-16T17:42:41.353+0000] {logging_mixin.py:188} INFO - ✅ Inserted 2355000/2964624 rows
[2026-08-16T17:42:41.851+0000] {logging_mixin.py:188} INFO - ✅ Inserted 2360000/2964624 rows
[2026-08-16T17:42:42.433+0000] {logging_mixin.py:188} INFO - ✅ Inserted 2365000/2964624 rows
[2026-08-16T17:42:43.023+0000] {logging_mixin.py:188} INFO - ✅ Inserted 2370000/2964624 rows
[2026-08-16T17:42:43.481+0000] {logging_mixin.py:188} INFO - ✅ Inserted 2375000/2964624 rows
[2026-08-16T17:42:43.826+0000] {logging_mixin.py:188} INFO - ✅ Inserted 2380000/2964624 rows
[2026-08-16T17:42:44.305+0000] {logging_mixin.py:188} INFO - ✅ Inserted 2385000/2964624 rows
[2026-08-16T17:42:44.616+0000] {logging_mixin.py:188} INFO - ✅ Inserted 2390000/2964624 rows
[2026-08-16T17:42:44.799+0000] {logging_mixin.py:188} INFO - ✅ Inserted 2395000/2964624 rows
[2026-08-16T17:42:44.986+0000] {logging_mixin.py:188} INFO - ✅ Inserted 2400000/2964624 rows
[2026-08-16T17:42:45.217+0000] {logging_mixin.py:188} INFO - ✅ Inserted 2405000/2964624 rows
[2026-08-16T17:42:45.595+0000] {logging_mixin.py:188} INFO - ✅ Inserted 2410000/2964624 rows
[2026-08-16T17:42:45.963+0000] {logging_mixin.py:188} INFO - ✅ Inserted 2415000/2964624 rows
[2026-08-16T17:42:46.282+0000] {logging_mixin.py:188} INFO - ✅ Inserted 2420000/2964624 rows
[2026-08-16T17:42:46.668+0000] {logging_mixin.py:188} INFO - ✅ Inserted 2425000/2964624 rows
[2026-08-16T17:42:47.138+0000] {logging_mixin.py:188} INFO - ✅ Inserted 2430000/2964624 rows
[2026-08-16T17:42:47.620+0000] {logging_mixin.py:188} INFO - ✅ Inserted 2435000/2964624 rows
[2026-08-16T17:42:48.202+0000] {logging_mixin.py:188} INFO - ✅ Inserted 2440000/2964624 rows
[2026-08-16T17:42:48.503+0000] {logging_mixin.py:188} INFO - ✅ Inserted 2445000/2964624 rows
[2026-08-16T17:42:48.871+0000] {logging_mixin.py:188} INFO - ✅ Inserted 2450000/2964624 rows
[2026-08-16T17:42:49.269+0000] {logging_mixin.py:188} INFO - ✅ Inserted 2455000/2964624 rows
[2026-08-16T17:42:49.564+0000] {logging_mixin.py:188} INFO - ✅ Inserted 2460000/2964624 rows
[2026-08-16T17:42:49.879+0000] {logging_mixin.py:188} INFO - ✅ Inserted 2465000/2964624 rows
[2026-08-16T17:42:50.195+0000] {logging_mixin.py:188} INFO - ✅ Inserted 2470000/2964624 rows
[2026-08-16T17:42:50.442+0000] {logging_mixin.py:188} INFO - ✅ Inserted 2475000/2964624 rows
[2026-08-16T17:42:50.813+0000] {logging_mixin.py:188} INFO - ✅ Inserted 2480000/2964624 rows
[2026-08-16T17:42:51.212+0000] {logging_mixin.py:188} INFO - ✅ Inserted 2485000/2964624 rows
[2026-08-16T17:42:51.663+0000] {logging_mixin.py:188} INFO - ✅ Inserted 2490000/2964624 rows
[2026-08-16T17:42:52.042+0000] {logging_mixin.py:188} INFO - ✅ Inserted 2495000/2964624 rows
[2026-08-16T17:42:52.470+0000] {logging_mixin.py:188} INFO - ✅ Inserted 2500000/2964624 rows
[2026-08-16T17:42:52.824+0000] {logging_mixin.py:188} INFO - ✅ Inserted 2505000/2964624 rows
[2026-08-16T17:42:53.030+0000] {logging_mixin.py:188} INFO - ✅ Inserted 2510000/2964624 rows
[2026-08-16T17:42:53.301+0000] {logging_mixin.py:188} INFO - ✅ Inserted 2515000/2964624 rows
[2026-08-16T17:42:53.593+0000] {logging_mixin.py:188} INFO - ✅ Inserted 2520000/2964624 rows
[2026-08-16T17:42:54.108+0000] {logging_mixin.py:188} INFO - ✅ Inserted 2525000/2964624 rows
[2026-08-16T17:42:54.513+0000] {logging_mixin.py:188} INFO - ✅ Inserted 2530000/2964624 rows
[2026-08-16T17:42:54.993+0000] {logging_mixin.py:188} INFO - ✅ Inserted 2535000/2964624 rows
[2026-08-16T17:42:55.562+0000] {logging_mixin.py:188} INFO - ✅ Inserted 2540000/2964624 rows
[2026-08-16T17:42:56.111+0000] {logging_mixin.py:188} INFO - ✅ Inserted 2545000/2964624 rows
[2026-08-16T17:42:56.637+0000] {logging_mixin.py:188} INFO - ✅ Inserted 2550000/2964624 rows
[2026-08-16T17:42:57.382+0000] {logging_mixin.py:188} INFO - ✅ Inserted 2555000/2964624 rows
[2026-08-16T17:42:57.890+0000] {logging_mixin.py:188} INFO - ✅ Inserted 2560000/2964624 rows
[2026-08-16T17:42:58.443+0000] {logging_mixin.py:188} INFO - ✅ Inserted 2565000/2964624 rows
[2026-08-16T17:42:59.031+0000] {logging_mixin.py:188} INFO - ✅ Inserted 2570000/2964624 rows
[2026-08-16T17:42:59.408+0000] {logging_mixin.py:188} INFO - ✅ Inserted 2575000/2964624 rows
[2026-08-16T17:42:59.671+0000] {logging_mixin.py:188} INFO - ✅ Inserted 2580000/2964624 rows
[2026-08-16T17:42:59.905+0000] {logging_mixin.py:188} INFO - ✅ Inserted 2585000/2964624 rows
[2026-08-16T17:43:00.239+0000] {logging_mixin.py:188} INFO - ✅ Inserted 2590000/2964624 rows
[2026-08-16T17:43:00.665+0000] {logging_mixin.py:188} INFO - ✅ Inserted 2595000/2964624 rows
[2026-08-16T17:43:00.839+0000] {logging_mixin.py:188} INFO - ✅ Inserted 2600000/2964624 rows
[2026-08-16T17:43:01.003+0000] {logging_mixin.py:188} INFO - ✅ Inserted 2605000/2964624 rows
[2026-08-16T17:43:01.146+0000] {logging_mixin.py:188} INFO - ✅ Inserted 2610000/2964624 rows
[2026-08-16T17:43:01.312+0000] {logging_mixin.py:188} INFO - ✅ Inserted 2615000/2964624 rows
[2026-08-16T17:43:01.457+0000] {logging_mixin.py:188} INFO - ✅ Inserted 2620000/2964624 rows
[2026-08-16T17:43:01.636+0000] {logging_mixin.py:188} INFO - ✅ Inserted 2625000/2964624 rows
[2026-08-16T17:43:01.889+0000] {logging_mixin.py:188} INFO - ✅ Inserted 2630000/2964624 rows
[2026-08-16T17:43:02.031+0000] {logging_mixin.py:188} INFO - ✅ Inserted 2635000/2964624 rows
[2026-08-16T17:43:02.187+0000] {logging_mixin.py:188} INFO - ✅ Inserted 2640000/2964624 rows
[2026-08-16T17:43:02.365+0000] {logging_mixin.py:188} INFO - ✅ Inserted 2645000/2964624 rows
[2026-08-16T17:43:02.531+0000] {logging_mixin.py:188} INFO - ✅ Inserted 2650000/2964624 rows
[2026-08-16T17:43:02.672+0000] {logging_mixin.py:188} INFO - ✅ Inserted 2655000/2964624 rows
[2026-08-16T17:43:02.910+0000] {logging_mixin.py:188} INFO - ✅ Inserted 2660000/2964624 rows
[2026-08-16T17:43:03.084+0000] {logging_mixin.py:188} INFO - ✅ Inserted 2665000/2964624 rows
[2026-08-16T17:43:03.275+0000] {logging_mixin.py:188} INFO - ✅ Inserted 2670000/2964624 rows
[2026-08-16T17:43:03.455+0000] {logging_mixin.py:188} INFO - ✅ Inserted 2675000/2964624 rows
[2026-08-16T17:43:03.698+0000] {logging_mixin.py:188} INFO - ✅ Inserted 2680000/2964624 rows
[2026-08-16T17:43:03.970+0000] {logging_mixin.py:188} INFO - ✅ Inserted 2685000/2964624 rows
[2026-08-16T17:43:04.237+0000] {logging_mixin.py:188} INFO - ✅ Inserted 2690000/2964624 rows
[2026-08-16T17:43:04.526+0000] {logging_mixin.py:188} INFO - ✅ Inserted 2695000/2964624 rows
[2026-08-16T17:43:04.904+0000] {logging_mixin.py:188} INFO - ✅ Inserted 2700000/2964624 rows
[2026-08-16T17:43:05.237+0000] {logging_mixin.py:188} INFO - ✅ Inserted 2705000/2964624 rows
[2026-08-16T17:43:05.584+0000] {logging_mixin.py:188} INFO - ✅ Inserted 2710000/2964624 rows
[2026-08-16T17:43:05.988+0000] {logging_mixin.py:188} INFO - ✅ Inserted 2715000/2964624 rows
[2026-08-16T17:43:06.365+0000] {logging_mixin.py:188} INFO - ✅ Inserted 2720000/2964624 rows
[2026-08-16T17:43:07.016+0000] {logging_mixin.py:188} INFO - ✅ Inserted 2725000/2964624 rows
[2026-08-16T17:43:07.595+0000] {logging_mixin.py:188} INFO - ✅ Inserted 2730000/2964624 rows
[2026-08-16T17:43:08.087+0000] {logging_mixin.py:188} INFO - ✅ Inserted 2735000/2964624 rows
[2026-08-16T17:43:08.510+0000] {logging_mixin.py:188} INFO - ✅ Inserted 2740000/2964624 rows
[2026-08-16T17:43:08.711+0000] {logging_mixin.py:188} INFO - ✅ Inserted 2745000/2964624 rows
[2026-08-16T17:43:09.009+0000] {logging_mixin.py:188} INFO - ✅ Inserted 2750000/2964624 rows
[2026-08-16T17:43:09.309+0000] {logging_mixin.py:188} INFO - ✅ Inserted 2755000/2964624 rows
[2026-08-16T17:43:09.536+0000] {logging_mixin.py:188} INFO - ✅ Inserted 2760000/2964624 rows
[2026-08-16T17:43:09.867+0000] {logging_mixin.py:188} INFO - ✅ Inserted 2765000/2964624 rows
[2026-08-16T17:43:10.127+0000] {logging_mixin.py:188} INFO - ✅ Inserted 2770000/2964624 rows
[2026-08-16T17:43:10.376+0000] {logging_mixin.py:188} INFO - ✅ Inserted 2775000/2964624 rows
[2026-08-16T17:43:10.522+0000] {logging_mixin.py:188} INFO - ✅ Inserted 2780000/2964624 rows
[2026-08-16T17:43:10.715+0000] {logging_mixin.py:188} INFO - ✅ Inserted 2785000/2964624 rows
[2026-08-16T17:43:10.888+0000] {logging_mixin.py:188} INFO - ✅ Inserted 2790000/2964624 rows
[2026-08-16T17:43:11.043+0000] {logging_mixin.py:188} INFO - ✅ Inserted 2795000/2964624 rows
[2026-08-16T17:43:11.196+0000] {logging_mixin.py:188} INFO - ✅ Inserted 2800000/2964624 rows
[2026-08-16T17:43:11.358+0000] {logging_mixin.py:188} INFO - ✅ Inserted 2805000/2964624 rows
[2026-08-16T17:43:11.604+0000] {logging_mixin.py:188} INFO - ✅ Inserted 2810000/2964624 rows
[2026-08-16T17:43:11.757+0000] {logging_mixin.py:188} INFO - ✅ Inserted 2815000/2964624 rows
[2026-08-16T17:43:12.024+0000] {logging_mixin.py:188} INFO - ✅ Inserted 2820000/2964624 rows
[2026-08-16T17:43:12.184+0000] {logging_mixin.py:188} INFO - ✅ Inserted 2825000/2964624 rows
[2026-08-16T17:43:12.306+0000] {logging_mixin.py:188} INFO - ✅ Inserted 2830000/2964624 rows
[2026-08-16T17:43:12.431+0000] {logging_mixin.py:188} INFO - ✅ Inserted 2835000/2964624 rows
[2026-08-16T17:43:12.587+0000] {logging_mixin.py:188} INFO - ✅ Inserted 2840000/2964624 rows
[2026-08-16T17:43:12.739+0000] {logging_mixin.py:188} INFO - ✅ Inserted 2845000/2964624 rows
[2026-08-16T17:43:12.880+0000] {logging_mixin.py:188} INFO - ✅ Inserted 2850000/2964624 rows
[2026-08-16T17:43:13.026+0000] {logging_mixin.py:188} INFO - ✅ Inserted 2855000/2964624 rows
[2026-08-16T17:43:13.189+0000] {logging_mixin.py:188} INFO - ✅ Inserted 2860000/2964624 rows
[2026-08-16T17:43:13.304+0000] {logging_mixin.py:188} INFO - ✅ Inserted 2865000/2964624 rows
[2026-08-16T17:43:13.445+0000] {logging_mixin.py:188} INFO - ✅ Inserted 2870000/2964624 rows
[2026-08-16T17:43:13.564+0000] {logging_mixin.py:188} INFO - ✅ Inserted 2875000/2964624 rows
[2026-08-16T17:43:13.695+0000] {logging_mixin.py:188} INFO - ✅ Inserted 2880000/2964624 rows
[2026-08-16T17:43:13.831+0000] {logging_mixin.py:188} INFO - ✅ Inserted 2885000/2964624 rows
[2026-08-16T17:43:13.966+0000] {logging_mixin.py:188} INFO - ✅ Inserted 2890000/2964624 rows
[2026-08-16T17:43:14.118+0000] {logging_mixin.py:188} INFO - ✅ Inserted 2895000/2964624 rows
[2026-08-16T17:43:14.250+0000] {logging_mixin.py:188} INFO - ✅ Inserted 2900000/2964624 rows
[2026-08-16T17:43:14.427+0000] {logging_mixin.py:188} INFO - ✅ Inserted 2905000/2964624 rows
[2026-08-16T17:43:14.547+0000] {logging_mixin.py:188} INFO - ✅ Inserted 2910000/2964624 rows
[2026-08-16T17:43:14.674+0000] {logging_mixin.py:188} INFO - ✅ Inserted 2915000/2964624 rows
[2026-08-16T17:43:14.805+0000] {logging_mixin.py:188} INFO - ✅ Inserted 2920000/2964624 rows
[2026-08-16T17:43:14.978+0000] {logging_mixin.py:188} INFO - ✅ Inserted 2925000/2964624 rows
[2026-08-16T17:43:15.261+0000] {logging_mixin.py:188} INFO - ✅ Inserted 2930000/2964624 rows
[2026-08-16T17:43:15.411+0000] {logging_mixin.py:188} INFO - ✅ Inserted 2935000/2964624 rows
[2026-08-16T17:43:15.570+0000] {logging_mixin.py:188} INFO - ✅ Inserted 2940000/2964624 rows
[2026-08-16T17:43:15.877+0000] {logging_mixin.py:188} INFO - ✅ Inserted 2945000/2964624 rows
[2026-08-16T17:43:16.122+0000] {logging_mixin.py:188} INFO - ✅ Inserted 2950000/2964624 rows
[2026-08-16T17:43:16.339+0000] {logging_mixin.py:188} INFO - ✅ Inserted 2955000/2964624 rows
[2026-08-16T17:43:16.509+0000] {logging_mixin.py:188} INFO - ✅ Inserted 2960000/2964624 rows
[2026-08-16T17:43:17.005+0000] {logging_mixin.py:188} INFO - ✅ Inserted 2964624/2964624 rows
[2026-08-16T17:43:17.017+0000] {logging_mixin.py:188} INFO - ✅ Bronze load complete. Total: 2964624 rows
[2026-08-16T17:43:18.448+0000] {python.py:237} INFO - Done. Returned value was: None
[2026-08-16T17:43:18.452+0000] {taskinstance.py:441} INFO - ::group::Post task execution logs
[2026-08-16T17:43:18.690+0000] {taskinstance.py:1206} INFO - Marking task as SUCCESS. dag_id=nyc_taxi_ingest, task_id=load_bronze, run_id=manual__2026-08-16T17:38:23.667785+00:00, execution_date=20260816T173823, start_date=20260816T173950, end_date=20260816T174318
[2026-08-16T17:43:19.298+0000] {local_task_job_runner.py:243} INFO - Task exited with return code 0
[2026-08-16T17:43:19.704+0000] {taskinstance.py:3503} INFO - 1 downstream tasks scheduled from follow-on schedule check
[2026-08-16T17:43:19.709+0000] {local_task_job_runner.py:222} INFO - ::endgroup::
