[2026-08-16T17:43:30.728+0000] {local_task_job_runner.py:120} INFO - ::group::Pre task execution logs
[2026-08-16T17:43:36.409+0000] {taskinstance.py:2076} INFO - Dependencies all met for dep_context=non-requeueable deps ti=<TaskInstance: nyc_taxi_ingest.dbt_run manual__2026-08-16T17:38:23.667785+00:00 [queued]>
[2026-08-16T17:43:36.479+0000] {taskinstance.py:2076} INFO - Dependencies all met for dep_context=requeueable deps ti=<TaskInstance: nyc_taxi_ingest.dbt_run manual__2026-08-16T17:38:23.667785+00:00 [queued]>
[2026-08-16T17:43:36.489+0000] {taskinstance.py:2306} INFO - Starting attempt 1 of 2
[2026-08-16T17:43:36.645+0000] {taskinstance.py:2330} INFO - Executing <Task(BashOperator): dbt_run> on 2026-08-16 17:38:23.667785+00:00
[2026-08-16T17:43:36.724+0000] {warnings.py:112} WARNING - /home/***/.local/lib/python3.12/site-packages/***/task/task_runner/standard_task_runner.py:62: DeprecationWarning: This process (pid=349) is multi-threaded, use of fork() may lead to deadlocks in the child.
  pid = os.fork()

[2026-08-16T17:43:36.758+0000] {standard_task_runner.py:64} INFO - Started process 351 to run task
[2026-08-16T17:43:36.756+0000] {standard_task_runner.py:90} INFO - Running: ['***', 'tasks', 'run', 'nyc_taxi_ingest', 'dbt_run', 'manual__2026-08-16T17:38:23.667785+00:00', '--job-id', '39', '--raw', '--subdir', 'DAGS_FOLDER/nyc_taxi_ingest.py', '--cfg-path', '/tmp/tmpzjdshxo7']
[2026-08-16T17:43:36.775+0000] {standard_task_runner.py:91} INFO - Job 39: Subtask dbt_run
[2026-08-16T17:43:37.636+0000] {task_command.py:426} INFO - Running <TaskInstance: nyc_taxi_ingest.dbt_run manual__2026-08-16T17:38:23.667785+00:00 [running]> on host ***-worker
[2026-08-16T17:43:38.395+0000] {taskinstance.py:2648} INFO - Exporting env vars: AIRFLOW_CTX_DAG_OWNER='aadya-anil-kumar' AIRFLOW_CTX_DAG_ID='nyc_taxi_ingest' AIRFLOW_CTX_TASK_ID='dbt_run' AIRFLOW_CTX_EXECUTION_DATE='2026-08-16T17:38:23.667785+00:00' AIRFLOW_CTX_TRY_NUMBER='1' AIRFLOW_CTX_DAG_RUN_ID='manual__2026-08-16T17:38:23.667785+00:00'
[2026-08-16T17:43:38.406+0000] {taskinstance.py:430} INFO - ::endgroup::
[2026-08-16T17:43:38.611+0000] {subprocess.py:63} INFO - Tmp dir root location: /tmp
[2026-08-16T17:43:38.614+0000] {subprocess.py:75} INFO - Running command: ['/usr/bin/bash', '-c', 'cd /opt/***/dbt && dbt run --profiles-dir .']
[2026-08-16T17:43:38.674+0000] {subprocess.py:86} INFO - Output:
[2026-08-16T17:43:51.931+0000] {subprocess.py:93} INFO - [0m17:43:51  Running with dbt=1.11.12
[2026-08-16T17:43:52.978+0000] {subprocess.py:93} INFO - [0m17:43:52  Registered adapter: clickhouse=1.10.1
[2026-08-16T17:43:54.230+0000] {subprocess.py:93} INFO - [0m17:43:54  [[33mWARNING[0m]: Configuration paths exist in your dbt_project.yml file which do not apply to any resources.
[2026-08-16T17:43:54.232+0000] {subprocess.py:93} INFO - There are 1 unused configuration paths:
[2026-08-16T17:43:54.233+0000] {subprocess.py:93} INFO - - models.nyc_taxi.bronze
[2026-08-16T17:43:54.914+0000] {subprocess.py:93} INFO - [0m17:43:54  Found 2 models, 530 macros
[2026-08-16T17:43:54.927+0000] {subprocess.py:93} INFO - [0m17:43:54
[2026-08-16T17:43:54.932+0000] {subprocess.py:93} INFO - [0m17:43:54  Concurrency: 1 threads (target='dev')
[2026-08-16T17:43:54.936+0000] {subprocess.py:93} INFO - [0m17:43:54
[2026-08-16T17:43:56.535+0000] {subprocess.py:93} INFO - [0m17:43:56  1 of 2 START sql table model `medallion`.`silver_nyc_taxi` ..................... [RUN]
[2026-08-16T17:44:17.933+0000] {subprocess.py:93} INFO - [0m17:44:17  1 of 2 OK created sql table model `medallion`.`silver_nyc_taxi` ................ [[32mOK[0m in 21.38s]
[2026-08-16T17:44:17.955+0000] {subprocess.py:93} INFO - [0m17:44:17  2 of 2 START sql table model `medallion`.`gold_nyc_taxi_daily` ................. [RUN]
[2026-08-16T17:44:19.627+0000] {subprocess.py:93} INFO - [0m17:44:19  2 of 2 OK created sql table model `medallion`.`gold_nyc_taxi_daily` ............ [[32mOK[0m in 1.65s]
[2026-08-16T17:44:19.666+0000] {subprocess.py:93} INFO - [0m17:44:19
[2026-08-16T17:44:19.670+0000] {subprocess.py:93} INFO - [0m17:44:19  Finished running 2 table models in 0 hours 0 minutes and 24.73 seconds (24.73s).
[2026-08-16T17:44:20.059+0000] {subprocess.py:93} INFO - [0m17:44:20
[2026-08-16T17:44:20.065+0000] {subprocess.py:93} INFO - [0m17:44:20  [32mCompleted successfully[0m
[2026-08-16T17:44:20.071+0000] {subprocess.py:93} INFO - [0m17:44:20
[2026-08-16T17:44:20.078+0000] {subprocess.py:93} INFO - [0m17:44:20  Done. PASS=2 WARN=0 ERROR=0 SKIP=0 NO-OP=0 TOTAL=2
[2026-08-16T17:44:21.979+0000] {subprocess.py:97} INFO - Command exited with return code 0
[2026-08-16T17:44:21.983+0000] {taskinstance.py:441} INFO - ::group::Post task execution logs
[2026-08-16T17:44:22.077+0000] {taskinstance.py:1206} INFO - Marking task as SUCCESS. dag_id=nyc_taxi_ingest, task_id=dbt_run, run_id=manual__2026-08-16T17:38:23.667785+00:00, execution_date=20260816T173823, start_date=20260816T174336, end_date=20260816T174422
[2026-08-16T17:44:22.180+0000] {local_task_job_runner.py:243} INFO - Task exited with return code 0
[2026-08-16T17:44:22.231+0000] {taskinstance.py:3503} INFO - 0 downstream tasks scheduled from follow-on schedule check
[2026-08-16T17:44:22.235+0000] {local_task_job_runner.py:222} INFO - ::endgroup::
