[2026-08-07T20:02:07.470+0000] {processor.py:161} INFO - Started process (PID=48) to work on /opt/airflow/dags/nyc_taxi_ingest.py
[2026-08-07T20:02:07.476+0000] {processor.py:830} INFO - Processing file /opt/airflow/dags/nyc_taxi_ingest.py for tasks to queue
[2026-08-07T20:02:07.520+0000] {logging_mixin.py:188} INFO - [2026-08-07T20:02:07.516+0000] {dagbag.py:545} INFO - Filling up the DagBag from /opt/airflow/dags/nyc_taxi_ingest.py
[2026-08-07T20:02:13.044+0000] {processor.py:840} INFO - DAG(s) 'nyc_taxi_ingest' retrieved from /opt/airflow/dags/nyc_taxi_ingest.py
[2026-08-07T20:02:13.368+0000] {logging_mixin.py:188} INFO - [2026-08-07T20:02:13.367+0000] {override.py:1858} INFO - Created Permission View: can delete on DAG:nyc_taxi_ingest
[2026-08-07T20:02:13.380+0000] {logging_mixin.py:188} INFO - [2026-08-07T20:02:13.380+0000] {override.py:1858} INFO - Created Permission View: can read on DAG:nyc_taxi_ingest
[2026-08-07T20:02:13.390+0000] {logging_mixin.py:188} INFO - [2026-08-07T20:02:13.389+0000] {override.py:1858} INFO - Created Permission View: can edit on DAG:nyc_taxi_ingest
[2026-08-07T20:02:13.391+0000] {logging_mixin.py:188} INFO - [2026-08-07T20:02:13.390+0000] {dag.py:3089} INFO - Sync 1 DAGs
[2026-08-07T20:02:13.402+0000] {logging_mixin.py:188} INFO - [2026-08-07T20:02:13.402+0000] {dag.py:3111} INFO - Creating ORM DAG for nyc_taxi_ingest
[2026-08-07T20:02:13.414+0000] {logging_mixin.py:188} INFO - [2026-08-07T20:02:13.414+0000] {dag.py:3947} INFO - Setting next_dagrun for nyc_taxi_ingest to 2024-01-01 00:00:00+00:00, run_after=2024-01-01 00:00:00+00:00
[2026-08-07T20:02:13.449+0000] {processor.py:183} INFO - Processing /opt/airflow/dags/nyc_taxi_ingest.py took 6.066 seconds
[2026-08-07T20:02:43.592+0000] {processor.py:161} INFO - Started process (PID=50) to work on /opt/airflow/dags/nyc_taxi_ingest.py
[2026-08-07T20:02:43.594+0000] {processor.py:830} INFO - Processing file /opt/airflow/dags/nyc_taxi_ingest.py for tasks to queue
[2026-08-07T20:02:43.600+0000] {logging_mixin.py:188} INFO - [2026-08-07T20:02:43.598+0000] {dagbag.py:545} INFO - Filling up the DagBag from /opt/airflow/dags/nyc_taxi_ingest.py
[2026-08-07T20:02:44.539+0000] {processor.py:840} INFO - DAG(s) 'nyc_taxi_ingest' retrieved from /opt/airflow/dags/nyc_taxi_ingest.py
[2026-08-07T20:02:44.570+0000] {logging_mixin.py:188} INFO - [2026-08-07T20:02:44.569+0000] {dag.py:3089} INFO - Sync 1 DAGs
[2026-08-07T20:02:44.592+0000] {logging_mixin.py:188} INFO - [2026-08-07T20:02:44.592+0000] {dag.py:3947} INFO - Setting next_dagrun for nyc_taxi_ingest to 2024-01-01 00:00:00+00:00, run_after=2024-01-01 00:00:00+00:00
[2026-08-07T20:02:44.613+0000] {processor.py:183} INFO - Processing /opt/airflow/dags/nyc_taxi_ingest.py took 1.029 seconds
[2026-08-07T20:03:14.877+0000] {processor.py:161} INFO - Started process (PID=52) to work on /opt/airflow/dags/nyc_taxi_ingest.py
[2026-08-07T20:03:14.880+0000] {processor.py:830} INFO - Processing file /opt/airflow/dags/nyc_taxi_ingest.py for tasks to queue
[2026-08-07T20:03:14.886+0000] {logging_mixin.py:188} INFO - [2026-08-07T20:03:14.885+0000] {dagbag.py:545} INFO - Filling up the DagBag from /opt/airflow/dags/nyc_taxi_ingest.py
[2026-08-07T20:03:16.176+0000] {processor.py:840} INFO - DAG(s) 'nyc_taxi_ingest' retrieved from /opt/airflow/dags/nyc_taxi_ingest.py
[2026-08-07T20:03:16.216+0000] {logging_mixin.py:188} INFO - [2026-08-07T20:03:16.215+0000] {dag.py:3089} INFO - Sync 1 DAGs
[2026-08-07T20:03:16.245+0000] {logging_mixin.py:188} INFO - [2026-08-07T20:03:16.245+0000] {dag.py:3947} INFO - Setting next_dagrun for nyc_taxi_ingest to 2024-01-01 00:00:00+00:00, run_after=2024-01-01 00:00:00+00:00
[2026-08-07T20:03:16.280+0000] {processor.py:183} INFO - Processing /opt/airflow/dags/nyc_taxi_ingest.py took 1.418 seconds
[2026-08-07T20:03:46.662+0000] {processor.py:161} INFO - Started process (PID=54) to work on /opt/airflow/dags/nyc_taxi_ingest.py
[2026-08-07T20:03:46.667+0000] {processor.py:830} INFO - Processing file /opt/airflow/dags/nyc_taxi_ingest.py for tasks to queue
[2026-08-07T20:03:46.677+0000] {logging_mixin.py:188} INFO - [2026-08-07T20:03:46.676+0000] {dagbag.py:545} INFO - Filling up the DagBag from /opt/airflow/dags/nyc_taxi_ingest.py
[2026-08-07T20:03:48.025+0000] {processor.py:840} INFO - DAG(s) 'nyc_taxi_ingest' retrieved from /opt/airflow/dags/nyc_taxi_ingest.py
[2026-08-07T20:03:48.075+0000] {logging_mixin.py:188} INFO - [2026-08-07T20:03:48.074+0000] {dag.py:3089} INFO - Sync 1 DAGs
[2026-08-07T20:03:48.121+0000] {logging_mixin.py:188} INFO - [2026-08-07T20:03:48.121+0000] {dag.py:3947} INFO - Setting next_dagrun for nyc_taxi_ingest to 2024-01-01 00:00:00+00:00, run_after=2024-01-01 00:00:00+00:00
[2026-08-07T20:03:48.157+0000] {processor.py:183} INFO - Processing /opt/airflow/dags/nyc_taxi_ingest.py took 1.513 seconds
[2026-08-07T20:04:18.412+0000] {processor.py:161} INFO - Started process (PID=56) to work on /opt/airflow/dags/nyc_taxi_ingest.py
[2026-08-07T20:04:18.415+0000] {processor.py:830} INFO - Processing file /opt/airflow/dags/nyc_taxi_ingest.py for tasks to queue
[2026-08-07T20:04:18.418+0000] {logging_mixin.py:188} INFO - [2026-08-07T20:04:18.418+0000] {dagbag.py:545} INFO - Filling up the DagBag from /opt/airflow/dags/nyc_taxi_ingest.py
[2026-08-07T20:04:19.943+0000] {processor.py:840} INFO - DAG(s) 'nyc_taxi_ingest' retrieved from /opt/airflow/dags/nyc_taxi_ingest.py
[2026-08-07T20:04:20.021+0000] {logging_mixin.py:188} INFO - [2026-08-07T20:04:20.020+0000] {dag.py:3089} INFO - Sync 1 DAGs
[2026-08-07T20:04:20.111+0000] {logging_mixin.py:188} INFO - [2026-08-07T20:04:20.111+0000] {dag.py:3947} INFO - Setting next_dagrun for nyc_taxi_ingest to None, run_after=None
[2026-08-07T20:04:20.180+0000] {processor.py:183} INFO - Processing /opt/airflow/dags/nyc_taxi_ingest.py took 1.779 seconds
[2026-08-07T20:04:50.585+0000] {processor.py:161} INFO - Started process (PID=58) to work on /opt/airflow/dags/nyc_taxi_ingest.py
[2026-08-07T20:04:50.588+0000] {processor.py:830} INFO - Processing file /opt/airflow/dags/nyc_taxi_ingest.py for tasks to queue
[2026-08-07T20:04:50.594+0000] {logging_mixin.py:188} INFO - [2026-08-07T20:04:50.592+0000] {dagbag.py:545} INFO - Filling up the DagBag from /opt/airflow/dags/nyc_taxi_ingest.py
[2026-08-07T20:04:52.259+0000] {processor.py:840} INFO - DAG(s) 'nyc_taxi_ingest' retrieved from /opt/airflow/dags/nyc_taxi_ingest.py
[2026-08-07T20:04:52.313+0000] {logging_mixin.py:188} INFO - [2026-08-07T20:04:52.312+0000] {dag.py:3089} INFO - Sync 1 DAGs
[2026-08-07T20:04:52.345+0000] {logging_mixin.py:188} INFO - [2026-08-07T20:04:52.344+0000] {dag.py:3947} INFO - Setting next_dagrun for nyc_taxi_ingest to None, run_after=None
[2026-08-07T20:04:52.392+0000] {processor.py:183} INFO - Processing /opt/airflow/dags/nyc_taxi_ingest.py took 1.819 seconds
[2026-08-07T20:05:22.763+0000] {processor.py:161} INFO - Started process (PID=60) to work on /opt/airflow/dags/nyc_taxi_ingest.py
[2026-08-07T20:05:22.764+0000] {processor.py:830} INFO - Processing file /opt/airflow/dags/nyc_taxi_ingest.py for tasks to queue
[2026-08-07T20:05:22.767+0000] {logging_mixin.py:188} INFO - [2026-08-07T20:05:22.767+0000] {dagbag.py:545} INFO - Filling up the DagBag from /opt/airflow/dags/nyc_taxi_ingest.py
[2026-08-07T20:05:24.175+0000] {processor.py:840} INFO - DAG(s) 'nyc_taxi_ingest' retrieved from /opt/airflow/dags/nyc_taxi_ingest.py
[2026-08-07T20:05:24.247+0000] {logging_mixin.py:188} INFO - [2026-08-07T20:05:24.246+0000] {dag.py:3089} INFO - Sync 1 DAGs
[2026-08-07T20:05:24.320+0000] {logging_mixin.py:188} INFO - [2026-08-07T20:05:24.319+0000] {dag.py:3947} INFO - Setting next_dagrun for nyc_taxi_ingest to None, run_after=None
[2026-08-07T20:05:24.381+0000] {processor.py:183} INFO - Processing /opt/airflow/dags/nyc_taxi_ingest.py took 1.627 seconds
[2026-08-07T20:05:54.938+0000] {processor.py:161} INFO - Started process (PID=62) to work on /opt/airflow/dags/nyc_taxi_ingest.py
[2026-08-07T20:05:54.942+0000] {processor.py:830} INFO - Processing file /opt/airflow/dags/nyc_taxi_ingest.py for tasks to queue
[2026-08-07T20:05:54.948+0000] {logging_mixin.py:188} INFO - [2026-08-07T20:05:54.947+0000] {dagbag.py:545} INFO - Filling up the DagBag from /opt/airflow/dags/nyc_taxi_ingest.py
[2026-08-07T20:05:56.306+0000] {processor.py:840} INFO - DAG(s) 'nyc_taxi_ingest' retrieved from /opt/airflow/dags/nyc_taxi_ingest.py
[2026-08-07T20:05:56.379+0000] {logging_mixin.py:188} INFO - [2026-08-07T20:05:56.378+0000] {dag.py:3089} INFO - Sync 1 DAGs
[2026-08-07T20:05:56.430+0000] {logging_mixin.py:188} INFO - [2026-08-07T20:05:56.430+0000] {dag.py:3947} INFO - Setting next_dagrun for nyc_taxi_ingest to None, run_after=None
[2026-08-07T20:05:56.460+0000] {processor.py:183} INFO - Processing /opt/airflow/dags/nyc_taxi_ingest.py took 1.544 seconds
[2026-08-07T20:06:26.616+0000] {processor.py:161} INFO - Started process (PID=64) to work on /opt/airflow/dags/nyc_taxi_ingest.py
[2026-08-07T20:06:26.619+0000] {processor.py:830} INFO - Processing file /opt/airflow/dags/nyc_taxi_ingest.py for tasks to queue
[2026-08-07T20:06:26.628+0000] {logging_mixin.py:188} INFO - [2026-08-07T20:06:26.627+0000] {dagbag.py:545} INFO - Filling up the DagBag from /opt/airflow/dags/nyc_taxi_ingest.py
[2026-08-07T20:06:28.058+0000] {processor.py:840} INFO - DAG(s) 'nyc_taxi_ingest' retrieved from /opt/airflow/dags/nyc_taxi_ingest.py
[2026-08-07T20:06:28.099+0000] {logging_mixin.py:188} INFO - [2026-08-07T20:06:28.098+0000] {dag.py:3089} INFO - Sync 1 DAGs
[2026-08-07T20:06:28.126+0000] {logging_mixin.py:188} INFO - [2026-08-07T20:06:28.126+0000] {dag.py:3947} INFO - Setting next_dagrun for nyc_taxi_ingest to None, run_after=None
[2026-08-07T20:06:28.157+0000] {processor.py:183} INFO - Processing /opt/airflow/dags/nyc_taxi_ingest.py took 1.559 seconds
[2026-08-07T20:06:58.553+0000] {processor.py:161} INFO - Started process (PID=66) to work on /opt/airflow/dags/nyc_taxi_ingest.py
[2026-08-07T20:06:58.557+0000] {processor.py:830} INFO - Processing file /opt/airflow/dags/nyc_taxi_ingest.py for tasks to queue
[2026-08-07T20:06:58.562+0000] {logging_mixin.py:188} INFO - [2026-08-07T20:06:58.561+0000] {dagbag.py:545} INFO - Filling up the DagBag from /opt/airflow/dags/nyc_taxi_ingest.py
[2026-08-07T20:06:59.852+0000] {processor.py:840} INFO - DAG(s) 'nyc_taxi_ingest' retrieved from /opt/airflow/dags/nyc_taxi_ingest.py
[2026-08-07T20:06:59.924+0000] {logging_mixin.py:188} INFO - [2026-08-07T20:06:59.922+0000] {dag.py:3089} INFO - Sync 1 DAGs
[2026-08-07T20:06:59.975+0000] {logging_mixin.py:188} INFO - [2026-08-07T20:06:59.974+0000] {dag.py:3947} INFO - Setting next_dagrun for nyc_taxi_ingest to None, run_after=None
[2026-08-07T20:07:00.020+0000] {processor.py:183} INFO - Processing /opt/airflow/dags/nyc_taxi_ingest.py took 1.483 seconds
[2026-08-07T20:07:30.364+0000] {processor.py:161} INFO - Started process (PID=68) to work on /opt/airflow/dags/nyc_taxi_ingest.py
[2026-08-07T20:07:30.368+0000] {processor.py:830} INFO - Processing file /opt/airflow/dags/nyc_taxi_ingest.py for tasks to queue
[2026-08-07T20:07:30.371+0000] {logging_mixin.py:188} INFO - [2026-08-07T20:07:30.370+0000] {dagbag.py:545} INFO - Filling up the DagBag from /opt/airflow/dags/nyc_taxi_ingest.py
[2026-08-07T20:07:31.316+0000] {processor.py:840} INFO - DAG(s) 'nyc_taxi_ingest' retrieved from /opt/airflow/dags/nyc_taxi_ingest.py
[2026-08-07T20:07:31.350+0000] {logging_mixin.py:188} INFO - [2026-08-07T20:07:31.350+0000] {dag.py:3089} INFO - Sync 1 DAGs
[2026-08-07T20:07:31.375+0000] {logging_mixin.py:188} INFO - [2026-08-07T20:07:31.375+0000] {dag.py:3947} INFO - Setting next_dagrun for nyc_taxi_ingest to None, run_after=None
[2026-08-07T20:07:31.402+0000] {processor.py:183} INFO - Processing /opt/airflow/dags/nyc_taxi_ingest.py took 1.050 seconds
[2026-08-07T20:08:01.635+0000] {processor.py:161} INFO - Started process (PID=70) to work on /opt/airflow/dags/nyc_taxi_ingest.py
[2026-08-07T20:08:01.637+0000] {processor.py:830} INFO - Processing file /opt/airflow/dags/nyc_taxi_ingest.py for tasks to queue
[2026-08-07T20:08:01.641+0000] {logging_mixin.py:188} INFO - [2026-08-07T20:08:01.641+0000] {dagbag.py:545} INFO - Filling up the DagBag from /opt/airflow/dags/nyc_taxi_ingest.py
[2026-08-07T20:08:03.166+0000] {processor.py:840} INFO - DAG(s) 'nyc_taxi_ingest' retrieved from /opt/airflow/dags/nyc_taxi_ingest.py
[2026-08-07T20:08:03.200+0000] {logging_mixin.py:188} INFO - [2026-08-07T20:08:03.200+0000] {dag.py:3089} INFO - Sync 1 DAGs
[2026-08-07T20:08:03.228+0000] {logging_mixin.py:188} INFO - [2026-08-07T20:08:03.228+0000] {dag.py:3947} INFO - Setting next_dagrun for nyc_taxi_ingest to None, run_after=None
[2026-08-07T20:08:03.257+0000] {processor.py:183} INFO - Processing /opt/airflow/dags/nyc_taxi_ingest.py took 1.639 seconds
[2026-08-07T20:08:33.548+0000] {processor.py:161} INFO - Started process (PID=72) to work on /opt/airflow/dags/nyc_taxi_ingest.py
[2026-08-07T20:08:33.549+0000] {processor.py:830} INFO - Processing file /opt/airflow/dags/nyc_taxi_ingest.py for tasks to queue
[2026-08-07T20:08:33.552+0000] {logging_mixin.py:188} INFO - [2026-08-07T20:08:33.551+0000] {dagbag.py:545} INFO - Filling up the DagBag from /opt/airflow/dags/nyc_taxi_ingest.py
[2026-08-07T20:08:34.523+0000] {processor.py:840} INFO - DAG(s) 'nyc_taxi_ingest' retrieved from /opt/airflow/dags/nyc_taxi_ingest.py
[2026-08-07T20:08:34.556+0000] {logging_mixin.py:188} INFO - [2026-08-07T20:08:34.556+0000] {dag.py:3089} INFO - Sync 1 DAGs
[2026-08-07T20:08:34.580+0000] {logging_mixin.py:188} INFO - [2026-08-07T20:08:34.580+0000] {dag.py:3947} INFO - Setting next_dagrun for nyc_taxi_ingest to None, run_after=None
[2026-08-07T20:08:34.604+0000] {processor.py:183} INFO - Processing /opt/airflow/dags/nyc_taxi_ingest.py took 1.064 seconds
[2026-08-07T20:09:04.786+0000] {processor.py:161} INFO - Started process (PID=74) to work on /opt/airflow/dags/nyc_taxi_ingest.py
[2026-08-07T20:09:04.788+0000] {processor.py:830} INFO - Processing file /opt/airflow/dags/nyc_taxi_ingest.py for tasks to queue
[2026-08-07T20:09:04.791+0000] {logging_mixin.py:188} INFO - [2026-08-07T20:09:04.790+0000] {dagbag.py:545} INFO - Filling up the DagBag from /opt/airflow/dags/nyc_taxi_ingest.py
[2026-08-07T20:09:05.496+0000] {processor.py:840} INFO - DAG(s) 'nyc_taxi_ingest' retrieved from /opt/airflow/dags/nyc_taxi_ingest.py
[2026-08-07T20:09:05.522+0000] {logging_mixin.py:188} INFO - [2026-08-07T20:09:05.522+0000] {dag.py:3089} INFO - Sync 1 DAGs
[2026-08-07T20:09:05.543+0000] {logging_mixin.py:188} INFO - [2026-08-07T20:09:05.543+0000] {dag.py:3947} INFO - Setting next_dagrun for nyc_taxi_ingest to None, run_after=None
[2026-08-07T20:09:05.564+0000] {processor.py:183} INFO - Processing /opt/airflow/dags/nyc_taxi_ingest.py took 0.786 seconds
[2026-08-07T20:09:35.814+0000] {processor.py:161} INFO - Started process (PID=76) to work on /opt/airflow/dags/nyc_taxi_ingest.py
[2026-08-07T20:09:35.815+0000] {processor.py:830} INFO - Processing file /opt/airflow/dags/nyc_taxi_ingest.py for tasks to queue
[2026-08-07T20:09:35.818+0000] {logging_mixin.py:188} INFO - [2026-08-07T20:09:35.817+0000] {dagbag.py:545} INFO - Filling up the DagBag from /opt/airflow/dags/nyc_taxi_ingest.py
[2026-08-07T20:09:36.743+0000] {processor.py:840} INFO - DAG(s) 'nyc_taxi_ingest' retrieved from /opt/airflow/dags/nyc_taxi_ingest.py
[2026-08-07T20:09:36.773+0000] {logging_mixin.py:188} INFO - [2026-08-07T20:09:36.773+0000] {dag.py:3089} INFO - Sync 1 DAGs
[2026-08-07T20:09:36.799+0000] {logging_mixin.py:188} INFO - [2026-08-07T20:09:36.799+0000] {dag.py:3947} INFO - Setting next_dagrun for nyc_taxi_ingest to None, run_after=None
[2026-08-07T20:09:36.826+0000] {processor.py:183} INFO - Processing /opt/airflow/dags/nyc_taxi_ingest.py took 1.019 seconds
[2026-08-07T20:10:07.061+0000] {processor.py:161} INFO - Started process (PID=78) to work on /opt/airflow/dags/nyc_taxi_ingest.py
[2026-08-07T20:10:07.062+0000] {processor.py:830} INFO - Processing file /opt/airflow/dags/nyc_taxi_ingest.py for tasks to queue
[2026-08-07T20:10:07.064+0000] {logging_mixin.py:188} INFO - [2026-08-07T20:10:07.064+0000] {dagbag.py:545} INFO - Filling up the DagBag from /opt/airflow/dags/nyc_taxi_ingest.py
[2026-08-07T20:10:07.728+0000] {processor.py:840} INFO - DAG(s) 'nyc_taxi_ingest' retrieved from /opt/airflow/dags/nyc_taxi_ingest.py
[2026-08-07T20:10:07.751+0000] {logging_mixin.py:188} INFO - [2026-08-07T20:10:07.750+0000] {dag.py:3089} INFO - Sync 1 DAGs
[2026-08-07T20:10:07.769+0000] {logging_mixin.py:188} INFO - [2026-08-07T20:10:07.769+0000] {dag.py:3947} INFO - Setting next_dagrun for nyc_taxi_ingest to None, run_after=None
[2026-08-07T20:10:07.787+0000] {processor.py:183} INFO - Processing /opt/airflow/dags/nyc_taxi_ingest.py took 0.733 seconds
[2026-08-07T20:10:38.045+0000] {processor.py:161} INFO - Started process (PID=80) to work on /opt/airflow/dags/nyc_taxi_ingest.py
[2026-08-07T20:10:38.046+0000] {processor.py:830} INFO - Processing file /opt/airflow/dags/nyc_taxi_ingest.py for tasks to queue
[2026-08-07T20:10:38.049+0000] {logging_mixin.py:188} INFO - [2026-08-07T20:10:38.048+0000] {dagbag.py:545} INFO - Filling up the DagBag from /opt/airflow/dags/nyc_taxi_ingest.py
[2026-08-07T20:10:38.811+0000] {processor.py:840} INFO - DAG(s) 'nyc_taxi_ingest' retrieved from /opt/airflow/dags/nyc_taxi_ingest.py
[2026-08-07T20:10:38.859+0000] {logging_mixin.py:188} INFO - [2026-08-07T20:10:38.858+0000] {dag.py:3089} INFO - Sync 1 DAGs
[2026-08-07T20:10:38.886+0000] {logging_mixin.py:188} INFO - [2026-08-07T20:10:38.886+0000] {dag.py:3947} INFO - Setting next_dagrun for nyc_taxi_ingest to None, run_after=None
[2026-08-07T20:10:38.908+0000] {processor.py:183} INFO - Processing /opt/airflow/dags/nyc_taxi_ingest.py took 0.873 seconds
[2026-08-07T20:11:09.198+0000] {processor.py:161} INFO - Started process (PID=82) to work on /opt/airflow/dags/nyc_taxi_ingest.py
[2026-08-07T20:11:09.200+0000] {processor.py:830} INFO - Processing file /opt/airflow/dags/nyc_taxi_ingest.py for tasks to queue
[2026-08-07T20:11:09.203+0000] {logging_mixin.py:188} INFO - [2026-08-07T20:11:09.202+0000] {dagbag.py:545} INFO - Filling up the DagBag from /opt/airflow/dags/nyc_taxi_ingest.py
[2026-08-07T20:11:10.091+0000] {processor.py:840} INFO - DAG(s) 'nyc_taxi_ingest' retrieved from /opt/airflow/dags/nyc_taxi_ingest.py
[2026-08-07T20:11:10.123+0000] {logging_mixin.py:188} INFO - [2026-08-07T20:11:10.122+0000] {dag.py:3089} INFO - Sync 1 DAGs
[2026-08-07T20:11:10.148+0000] {logging_mixin.py:188} INFO - [2026-08-07T20:11:10.148+0000] {dag.py:3947} INFO - Setting next_dagrun for nyc_taxi_ingest to None, run_after=None
[2026-08-07T20:11:10.172+0000] {processor.py:183} INFO - Processing /opt/airflow/dags/nyc_taxi_ingest.py took 0.986 seconds
[2026-08-07T20:12:32.736+0000] {processor.py:161} INFO - Started process (PID=84) to work on /opt/airflow/dags/nyc_taxi_ingest.py
[2026-08-07T20:12:32.743+0000] {processor.py:830} INFO - Processing file /opt/airflow/dags/nyc_taxi_ingest.py for tasks to queue
[2026-08-07T20:12:32.774+0000] {logging_mixin.py:188} INFO - [2026-08-07T20:12:32.773+0000] {dagbag.py:545} INFO - Filling up the DagBag from /opt/airflow/dags/nyc_taxi_ingest.py
[2026-08-07T20:12:36.218+0000] {processor.py:840} INFO - DAG(s) 'nyc_taxi_ingest' retrieved from /opt/airflow/dags/nyc_taxi_ingest.py
[2026-08-07T20:12:36.306+0000] {logging_mixin.py:188} INFO - [2026-08-07T20:12:36.305+0000] {dag.py:3089} INFO - Sync 1 DAGs
[2026-08-07T20:12:36.373+0000] {logging_mixin.py:188} INFO - [2026-08-07T20:12:36.373+0000] {dag.py:3947} INFO - Setting next_dagrun for nyc_taxi_ingest to None, run_after=None
[2026-08-07T20:12:36.445+0000] {processor.py:183} INFO - Processing /opt/airflow/dags/nyc_taxi_ingest.py took 3.765 seconds
[2026-08-07T20:13:06.594+0000] {processor.py:161} INFO - Started process (PID=86) to work on /opt/airflow/dags/nyc_taxi_ingest.py
[2026-08-07T20:13:06.595+0000] {processor.py:830} INFO - Processing file /opt/airflow/dags/nyc_taxi_ingest.py for tasks to queue
[2026-08-07T20:13:06.599+0000] {logging_mixin.py:188} INFO - [2026-08-07T20:13:06.598+0000] {dagbag.py:545} INFO - Filling up the DagBag from /opt/airflow/dags/nyc_taxi_ingest.py
[2026-08-07T20:13:07.948+0000] {processor.py:840} INFO - DAG(s) 'nyc_taxi_ingest' retrieved from /opt/airflow/dags/nyc_taxi_ingest.py
[2026-08-07T20:13:07.985+0000] {logging_mixin.py:188} INFO - [2026-08-07T20:13:07.985+0000] {dag.py:3089} INFO - Sync 1 DAGs
[2026-08-07T20:13:08.012+0000] {logging_mixin.py:188} INFO - [2026-08-07T20:13:08.011+0000] {dag.py:3947} INFO - Setting next_dagrun for nyc_taxi_ingest to None, run_after=None
[2026-08-07T20:13:08.041+0000] {processor.py:183} INFO - Processing /opt/airflow/dags/nyc_taxi_ingest.py took 1.459 seconds
[2026-08-07T20:13:38.363+0000] {processor.py:161} INFO - Started process (PID=88) to work on /opt/airflow/dags/nyc_taxi_ingest.py
[2026-08-07T20:13:38.366+0000] {processor.py:830} INFO - Processing file /opt/airflow/dags/nyc_taxi_ingest.py for tasks to queue
[2026-08-07T20:13:38.371+0000] {logging_mixin.py:188} INFO - [2026-08-07T20:13:38.369+0000] {dagbag.py:545} INFO - Filling up the DagBag from /opt/airflow/dags/nyc_taxi_ingest.py
[2026-08-07T20:13:39.924+0000] {processor.py:840} INFO - DAG(s) 'nyc_taxi_ingest' retrieved from /opt/airflow/dags/nyc_taxi_ingest.py
[2026-08-07T20:13:39.985+0000] {logging_mixin.py:188} INFO - [2026-08-07T20:13:39.984+0000] {dag.py:3089} INFO - Sync 1 DAGs
[2026-08-07T20:13:40.031+0000] {logging_mixin.py:188} INFO - [2026-08-07T20:13:40.030+0000] {dag.py:3947} INFO - Setting next_dagrun for nyc_taxi_ingest to None, run_after=None
[2026-08-07T20:13:40.075+0000] {processor.py:183} INFO - Processing /opt/airflow/dags/nyc_taxi_ingest.py took 1.737 seconds
[2026-08-07T20:14:10.410+0000] {processor.py:161} INFO - Started process (PID=90) to work on /opt/airflow/dags/nyc_taxi_ingest.py
[2026-08-07T20:14:10.413+0000] {processor.py:830} INFO - Processing file /opt/airflow/dags/nyc_taxi_ingest.py for tasks to queue
[2026-08-07T20:14:10.417+0000] {logging_mixin.py:188} INFO - [2026-08-07T20:14:10.416+0000] {dagbag.py:545} INFO - Filling up the DagBag from /opt/airflow/dags/nyc_taxi_ingest.py
[2026-08-07T20:14:11.820+0000] {processor.py:840} INFO - DAG(s) 'nyc_taxi_ingest' retrieved from /opt/airflow/dags/nyc_taxi_ingest.py
[2026-08-07T20:14:11.863+0000] {logging_mixin.py:188} INFO - [2026-08-07T20:14:11.862+0000] {dag.py:3089} INFO - Sync 1 DAGs
[2026-08-07T20:14:11.897+0000] {logging_mixin.py:188} INFO - [2026-08-07T20:14:11.896+0000] {dag.py:3947} INFO - Setting next_dagrun for nyc_taxi_ingest to None, run_after=None
[2026-08-07T20:14:11.930+0000] {processor.py:183} INFO - Processing /opt/airflow/dags/nyc_taxi_ingest.py took 1.527 seconds
[2026-08-07T20:14:42.266+0000] {processor.py:161} INFO - Started process (PID=92) to work on /opt/airflow/dags/nyc_taxi_ingest.py
[2026-08-07T20:14:42.268+0000] {processor.py:830} INFO - Processing file /opt/airflow/dags/nyc_taxi_ingest.py for tasks to queue
[2026-08-07T20:14:42.274+0000] {logging_mixin.py:188} INFO - [2026-08-07T20:14:42.274+0000] {dagbag.py:545} INFO - Filling up the DagBag from /opt/airflow/dags/nyc_taxi_ingest.py
[2026-08-07T20:14:43.360+0000] {processor.py:840} INFO - DAG(s) 'nyc_taxi_ingest' retrieved from /opt/airflow/dags/nyc_taxi_ingest.py
[2026-08-07T20:14:43.429+0000] {logging_mixin.py:188} INFO - [2026-08-07T20:14:43.427+0000] {dag.py:3089} INFO - Sync 1 DAGs
[2026-08-07T20:14:43.491+0000] {logging_mixin.py:188} INFO - [2026-08-07T20:14:43.490+0000] {dag.py:3947} INFO - Setting next_dagrun for nyc_taxi_ingest to None, run_after=None
[2026-08-07T20:14:43.533+0000] {processor.py:183} INFO - Processing /opt/airflow/dags/nyc_taxi_ingest.py took 1.278 seconds
[2026-08-07T20:15:13.885+0000] {processor.py:161} INFO - Started process (PID=94) to work on /opt/airflow/dags/nyc_taxi_ingest.py
[2026-08-07T20:15:13.887+0000] {processor.py:830} INFO - Processing file /opt/airflow/dags/nyc_taxi_ingest.py for tasks to queue
[2026-08-07T20:15:13.890+0000] {logging_mixin.py:188} INFO - [2026-08-07T20:15:13.889+0000] {dagbag.py:545} INFO - Filling up the DagBag from /opt/airflow/dags/nyc_taxi_ingest.py
[2026-08-07T20:15:14.840+0000] {processor.py:840} INFO - DAG(s) 'nyc_taxi_ingest' retrieved from /opt/airflow/dags/nyc_taxi_ingest.py
[2026-08-07T20:15:14.871+0000] {logging_mixin.py:188} INFO - [2026-08-07T20:15:14.870+0000] {dag.py:3089} INFO - Sync 1 DAGs
[2026-08-07T20:15:14.898+0000] {logging_mixin.py:188} INFO - [2026-08-07T20:15:14.897+0000] {dag.py:3947} INFO - Setting next_dagrun for nyc_taxi_ingest to None, run_after=None
[2026-08-07T20:15:14.949+0000] {processor.py:183} INFO - Processing /opt/airflow/dags/nyc_taxi_ingest.py took 1.077 seconds
[2026-08-07T20:15:45.142+0000] {processor.py:161} INFO - Started process (PID=96) to work on /opt/airflow/dags/nyc_taxi_ingest.py
[2026-08-07T20:15:45.144+0000] {processor.py:830} INFO - Processing file /opt/airflow/dags/nyc_taxi_ingest.py for tasks to queue
[2026-08-07T20:15:45.147+0000] {logging_mixin.py:188} INFO - [2026-08-07T20:15:45.147+0000] {dagbag.py:545} INFO - Filling up the DagBag from /opt/airflow/dags/nyc_taxi_ingest.py
[2026-08-07T20:15:46.090+0000] {processor.py:840} INFO - DAG(s) 'nyc_taxi_ingest' retrieved from /opt/airflow/dags/nyc_taxi_ingest.py
[2026-08-07T20:15:46.131+0000] {logging_mixin.py:188} INFO - [2026-08-07T20:15:46.131+0000] {dag.py:3089} INFO - Sync 1 DAGs
[2026-08-07T20:15:46.161+0000] {logging_mixin.py:188} INFO - [2026-08-07T20:15:46.161+0000] {dag.py:3947} INFO - Setting next_dagrun for nyc_taxi_ingest to None, run_after=None
[2026-08-07T20:15:46.204+0000] {processor.py:183} INFO - Processing /opt/airflow/dags/nyc_taxi_ingest.py took 1.070 seconds
[2026-08-07T20:16:16.419+0000] {processor.py:161} INFO - Started process (PID=98) to work on /opt/airflow/dags/nyc_taxi_ingest.py
[2026-08-07T20:16:16.422+0000] {processor.py:830} INFO - Processing file /opt/airflow/dags/nyc_taxi_ingest.py for tasks to queue
[2026-08-07T20:16:16.429+0000] {logging_mixin.py:188} INFO - [2026-08-07T20:16:16.428+0000] {dagbag.py:545} INFO - Filling up the DagBag from /opt/airflow/dags/nyc_taxi_ingest.py
[2026-08-07T20:16:17.494+0000] {processor.py:840} INFO - DAG(s) 'nyc_taxi_ingest' retrieved from /opt/airflow/dags/nyc_taxi_ingest.py
[2026-08-07T20:16:17.531+0000] {logging_mixin.py:188} INFO - [2026-08-07T20:16:17.531+0000] {dag.py:3089} INFO - Sync 1 DAGs
[2026-08-07T20:16:17.551+0000] {logging_mixin.py:188} INFO - [2026-08-07T20:16:17.551+0000] {dag.py:3947} INFO - Setting next_dagrun for nyc_taxi_ingest to None, run_after=None
[2026-08-07T20:16:17.589+0000] {processor.py:183} INFO - Processing /opt/airflow/dags/nyc_taxi_ingest.py took 1.193 seconds
[2026-08-07T20:16:47.728+0000] {processor.py:161} INFO - Started process (PID=100) to work on /opt/airflow/dags/nyc_taxi_ingest.py
[2026-08-07T20:16:47.747+0000] {processor.py:830} INFO - Processing file /opt/airflow/dags/nyc_taxi_ingest.py for tasks to queue
[2026-08-07T20:16:47.753+0000] {logging_mixin.py:188} INFO - [2026-08-07T20:16:47.752+0000] {dagbag.py:545} INFO - Filling up the DagBag from /opt/airflow/dags/nyc_taxi_ingest.py
[2026-08-07T20:16:49.925+0000] {processor.py:840} INFO - DAG(s) 'nyc_taxi_ingest' retrieved from /opt/airflow/dags/nyc_taxi_ingest.py
[2026-08-07T20:16:50.011+0000] {logging_mixin.py:188} INFO - [2026-08-07T20:16:50.011+0000] {dag.py:3089} INFO - Sync 1 DAGs
[2026-08-07T20:16:50.055+0000] {logging_mixin.py:188} INFO - [2026-08-07T20:16:50.055+0000] {dag.py:3947} INFO - Setting next_dagrun for nyc_taxi_ingest to None, run_after=None
[2026-08-07T20:16:50.083+0000] {processor.py:183} INFO - Processing /opt/airflow/dags/nyc_taxi_ingest.py took 2.377 seconds
[2026-08-07T20:19:24.411+0000] {processor.py:161} INFO - Started process (PID=52) to work on /opt/airflow/dags/nyc_taxi_ingest.py
[2026-08-07T20:19:24.415+0000] {processor.py:830} INFO - Processing file /opt/airflow/dags/nyc_taxi_ingest.py for tasks to queue
[2026-08-07T20:19:24.420+0000] {logging_mixin.py:188} INFO - [2026-08-07T20:19:24.419+0000] {dagbag.py:545} INFO - Filling up the DagBag from /opt/airflow/dags/nyc_taxi_ingest.py
[2026-08-07T20:19:28.204+0000] {processor.py:840} INFO - DAG(s) 'nyc_taxi_ingest' retrieved from /opt/airflow/dags/nyc_taxi_ingest.py
[2026-08-07T20:19:28.558+0000] {logging_mixin.py:188} INFO - [2026-08-07T20:19:28.557+0000] {dag.py:3089} INFO - Sync 1 DAGs
[2026-08-07T20:19:28.631+0000] {logging_mixin.py:188} INFO - [2026-08-07T20:19:28.630+0000] {dag.py:3947} INFO - Setting next_dagrun for nyc_taxi_ingest to None, run_after=None
[2026-08-07T20:19:28.691+0000] {processor.py:183} INFO - Processing /opt/airflow/dags/nyc_taxi_ingest.py took 4.294 seconds
[2026-08-07T20:19:59.015+0000] {processor.py:161} INFO - Started process (PID=54) to work on /opt/airflow/dags/nyc_taxi_ingest.py
[2026-08-07T20:19:59.018+0000] {processor.py:830} INFO - Processing file /opt/airflow/dags/nyc_taxi_ingest.py for tasks to queue
[2026-08-07T20:19:59.023+0000] {logging_mixin.py:188} INFO - [2026-08-07T20:19:59.022+0000] {dagbag.py:545} INFO - Filling up the DagBag from /opt/airflow/dags/nyc_taxi_ingest.py
[2026-08-07T20:19:59.838+0000] {processor.py:840} INFO - DAG(s) 'nyc_taxi_ingest' retrieved from /opt/airflow/dags/nyc_taxi_ingest.py
[2026-08-07T20:19:59.880+0000] {logging_mixin.py:188} INFO - [2026-08-07T20:19:59.880+0000] {dag.py:3089} INFO - Sync 1 DAGs
[2026-08-07T20:19:59.921+0000] {logging_mixin.py:188} INFO - [2026-08-07T20:19:59.921+0000] {dag.py:3947} INFO - Setting next_dagrun for nyc_taxi_ingest to None, run_after=None
[2026-08-07T20:19:59.973+0000] {processor.py:183} INFO - Processing /opt/airflow/dags/nyc_taxi_ingest.py took 0.981 seconds
[2026-08-07T20:20:30.704+0000] {processor.py:161} INFO - Started process (PID=56) to work on /opt/airflow/dags/nyc_taxi_ingest.py
[2026-08-07T20:20:30.712+0000] {processor.py:830} INFO - Processing file /opt/airflow/dags/nyc_taxi_ingest.py for tasks to queue
[2026-08-07T20:20:30.727+0000] {logging_mixin.py:188} INFO - [2026-08-07T20:20:30.726+0000] {dagbag.py:545} INFO - Filling up the DagBag from /opt/airflow/dags/nyc_taxi_ingest.py
[2026-08-07T20:20:32.029+0000] {processor.py:840} INFO - DAG(s) 'nyc_taxi_ingest' retrieved from /opt/airflow/dags/nyc_taxi_ingest.py
[2026-08-07T20:20:32.069+0000] {logging_mixin.py:188} INFO - [2026-08-07T20:20:32.068+0000] {dag.py:3089} INFO - Sync 1 DAGs
[2026-08-07T20:20:32.090+0000] {logging_mixin.py:188} INFO - [2026-08-07T20:20:32.090+0000] {dag.py:3947} INFO - Setting next_dagrun for nyc_taxi_ingest to None, run_after=None
[2026-08-07T20:20:32.117+0000] {processor.py:183} INFO - Processing /opt/airflow/dags/nyc_taxi_ingest.py took 1.450 seconds
[2026-08-07T21:15:59.937+0000] {processor.py:161} INFO - Started process (PID=58) to work on /opt/airflow/dags/nyc_taxi_ingest.py
[2026-08-07T21:15:59.943+0000] {processor.py:830} INFO - Processing file /opt/airflow/dags/nyc_taxi_ingest.py for tasks to queue
[2026-08-07T21:15:59.963+0000] {logging_mixin.py:188} INFO - [2026-08-07T21:15:59.962+0000] {dagbag.py:545} INFO - Filling up the DagBag from /opt/airflow/dags/nyc_taxi_ingest.py
[2026-08-07T21:16:02.726+0000] {processor.py:840} INFO - DAG(s) 'nyc_taxi_ingest' retrieved from /opt/airflow/dags/nyc_taxi_ingest.py
[2026-08-07T21:16:02.809+0000] {logging_mixin.py:188} INFO - [2026-08-07T21:16:02.807+0000] {dag.py:3089} INFO - Sync 1 DAGs
[2026-08-07T21:16:02.885+0000] {logging_mixin.py:188} INFO - [2026-08-07T21:16:02.884+0000] {dag.py:3947} INFO - Setting next_dagrun for nyc_taxi_ingest to None, run_after=None
[2026-08-07T21:16:02.979+0000] {processor.py:183} INFO - Processing /opt/airflow/dags/nyc_taxi_ingest.py took 3.080 seconds
[2026-08-07T21:16:33.293+0000] {processor.py:161} INFO - Started process (PID=60) to work on /opt/airflow/dags/nyc_taxi_ingest.py
[2026-08-07T21:16:33.295+0000] {processor.py:830} INFO - Processing file /opt/airflow/dags/nyc_taxi_ingest.py for tasks to queue
[2026-08-07T21:16:33.297+0000] {logging_mixin.py:188} INFO - [2026-08-07T21:16:33.297+0000] {dagbag.py:545} INFO - Filling up the DagBag from /opt/airflow/dags/nyc_taxi_ingest.py
[2026-08-07T21:16:34.291+0000] {processor.py:840} INFO - DAG(s) 'nyc_taxi_ingest' retrieved from /opt/airflow/dags/nyc_taxi_ingest.py
[2026-08-07T21:16:34.351+0000] {logging_mixin.py:188} INFO - [2026-08-07T21:16:34.351+0000] {dag.py:3089} INFO - Sync 1 DAGs
[2026-08-07T21:16:34.381+0000] {logging_mixin.py:188} INFO - [2026-08-07T21:16:34.380+0000] {dag.py:3947} INFO - Setting next_dagrun for nyc_taxi_ingest to None, run_after=None
[2026-08-07T21:16:34.403+0000] {processor.py:183} INFO - Processing /opt/airflow/dags/nyc_taxi_ingest.py took 1.119 seconds
[2026-08-07T21:17:04.762+0000] {processor.py:161} INFO - Started process (PID=62) to work on /opt/airflow/dags/nyc_taxi_ingest.py
[2026-08-07T21:17:04.763+0000] {processor.py:830} INFO - Processing file /opt/airflow/dags/nyc_taxi_ingest.py for tasks to queue
[2026-08-07T21:17:04.766+0000] {logging_mixin.py:188} INFO - [2026-08-07T21:17:04.766+0000] {dagbag.py:545} INFO - Filling up the DagBag from /opt/airflow/dags/nyc_taxi_ingest.py
[2026-08-07T21:17:05.727+0000] {processor.py:840} INFO - DAG(s) 'nyc_taxi_ingest' retrieved from /opt/airflow/dags/nyc_taxi_ingest.py
[2026-08-07T21:17:05.767+0000] {logging_mixin.py:188} INFO - [2026-08-07T21:17:05.766+0000] {dag.py:3089} INFO - Sync 1 DAGs
[2026-08-07T21:17:05.800+0000] {logging_mixin.py:188} INFO - [2026-08-07T21:17:05.799+0000] {dag.py:3947} INFO - Setting next_dagrun for nyc_taxi_ingest to None, run_after=None
[2026-08-07T21:17:05.820+0000] {processor.py:183} INFO - Processing /opt/airflow/dags/nyc_taxi_ingest.py took 1.067 seconds
[2026-08-07T21:17:36.034+0000] {processor.py:161} INFO - Started process (PID=64) to work on /opt/airflow/dags/nyc_taxi_ingest.py
[2026-08-07T21:17:36.036+0000] {processor.py:830} INFO - Processing file /opt/airflow/dags/nyc_taxi_ingest.py for tasks to queue
[2026-08-07T21:17:36.038+0000] {logging_mixin.py:188} INFO - [2026-08-07T21:17:36.038+0000] {dagbag.py:545} INFO - Filling up the DagBag from /opt/airflow/dags/nyc_taxi_ingest.py
[2026-08-07T21:17:37.384+0000] {processor.py:840} INFO - DAG(s) 'nyc_taxi_ingest' retrieved from /opt/airflow/dags/nyc_taxi_ingest.py
[2026-08-07T21:17:37.426+0000] {logging_mixin.py:188} INFO - [2026-08-07T21:17:37.425+0000] {dag.py:3089} INFO - Sync 1 DAGs
[2026-08-07T21:17:37.477+0000] {logging_mixin.py:188} INFO - [2026-08-07T21:17:37.477+0000] {dag.py:3947} INFO - Setting next_dagrun for nyc_taxi_ingest to None, run_after=None
[2026-08-07T21:17:37.533+0000] {processor.py:183} INFO - Processing /opt/airflow/dags/nyc_taxi_ingest.py took 1.507 seconds
[2026-08-07T21:18:07.906+0000] {processor.py:161} INFO - Started process (PID=66) to work on /opt/airflow/dags/nyc_taxi_ingest.py
[2026-08-07T21:18:07.911+0000] {processor.py:830} INFO - Processing file /opt/airflow/dags/nyc_taxi_ingest.py for tasks to queue
[2026-08-07T21:18:07.916+0000] {logging_mixin.py:188} INFO - [2026-08-07T21:18:07.915+0000] {dagbag.py:545} INFO - Filling up the DagBag from /opt/airflow/dags/nyc_taxi_ingest.py
[2026-08-07T21:18:10.886+0000] {processor.py:840} INFO - DAG(s) 'nyc_taxi_ingest' retrieved from /opt/airflow/dags/nyc_taxi_ingest.py
[2026-08-07T21:18:11.005+0000] {logging_mixin.py:188} INFO - [2026-08-07T21:18:11.003+0000] {dag.py:3089} INFO - Sync 1 DAGs
[2026-08-07T21:18:11.090+0000] {logging_mixin.py:188} INFO - [2026-08-07T21:18:11.089+0000] {dag.py:3947} INFO - Setting next_dagrun for nyc_taxi_ingest to None, run_after=None
[2026-08-07T21:18:11.136+0000] {processor.py:183} INFO - Processing /opt/airflow/dags/nyc_taxi_ingest.py took 3.245 seconds
[2026-08-07T21:18:41.448+0000] {processor.py:161} INFO - Started process (PID=68) to work on /opt/airflow/dags/nyc_taxi_ingest.py
[2026-08-07T21:18:41.449+0000] {processor.py:830} INFO - Processing file /opt/airflow/dags/nyc_taxi_ingest.py for tasks to queue
[2026-08-07T21:18:41.454+0000] {logging_mixin.py:188} INFO - [2026-08-07T21:18:41.452+0000] {dagbag.py:545} INFO - Filling up the DagBag from /opt/airflow/dags/nyc_taxi_ingest.py
[2026-08-07T21:18:42.796+0000] {processor.py:840} INFO - DAG(s) 'nyc_taxi_ingest' retrieved from /opt/airflow/dags/nyc_taxi_ingest.py
[2026-08-07T21:18:42.835+0000] {logging_mixin.py:188} INFO - [2026-08-07T21:18:42.834+0000] {dag.py:3089} INFO - Sync 1 DAGs
[2026-08-07T21:18:42.861+0000] {logging_mixin.py:188} INFO - [2026-08-07T21:18:42.860+0000] {dag.py:3947} INFO - Setting next_dagrun for nyc_taxi_ingest to None, run_after=None
[2026-08-07T21:18:42.886+0000] {processor.py:183} INFO - Processing /opt/airflow/dags/nyc_taxi_ingest.py took 1.450 seconds
[2026-08-07T21:19:13.220+0000] {processor.py:161} INFO - Started process (PID=70) to work on /opt/airflow/dags/nyc_taxi_ingest.py
[2026-08-07T21:19:13.222+0000] {processor.py:830} INFO - Processing file /opt/airflow/dags/nyc_taxi_ingest.py for tasks to queue
[2026-08-07T21:19:13.225+0000] {logging_mixin.py:188} INFO - [2026-08-07T21:19:13.225+0000] {dagbag.py:545} INFO - Filling up the DagBag from /opt/airflow/dags/nyc_taxi_ingest.py
[2026-08-07T21:19:14.263+0000] {processor.py:840} INFO - DAG(s) 'nyc_taxi_ingest' retrieved from /opt/airflow/dags/nyc_taxi_ingest.py
[2026-08-07T21:19:14.310+0000] {logging_mixin.py:188} INFO - [2026-08-07T21:19:14.308+0000] {dag.py:3089} INFO - Sync 1 DAGs
[2026-08-07T21:19:14.373+0000] {logging_mixin.py:188} INFO - [2026-08-07T21:19:14.372+0000] {dag.py:3947} INFO - Setting next_dagrun for nyc_taxi_ingest to None, run_after=None
[2026-08-07T21:19:14.425+0000] {processor.py:183} INFO - Processing /opt/airflow/dags/nyc_taxi_ingest.py took 1.217 seconds
[2026-08-07T21:19:44.738+0000] {processor.py:161} INFO - Started process (PID=72) to work on /opt/airflow/dags/nyc_taxi_ingest.py
[2026-08-07T21:19:44.739+0000] {processor.py:830} INFO - Processing file /opt/airflow/dags/nyc_taxi_ingest.py for tasks to queue
[2026-08-07T21:19:44.743+0000] {logging_mixin.py:188} INFO - [2026-08-07T21:19:44.742+0000] {dagbag.py:545} INFO - Filling up the DagBag from /opt/airflow/dags/nyc_taxi_ingest.py
[2026-08-07T21:19:45.637+0000] {processor.py:840} INFO - DAG(s) 'nyc_taxi_ingest' retrieved from /opt/airflow/dags/nyc_taxi_ingest.py
[2026-08-07T21:19:45.668+0000] {logging_mixin.py:188} INFO - [2026-08-07T21:19:45.667+0000] {dag.py:3089} INFO - Sync 1 DAGs
[2026-08-07T21:19:45.692+0000] {logging_mixin.py:188} INFO - [2026-08-07T21:19:45.691+0000] {dag.py:3947} INFO - Setting next_dagrun for nyc_taxi_ingest to None, run_after=None
[2026-08-07T21:19:45.711+0000] {processor.py:183} INFO - Processing /opt/airflow/dags/nyc_taxi_ingest.py took 0.983 seconds
[2026-08-07T21:21:55.595+0000] {processor.py:161} INFO - Started process (PID=52) to work on /opt/airflow/dags/nyc_taxi_ingest.py
[2026-08-07T21:21:55.598+0000] {processor.py:830} INFO - Processing file /opt/airflow/dags/nyc_taxi_ingest.py for tasks to queue
[2026-08-07T21:21:55.607+0000] {logging_mixin.py:188} INFO - [2026-08-07T21:21:55.606+0000] {dagbag.py:545} INFO - Filling up the DagBag from /opt/airflow/dags/nyc_taxi_ingest.py
[2026-08-07T21:22:00.081+0000] {processor.py:840} INFO - DAG(s) 'nyc_taxi_ingest' retrieved from /opt/airflow/dags/nyc_taxi_ingest.py
[2026-08-07T21:22:00.736+0000] {logging_mixin.py:188} INFO - [2026-08-07T21:22:00.735+0000] {override.py:1858} INFO - Created Permission View: can read on DAG:nyc_taxi_ingest
[2026-08-07T21:22:00.761+0000] {logging_mixin.py:188} INFO - [2026-08-07T21:22:00.760+0000] {override.py:1858} INFO - Created Permission View: can edit on DAG:nyc_taxi_ingest
[2026-08-07T21:22:00.778+0000] {logging_mixin.py:188} INFO - [2026-08-07T21:22:00.777+0000] {override.py:1858} INFO - Created Permission View: can delete on DAG:nyc_taxi_ingest
[2026-08-07T21:22:00.780+0000] {logging_mixin.py:188} INFO - [2026-08-07T21:22:00.779+0000] {dag.py:3089} INFO - Sync 1 DAGs
[2026-08-07T21:22:00.812+0000] {logging_mixin.py:188} INFO - [2026-08-07T21:22:00.810+0000] {dag.py:3111} INFO - Creating ORM DAG for nyc_taxi_ingest
[2026-08-07T21:22:00.834+0000] {logging_mixin.py:188} INFO - [2026-08-07T21:22:00.833+0000] {dag.py:3947} INFO - Setting next_dagrun for nyc_taxi_ingest to 2024-01-01 00:00:00+00:00, run_after=2024-01-01 00:00:00+00:00
[2026-08-07T21:22:00.880+0000] {processor.py:183} INFO - Processing /opt/airflow/dags/nyc_taxi_ingest.py took 5.299 seconds
[2026-08-07T21:22:30.974+0000] {processor.py:161} INFO - Started process (PID=54) to work on /opt/airflow/dags/nyc_taxi_ingest.py
[2026-08-07T21:22:30.976+0000] {processor.py:830} INFO - Processing file /opt/airflow/dags/nyc_taxi_ingest.py for tasks to queue
[2026-08-07T21:22:30.978+0000] {logging_mixin.py:188} INFO - [2026-08-07T21:22:30.978+0000] {dagbag.py:545} INFO - Filling up the DagBag from /opt/airflow/dags/nyc_taxi_ingest.py
[2026-08-07T21:22:32.927+0000] {processor.py:840} INFO - DAG(s) 'nyc_taxi_ingest' retrieved from /opt/airflow/dags/nyc_taxi_ingest.py
[2026-08-07T21:22:33.015+0000] {logging_mixin.py:188} INFO - [2026-08-07T21:22:33.014+0000] {dag.py:3089} INFO - Sync 1 DAGs
[2026-08-07T21:22:33.055+0000] {logging_mixin.py:188} INFO - [2026-08-07T21:22:33.055+0000] {dag.py:3947} INFO - Setting next_dagrun for nyc_taxi_ingest to 2024-01-01 00:00:00+00:00, run_after=2024-01-01 00:00:00+00:00
[2026-08-07T21:22:33.113+0000] {processor.py:183} INFO - Processing /opt/airflow/dags/nyc_taxi_ingest.py took 2.150 seconds
[2026-08-07T21:23:03.398+0000] {processor.py:161} INFO - Started process (PID=56) to work on /opt/airflow/dags/nyc_taxi_ingest.py
[2026-08-07T21:23:03.400+0000] {processor.py:830} INFO - Processing file /opt/airflow/dags/nyc_taxi_ingest.py for tasks to queue
[2026-08-07T21:23:03.404+0000] {logging_mixin.py:188} INFO - [2026-08-07T21:23:03.403+0000] {dagbag.py:545} INFO - Filling up the DagBag from /opt/airflow/dags/nyc_taxi_ingest.py
[2026-08-07T21:23:06.044+0000] {processor.py:840} INFO - DAG(s) 'nyc_taxi_ingest' retrieved from /opt/airflow/dags/nyc_taxi_ingest.py
[2026-08-07T21:23:06.090+0000] {logging_mixin.py:188} INFO - [2026-08-07T21:23:06.090+0000] {dag.py:3089} INFO - Sync 1 DAGs
[2026-08-07T21:23:06.125+0000] {logging_mixin.py:188} INFO - [2026-08-07T21:23:06.124+0000] {dag.py:3947} INFO - Setting next_dagrun for nyc_taxi_ingest to 2024-01-01 00:00:00+00:00, run_after=2024-01-01 00:00:00+00:00
[2026-08-07T21:23:06.157+0000] {processor.py:183} INFO - Processing /opt/airflow/dags/nyc_taxi_ingest.py took 2.771 seconds
[2026-08-07T21:23:36.654+0000] {processor.py:161} INFO - Started process (PID=58) to work on /opt/airflow/dags/nyc_taxi_ingest.py
[2026-08-07T21:23:36.659+0000] {processor.py:830} INFO - Processing file /opt/airflow/dags/nyc_taxi_ingest.py for tasks to queue
[2026-08-07T21:23:36.679+0000] {logging_mixin.py:188} INFO - [2026-08-07T21:23:36.667+0000] {dagbag.py:545} INFO - Filling up the DagBag from /opt/airflow/dags/nyc_taxi_ingest.py
[2026-08-07T21:23:38.578+0000] {processor.py:840} INFO - DAG(s) 'nyc_taxi_ingest' retrieved from /opt/airflow/dags/nyc_taxi_ingest.py
[2026-08-07T21:23:38.658+0000] {logging_mixin.py:188} INFO - [2026-08-07T21:23:38.657+0000] {dag.py:3089} INFO - Sync 1 DAGs
[2026-08-07T21:23:38.737+0000] {logging_mixin.py:188} INFO - [2026-08-07T21:23:38.737+0000] {dag.py:3947} INFO - Setting next_dagrun for nyc_taxi_ingest to 2024-01-01 00:00:00+00:00, run_after=2024-01-01 00:00:00+00:00
[2026-08-07T21:23:38.788+0000] {processor.py:183} INFO - Processing /opt/airflow/dags/nyc_taxi_ingest.py took 2.162 seconds
[2026-08-07T21:24:08.982+0000] {processor.py:161} INFO - Started process (PID=60) to work on /opt/airflow/dags/nyc_taxi_ingest.py
[2026-08-07T21:24:08.984+0000] {processor.py:830} INFO - Processing file /opt/airflow/dags/nyc_taxi_ingest.py for tasks to queue
[2026-08-07T21:24:08.987+0000] {logging_mixin.py:188} INFO - [2026-08-07T21:24:08.987+0000] {dagbag.py:545} INFO - Filling up the DagBag from /opt/airflow/dags/nyc_taxi_ingest.py
[2026-08-07T21:24:10.092+0000] {processor.py:840} INFO - DAG(s) 'nyc_taxi_ingest' retrieved from /opt/airflow/dags/nyc_taxi_ingest.py
[2026-08-07T21:24:10.158+0000] {logging_mixin.py:188} INFO - [2026-08-07T21:24:10.157+0000] {dag.py:3089} INFO - Sync 1 DAGs
[2026-08-07T21:24:10.189+0000] {logging_mixin.py:188} INFO - [2026-08-07T21:24:10.189+0000] {dag.py:3947} INFO - Setting next_dagrun for nyc_taxi_ingest to 2024-01-01 00:00:00+00:00, run_after=2024-01-01 00:00:00+00:00
[2026-08-07T21:24:10.219+0000] {processor.py:183} INFO - Processing /opt/airflow/dags/nyc_taxi_ingest.py took 1.246 seconds
[2026-08-07T21:24:40.551+0000] {processor.py:161} INFO - Started process (PID=62) to work on /opt/airflow/dags/nyc_taxi_ingest.py
[2026-08-07T21:24:40.553+0000] {processor.py:830} INFO - Processing file /opt/airflow/dags/nyc_taxi_ingest.py for tasks to queue
[2026-08-07T21:24:40.558+0000] {logging_mixin.py:188} INFO - [2026-08-07T21:24:40.557+0000] {dagbag.py:545} INFO - Filling up the DagBag from /opt/airflow/dags/nyc_taxi_ingest.py
[2026-08-07T21:24:42.323+0000] {processor.py:840} INFO - DAG(s) 'nyc_taxi_ingest' retrieved from /opt/airflow/dags/nyc_taxi_ingest.py
[2026-08-07T21:24:42.393+0000] {logging_mixin.py:188} INFO - [2026-08-07T21:24:42.392+0000] {dag.py:3089} INFO - Sync 1 DAGs
[2026-08-07T21:24:42.446+0000] {logging_mixin.py:188} INFO - [2026-08-07T21:24:42.445+0000] {dag.py:3947} INFO - Setting next_dagrun for nyc_taxi_ingest to 2024-01-01 00:00:00+00:00, run_after=2024-01-01 00:00:00+00:00
[2026-08-07T21:24:42.491+0000] {processor.py:183} INFO - Processing /opt/airflow/dags/nyc_taxi_ingest.py took 1.954 seconds
[2026-08-07T21:25:12.891+0000] {processor.py:161} INFO - Started process (PID=64) to work on /opt/airflow/dags/nyc_taxi_ingest.py
[2026-08-07T21:25:12.892+0000] {processor.py:830} INFO - Processing file /opt/airflow/dags/nyc_taxi_ingest.py for tasks to queue
[2026-08-07T21:25:12.895+0000] {logging_mixin.py:188} INFO - [2026-08-07T21:25:12.895+0000] {dagbag.py:545} INFO - Filling up the DagBag from /opt/airflow/dags/nyc_taxi_ingest.py
[2026-08-07T21:25:13.760+0000] {processor.py:840} INFO - DAG(s) 'nyc_taxi_ingest' retrieved from /opt/airflow/dags/nyc_taxi_ingest.py
[2026-08-07T21:25:13.804+0000] {logging_mixin.py:188} INFO - [2026-08-07T21:25:13.803+0000] {dag.py:3089} INFO - Sync 1 DAGs
[2026-08-07T21:25:13.841+0000] {logging_mixin.py:188} INFO - [2026-08-07T21:25:13.841+0000] {dag.py:3947} INFO - Setting next_dagrun for nyc_taxi_ingest to 2024-01-01 00:00:00+00:00, run_after=2024-01-01 00:00:00+00:00
[2026-08-07T21:25:13.876+0000] {processor.py:183} INFO - Processing /opt/airflow/dags/nyc_taxi_ingest.py took 0.993 seconds
[2026-08-07T21:25:44.213+0000] {processor.py:161} INFO - Started process (PID=66) to work on /opt/airflow/dags/nyc_taxi_ingest.py
[2026-08-07T21:25:44.214+0000] {processor.py:830} INFO - Processing file /opt/airflow/dags/nyc_taxi_ingest.py for tasks to queue
[2026-08-07T21:25:44.218+0000] {logging_mixin.py:188} INFO - [2026-08-07T21:25:44.217+0000] {dagbag.py:545} INFO - Filling up the DagBag from /opt/airflow/dags/nyc_taxi_ingest.py
[2026-08-07T21:25:45.811+0000] {processor.py:840} INFO - DAG(s) 'nyc_taxi_ingest' retrieved from /opt/airflow/dags/nyc_taxi_ingest.py
[2026-08-07T21:25:45.844+0000] {logging_mixin.py:188} INFO - [2026-08-07T21:25:45.844+0000] {dag.py:3089} INFO - Sync 1 DAGs
[2026-08-07T21:25:45.878+0000] {logging_mixin.py:188} INFO - [2026-08-07T21:25:45.878+0000] {dag.py:3947} INFO - Setting next_dagrun for nyc_taxi_ingest to None, run_after=None
[2026-08-07T21:25:45.916+0000] {processor.py:183} INFO - Processing /opt/airflow/dags/nyc_taxi_ingest.py took 1.713 seconds
[2026-08-07T21:26:16.381+0000] {processor.py:161} INFO - Started process (PID=68) to work on /opt/airflow/dags/nyc_taxi_ingest.py
[2026-08-07T21:26:16.387+0000] {processor.py:830} INFO - Processing file /opt/airflow/dags/nyc_taxi_ingest.py for tasks to queue
[2026-08-07T21:26:16.399+0000] {logging_mixin.py:188} INFO - [2026-08-07T21:26:16.396+0000] {dagbag.py:545} INFO - Filling up the DagBag from /opt/airflow/dags/nyc_taxi_ingest.py
[2026-08-07T21:26:18.417+0000] {processor.py:840} INFO - DAG(s) 'nyc_taxi_ingest' retrieved from /opt/airflow/dags/nyc_taxi_ingest.py
[2026-08-07T21:26:18.462+0000] {logging_mixin.py:188} INFO - [2026-08-07T21:26:18.462+0000] {dag.py:3089} INFO - Sync 1 DAGs
[2026-08-07T21:26:18.498+0000] {logging_mixin.py:188} INFO - [2026-08-07T21:26:18.498+0000] {dag.py:3947} INFO - Setting next_dagrun for nyc_taxi_ingest to None, run_after=None
[2026-08-07T21:26:18.536+0000] {processor.py:183} INFO - Processing /opt/airflow/dags/nyc_taxi_ingest.py took 2.181 seconds
[2026-08-07T21:26:48.878+0000] {processor.py:161} INFO - Started process (PID=70) to work on /opt/airflow/dags/nyc_taxi_ingest.py
[2026-08-07T21:26:48.880+0000] {processor.py:830} INFO - Processing file /opt/airflow/dags/nyc_taxi_ingest.py for tasks to queue
[2026-08-07T21:26:48.886+0000] {logging_mixin.py:188} INFO - [2026-08-07T21:26:48.884+0000] {dagbag.py:545} INFO - Filling up the DagBag from /opt/airflow/dags/nyc_taxi_ingest.py
[2026-08-07T21:26:50.125+0000] {processor.py:840} INFO - DAG(s) 'nyc_taxi_ingest' retrieved from /opt/airflow/dags/nyc_taxi_ingest.py
[2026-08-07T21:26:50.180+0000] {logging_mixin.py:188} INFO - [2026-08-07T21:26:50.179+0000] {dag.py:3089} INFO - Sync 1 DAGs
[2026-08-07T21:26:50.219+0000] {logging_mixin.py:188} INFO - [2026-08-07T21:26:50.219+0000] {dag.py:3947} INFO - Setting next_dagrun for nyc_taxi_ingest to None, run_after=None
[2026-08-07T21:26:50.266+0000] {processor.py:183} INFO - Processing /opt/airflow/dags/nyc_taxi_ingest.py took 1.403 seconds
[2026-08-07T21:27:20.654+0000] {processor.py:161} INFO - Started process (PID=72) to work on /opt/airflow/dags/nyc_taxi_ingest.py
[2026-08-07T21:27:20.655+0000] {processor.py:830} INFO - Processing file /opt/airflow/dags/nyc_taxi_ingest.py for tasks to queue
[2026-08-07T21:27:20.659+0000] {logging_mixin.py:188} INFO - [2026-08-07T21:27:20.658+0000] {dagbag.py:545} INFO - Filling up the DagBag from /opt/airflow/dags/nyc_taxi_ingest.py
[2026-08-07T21:27:21.763+0000] {processor.py:840} INFO - DAG(s) 'nyc_taxi_ingest' retrieved from /opt/airflow/dags/nyc_taxi_ingest.py
[2026-08-07T21:27:21.800+0000] {logging_mixin.py:188} INFO - [2026-08-07T21:27:21.800+0000] {dag.py:3089} INFO - Sync 1 DAGs
[2026-08-07T21:27:21.834+0000] {logging_mixin.py:188} INFO - [2026-08-07T21:27:21.834+0000] {dag.py:3947} INFO - Setting next_dagrun for nyc_taxi_ingest to None, run_after=None
[2026-08-07T21:27:21.886+0000] {processor.py:183} INFO - Processing /opt/airflow/dags/nyc_taxi_ingest.py took 1.242 seconds
[2026-08-07T21:27:52.320+0000] {processor.py:161} INFO - Started process (PID=74) to work on /opt/airflow/dags/nyc_taxi_ingest.py
[2026-08-07T21:27:52.323+0000] {processor.py:830} INFO - Processing file /opt/airflow/dags/nyc_taxi_ingest.py for tasks to queue
[2026-08-07T21:27:52.328+0000] {logging_mixin.py:188} INFO - [2026-08-07T21:27:52.327+0000] {dagbag.py:545} INFO - Filling up the DagBag from /opt/airflow/dags/nyc_taxi_ingest.py
[2026-08-07T21:27:53.141+0000] {processor.py:840} INFO - DAG(s) 'nyc_taxi_ingest' retrieved from /opt/airflow/dags/nyc_taxi_ingest.py
[2026-08-07T21:27:53.168+0000] {logging_mixin.py:188} INFO - [2026-08-07T21:27:53.166+0000] {dag.py:3089} INFO - Sync 1 DAGs
[2026-08-07T21:27:53.190+0000] {logging_mixin.py:188} INFO - [2026-08-07T21:27:53.190+0000] {dag.py:3947} INFO - Setting next_dagrun for nyc_taxi_ingest to None, run_after=None
[2026-08-07T21:27:53.216+0000] {processor.py:183} INFO - Processing /opt/airflow/dags/nyc_taxi_ingest.py took 0.916 seconds
[2026-08-07T21:28:23.600+0000] {processor.py:161} INFO - Started process (PID=76) to work on /opt/airflow/dags/nyc_taxi_ingest.py
[2026-08-07T21:28:23.602+0000] {processor.py:830} INFO - Processing file /opt/airflow/dags/nyc_taxi_ingest.py for tasks to queue
[2026-08-07T21:28:23.605+0000] {logging_mixin.py:188} INFO - [2026-08-07T21:28:23.604+0000] {dagbag.py:545} INFO - Filling up the DagBag from /opt/airflow/dags/nyc_taxi_ingest.py
[2026-08-07T21:28:24.509+0000] {processor.py:840} INFO - DAG(s) 'nyc_taxi_ingest' retrieved from /opt/airflow/dags/nyc_taxi_ingest.py
[2026-08-07T21:28:24.536+0000] {logging_mixin.py:188} INFO - [2026-08-07T21:28:24.535+0000] {dag.py:3089} INFO - Sync 1 DAGs
[2026-08-07T21:28:24.555+0000] {logging_mixin.py:188} INFO - [2026-08-07T21:28:24.554+0000] {dag.py:3947} INFO - Setting next_dagrun for nyc_taxi_ingest to None, run_after=None
[2026-08-07T21:28:24.575+0000] {processor.py:183} INFO - Processing /opt/airflow/dags/nyc_taxi_ingest.py took 0.987 seconds
[2026-08-07T21:28:54.930+0000] {processor.py:161} INFO - Started process (PID=78) to work on /opt/airflow/dags/nyc_taxi_ingest.py
[2026-08-07T21:28:54.933+0000] {processor.py:830} INFO - Processing file /opt/airflow/dags/nyc_taxi_ingest.py for tasks to queue
[2026-08-07T21:28:54.937+0000] {logging_mixin.py:188} INFO - [2026-08-07T21:28:54.936+0000] {dagbag.py:545} INFO - Filling up the DagBag from /opt/airflow/dags/nyc_taxi_ingest.py
[2026-08-07T21:28:55.659+0000] {processor.py:840} INFO - DAG(s) 'nyc_taxi_ingest' retrieved from /opt/airflow/dags/nyc_taxi_ingest.py
[2026-08-07T21:28:55.696+0000] {logging_mixin.py:188} INFO - [2026-08-07T21:28:55.695+0000] {dag.py:3089} INFO - Sync 1 DAGs
[2026-08-07T21:28:55.728+0000] {logging_mixin.py:188} INFO - [2026-08-07T21:28:55.727+0000] {dag.py:3947} INFO - Setting next_dagrun for nyc_taxi_ingest to None, run_after=None
[2026-08-07T21:28:55.756+0000] {processor.py:183} INFO - Processing /opt/airflow/dags/nyc_taxi_ingest.py took 0.834 seconds
[2026-08-07T21:29:26.181+0000] {processor.py:161} INFO - Started process (PID=80) to work on /opt/airflow/dags/nyc_taxi_ingest.py
[2026-08-07T21:29:26.184+0000] {processor.py:830} INFO - Processing file /opt/airflow/dags/nyc_taxi_ingest.py for tasks to queue
[2026-08-07T21:29:26.188+0000] {logging_mixin.py:188} INFO - [2026-08-07T21:29:26.188+0000] {dagbag.py:545} INFO - Filling up the DagBag from /opt/airflow/dags/nyc_taxi_ingest.py
[2026-08-07T21:29:27.048+0000] {processor.py:840} INFO - DAG(s) 'nyc_taxi_ingest' retrieved from /opt/airflow/dags/nyc_taxi_ingest.py
[2026-08-07T21:29:27.096+0000] {logging_mixin.py:188} INFO - [2026-08-07T21:29:27.095+0000] {dag.py:3089} INFO - Sync 1 DAGs
[2026-08-07T21:29:27.125+0000] {logging_mixin.py:188} INFO - [2026-08-07T21:29:27.123+0000] {dag.py:3947} INFO - Setting next_dagrun for nyc_taxi_ingest to None, run_after=None
[2026-08-07T21:29:27.151+0000] {processor.py:183} INFO - Processing /opt/airflow/dags/nyc_taxi_ingest.py took 0.983 seconds
[2026-08-07T21:29:57.484+0000] {processor.py:161} INFO - Started process (PID=82) to work on /opt/airflow/dags/nyc_taxi_ingest.py
[2026-08-07T21:29:57.487+0000] {processor.py:830} INFO - Processing file /opt/airflow/dags/nyc_taxi_ingest.py for tasks to queue
[2026-08-07T21:29:57.490+0000] {logging_mixin.py:188} INFO - [2026-08-07T21:29:57.490+0000] {dagbag.py:545} INFO - Filling up the DagBag from /opt/airflow/dags/nyc_taxi_ingest.py
[2026-08-07T21:29:58.294+0000] {processor.py:840} INFO - DAG(s) 'nyc_taxi_ingest' retrieved from /opt/airflow/dags/nyc_taxi_ingest.py
[2026-08-07T21:29:58.346+0000] {logging_mixin.py:188} INFO - [2026-08-07T21:29:58.345+0000] {dag.py:3089} INFO - Sync 1 DAGs
[2026-08-07T21:29:58.372+0000] {logging_mixin.py:188} INFO - [2026-08-07T21:29:58.372+0000] {dag.py:3947} INFO - Setting next_dagrun for nyc_taxi_ingest to None, run_after=None
[2026-08-07T21:29:58.392+0000] {processor.py:183} INFO - Processing /opt/airflow/dags/nyc_taxi_ingest.py took 0.917 seconds
