[2026-08-15T21:15:15.644+0000] {local_task_job_runner.py:120} INFO - ::group::Pre task execution logs
[2026-08-15T21:15:18.882+0000] {taskinstance.py:2076} INFO - Dependencies all met for dep_context=non-requeueable deps ti=<TaskInstance: nyc_taxi_ingest.load_bronze manual__2026-08-15T21:08:22.681733+00:00 [queued]>
[2026-08-15T21:15:18.905+0000] {taskinstance.py:2076} INFO - Dependencies all met for dep_context=requeueable deps ti=<TaskInstance: nyc_taxi_ingest.load_bronze manual__2026-08-15T21:08:22.681733+00:00 [queued]>
[2026-08-15T21:15:18.907+0000] {taskinstance.py:2306} INFO - Starting attempt 2 of 2
[2026-08-15T21:15:18.943+0000] {taskinstance.py:2330} INFO - Executing <Task(PythonOperator): load_bronze> on 2026-08-15 21:08:22.681733+00:00
[2026-08-15T21:15:18.962+0000] {warnings.py:112} WARNING - /home/***/.local/lib/python3.12/site-packages/***/task/task_runner/standard_task_runner.py:62: DeprecationWarning: This process (pid=144) is multi-threaded, use of fork() may lead to deadlocks in the child.
  pid = os.fork()

[2026-08-15T21:15:18.968+0000] {standard_task_runner.py:64} INFO - Started process 146 to run task
[2026-08-15T21:15:18.969+0000] {standard_task_runner.py:90} INFO - Running: ['***', 'tasks', 'run', 'nyc_taxi_ingest', 'load_bronze', 'manual__2026-08-15T21:08:22.681733+00:00', '--job-id', '16', '--raw', '--subdir', 'DAGS_FOLDER/nyc_taxi_ingest.py', '--cfg-path', '/tmp/tmpjyfouud9']
[2026-08-15T21:15:18.977+0000] {standard_task_runner.py:91} INFO - Job 16: Subtask load_bronze
[2026-08-15T21:15:19.153+0000] {task_command.py:426} INFO - Running <TaskInstance: nyc_taxi_ingest.load_bronze manual__2026-08-15T21:08:22.681733+00:00 [running]> on host ***-worker
[2026-08-15T21:15:19.367+0000] {taskinstance.py:2648} INFO - Exporting env vars: AIRFLOW_CTX_DAG_OWNER='aadya-anil-kumar' AIRFLOW_CTX_DAG_ID='nyc_taxi_ingest' AIRFLOW_CTX_TASK_ID='load_bronze' AIRFLOW_CTX_EXECUTION_DATE='2026-08-15T21:08:22.681733+00:00' AIRFLOW_CTX_TRY_NUMBER='2' AIRFLOW_CTX_DAG_RUN_ID='manual__2026-08-15T21:08:22.681733+00:00'
[2026-08-15T21:15:19.372+0000] {taskinstance.py:430} INFO - ::endgroup::
[2026-08-15T21:16:12.895+0000] {logging_mixin.py:188} INFO - ✅ Inserted 5000/2964624 rows
[2026-08-15T21:16:13.306+0000] {logging_mixin.py:188} INFO - ✅ Inserted 10000/2964624 rows
[2026-08-15T21:16:13.667+0000] {logging_mixin.py:188} INFO - ✅ Inserted 15000/2964624 rows
[2026-08-15T21:16:14.007+0000] {logging_mixin.py:188} INFO - ✅ Inserted 20000/2964624 rows
[2026-08-15T21:16:14.244+0000] {logging_mixin.py:188} INFO - ✅ Inserted 25000/2964624 rows
[2026-08-15T21:16:14.456+0000] {logging_mixin.py:188} INFO - ✅ Inserted 30000/2964624 rows
[2026-08-15T21:16:14.632+0000] {logging_mixin.py:188} INFO - ✅ Inserted 35000/2964624 rows
[2026-08-15T21:16:14.827+0000] {logging_mixin.py:188} INFO - ✅ Inserted 40000/2964624 rows
[2026-08-15T21:16:15.069+0000] {logging_mixin.py:188} INFO - ✅ Inserted 45000/2964624 rows
[2026-08-15T21:16:15.293+0000] {logging_mixin.py:188} INFO - ✅ Inserted 50000/2964624 rows
[2026-08-15T21:16:15.473+0000] {logging_mixin.py:188} INFO - ✅ Inserted 55000/2964624 rows
[2026-08-15T21:16:15.838+0000] {logging_mixin.py:188} INFO - ✅ Inserted 60000/2964624 rows
[2026-08-15T21:16:16.005+0000] {logging_mixin.py:188} INFO - ✅ Inserted 65000/2964624 rows
[2026-08-15T21:16:16.201+0000] {logging_mixin.py:188} INFO - ✅ Inserted 70000/2964624 rows
[2026-08-15T21:16:16.485+0000] {logging_mixin.py:188} INFO - ✅ Inserted 75000/2964624 rows
[2026-08-15T21:16:16.714+0000] {logging_mixin.py:188} INFO - ✅ Inserted 80000/2964624 rows
[2026-08-15T21:16:17.317+0000] {logging_mixin.py:188} INFO - ✅ Inserted 85000/2964624 rows
[2026-08-15T21:16:17.815+0000] {logging_mixin.py:188} INFO - ✅ Inserted 90000/2964624 rows
[2026-08-15T21:16:18.199+0000] {logging_mixin.py:188} INFO - ✅ Inserted 95000/2964624 rows
[2026-08-15T21:16:18.681+0000] {logging_mixin.py:188} INFO - ✅ Inserted 100000/2964624 rows
[2026-08-15T21:16:19.169+0000] {logging_mixin.py:188} INFO - ✅ Inserted 105000/2964624 rows
[2026-08-15T21:16:19.519+0000] {logging_mixin.py:188} INFO - ✅ Inserted 110000/2964624 rows
[2026-08-15T21:16:19.722+0000] {logging_mixin.py:188} INFO - ✅ Inserted 115000/2964624 rows
[2026-08-15T21:16:19.995+0000] {logging_mixin.py:188} INFO - ✅ Inserted 120000/2964624 rows
[2026-08-15T21:16:20.270+0000] {logging_mixin.py:188} INFO - ✅ Inserted 125000/2964624 rows
[2026-08-15T21:16:20.628+0000] {logging_mixin.py:188} INFO - ✅ Inserted 130000/2964624 rows
[2026-08-15T21:16:20.908+0000] {logging_mixin.py:188} INFO - ✅ Inserted 135000/2964624 rows
[2026-08-15T21:16:21.208+0000] {logging_mixin.py:188} INFO - ✅ Inserted 140000/2964624 rows
[2026-08-15T21:16:21.519+0000] {logging_mixin.py:188} INFO - ✅ Inserted 145000/2964624 rows
[2026-08-15T21:16:21.765+0000] {logging_mixin.py:188} INFO - ✅ Inserted 150000/2964624 rows
[2026-08-15T21:16:21.960+0000] {logging_mixin.py:188} INFO - ✅ Inserted 155000/2964624 rows
[2026-08-15T21:16:22.153+0000] {logging_mixin.py:188} INFO - ✅ Inserted 160000/2964624 rows
[2026-08-15T21:16:22.321+0000] {logging_mixin.py:188} INFO - ✅ Inserted 165000/2964624 rows
[2026-08-15T21:16:22.528+0000] {logging_mixin.py:188} INFO - ✅ Inserted 170000/2964624 rows
[2026-08-15T21:16:22.745+0000] {logging_mixin.py:188} INFO - ✅ Inserted 175000/2964624 rows
[2026-08-15T21:16:22.970+0000] {logging_mixin.py:188} INFO - ✅ Inserted 180000/2964624 rows
[2026-08-15T21:16:23.360+0000] {logging_mixin.py:188} INFO - ✅ Inserted 185000/2964624 rows
[2026-08-15T21:16:23.832+0000] {logging_mixin.py:188} INFO - ✅ Inserted 190000/2964624 rows
[2026-08-15T21:16:24.426+0000] {logging_mixin.py:188} INFO - ✅ Inserted 195000/2964624 rows
[2026-08-15T21:16:25.082+0000] {logging_mixin.py:188} INFO - ✅ Inserted 200000/2964624 rows
[2026-08-15T21:16:25.467+0000] {logging_mixin.py:188} INFO - ✅ Inserted 205000/2964624 rows
[2026-08-15T21:16:25.837+0000] {logging_mixin.py:188} INFO - ✅ Inserted 210000/2964624 rows
[2026-08-15T21:16:26.416+0000] {logging_mixin.py:188} INFO - ✅ Inserted 215000/2964624 rows
[2026-08-15T21:16:26.926+0000] {logging_mixin.py:188} INFO - ✅ Inserted 220000/2964624 rows
[2026-08-15T21:16:27.381+0000] {logging_mixin.py:188} INFO - ✅ Inserted 225000/2964624 rows
[2026-08-15T21:16:27.941+0000] {logging_mixin.py:188} INFO - ✅ Inserted 230000/2964624 rows
[2026-08-15T21:16:28.302+0000] {logging_mixin.py:188} INFO - ✅ Inserted 235000/2964624 rows
[2026-08-15T21:16:28.777+0000] {logging_mixin.py:188} INFO - ✅ Inserted 240000/2964624 rows
[2026-08-15T21:16:29.254+0000] {logging_mixin.py:188} INFO - ✅ Inserted 245000/2964624 rows
[2026-08-15T21:16:29.731+0000] {logging_mixin.py:188} INFO - ✅ Inserted 250000/2964624 rows
[2026-08-15T21:16:30.038+0000] {logging_mixin.py:188} INFO - ✅ Inserted 255000/2964624 rows
[2026-08-15T21:16:30.345+0000] {logging_mixin.py:188} INFO - ✅ Inserted 260000/2964624 rows
[2026-08-15T21:16:30.510+0000] {logging_mixin.py:188} INFO - ✅ Inserted 265000/2964624 rows
[2026-08-15T21:16:30.672+0000] {logging_mixin.py:188} INFO - ✅ Inserted 270000/2964624 rows
[2026-08-15T21:16:30.936+0000] {logging_mixin.py:188} INFO - ✅ Inserted 275000/2964624 rows
[2026-08-15T21:16:31.215+0000] {logging_mixin.py:188} INFO - ✅ Inserted 280000/2964624 rows
[2026-08-15T21:16:31.494+0000] {logging_mixin.py:188} INFO - ✅ Inserted 285000/2964624 rows
[2026-08-15T21:16:31.743+0000] {logging_mixin.py:188} INFO - ✅ Inserted 290000/2964624 rows
[2026-08-15T21:16:31.943+0000] {logging_mixin.py:188} INFO - ✅ Inserted 295000/2964624 rows
[2026-08-15T21:16:32.110+0000] {logging_mixin.py:188} INFO - ✅ Inserted 300000/2964624 rows
[2026-08-15T21:16:32.276+0000] {logging_mixin.py:188} INFO - ✅ Inserted 305000/2964624 rows
[2026-08-15T21:16:32.480+0000] {logging_mixin.py:188} INFO - ✅ Inserted 310000/2964624 rows
[2026-08-15T21:16:32.709+0000] {logging_mixin.py:188} INFO - ✅ Inserted 315000/2964624 rows
[2026-08-15T21:16:32.878+0000] {logging_mixin.py:188} INFO - ✅ Inserted 320000/2964624 rows
[2026-08-15T21:16:33.213+0000] {logging_mixin.py:188} INFO - ✅ Inserted 325000/2964624 rows
[2026-08-15T21:16:33.599+0000] {logging_mixin.py:188} INFO - ✅ Inserted 330000/2964624 rows
[2026-08-15T21:16:33.986+0000] {logging_mixin.py:188} INFO - ✅ Inserted 335000/2964624 rows
[2026-08-15T21:16:34.422+0000] {logging_mixin.py:188} INFO - ✅ Inserted 340000/2964624 rows
[2026-08-15T21:16:34.775+0000] {logging_mixin.py:188} INFO - ✅ Inserted 345000/2964624 rows
[2026-08-15T21:16:34.983+0000] {logging_mixin.py:188} INFO - ✅ Inserted 350000/2964624 rows
[2026-08-15T21:16:35.230+0000] {logging_mixin.py:188} INFO - ✅ Inserted 355000/2964624 rows
[2026-08-15T21:16:35.528+0000] {logging_mixin.py:188} INFO - ✅ Inserted 360000/2964624 rows
[2026-08-15T21:16:35.702+0000] {logging_mixin.py:188} INFO - ✅ Inserted 365000/2964624 rows
[2026-08-15T21:16:36.037+0000] {logging_mixin.py:188} INFO - ✅ Inserted 370000/2964624 rows
[2026-08-15T21:16:36.802+0000] {logging_mixin.py:188} INFO - ✅ Inserted 375000/2964624 rows
[2026-08-15T21:16:37.374+0000] {logging_mixin.py:188} INFO - ✅ Inserted 380000/2964624 rows
[2026-08-15T21:16:37.821+0000] {logging_mixin.py:188} INFO - ✅ Inserted 385000/2964624 rows
[2026-08-15T21:16:38.254+0000] {logging_mixin.py:188} INFO - ✅ Inserted 390000/2964624 rows
[2026-08-15T21:16:38.856+0000] {logging_mixin.py:188} INFO - ✅ Inserted 395000/2964624 rows
[2026-08-15T21:16:39.198+0000] {logging_mixin.py:188} INFO - ✅ Inserted 400000/2964624 rows
[2026-08-15T21:16:39.374+0000] {logging_mixin.py:188} INFO - ✅ Inserted 405000/2964624 rows
[2026-08-15T21:16:39.800+0000] {logging_mixin.py:188} INFO - ✅ Inserted 410000/2964624 rows
[2026-08-15T21:16:40.212+0000] {logging_mixin.py:188} INFO - ✅ Inserted 415000/2964624 rows
[2026-08-15T21:16:40.473+0000] {logging_mixin.py:188} INFO - ✅ Inserted 420000/2964624 rows
[2026-08-15T21:16:40.741+0000] {logging_mixin.py:188} INFO - ✅ Inserted 425000/2964624 rows
[2026-08-15T21:16:41.120+0000] {logging_mixin.py:188} INFO - ✅ Inserted 430000/2964624 rows
[2026-08-15T21:16:41.489+0000] {logging_mixin.py:188} INFO - ✅ Inserted 435000/2964624 rows
[2026-08-15T21:16:41.756+0000] {logging_mixin.py:188} INFO - ✅ Inserted 440000/2964624 rows
[2026-08-15T21:16:42.134+0000] {logging_mixin.py:188} INFO - ✅ Inserted 445000/2964624 rows
[2026-08-15T21:16:42.435+0000] {logging_mixin.py:188} INFO - ✅ Inserted 450000/2964624 rows
[2026-08-15T21:16:42.667+0000] {logging_mixin.py:188} INFO - ✅ Inserted 455000/2964624 rows
[2026-08-15T21:16:43.047+0000] {logging_mixin.py:188} INFO - ✅ Inserted 460000/2964624 rows
[2026-08-15T21:16:43.400+0000] {logging_mixin.py:188} INFO - ✅ Inserted 465000/2964624 rows
[2026-08-15T21:16:43.912+0000] {logging_mixin.py:188} INFO - ✅ Inserted 470000/2964624 rows
[2026-08-15T21:16:44.560+0000] {logging_mixin.py:188} INFO - ✅ Inserted 475000/2964624 rows
[2026-08-15T21:16:45.227+0000] {logging_mixin.py:188} INFO - ✅ Inserted 480000/2964624 rows
[2026-08-15T21:16:45.465+0000] {logging_mixin.py:188} INFO - ✅ Inserted 485000/2964624 rows
[2026-08-15T21:16:45.629+0000] {logging_mixin.py:188} INFO - ✅ Inserted 490000/2964624 rows
[2026-08-15T21:16:45.809+0000] {logging_mixin.py:188} INFO - ✅ Inserted 495000/2964624 rows
[2026-08-15T21:16:45.953+0000] {logging_mixin.py:188} INFO - ✅ Inserted 500000/2964624 rows
[2026-08-15T21:16:46.134+0000] {logging_mixin.py:188} INFO - ✅ Inserted 505000/2964624 rows
[2026-08-15T21:16:46.396+0000] {logging_mixin.py:188} INFO - ✅ Inserted 510000/2964624 rows
[2026-08-15T21:16:46.616+0000] {logging_mixin.py:188} INFO - ✅ Inserted 515000/2964624 rows
[2026-08-15T21:16:46.889+0000] {logging_mixin.py:188} INFO - ✅ Inserted 520000/2964624 rows
[2026-08-15T21:16:47.135+0000] {logging_mixin.py:188} INFO - ✅ Inserted 525000/2964624 rows
[2026-08-15T21:16:47.311+0000] {logging_mixin.py:188} INFO - ✅ Inserted 530000/2964624 rows
[2026-08-15T21:16:47.546+0000] {logging_mixin.py:188} INFO - ✅ Inserted 535000/2964624 rows
[2026-08-15T21:16:47.851+0000] {logging_mixin.py:188} INFO - ✅ Inserted 540000/2964624 rows
[2026-08-15T21:16:48.317+0000] {logging_mixin.py:188} INFO - ✅ Inserted 545000/2964624 rows
[2026-08-15T21:16:48.644+0000] {logging_mixin.py:188} INFO - ✅ Inserted 550000/2964624 rows
[2026-08-15T21:16:48.906+0000] {logging_mixin.py:188} INFO - ✅ Inserted 555000/2964624 rows
[2026-08-15T21:16:49.129+0000] {logging_mixin.py:188} INFO - ✅ Inserted 560000/2964624 rows
[2026-08-15T21:16:49.316+0000] {logging_mixin.py:188} INFO - ✅ Inserted 565000/2964624 rows
[2026-08-15T21:16:49.486+0000] {logging_mixin.py:188} INFO - ✅ Inserted 570000/2964624 rows
[2026-08-15T21:16:49.673+0000] {logging_mixin.py:188} INFO - ✅ Inserted 575000/2964624 rows
[2026-08-15T21:16:49.859+0000] {logging_mixin.py:188} INFO - ✅ Inserted 580000/2964624 rows
[2026-08-15T21:16:50.010+0000] {logging_mixin.py:188} INFO - ✅ Inserted 585000/2964624 rows
[2026-08-15T21:16:50.180+0000] {logging_mixin.py:188} INFO - ✅ Inserted 590000/2964624 rows
[2026-08-15T21:16:50.373+0000] {logging_mixin.py:188} INFO - ✅ Inserted 595000/2964624 rows
[2026-08-15T21:16:50.531+0000] {logging_mixin.py:188} INFO - ✅ Inserted 600000/2964624 rows
[2026-08-15T21:16:50.753+0000] {logging_mixin.py:188} INFO - ✅ Inserted 605000/2964624 rows
[2026-08-15T21:16:51.307+0000] {logging_mixin.py:188} INFO - ✅ Inserted 610000/2964624 rows
[2026-08-15T21:16:51.541+0000] {logging_mixin.py:188} INFO - ✅ Inserted 615000/2964624 rows
[2026-08-15T21:16:51.766+0000] {logging_mixin.py:188} INFO - ✅ Inserted 620000/2964624 rows
[2026-08-15T21:16:51.981+0000] {logging_mixin.py:188} INFO - ✅ Inserted 625000/2964624 rows
[2026-08-15T21:16:52.159+0000] {logging_mixin.py:188} INFO - ✅ Inserted 630000/2964624 rows
[2026-08-15T21:16:52.344+0000] {logging_mixin.py:188} INFO - ✅ Inserted 635000/2964624 rows
[2026-08-15T21:16:52.506+0000] {logging_mixin.py:188} INFO - ✅ Inserted 640000/2964624 rows
[2026-08-15T21:16:52.664+0000] {logging_mixin.py:188} INFO - ✅ Inserted 645000/2964624 rows
[2026-08-15T21:16:52.878+0000] {logging_mixin.py:188} INFO - ✅ Inserted 650000/2964624 rows
[2026-08-15T21:16:53.151+0000] {logging_mixin.py:188} INFO - ✅ Inserted 655000/2964624 rows
[2026-08-15T21:16:53.514+0000] {logging_mixin.py:188} INFO - ✅ Inserted 660000/2964624 rows
[2026-08-15T21:16:53.992+0000] {logging_mixin.py:188} INFO - ✅ Inserted 665000/2964624 rows
[2026-08-15T21:16:54.390+0000] {logging_mixin.py:188} INFO - ✅ Inserted 670000/2964624 rows
[2026-08-15T21:16:54.573+0000] {logging_mixin.py:188} INFO - ✅ Inserted 675000/2964624 rows
[2026-08-15T21:16:54.814+0000] {logging_mixin.py:188} INFO - ✅ Inserted 680000/2964624 rows
[2026-08-15T21:16:55.120+0000] {logging_mixin.py:188} INFO - ✅ Inserted 685000/2964624 rows
[2026-08-15T21:16:55.363+0000] {logging_mixin.py:188} INFO - ✅ Inserted 690000/2964624 rows
[2026-08-15T21:16:55.606+0000] {logging_mixin.py:188} INFO - ✅ Inserted 695000/2964624 rows
[2026-08-15T21:16:55.818+0000] {logging_mixin.py:188} INFO - ✅ Inserted 700000/2964624 rows
[2026-08-15T21:16:56.022+0000] {logging_mixin.py:188} INFO - ✅ Inserted 705000/2964624 rows
[2026-08-15T21:16:56.313+0000] {logging_mixin.py:188} INFO - ✅ Inserted 710000/2964624 rows
[2026-08-15T21:16:56.526+0000] {logging_mixin.py:188} INFO - ✅ Inserted 715000/2964624 rows
[2026-08-15T21:16:56.740+0000] {logging_mixin.py:188} INFO - ✅ Inserted 720000/2964624 rows
[2026-08-15T21:16:56.904+0000] {logging_mixin.py:188} INFO - ✅ Inserted 725000/2964624 rows
[2026-08-15T21:16:57.061+0000] {logging_mixin.py:188} INFO - ✅ Inserted 730000/2964624 rows
[2026-08-15T21:16:57.229+0000] {logging_mixin.py:188} INFO - ✅ Inserted 735000/2964624 rows
[2026-08-15T21:16:57.355+0000] {logging_mixin.py:188} INFO - ✅ Inserted 740000/2964624 rows
[2026-08-15T21:16:57.491+0000] {logging_mixin.py:188} INFO - ✅ Inserted 745000/2964624 rows
[2026-08-15T21:16:57.670+0000] {logging_mixin.py:188} INFO - ✅ Inserted 750000/2964624 rows
[2026-08-15T21:16:57.922+0000] {logging_mixin.py:188} INFO - ✅ Inserted 755000/2964624 rows
[2026-08-15T21:16:58.243+0000] {logging_mixin.py:188} INFO - ✅ Inserted 760000/2964624 rows
[2026-08-15T21:16:58.485+0000] {logging_mixin.py:188} INFO - ✅ Inserted 765000/2964624 rows
[2026-08-15T21:16:58.648+0000] {logging_mixin.py:188} INFO - ✅ Inserted 770000/2964624 rows
[2026-08-15T21:16:58.813+0000] {logging_mixin.py:188} INFO - ✅ Inserted 775000/2964624 rows
[2026-08-15T21:16:58.967+0000] {logging_mixin.py:188} INFO - ✅ Inserted 780000/2964624 rows
[2026-08-15T21:16:59.103+0000] {logging_mixin.py:188} INFO - ✅ Inserted 785000/2964624 rows
[2026-08-15T21:16:59.261+0000] {logging_mixin.py:188} INFO - ✅ Inserted 790000/2964624 rows
[2026-08-15T21:16:59.420+0000] {logging_mixin.py:188} INFO - ✅ Inserted 795000/2964624 rows
[2026-08-15T21:16:59.584+0000] {logging_mixin.py:188} INFO - ✅ Inserted 800000/2964624 rows
[2026-08-15T21:16:59.745+0000] {logging_mixin.py:188} INFO - ✅ Inserted 805000/2964624 rows
[2026-08-15T21:16:59.886+0000] {logging_mixin.py:188} INFO - ✅ Inserted 810000/2964624 rows
[2026-08-15T21:17:00.045+0000] {logging_mixin.py:188} INFO - ✅ Inserted 815000/2964624 rows
[2026-08-15T21:17:00.200+0000] {logging_mixin.py:188} INFO - ✅ Inserted 820000/2964624 rows
[2026-08-15T21:17:00.318+0000] {logging_mixin.py:188} INFO - ✅ Inserted 825000/2964624 rows
[2026-08-15T21:17:00.486+0000] {logging_mixin.py:188} INFO - ✅ Inserted 830000/2964624 rows
[2026-08-15T21:17:00.743+0000] {logging_mixin.py:188} INFO - ✅ Inserted 835000/2964624 rows
[2026-08-15T21:17:01.008+0000] {logging_mixin.py:188} INFO - ✅ Inserted 840000/2964624 rows
[2026-08-15T21:17:01.260+0000] {logging_mixin.py:188} INFO - ✅ Inserted 845000/2964624 rows
[2026-08-15T21:17:01.451+0000] {logging_mixin.py:188} INFO - ✅ Inserted 850000/2964624 rows
[2026-08-15T21:17:01.713+0000] {logging_mixin.py:188} INFO - ✅ Inserted 855000/2964624 rows
[2026-08-15T21:17:02.096+0000] {logging_mixin.py:188} INFO - ✅ Inserted 860000/2964624 rows
[2026-08-15T21:17:02.497+0000] {logging_mixin.py:188} INFO - ✅ Inserted 865000/2964624 rows
[2026-08-15T21:17:02.909+0000] {logging_mixin.py:188} INFO - ✅ Inserted 870000/2964624 rows
[2026-08-15T21:17:03.575+0000] {logging_mixin.py:188} INFO - ✅ Inserted 875000/2964624 rows
[2026-08-15T21:17:04.194+0000] {logging_mixin.py:188} INFO - ✅ Inserted 880000/2964624 rows
[2026-08-15T21:17:04.772+0000] {logging_mixin.py:188} INFO - ✅ Inserted 885000/2964624 rows
[2026-08-15T21:17:05.246+0000] {logging_mixin.py:188} INFO - ✅ Inserted 890000/2964624 rows
[2026-08-15T21:17:05.807+0000] {logging_mixin.py:188} INFO - ✅ Inserted 895000/2964624 rows
[2026-08-15T21:17:06.070+0000] {logging_mixin.py:188} INFO - ✅ Inserted 900000/2964624 rows
[2026-08-15T21:17:06.494+0000] {logging_mixin.py:188} INFO - ✅ Inserted 905000/2964624 rows
[2026-08-15T21:17:06.835+0000] {logging_mixin.py:188} INFO - ✅ Inserted 910000/2964624 rows
[2026-08-15T21:17:07.132+0000] {logging_mixin.py:188} INFO - ✅ Inserted 915000/2964624 rows
[2026-08-15T21:17:07.507+0000] {logging_mixin.py:188} INFO - ✅ Inserted 920000/2964624 rows
[2026-08-15T21:17:08.127+0000] {logging_mixin.py:188} INFO - ✅ Inserted 925000/2964624 rows
[2026-08-15T21:17:08.862+0000] {logging_mixin.py:188} INFO - ✅ Inserted 930000/2964624 rows
[2026-08-15T21:17:09.663+0000] {logging_mixin.py:188} INFO - ✅ Inserted 935000/2964624 rows
[2026-08-15T21:17:10.024+0000] {logging_mixin.py:188} INFO - ✅ Inserted 940000/2964624 rows
[2026-08-15T21:17:10.310+0000] {logging_mixin.py:188} INFO - ✅ Inserted 945000/2964624 rows
[2026-08-15T21:17:10.587+0000] {logging_mixin.py:188} INFO - ✅ Inserted 950000/2964624 rows
[2026-08-15T21:17:10.828+0000] {logging_mixin.py:188} INFO - ✅ Inserted 955000/2964624 rows
[2026-08-15T21:17:11.067+0000] {logging_mixin.py:188} INFO - ✅ Inserted 960000/2964624 rows
[2026-08-15T21:17:11.273+0000] {logging_mixin.py:188} INFO - ✅ Inserted 965000/2964624 rows
[2026-08-15T21:17:11.465+0000] {logging_mixin.py:188} INFO - ✅ Inserted 970000/2964624 rows
[2026-08-15T21:17:11.700+0000] {logging_mixin.py:188} INFO - ✅ Inserted 975000/2964624 rows
[2026-08-15T21:17:11.869+0000] {logging_mixin.py:188} INFO - ✅ Inserted 980000/2964624 rows
[2026-08-15T21:17:12.065+0000] {logging_mixin.py:188} INFO - ✅ Inserted 985000/2964624 rows
[2026-08-15T21:17:12.262+0000] {logging_mixin.py:188} INFO - ✅ Inserted 990000/2964624 rows
[2026-08-15T21:17:12.455+0000] {logging_mixin.py:188} INFO - ✅ Inserted 995000/2964624 rows
[2026-08-15T21:17:12.629+0000] {logging_mixin.py:188} INFO - ✅ Inserted 1000000/2964624 rows
[2026-08-15T21:17:12.856+0000] {logging_mixin.py:188} INFO - ✅ Inserted 1005000/2964624 rows
[2026-08-15T21:17:13.158+0000] {logging_mixin.py:188} INFO - ✅ Inserted 1010000/2964624 rows
[2026-08-15T21:17:13.697+0000] {logging_mixin.py:188} INFO - ✅ Inserted 1015000/2964624 rows
[2026-08-15T21:17:14.179+0000] {logging_mixin.py:188} INFO - ✅ Inserted 1020000/2964624 rows
[2026-08-15T21:17:14.862+0000] {logging_mixin.py:188} INFO - ✅ Inserted 1025000/2964624 rows
[2026-08-15T21:17:15.559+0000] {logging_mixin.py:188} INFO - ✅ Inserted 1030000/2964624 rows
[2026-08-15T21:17:16.061+0000] {logging_mixin.py:188} INFO - ✅ Inserted 1035000/2964624 rows
[2026-08-15T21:17:16.459+0000] {logging_mixin.py:188} INFO - ✅ Inserted 1040000/2964624 rows
[2026-08-15T21:17:17.052+0000] {logging_mixin.py:188} INFO - ✅ Inserted 1045000/2964624 rows
[2026-08-15T21:17:17.526+0000] {logging_mixin.py:188} INFO - ✅ Inserted 1050000/2964624 rows
[2026-08-15T21:17:18.132+0000] {logging_mixin.py:188} INFO - ✅ Inserted 1055000/2964624 rows
[2026-08-15T21:17:18.770+0000] {logging_mixin.py:188} INFO - ✅ Inserted 1060000/2964624 rows
[2026-08-15T21:17:19.220+0000] {logging_mixin.py:188} INFO - ✅ Inserted 1065000/2964624 rows
[2026-08-15T21:17:19.654+0000] {logging_mixin.py:188} INFO - ✅ Inserted 1070000/2964624 rows
[2026-08-15T21:17:20.019+0000] {logging_mixin.py:188} INFO - ✅ Inserted 1075000/2964624 rows
[2026-08-15T21:17:20.362+0000] {logging_mixin.py:188} INFO - ✅ Inserted 1080000/2964624 rows
[2026-08-15T21:17:21.172+0000] {logging_mixin.py:188} INFO - ✅ Inserted 1085000/2964624 rows
[2026-08-15T21:17:22.016+0000] {logging_mixin.py:188} INFO - ✅ Inserted 1090000/2964624 rows
[2026-08-15T21:17:22.573+0000] {logging_mixin.py:188} INFO - ✅ Inserted 1095000/2964624 rows
[2026-08-15T21:17:23.426+0000] {logging_mixin.py:188} INFO - ✅ Inserted 1100000/2964624 rows
[2026-08-15T21:17:24.386+0000] {logging_mixin.py:188} INFO - ✅ Inserted 1105000/2964624 rows
[2026-08-15T21:17:25.262+0000] {logging_mixin.py:188} INFO - ✅ Inserted 1110000/2964624 rows
[2026-08-15T21:17:26.132+0000] {logging_mixin.py:188} INFO - ✅ Inserted 1115000/2964624 rows
[2026-08-15T21:17:27.137+0000] {logging_mixin.py:188} INFO - ✅ Inserted 1120000/2964624 rows
[2026-08-15T21:17:27.742+0000] {logging_mixin.py:188} INFO - ✅ Inserted 1125000/2964624 rows
[2026-08-15T21:17:28.434+0000] {logging_mixin.py:188} INFO - ✅ Inserted 1130000/2964624 rows
[2026-08-15T21:17:29.124+0000] {logging_mixin.py:188} INFO - ✅ Inserted 1135000/2964624 rows
[2026-08-15T21:17:29.942+0000] {logging_mixin.py:188} INFO - ✅ Inserted 1140000/2964624 rows
[2026-08-15T21:17:30.784+0000] {logging_mixin.py:188} INFO - ✅ Inserted 1145000/2964624 rows
[2026-08-15T21:17:31.353+0000] {logging_mixin.py:188} INFO - ✅ Inserted 1150000/2964624 rows
[2026-08-15T21:17:31.988+0000] {logging_mixin.py:188} INFO - ✅ Inserted 1155000/2964624 rows
[2026-08-15T21:17:33.028+0000] {logging_mixin.py:188} INFO - ✅ Inserted 1160000/2964624 rows
[2026-08-15T21:17:33.769+0000] {logging_mixin.py:188} INFO - ✅ Inserted 1165000/2964624 rows
[2026-08-15T21:17:34.481+0000] {logging_mixin.py:188} INFO - ✅ Inserted 1170000/2964624 rows
[2026-08-15T21:17:35.428+0000] {logging_mixin.py:188} INFO - ✅ Inserted 1175000/2964624 rows
[2026-08-15T21:17:35.901+0000] {logging_mixin.py:188} INFO - ✅ Inserted 1180000/2964624 rows
[2026-08-15T21:17:36.442+0000] {logging_mixin.py:188} INFO - ✅ Inserted 1185000/2964624 rows
[2026-08-15T21:17:37.022+0000] {logging_mixin.py:188} INFO - ✅ Inserted 1190000/2964624 rows
[2026-08-15T21:17:37.881+0000] {logging_mixin.py:188} INFO - ✅ Inserted 1195000/2964624 rows
[2026-08-15T21:17:39.298+0000] {logging_mixin.py:188} INFO - ✅ Inserted 1200000/2964624 rows
[2026-08-15T21:17:40.106+0000] {logging_mixin.py:188} INFO - ✅ Inserted 1205000/2964624 rows
[2026-08-15T21:17:41.072+0000] {logging_mixin.py:188} INFO - ✅ Inserted 1210000/2964624 rows
[2026-08-15T21:17:41.905+0000] {logging_mixin.py:188} INFO - ✅ Inserted 1215000/2964624 rows
[2026-08-15T21:17:42.771+0000] {logging_mixin.py:188} INFO - ✅ Inserted 1220000/2964624 rows
[2026-08-15T21:17:43.416+0000] {logging_mixin.py:188} INFO - ✅ Inserted 1225000/2964624 rows
[2026-08-15T21:17:43.925+0000] {logging_mixin.py:188} INFO - ✅ Inserted 1230000/2964624 rows
[2026-08-15T21:17:44.353+0000] {logging_mixin.py:188} INFO - ✅ Inserted 1235000/2964624 rows
[2026-08-15T21:17:44.977+0000] {logging_mixin.py:188} INFO - ✅ Inserted 1240000/2964624 rows
[2026-08-15T21:17:45.665+0000] {logging_mixin.py:188} INFO - ✅ Inserted 1245000/2964624 rows
[2026-08-15T21:17:46.089+0000] {logging_mixin.py:188} INFO - ✅ Inserted 1250000/2964624 rows
[2026-08-15T21:17:46.696+0000] {logging_mixin.py:188} INFO - ✅ Inserted 1255000/2964624 rows
[2026-08-15T21:17:47.317+0000] {logging_mixin.py:188} INFO - ✅ Inserted 1260000/2964624 rows
[2026-08-15T21:17:47.927+0000] {logging_mixin.py:188} INFO - ✅ Inserted 1265000/2964624 rows
[2026-08-15T21:17:48.427+0000] {logging_mixin.py:188} INFO - ✅ Inserted 1270000/2964624 rows
[2026-08-15T21:17:48.862+0000] {logging_mixin.py:188} INFO - ✅ Inserted 1275000/2964624 rows
[2026-08-15T21:17:49.218+0000] {logging_mixin.py:188} INFO - ✅ Inserted 1280000/2964624 rows
[2026-08-15T21:17:49.544+0000] {logging_mixin.py:188} INFO - ✅ Inserted 1285000/2964624 rows
[2026-08-15T21:17:50.077+0000] {logging_mixin.py:188} INFO - ✅ Inserted 1290000/2964624 rows
[2026-08-15T21:17:50.511+0000] {logging_mixin.py:188} INFO - ✅ Inserted 1295000/2964624 rows
[2026-08-15T21:17:51.289+0000] {logging_mixin.py:188} INFO - ✅ Inserted 1300000/2964624 rows
[2026-08-15T21:17:52.167+0000] {logging_mixin.py:188} INFO - ✅ Inserted 1305000/2964624 rows
[2026-08-15T21:17:53.192+0000] {logging_mixin.py:188} INFO - ✅ Inserted 1310000/2964624 rows
[2026-08-15T21:17:54.041+0000] {logging_mixin.py:188} INFO - ✅ Inserted 1315000/2964624 rows
[2026-08-15T21:17:54.654+0000] {logging_mixin.py:188} INFO - ✅ Inserted 1320000/2964624 rows
[2026-08-15T21:17:55.326+0000] {logging_mixin.py:188} INFO - ✅ Inserted 1325000/2964624 rows
[2026-08-15T21:17:56.290+0000] {logging_mixin.py:188} INFO - ✅ Inserted 1330000/2964624 rows
[2026-08-15T21:17:57.148+0000] {logging_mixin.py:188} INFO - ✅ Inserted 1335000/2964624 rows
[2026-08-15T21:17:58.243+0000] {logging_mixin.py:188} INFO - ✅ Inserted 1340000/2964624 rows
[2026-08-15T21:17:58.820+0000] {logging_mixin.py:188} INFO - ✅ Inserted 1345000/2964624 rows
[2026-08-15T21:17:59.307+0000] {logging_mixin.py:188} INFO - ✅ Inserted 1350000/2964624 rows
[2026-08-15T21:17:59.598+0000] {logging_mixin.py:188} INFO - ✅ Inserted 1355000/2964624 rows
[2026-08-15T21:17:59.925+0000] {logging_mixin.py:188} INFO - ✅ Inserted 1360000/2964624 rows
[2026-08-15T21:18:00.323+0000] {logging_mixin.py:188} INFO - ✅ Inserted 1365000/2964624 rows
[2026-08-15T21:18:00.743+0000] {logging_mixin.py:188} INFO - ✅ Inserted 1370000/2964624 rows
[2026-08-15T21:18:01.174+0000] {logging_mixin.py:188} INFO - ✅ Inserted 1375000/2964624 rows
[2026-08-15T21:18:01.776+0000] {logging_mixin.py:188} INFO - ✅ Inserted 1380000/2964624 rows
[2026-08-15T21:18:02.278+0000] {logging_mixin.py:188} INFO - ✅ Inserted 1385000/2964624 rows
[2026-08-15T21:18:03.030+0000] {logging_mixin.py:188} INFO - ✅ Inserted 1390000/2964624 rows
[2026-08-15T21:18:03.970+0000] {logging_mixin.py:188} INFO - ✅ Inserted 1395000/2964624 rows
[2026-08-15T21:18:04.547+0000] {logging_mixin.py:188} INFO - ✅ Inserted 1400000/2964624 rows
[2026-08-15T21:18:04.833+0000] {logging_mixin.py:188} INFO - ✅ Inserted 1405000/2964624 rows
[2026-08-15T21:18:05.099+0000] {logging_mixin.py:188} INFO - ✅ Inserted 1410000/2964624 rows
[2026-08-15T21:18:05.335+0000] {logging_mixin.py:188} INFO - ✅ Inserted 1415000/2964624 rows
[2026-08-15T21:18:05.776+0000] {logging_mixin.py:188} INFO - ✅ Inserted 1420000/2964624 rows
[2026-08-15T21:18:06.123+0000] {logging_mixin.py:188} INFO - ✅ Inserted 1425000/2964624 rows
[2026-08-15T21:18:07.342+0000] {logging_mixin.py:188} INFO - ✅ Inserted 1430000/2964624 rows
[2026-08-15T21:18:07.785+0000] {logging_mixin.py:188} INFO - ✅ Inserted 1435000/2964624 rows
[2026-08-15T21:18:08.238+0000] {logging_mixin.py:188} INFO - ✅ Inserted 1440000/2964624 rows
[2026-08-15T21:18:08.815+0000] {logging_mixin.py:188} INFO - ✅ Inserted 1445000/2964624 rows
[2026-08-15T21:18:09.389+0000] {logging_mixin.py:188} INFO - ✅ Inserted 1450000/2964624 rows
[2026-08-15T21:18:09.745+0000] {logging_mixin.py:188} INFO - ✅ Inserted 1455000/2964624 rows
[2026-08-15T21:18:10.009+0000] {logging_mixin.py:188} INFO - ✅ Inserted 1460000/2964624 rows
[2026-08-15T21:18:10.216+0000] {logging_mixin.py:188} INFO - ✅ Inserted 1465000/2964624 rows
[2026-08-15T21:18:10.370+0000] {logging_mixin.py:188} INFO - ✅ Inserted 1470000/2964624 rows
[2026-08-15T21:18:10.538+0000] {logging_mixin.py:188} INFO - ✅ Inserted 1475000/2964624 rows
[2026-08-15T21:18:10.697+0000] {logging_mixin.py:188} INFO - ✅ Inserted 1480000/2964624 rows
[2026-08-15T21:18:10.836+0000] {logging_mixin.py:188} INFO - ✅ Inserted 1485000/2964624 rows
[2026-08-15T21:18:10.956+0000] {logging_mixin.py:188} INFO - ✅ Inserted 1490000/2964624 rows
[2026-08-15T21:18:11.128+0000] {logging_mixin.py:188} INFO - ✅ Inserted 1495000/2964624 rows
[2026-08-15T21:18:11.241+0000] {logging_mixin.py:188} INFO - ✅ Inserted 1500000/2964624 rows
[2026-08-15T21:18:11.509+0000] {logging_mixin.py:188} INFO - ✅ Inserted 1505000/2964624 rows
[2026-08-15T21:18:11.796+0000] {logging_mixin.py:188} INFO - ✅ Inserted 1510000/2964624 rows
[2026-08-15T21:18:11.971+0000] {logging_mixin.py:188} INFO - ✅ Inserted 1515000/2964624 rows
[2026-08-15T21:18:12.217+0000] {logging_mixin.py:188} INFO - ✅ Inserted 1520000/2964624 rows
[2026-08-15T21:18:12.426+0000] {logging_mixin.py:188} INFO - ✅ Inserted 1525000/2964624 rows
[2026-08-15T21:18:12.592+0000] {logging_mixin.py:188} INFO - ✅ Inserted 1530000/2964624 rows
[2026-08-15T21:18:12.839+0000] {logging_mixin.py:188} INFO - ✅ Inserted 1535000/2964624 rows
[2026-08-15T21:18:13.048+0000] {logging_mixin.py:188} INFO - ✅ Inserted 1540000/2964624 rows
[2026-08-15T21:18:13.235+0000] {logging_mixin.py:188} INFO - ✅ Inserted 1545000/2964624 rows
[2026-08-15T21:18:13.428+0000] {logging_mixin.py:188} INFO - ✅ Inserted 1550000/2964624 rows
[2026-08-15T21:18:13.581+0000] {logging_mixin.py:188} INFO - ✅ Inserted 1555000/2964624 rows
[2026-08-15T21:18:13.737+0000] {logging_mixin.py:188} INFO - ✅ Inserted 1560000/2964624 rows
[2026-08-15T21:18:13.887+0000] {logging_mixin.py:188} INFO - ✅ Inserted 1565000/2964624 rows
[2026-08-15T21:18:14.062+0000] {logging_mixin.py:188} INFO - ✅ Inserted 1570000/2964624 rows
[2026-08-15T21:18:14.201+0000] {logging_mixin.py:188} INFO - ✅ Inserted 1575000/2964624 rows
[2026-08-15T21:18:14.442+0000] {logging_mixin.py:188} INFO - ✅ Inserted 1580000/2964624 rows
[2026-08-15T21:18:14.751+0000] {logging_mixin.py:188} INFO - ✅ Inserted 1585000/2964624 rows
[2026-08-15T21:18:14.902+0000] {logging_mixin.py:188} INFO - ✅ Inserted 1590000/2964624 rows
[2026-08-15T21:18:15.088+0000] {logging_mixin.py:188} INFO - ✅ Inserted 1595000/2964624 rows
[2026-08-15T21:18:15.247+0000] {logging_mixin.py:188} INFO - ✅ Inserted 1600000/2964624 rows
[2026-08-15T21:18:15.373+0000] {logging_mixin.py:188} INFO - ✅ Inserted 1605000/2964624 rows
[2026-08-15T21:18:15.514+0000] {logging_mixin.py:188} INFO - ✅ Inserted 1610000/2964624 rows
[2026-08-15T21:18:15.623+0000] {logging_mixin.py:188} INFO - ✅ Inserted 1615000/2964624 rows
[2026-08-15T21:18:15.774+0000] {logging_mixin.py:188} INFO - ✅ Inserted 1620000/2964624 rows
[2026-08-15T21:18:15.880+0000] {logging_mixin.py:188} INFO - ✅ Inserted 1625000/2964624 rows
[2026-08-15T21:18:15.989+0000] {logging_mixin.py:188} INFO - ✅ Inserted 1630000/2964624 rows
[2026-08-15T21:18:16.119+0000] {logging_mixin.py:188} INFO - ✅ Inserted 1635000/2964624 rows
[2026-08-15T21:18:16.232+0000] {logging_mixin.py:188} INFO - ✅ Inserted 1640000/2964624 rows
[2026-08-15T21:18:16.376+0000] {logging_mixin.py:188} INFO - ✅ Inserted 1645000/2964624 rows
[2026-08-15T21:18:16.517+0000] {logging_mixin.py:188} INFO - ✅ Inserted 1650000/2964624 rows
[2026-08-15T21:18:16.664+0000] {logging_mixin.py:188} INFO - ✅ Inserted 1655000/2964624 rows
[2026-08-15T21:18:16.799+0000] {logging_mixin.py:188} INFO - ✅ Inserted 1660000/2964624 rows
[2026-08-15T21:18:16.986+0000] {logging_mixin.py:188} INFO - ✅ Inserted 1665000/2964624 rows
[2026-08-15T21:18:17.209+0000] {logging_mixin.py:188} INFO - ✅ Inserted 1670000/2964624 rows
[2026-08-15T21:18:17.402+0000] {logging_mixin.py:188} INFO - ✅ Inserted 1675000/2964624 rows
[2026-08-15T21:18:17.507+0000] {logging_mixin.py:188} INFO - ✅ Inserted 1680000/2964624 rows
[2026-08-15T21:18:17.707+0000] {logging_mixin.py:188} INFO - ✅ Inserted 1685000/2964624 rows
[2026-08-15T21:18:17.897+0000] {logging_mixin.py:188} INFO - ✅ Inserted 1690000/2964624 rows
[2026-08-15T21:18:18.101+0000] {logging_mixin.py:188} INFO - ✅ Inserted 1695000/2964624 rows
[2026-08-15T21:18:18.515+0000] {logging_mixin.py:188} INFO - ✅ Inserted 1700000/2964624 rows
[2026-08-15T21:18:18.964+0000] {logging_mixin.py:188} INFO - ✅ Inserted 1705000/2964624 rows
[2026-08-15T21:18:19.350+0000] {logging_mixin.py:188} INFO - ✅ Inserted 1710000/2964624 rows
[2026-08-15T21:18:19.679+0000] {logging_mixin.py:188} INFO - ✅ Inserted 1715000/2964624 rows
[2026-08-15T21:18:19.923+0000] {logging_mixin.py:188} INFO - ✅ Inserted 1720000/2964624 rows
[2026-08-15T21:18:20.119+0000] {logging_mixin.py:188} INFO - ✅ Inserted 1725000/2964624 rows
[2026-08-15T21:18:20.270+0000] {logging_mixin.py:188} INFO - ✅ Inserted 1730000/2964624 rows
[2026-08-15T21:18:20.434+0000] {logging_mixin.py:188} INFO - ✅ Inserted 1735000/2964624 rows
[2026-08-15T21:18:20.607+0000] {logging_mixin.py:188} INFO - ✅ Inserted 1740000/2964624 rows
[2026-08-15T21:18:20.739+0000] {logging_mixin.py:188} INFO - ✅ Inserted 1745000/2964624 rows
[2026-08-15T21:18:20.946+0000] {logging_mixin.py:188} INFO - ✅ Inserted 1750000/2964624 rows
[2026-08-15T21:18:21.138+0000] {logging_mixin.py:188} INFO - ✅ Inserted 1755000/2964624 rows
[2026-08-15T21:18:21.270+0000] {logging_mixin.py:188} INFO - ✅ Inserted 1760000/2964624 rows
[2026-08-15T21:18:21.401+0000] {logging_mixin.py:188} INFO - ✅ Inserted 1765000/2964624 rows
[2026-08-15T21:18:21.547+0000] {logging_mixin.py:188} INFO - ✅ Inserted 1770000/2964624 rows
[2026-08-15T21:18:21.726+0000] {logging_mixin.py:188} INFO - ✅ Inserted 1775000/2964624 rows
[2026-08-15T21:18:21.866+0000] {logging_mixin.py:188} INFO - ✅ Inserted 1780000/2964624 rows
[2026-08-15T21:18:22.032+0000] {logging_mixin.py:188} INFO - ✅ Inserted 1785000/2964624 rows
[2026-08-15T21:18:22.145+0000] {logging_mixin.py:188} INFO - ✅ Inserted 1790000/2964624 rows
[2026-08-15T21:18:22.318+0000] {logging_mixin.py:188} INFO - ✅ Inserted 1795000/2964624 rows
[2026-08-15T21:18:22.472+0000] {logging_mixin.py:188} INFO - ✅ Inserted 1800000/2964624 rows
[2026-08-15T21:18:22.809+0000] {logging_mixin.py:188} INFO - ✅ Inserted 1805000/2964624 rows
[2026-08-15T21:18:22.979+0000] {logging_mixin.py:188} INFO - ✅ Inserted 1810000/2964624 rows
[2026-08-15T21:18:23.120+0000] {logging_mixin.py:188} INFO - ✅ Inserted 1815000/2964624 rows
[2026-08-15T21:18:23.226+0000] {logging_mixin.py:188} INFO - ✅ Inserted 1820000/2964624 rows
[2026-08-15T21:18:23.335+0000] {logging_mixin.py:188} INFO - ✅ Inserted 1825000/2964624 rows
[2026-08-15T21:18:23.474+0000] {logging_mixin.py:188} INFO - ✅ Inserted 1830000/2964624 rows
[2026-08-15T21:18:23.627+0000] {logging_mixin.py:188} INFO - ✅ Inserted 1835000/2964624 rows
[2026-08-15T21:18:23.828+0000] {logging_mixin.py:188} INFO - ✅ Inserted 1840000/2964624 rows
[2026-08-15T21:18:23.973+0000] {logging_mixin.py:188} INFO - ✅ Inserted 1845000/2964624 rows
[2026-08-15T21:18:24.074+0000] {logging_mixin.py:188} INFO - ✅ Inserted 1850000/2964624 rows
[2026-08-15T21:18:24.186+0000] {logging_mixin.py:188} INFO - ✅ Inserted 1855000/2964624 rows
[2026-08-15T21:18:24.354+0000] {logging_mixin.py:188} INFO - ✅ Inserted 1860000/2964624 rows
[2026-08-15T21:18:24.531+0000] {logging_mixin.py:188} INFO - ✅ Inserted 1865000/2964624 rows
[2026-08-15T21:18:24.876+0000] {logging_mixin.py:188} INFO - ✅ Inserted 1870000/2964624 rows
[2026-08-15T21:18:25.120+0000] {logging_mixin.py:188} INFO - ✅ Inserted 1875000/2964624 rows
[2026-08-15T21:18:25.285+0000] {logging_mixin.py:188} INFO - ✅ Inserted 1880000/2964624 rows
[2026-08-15T21:18:25.457+0000] {logging_mixin.py:188} INFO - ✅ Inserted 1885000/2964624 rows
[2026-08-15T21:18:25.589+0000] {logging_mixin.py:188} INFO - ✅ Inserted 1890000/2964624 rows
[2026-08-15T21:18:25.798+0000] {logging_mixin.py:188} INFO - ✅ Inserted 1895000/2964624 rows
[2026-08-15T21:18:25.953+0000] {logging_mixin.py:188} INFO - ✅ Inserted 1900000/2964624 rows
[2026-08-15T21:18:26.095+0000] {logging_mixin.py:188} INFO - ✅ Inserted 1905000/2964624 rows
[2026-08-15T21:18:26.271+0000] {logging_mixin.py:188} INFO - ✅ Inserted 1910000/2964624 rows
[2026-08-15T21:18:26.474+0000] {logging_mixin.py:188} INFO - ✅ Inserted 1915000/2964624 rows
[2026-08-15T21:18:26.617+0000] {logging_mixin.py:188} INFO - ✅ Inserted 1920000/2964624 rows
[2026-08-15T21:18:26.782+0000] {logging_mixin.py:188} INFO - ✅ Inserted 1925000/2964624 rows
[2026-08-15T21:18:26.957+0000] {logging_mixin.py:188} INFO - ✅ Inserted 1930000/2964624 rows
[2026-08-15T21:18:27.081+0000] {logging_mixin.py:188} INFO - ✅ Inserted 1935000/2964624 rows
[2026-08-15T21:18:27.208+0000] {logging_mixin.py:188} INFO - ✅ Inserted 1940000/2964624 rows
[2026-08-15T21:18:27.310+0000] {logging_mixin.py:188} INFO - ✅ Inserted 1945000/2964624 rows
[2026-08-15T21:18:27.434+0000] {logging_mixin.py:188} INFO - ✅ Inserted 1950000/2964624 rows
[2026-08-15T21:18:27.512+0000] {logging_mixin.py:188} INFO - ✅ Inserted 1955000/2964624 rows
[2026-08-15T21:18:27.610+0000] {logging_mixin.py:188} INFO - ✅ Inserted 1960000/2964624 rows
[2026-08-15T21:18:27.689+0000] {logging_mixin.py:188} INFO - ✅ Inserted 1965000/2964624 rows
[2026-08-15T21:18:27.765+0000] {logging_mixin.py:188} INFO - ✅ Inserted 1970000/2964624 rows
[2026-08-15T21:18:27.953+0000] {logging_mixin.py:188} INFO - ✅ Inserted 1975000/2964624 rows
[2026-08-15T21:18:28.180+0000] {logging_mixin.py:188} INFO - ✅ Inserted 1980000/2964624 rows
[2026-08-15T21:18:28.415+0000] {logging_mixin.py:188} INFO - ✅ Inserted 1985000/2964624 rows
[2026-08-15T21:18:28.659+0000] {logging_mixin.py:188} INFO - ✅ Inserted 1990000/2964624 rows
[2026-08-15T21:18:28.950+0000] {logging_mixin.py:188} INFO - ✅ Inserted 1995000/2964624 rows
[2026-08-15T21:18:29.205+0000] {logging_mixin.py:188} INFO - ✅ Inserted 2000000/2964624 rows
[2026-08-15T21:18:29.546+0000] {logging_mixin.py:188} INFO - ✅ Inserted 2005000/2964624 rows
[2026-08-15T21:18:29.699+0000] {logging_mixin.py:188} INFO - ✅ Inserted 2010000/2964624 rows
[2026-08-15T21:18:29.875+0000] {logging_mixin.py:188} INFO - ✅ Inserted 2015000/2964624 rows
[2026-08-15T21:18:30.032+0000] {logging_mixin.py:188} INFO - ✅ Inserted 2020000/2964624 rows
[2026-08-15T21:18:30.132+0000] {logging_mixin.py:188} INFO - ✅ Inserted 2025000/2964624 rows
[2026-08-15T21:18:30.308+0000] {logging_mixin.py:188} INFO - ✅ Inserted 2030000/2964624 rows
[2026-08-15T21:18:30.459+0000] {logging_mixin.py:188} INFO - ✅ Inserted 2035000/2964624 rows
[2026-08-15T21:18:30.622+0000] {logging_mixin.py:188} INFO - ✅ Inserted 2040000/2964624 rows
[2026-08-15T21:18:30.776+0000] {logging_mixin.py:188} INFO - ✅ Inserted 2045000/2964624 rows
[2026-08-15T21:18:31.073+0000] {logging_mixin.py:188} INFO - ✅ Inserted 2050000/2964624 rows
[2026-08-15T21:18:31.246+0000] {logging_mixin.py:188} INFO - ✅ Inserted 2055000/2964624 rows
[2026-08-15T21:18:31.716+0000] {logging_mixin.py:188} INFO - ✅ Inserted 2060000/2964624 rows
[2026-08-15T21:18:32.148+0000] {logging_mixin.py:188} INFO - ✅ Inserted 2065000/2964624 rows
[2026-08-15T21:18:32.287+0000] {logging_mixin.py:188} INFO - ✅ Inserted 2070000/2964624 rows
[2026-08-15T21:18:32.443+0000] {logging_mixin.py:188} INFO - ✅ Inserted 2075000/2964624 rows
[2026-08-15T21:18:32.629+0000] {logging_mixin.py:188} INFO - ✅ Inserted 2080000/2964624 rows
[2026-08-15T21:18:32.817+0000] {logging_mixin.py:188} INFO - ✅ Inserted 2085000/2964624 rows
[2026-08-15T21:18:33.052+0000] {logging_mixin.py:188} INFO - ✅ Inserted 2090000/2964624 rows
[2026-08-15T21:18:33.265+0000] {logging_mixin.py:188} INFO - ✅ Inserted 2095000/2964624 rows
[2026-08-15T21:18:33.433+0000] {logging_mixin.py:188} INFO - ✅ Inserted 2100000/2964624 rows
[2026-08-15T21:18:33.635+0000] {logging_mixin.py:188} INFO - ✅ Inserted 2105000/2964624 rows
[2026-08-15T21:18:33.784+0000] {logging_mixin.py:188} INFO - ✅ Inserted 2110000/2964624 rows
[2026-08-15T21:18:33.986+0000] {logging_mixin.py:188} INFO - ✅ Inserted 2115000/2964624 rows
[2026-08-15T21:18:34.156+0000] {logging_mixin.py:188} INFO - ✅ Inserted 2120000/2964624 rows
[2026-08-15T21:18:34.331+0000] {logging_mixin.py:188} INFO - ✅ Inserted 2125000/2964624 rows
[2026-08-15T21:18:34.403+0000] {logging_mixin.py:188} INFO - ✅ Inserted 2130000/2964624 rows
[2026-08-15T21:18:34.486+0000] {logging_mixin.py:188} INFO - ✅ Inserted 2135000/2964624 rows
[2026-08-15T21:18:34.569+0000] {logging_mixin.py:188} INFO - ✅ Inserted 2140000/2964624 rows
[2026-08-15T21:18:34.662+0000] {logging_mixin.py:188} INFO - ✅ Inserted 2145000/2964624 rows
[2026-08-15T21:18:34.756+0000] {logging_mixin.py:188} INFO - ✅ Inserted 2150000/2964624 rows
[2026-08-15T21:18:34.861+0000] {logging_mixin.py:188} INFO - ✅ Inserted 2155000/2964624 rows
[2026-08-15T21:18:34.963+0000] {logging_mixin.py:188} INFO - ✅ Inserted 2160000/2964624 rows
[2026-08-15T21:18:35.130+0000] {logging_mixin.py:188} INFO - ✅ Inserted 2165000/2964624 rows
[2026-08-15T21:18:35.261+0000] {logging_mixin.py:188} INFO - ✅ Inserted 2170000/2964624 rows
[2026-08-15T21:18:35.421+0000] {logging_mixin.py:188} INFO - ✅ Inserted 2175000/2964624 rows
[2026-08-15T21:18:35.549+0000] {logging_mixin.py:188} INFO - ✅ Inserted 2180000/2964624 rows
[2026-08-15T21:18:35.622+0000] {logging_mixin.py:188} INFO - ✅ Inserted 2185000/2964624 rows
[2026-08-15T21:18:35.696+0000] {logging_mixin.py:188} INFO - ✅ Inserted 2190000/2964624 rows
[2026-08-15T21:18:35.763+0000] {logging_mixin.py:188} INFO - ✅ Inserted 2195000/2964624 rows
[2026-08-15T21:18:35.866+0000] {logging_mixin.py:188} INFO - ✅ Inserted 2200000/2964624 rows
[2026-08-15T21:18:35.942+0000] {logging_mixin.py:188} INFO - ✅ Inserted 2205000/2964624 rows
[2026-08-15T21:18:36.021+0000] {logging_mixin.py:188} INFO - ✅ Inserted 2210000/2964624 rows
[2026-08-15T21:18:36.115+0000] {logging_mixin.py:188} INFO - ✅ Inserted 2215000/2964624 rows
[2026-08-15T21:18:36.197+0000] {logging_mixin.py:188} INFO - ✅ Inserted 2220000/2964624 rows
[2026-08-15T21:18:36.308+0000] {logging_mixin.py:188} INFO - ✅ Inserted 2225000/2964624 rows
[2026-08-15T21:18:36.418+0000] {logging_mixin.py:188} INFO - ✅ Inserted 2230000/2964624 rows
[2026-08-15T21:18:36.609+0000] {logging_mixin.py:188} INFO - ✅ Inserted 2235000/2964624 rows
[2026-08-15T21:18:36.752+0000] {logging_mixin.py:188} INFO - ✅ Inserted 2240000/2964624 rows
[2026-08-15T21:18:36.902+0000] {logging_mixin.py:188} INFO - ✅ Inserted 2245000/2964624 rows
[2026-08-15T21:18:37.014+0000] {logging_mixin.py:188} INFO - ✅ Inserted 2250000/2964624 rows
[2026-08-15T21:18:37.086+0000] {logging_mixin.py:188} INFO - ✅ Inserted 2255000/2964624 rows
[2026-08-15T21:18:37.241+0000] {logging_mixin.py:188} INFO - ✅ Inserted 2260000/2964624 rows
[2026-08-15T21:18:37.336+0000] {logging_mixin.py:188} INFO - ✅ Inserted 2265000/2964624 rows
[2026-08-15T21:18:37.408+0000] {logging_mixin.py:188} INFO - ✅ Inserted 2270000/2964624 rows
[2026-08-15T21:18:37.494+0000] {logging_mixin.py:188} INFO - ✅ Inserted 2275000/2964624 rows
[2026-08-15T21:18:37.579+0000] {logging_mixin.py:188} INFO - ✅ Inserted 2280000/2964624 rows
[2026-08-15T21:18:37.659+0000] {logging_mixin.py:188} INFO - ✅ Inserted 2285000/2964624 rows
[2026-08-15T21:18:37.830+0000] {logging_mixin.py:188} INFO - ✅ Inserted 2290000/2964624 rows
[2026-08-15T21:18:37.923+0000] {logging_mixin.py:188} INFO - ✅ Inserted 2295000/2964624 rows
[2026-08-15T21:18:38.024+0000] {logging_mixin.py:188} INFO - ✅ Inserted 2300000/2964624 rows
[2026-08-15T21:18:38.239+0000] {logging_mixin.py:188} INFO - ✅ Inserted 2305000/2964624 rows
[2026-08-15T21:18:38.540+0000] {logging_mixin.py:188} INFO - ✅ Inserted 2310000/2964624 rows
[2026-08-15T21:18:38.756+0000] {logging_mixin.py:188} INFO - ✅ Inserted 2315000/2964624 rows
[2026-08-15T21:18:39.024+0000] {logging_mixin.py:188} INFO - ✅ Inserted 2320000/2964624 rows
[2026-08-15T21:18:39.303+0000] {logging_mixin.py:188} INFO - ✅ Inserted 2325000/2964624 rows
[2026-08-15T21:18:39.570+0000] {logging_mixin.py:188} INFO - ✅ Inserted 2330000/2964624 rows
[2026-08-15T21:18:39.730+0000] {logging_mixin.py:188} INFO - ✅ Inserted 2335000/2964624 rows
[2026-08-15T21:18:39.844+0000] {logging_mixin.py:188} INFO - ✅ Inserted 2340000/2964624 rows
[2026-08-15T21:18:39.992+0000] {logging_mixin.py:188} INFO - ✅ Inserted 2345000/2964624 rows
[2026-08-15T21:18:40.166+0000] {logging_mixin.py:188} INFO - ✅ Inserted 2350000/2964624 rows
[2026-08-15T21:18:40.318+0000] {logging_mixin.py:188} INFO - ✅ Inserted 2355000/2964624 rows
[2026-08-15T21:18:40.442+0000] {logging_mixin.py:188} INFO - ✅ Inserted 2360000/2964624 rows
[2026-08-15T21:18:40.640+0000] {logging_mixin.py:188} INFO - ✅ Inserted 2365000/2964624 rows
[2026-08-15T21:18:40.800+0000] {logging_mixin.py:188} INFO - ✅ Inserted 2370000/2964624 rows
[2026-08-15T21:18:40.941+0000] {logging_mixin.py:188} INFO - ✅ Inserted 2375000/2964624 rows
[2026-08-15T21:18:41.086+0000] {logging_mixin.py:188} INFO - ✅ Inserted 2380000/2964624 rows
[2026-08-15T21:18:41.199+0000] {logging_mixin.py:188} INFO - ✅ Inserted 2385000/2964624 rows
[2026-08-15T21:18:41.339+0000] {logging_mixin.py:188} INFO - ✅ Inserted 2390000/2964624 rows
[2026-08-15T21:18:41.446+0000] {logging_mixin.py:188} INFO - ✅ Inserted 2395000/2964624 rows
[2026-08-15T21:18:41.535+0000] {logging_mixin.py:188} INFO - ✅ Inserted 2400000/2964624 rows
[2026-08-15T21:18:41.609+0000] {logging_mixin.py:188} INFO - ✅ Inserted 2405000/2964624 rows
[2026-08-15T21:18:41.686+0000] {logging_mixin.py:188} INFO - ✅ Inserted 2410000/2964624 rows
[2026-08-15T21:18:41.759+0000] {logging_mixin.py:188} INFO - ✅ Inserted 2415000/2964624 rows
[2026-08-15T21:18:41.849+0000] {logging_mixin.py:188} INFO - ✅ Inserted 2420000/2964624 rows
[2026-08-15T21:18:41.938+0000] {logging_mixin.py:188} INFO - ✅ Inserted 2425000/2964624 rows
[2026-08-15T21:18:42.031+0000] {logging_mixin.py:188} INFO - ✅ Inserted 2430000/2964624 rows
[2026-08-15T21:18:42.136+0000] {logging_mixin.py:188} INFO - ✅ Inserted 2435000/2964624 rows
[2026-08-15T21:18:42.214+0000] {logging_mixin.py:188} INFO - ✅ Inserted 2440000/2964624 rows
[2026-08-15T21:18:42.285+0000] {logging_mixin.py:188} INFO - ✅ Inserted 2445000/2964624 rows
[2026-08-15T21:18:42.356+0000] {logging_mixin.py:188} INFO - ✅ Inserted 2450000/2964624 rows
[2026-08-15T21:18:42.461+0000] {logging_mixin.py:188} INFO - ✅ Inserted 2455000/2964624 rows
[2026-08-15T21:18:42.537+0000] {logging_mixin.py:188} INFO - ✅ Inserted 2460000/2964624 rows
[2026-08-15T21:18:42.626+0000] {logging_mixin.py:188} INFO - ✅ Inserted 2465000/2964624 rows
[2026-08-15T21:18:42.719+0000] {logging_mixin.py:188} INFO - ✅ Inserted 2470000/2964624 rows
[2026-08-15T21:18:42.788+0000] {logging_mixin.py:188} INFO - ✅ Inserted 2475000/2964624 rows
[2026-08-15T21:18:42.870+0000] {logging_mixin.py:188} INFO - ✅ Inserted 2480000/2964624 rows
[2026-08-15T21:18:42.972+0000] {logging_mixin.py:188} INFO - ✅ Inserted 2485000/2964624 rows
[2026-08-15T21:18:43.086+0000] {logging_mixin.py:188} INFO - ✅ Inserted 2490000/2964624 rows
[2026-08-15T21:18:43.185+0000] {logging_mixin.py:188} INFO - ✅ Inserted 2495000/2964624 rows
[2026-08-15T21:18:43.276+0000] {logging_mixin.py:188} INFO - ✅ Inserted 2500000/2964624 rows
[2026-08-15T21:18:43.360+0000] {logging_mixin.py:188} INFO - ✅ Inserted 2505000/2964624 rows
[2026-08-15T21:18:43.451+0000] {logging_mixin.py:188} INFO - ✅ Inserted 2510000/2964624 rows
[2026-08-15T21:18:43.562+0000] {logging_mixin.py:188} INFO - ✅ Inserted 2515000/2964624 rows
[2026-08-15T21:18:43.646+0000] {logging_mixin.py:188} INFO - ✅ Inserted 2520000/2964624 rows
[2026-08-15T21:18:43.723+0000] {logging_mixin.py:188} INFO - ✅ Inserted 2525000/2964624 rows
[2026-08-15T21:18:43.852+0000] {logging_mixin.py:188} INFO - ✅ Inserted 2530000/2964624 rows
[2026-08-15T21:18:43.940+0000] {logging_mixin.py:188} INFO - ✅ Inserted 2535000/2964624 rows
[2026-08-15T21:18:44.031+0000] {logging_mixin.py:188} INFO - ✅ Inserted 2540000/2964624 rows
[2026-08-15T21:18:44.174+0000] {logging_mixin.py:188} INFO - ✅ Inserted 2545000/2964624 rows
[2026-08-15T21:18:44.312+0000] {logging_mixin.py:188} INFO - ✅ Inserted 2550000/2964624 rows
[2026-08-15T21:18:44.431+0000] {logging_mixin.py:188} INFO - ✅ Inserted 2555000/2964624 rows
[2026-08-15T21:18:44.522+0000] {logging_mixin.py:188} INFO - ✅ Inserted 2560000/2964624 rows
[2026-08-15T21:18:44.598+0000] {logging_mixin.py:188} INFO - ✅ Inserted 2565000/2964624 rows
[2026-08-15T21:18:44.694+0000] {logging_mixin.py:188} INFO - ✅ Inserted 2570000/2964624 rows
[2026-08-15T21:18:44.771+0000] {logging_mixin.py:188} INFO - ✅ Inserted 2575000/2964624 rows
[2026-08-15T21:18:44.849+0000] {logging_mixin.py:188} INFO - ✅ Inserted 2580000/2964624 rows
[2026-08-15T21:18:44.956+0000] {logging_mixin.py:188} INFO - ✅ Inserted 2585000/2964624 rows
[2026-08-15T21:18:45.072+0000] {logging_mixin.py:188} INFO - ✅ Inserted 2590000/2964624 rows
[2026-08-15T21:18:45.175+0000] {logging_mixin.py:188} INFO - ✅ Inserted 2595000/2964624 rows
[2026-08-15T21:18:45.376+0000] {logging_mixin.py:188} INFO - ✅ Inserted 2600000/2964624 rows
[2026-08-15T21:18:45.564+0000] {logging_mixin.py:188} INFO - ✅ Inserted 2605000/2964624 rows
[2026-08-15T21:18:45.701+0000] {logging_mixin.py:188} INFO - ✅ Inserted 2610000/2964624 rows
[2026-08-15T21:18:45.796+0000] {logging_mixin.py:188} INFO - ✅ Inserted 2615000/2964624 rows
[2026-08-15T21:18:45.888+0000] {logging_mixin.py:188} INFO - ✅ Inserted 2620000/2964624 rows
[2026-08-15T21:18:45.997+0000] {logging_mixin.py:188} INFO - ✅ Inserted 2625000/2964624 rows
[2026-08-15T21:18:46.133+0000] {logging_mixin.py:188} INFO - ✅ Inserted 2630000/2964624 rows
[2026-08-15T21:18:46.279+0000] {logging_mixin.py:188} INFO - ✅ Inserted 2635000/2964624 rows
[2026-08-15T21:18:46.375+0000] {logging_mixin.py:188} INFO - ✅ Inserted 2640000/2964624 rows
[2026-08-15T21:18:46.483+0000] {logging_mixin.py:188} INFO - ✅ Inserted 2645000/2964624 rows
[2026-08-15T21:18:46.612+0000] {logging_mixin.py:188} INFO - ✅ Inserted 2650000/2964624 rows
[2026-08-15T21:18:46.735+0000] {logging_mixin.py:188} INFO - ✅ Inserted 2655000/2964624 rows
[2026-08-15T21:18:46.833+0000] {logging_mixin.py:188} INFO - ✅ Inserted 2660000/2964624 rows
[2026-08-15T21:18:46.941+0000] {logging_mixin.py:188} INFO - ✅ Inserted 2665000/2964624 rows
[2026-08-15T21:18:47.049+0000] {logging_mixin.py:188} INFO - ✅ Inserted 2670000/2964624 rows
[2026-08-15T21:18:47.146+0000] {logging_mixin.py:188} INFO - ✅ Inserted 2675000/2964624 rows
[2026-08-15T21:18:47.336+0000] {logging_mixin.py:188} INFO - ✅ Inserted 2680000/2964624 rows
[2026-08-15T21:18:47.494+0000] {logging_mixin.py:188} INFO - ✅ Inserted 2685000/2964624 rows
[2026-08-15T21:18:47.607+0000] {logging_mixin.py:188} INFO - ✅ Inserted 2690000/2964624 rows
[2026-08-15T21:18:47.707+0000] {logging_mixin.py:188} INFO - ✅ Inserted 2695000/2964624 rows
[2026-08-15T21:18:47.806+0000] {logging_mixin.py:188} INFO - ✅ Inserted 2700000/2964624 rows
[2026-08-15T21:18:47.881+0000] {logging_mixin.py:188} INFO - ✅ Inserted 2705000/2964624 rows
[2026-08-15T21:18:48.019+0000] {logging_mixin.py:188} INFO - ✅ Inserted 2710000/2964624 rows
[2026-08-15T21:18:48.196+0000] {logging_mixin.py:188} INFO - ✅ Inserted 2715000/2964624 rows
[2026-08-15T21:18:48.458+0000] {logging_mixin.py:188} INFO - ✅ Inserted 2720000/2964624 rows
[2026-08-15T21:18:48.683+0000] {logging_mixin.py:188} INFO - ✅ Inserted 2725000/2964624 rows
[2026-08-15T21:18:48.895+0000] {logging_mixin.py:188} INFO - ✅ Inserted 2730000/2964624 rows
[2026-08-15T21:18:49.090+0000] {logging_mixin.py:188} INFO - ✅ Inserted 2735000/2964624 rows
[2026-08-15T21:18:49.354+0000] {logging_mixin.py:188} INFO - ✅ Inserted 2740000/2964624 rows
[2026-08-15T21:18:49.494+0000] {logging_mixin.py:188} INFO - ✅ Inserted 2745000/2964624 rows
[2026-08-15T21:18:49.603+0000] {logging_mixin.py:188} INFO - ✅ Inserted 2750000/2964624 rows
[2026-08-15T21:18:49.671+0000] {logging_mixin.py:188} INFO - ✅ Inserted 2755000/2964624 rows
[2026-08-15T21:18:49.738+0000] {logging_mixin.py:188} INFO - ✅ Inserted 2760000/2964624 rows
[2026-08-15T21:18:49.822+0000] {logging_mixin.py:188} INFO - ✅ Inserted 2765000/2964624 rows
[2026-08-15T21:18:49.900+0000] {logging_mixin.py:188} INFO - ✅ Inserted 2770000/2964624 rows
[2026-08-15T21:18:49.970+0000] {logging_mixin.py:188} INFO - ✅ Inserted 2775000/2964624 rows
[2026-08-15T21:18:50.039+0000] {logging_mixin.py:188} INFO - ✅ Inserted 2780000/2964624 rows
[2026-08-15T21:18:50.156+0000] {logging_mixin.py:188} INFO - ✅ Inserted 2785000/2964624 rows
[2026-08-15T21:18:50.256+0000] {logging_mixin.py:188} INFO - ✅ Inserted 2790000/2964624 rows
[2026-08-15T21:18:50.336+0000] {logging_mixin.py:188} INFO - ✅ Inserted 2795000/2964624 rows
[2026-08-15T21:18:50.433+0000] {logging_mixin.py:188} INFO - ✅ Inserted 2800000/2964624 rows
[2026-08-15T21:18:50.616+0000] {logging_mixin.py:188} INFO - ✅ Inserted 2805000/2964624 rows
[2026-08-15T21:18:50.825+0000] {logging_mixin.py:188} INFO - ✅ Inserted 2810000/2964624 rows
[2026-08-15T21:18:50.974+0000] {logging_mixin.py:188} INFO - ✅ Inserted 2815000/2964624 rows
[2026-08-15T21:18:51.129+0000] {logging_mixin.py:188} INFO - ✅ Inserted 2820000/2964624 rows
[2026-08-15T21:18:51.225+0000] {logging_mixin.py:188} INFO - ✅ Inserted 2825000/2964624 rows
[2026-08-15T21:18:51.291+0000] {logging_mixin.py:188} INFO - ✅ Inserted 2830000/2964624 rows
[2026-08-15T21:18:51.349+0000] {logging_mixin.py:188} INFO - ✅ Inserted 2835000/2964624 rows
[2026-08-15T21:18:51.463+0000] {logging_mixin.py:188} INFO - ✅ Inserted 2840000/2964624 rows
[2026-08-15T21:18:51.529+0000] {logging_mixin.py:188} INFO - ✅ Inserted 2845000/2964624 rows
[2026-08-15T21:18:51.588+0000] {logging_mixin.py:188} INFO - ✅ Inserted 2850000/2964624 rows
[2026-08-15T21:18:51.664+0000] {logging_mixin.py:188} INFO - ✅ Inserted 2855000/2964624 rows
[2026-08-15T21:18:51.728+0000] {logging_mixin.py:188} INFO - ✅ Inserted 2860000/2964624 rows
[2026-08-15T21:18:51.807+0000] {logging_mixin.py:188} INFO - ✅ Inserted 2865000/2964624 rows
[2026-08-15T21:18:51.873+0000] {logging_mixin.py:188} INFO - ✅ Inserted 2870000/2964624 rows
[2026-08-15T21:18:51.935+0000] {logging_mixin.py:188} INFO - ✅ Inserted 2875000/2964624 rows
[2026-08-15T21:18:51.998+0000] {logging_mixin.py:188} INFO - ✅ Inserted 2880000/2964624 rows
[2026-08-15T21:18:52.100+0000] {logging_mixin.py:188} INFO - ✅ Inserted 2885000/2964624 rows
[2026-08-15T21:18:52.272+0000] {logging_mixin.py:188} INFO - ✅ Inserted 2890000/2964624 rows
[2026-08-15T21:18:52.348+0000] {logging_mixin.py:188} INFO - ✅ Inserted 2895000/2964624 rows
[2026-08-15T21:18:52.419+0000] {logging_mixin.py:188} INFO - ✅ Inserted 2900000/2964624 rows
[2026-08-15T21:18:52.486+0000] {logging_mixin.py:188} INFO - ✅ Inserted 2905000/2964624 rows
[2026-08-15T21:18:52.560+0000] {logging_mixin.py:188} INFO - ✅ Inserted 2910000/2964624 rows
[2026-08-15T21:18:52.642+0000] {logging_mixin.py:188} INFO - ✅ Inserted 2915000/2964624 rows
[2026-08-15T21:18:52.737+0000] {logging_mixin.py:188} INFO - ✅ Inserted 2920000/2964624 rows
[2026-08-15T21:18:52.834+0000] {logging_mixin.py:188} INFO - ✅ Inserted 2925000/2964624 rows
[2026-08-15T21:18:52.932+0000] {logging_mixin.py:188} INFO - ✅ Inserted 2930000/2964624 rows
[2026-08-15T21:18:53.005+0000] {logging_mixin.py:188} INFO - ✅ Inserted 2935000/2964624 rows
[2026-08-15T21:18:53.069+0000] {logging_mixin.py:188} INFO - ✅ Inserted 2940000/2964624 rows
[2026-08-15T21:18:53.138+0000] {logging_mixin.py:188} INFO - ✅ Inserted 2945000/2964624 rows
[2026-08-15T21:18:53.204+0000] {logging_mixin.py:188} INFO - ✅ Inserted 2950000/2964624 rows
[2026-08-15T21:18:53.308+0000] {logging_mixin.py:188} INFO - ✅ Inserted 2955000/2964624 rows
[2026-08-15T21:18:53.372+0000] {logging_mixin.py:188} INFO - ✅ Inserted 2960000/2964624 rows
[2026-08-15T21:18:53.461+0000] {logging_mixin.py:188} INFO - ✅ Inserted 2964624/2964624 rows
[2026-08-15T21:18:53.462+0000] {logging_mixin.py:188} INFO - ✅ Bronze load complete. Total: 2964624 rows
[2026-08-15T21:18:53.760+0000] {python.py:237} INFO - Done. Returned value was: None
[2026-08-15T21:18:53.763+0000] {taskinstance.py:441} INFO - ::group::Post task execution logs
[2026-08-15T21:18:53.959+0000] {taskinstance.py:1206} INFO - Marking task as SUCCESS. dag_id=nyc_taxi_ingest, task_id=load_bronze, run_id=manual__2026-08-15T21:08:22.681733+00:00, execution_date=20260815T210822, start_date=20260815T211518, end_date=20260815T211853
[2026-08-15T21:18:54.375+0000] {local_task_job_runner.py:243} INFO - Task exited with return code 0
[2026-08-15T21:18:54.596+0000] {taskinstance.py:3503} INFO - 0 downstream tasks scheduled from follow-on schedule check
[2026-08-15T21:18:54.600+0000] {local_task_job_runner.py:222} INFO - ::endgroup::
