[2026-08-16T00:00:27.803+0000] {processor.py:161} INFO - Started process (PID=730) to work on /opt/airflow/dags/nyc_taxi_ingest.py
[2026-08-16T00:00:27.804+0000] {processor.py:830} INFO - Processing file /opt/airflow/dags/nyc_taxi_ingest.py for tasks to queue
[2026-08-16T00:00:27.808+0000] {logging_mixin.py:188} INFO - [2026-08-16T00:00:27.808+0000] {dagbag.py:545} INFO - Filling up the DagBag from /opt/airflow/dags/nyc_taxi_ingest.py
[2026-08-16T00:00:28.166+0000] {processor.py:840} INFO - DAG(s) 'nyc_taxi_ingest' retrieved from /opt/airflow/dags/nyc_taxi_ingest.py
[2026-08-16T00:00:28.207+0000] {logging_mixin.py:188} INFO - [2026-08-16T00:00:28.206+0000] {dag.py:3089} INFO - Sync 1 DAGs
[2026-08-16T00:00:28.235+0000] {logging_mixin.py:188} INFO - [2026-08-16T00:00:28.234+0000] {dag.py:3947} INFO - Setting next_dagrun for nyc_taxi_ingest to None, run_after=None
[2026-08-16T00:00:28.257+0000] {processor.py:183} INFO - Processing /opt/airflow/dags/nyc_taxi_ingest.py took 0.461 seconds
[2026-08-16T00:00:58.484+0000] {processor.py:161} INFO - Started process (PID=732) to work on /opt/airflow/dags/nyc_taxi_ingest.py
[2026-08-16T00:00:58.486+0000] {processor.py:830} INFO - Processing file /opt/airflow/dags/nyc_taxi_ingest.py for tasks to queue
[2026-08-16T00:00:58.488+0000] {logging_mixin.py:188} INFO - [2026-08-16T00:00:58.487+0000] {dagbag.py:545} INFO - Filling up the DagBag from /opt/airflow/dags/nyc_taxi_ingest.py
[2026-08-16T00:00:58.875+0000] {processor.py:840} INFO - DAG(s) 'nyc_taxi_ingest' retrieved from /opt/airflow/dags/nyc_taxi_ingest.py
[2026-08-16T00:00:58.935+0000] {logging_mixin.py:188} INFO - [2026-08-16T00:00:58.934+0000] {dag.py:3089} INFO - Sync 1 DAGs
[2026-08-16T00:00:58.972+0000] {logging_mixin.py:188} INFO - [2026-08-16T00:00:58.972+0000] {dag.py:3947} INFO - Setting next_dagrun for nyc_taxi_ingest to None, run_after=None
[2026-08-16T00:00:58.998+0000] {processor.py:183} INFO - Processing /opt/airflow/dags/nyc_taxi_ingest.py took 0.521 seconds
[2026-08-16T00:01:29.349+0000] {processor.py:161} INFO - Started process (PID=734) to work on /opt/airflow/dags/nyc_taxi_ingest.py
[2026-08-16T00:01:29.352+0000] {processor.py:830} INFO - Processing file /opt/airflow/dags/nyc_taxi_ingest.py for tasks to queue
[2026-08-16T00:01:29.355+0000] {logging_mixin.py:188} INFO - [2026-08-16T00:01:29.355+0000] {dagbag.py:545} INFO - Filling up the DagBag from /opt/airflow/dags/nyc_taxi_ingest.py
[2026-08-16T00:01:29.726+0000] {processor.py:840} INFO - DAG(s) 'nyc_taxi_ingest' retrieved from /opt/airflow/dags/nyc_taxi_ingest.py
[2026-08-16T00:01:29.765+0000] {logging_mixin.py:188} INFO - [2026-08-16T00:01:29.765+0000] {dag.py:3089} INFO - Sync 1 DAGs
[2026-08-16T00:01:29.793+0000] {logging_mixin.py:188} INFO - [2026-08-16T00:01:29.792+0000] {dag.py:3947} INFO - Setting next_dagrun for nyc_taxi_ingest to None, run_after=None
[2026-08-16T00:01:29.819+0000] {processor.py:183} INFO - Processing /opt/airflow/dags/nyc_taxi_ingest.py took 0.483 seconds
[2026-08-16T00:02:00.235+0000] {processor.py:161} INFO - Started process (PID=736) to work on /opt/airflow/dags/nyc_taxi_ingest.py
[2026-08-16T00:02:00.236+0000] {processor.py:830} INFO - Processing file /opt/airflow/dags/nyc_taxi_ingest.py for tasks to queue
[2026-08-16T00:02:00.240+0000] {logging_mixin.py:188} INFO - [2026-08-16T00:02:00.239+0000] {dagbag.py:545} INFO - Filling up the DagBag from /opt/airflow/dags/nyc_taxi_ingest.py
[2026-08-16T00:02:00.610+0000] {processor.py:840} INFO - DAG(s) 'nyc_taxi_ingest' retrieved from /opt/airflow/dags/nyc_taxi_ingest.py
[2026-08-16T00:02:00.641+0000] {logging_mixin.py:188} INFO - [2026-08-16T00:02:00.640+0000] {dag.py:3089} INFO - Sync 1 DAGs
[2026-08-16T00:02:00.663+0000] {logging_mixin.py:188} INFO - [2026-08-16T00:02:00.663+0000] {dag.py:3947} INFO - Setting next_dagrun for nyc_taxi_ingest to None, run_after=None
[2026-08-16T00:02:00.688+0000] {processor.py:183} INFO - Processing /opt/airflow/dags/nyc_taxi_ingest.py took 0.461 seconds
[2026-08-16T00:12:09.847+0000] {processor.py:161} INFO - Started process (PID=738) to work on /opt/airflow/dags/nyc_taxi_ingest.py
[2026-08-16T00:12:09.855+0000] {processor.py:830} INFO - Processing file /opt/airflow/dags/nyc_taxi_ingest.py for tasks to queue
[2026-08-16T00:12:09.875+0000] {logging_mixin.py:188} INFO - [2026-08-16T00:12:09.874+0000] {dagbag.py:545} INFO - Filling up the DagBag from /opt/airflow/dags/nyc_taxi_ingest.py
[2026-08-16T00:12:11.499+0000] {processor.py:840} INFO - DAG(s) 'nyc_taxi_ingest' retrieved from /opt/airflow/dags/nyc_taxi_ingest.py
[2026-08-16T00:12:11.608+0000] {logging_mixin.py:188} INFO - [2026-08-16T00:12:11.607+0000] {dag.py:3089} INFO - Sync 1 DAGs
[2026-08-16T00:12:11.685+0000] {logging_mixin.py:188} INFO - [2026-08-16T00:12:11.685+0000] {dag.py:3947} INFO - Setting next_dagrun for nyc_taxi_ingest to None, run_after=None
[2026-08-16T00:12:11.771+0000] {processor.py:183} INFO - Processing /opt/airflow/dags/nyc_taxi_ingest.py took 1.950 seconds
[2026-08-16T00:12:42.016+0000] {processor.py:161} INFO - Started process (PID=740) to work on /opt/airflow/dags/nyc_taxi_ingest.py
[2026-08-16T00:12:42.018+0000] {processor.py:830} INFO - Processing file /opt/airflow/dags/nyc_taxi_ingest.py for tasks to queue
[2026-08-16T00:12:42.022+0000] {logging_mixin.py:188} INFO - [2026-08-16T00:12:42.021+0000] {dagbag.py:545} INFO - Filling up the DagBag from /opt/airflow/dags/nyc_taxi_ingest.py
[2026-08-16T00:12:42.656+0000] {processor.py:840} INFO - DAG(s) 'nyc_taxi_ingest' retrieved from /opt/airflow/dags/nyc_taxi_ingest.py
[2026-08-16T00:12:42.694+0000] {logging_mixin.py:188} INFO - [2026-08-16T00:12:42.693+0000] {dag.py:3089} INFO - Sync 1 DAGs
[2026-08-16T00:12:42.739+0000] {logging_mixin.py:188} INFO - [2026-08-16T00:12:42.739+0000] {dag.py:3947} INFO - Setting next_dagrun for nyc_taxi_ingest to None, run_after=None
[2026-08-16T00:12:42.784+0000] {processor.py:183} INFO - Processing /opt/airflow/dags/nyc_taxi_ingest.py took 0.784 seconds
[2026-08-16T00:13:13.131+0000] {processor.py:161} INFO - Started process (PID=742) to work on /opt/airflow/dags/nyc_taxi_ingest.py
[2026-08-16T00:13:13.133+0000] {processor.py:830} INFO - Processing file /opt/airflow/dags/nyc_taxi_ingest.py for tasks to queue
[2026-08-16T00:13:13.135+0000] {logging_mixin.py:188} INFO - [2026-08-16T00:13:13.135+0000] {dagbag.py:545} INFO - Filling up the DagBag from /opt/airflow/dags/nyc_taxi_ingest.py
[2026-08-16T00:13:13.531+0000] {processor.py:840} INFO - DAG(s) 'nyc_taxi_ingest' retrieved from /opt/airflow/dags/nyc_taxi_ingest.py
[2026-08-16T00:13:13.561+0000] {logging_mixin.py:188} INFO - [2026-08-16T00:13:13.560+0000] {dag.py:3089} INFO - Sync 1 DAGs
[2026-08-16T00:13:13.584+0000] {logging_mixin.py:188} INFO - [2026-08-16T00:13:13.584+0000] {dag.py:3947} INFO - Setting next_dagrun for nyc_taxi_ingest to None, run_after=None
[2026-08-16T00:13:13.609+0000] {processor.py:183} INFO - Processing /opt/airflow/dags/nyc_taxi_ingest.py took 0.485 seconds
[2026-08-16T00:13:43.983+0000] {processor.py:161} INFO - Started process (PID=744) to work on /opt/airflow/dags/nyc_taxi_ingest.py
[2026-08-16T00:13:43.985+0000] {processor.py:830} INFO - Processing file /opt/airflow/dags/nyc_taxi_ingest.py for tasks to queue
[2026-08-16T00:13:43.988+0000] {logging_mixin.py:188} INFO - [2026-08-16T00:13:43.988+0000] {dagbag.py:545} INFO - Filling up the DagBag from /opt/airflow/dags/nyc_taxi_ingest.py
[2026-08-16T00:13:44.416+0000] {processor.py:840} INFO - DAG(s) 'nyc_taxi_ingest' retrieved from /opt/airflow/dags/nyc_taxi_ingest.py
[2026-08-16T00:13:44.488+0000] {logging_mixin.py:188} INFO - [2026-08-16T00:13:44.487+0000] {dag.py:3089} INFO - Sync 1 DAGs
[2026-08-16T00:13:44.525+0000] {logging_mixin.py:188} INFO - [2026-08-16T00:13:44.525+0000] {dag.py:3947} INFO - Setting next_dagrun for nyc_taxi_ingest to None, run_after=None
[2026-08-16T00:13:44.555+0000] {processor.py:183} INFO - Processing /opt/airflow/dags/nyc_taxi_ingest.py took 0.586 seconds
[2026-08-16T00:14:14.897+0000] {processor.py:161} INFO - Started process (PID=746) to work on /opt/airflow/dags/nyc_taxi_ingest.py
[2026-08-16T00:14:14.899+0000] {processor.py:830} INFO - Processing file /opt/airflow/dags/nyc_taxi_ingest.py for tasks to queue
[2026-08-16T00:14:14.901+0000] {logging_mixin.py:188} INFO - [2026-08-16T00:14:14.901+0000] {dagbag.py:545} INFO - Filling up the DagBag from /opt/airflow/dags/nyc_taxi_ingest.py
[2026-08-16T00:14:15.358+0000] {processor.py:840} INFO - DAG(s) 'nyc_taxi_ingest' retrieved from /opt/airflow/dags/nyc_taxi_ingest.py
[2026-08-16T00:14:15.395+0000] {logging_mixin.py:188} INFO - [2026-08-16T00:14:15.395+0000] {dag.py:3089} INFO - Sync 1 DAGs
[2026-08-16T00:14:15.420+0000] {logging_mixin.py:188} INFO - [2026-08-16T00:14:15.420+0000] {dag.py:3947} INFO - Setting next_dagrun for nyc_taxi_ingest to None, run_after=None
[2026-08-16T00:14:15.448+0000] {processor.py:183} INFO - Processing /opt/airflow/dags/nyc_taxi_ingest.py took 0.558 seconds
[2026-08-16T00:14:45.816+0000] {processor.py:161} INFO - Started process (PID=748) to work on /opt/airflow/dags/nyc_taxi_ingest.py
[2026-08-16T00:14:45.819+0000] {processor.py:830} INFO - Processing file /opt/airflow/dags/nyc_taxi_ingest.py for tasks to queue
[2026-08-16T00:14:45.822+0000] {logging_mixin.py:188} INFO - [2026-08-16T00:14:45.822+0000] {dagbag.py:545} INFO - Filling up the DagBag from /opt/airflow/dags/nyc_taxi_ingest.py
[2026-08-16T00:14:46.231+0000] {processor.py:840} INFO - DAG(s) 'nyc_taxi_ingest' retrieved from /opt/airflow/dags/nyc_taxi_ingest.py
[2026-08-16T00:14:46.267+0000] {logging_mixin.py:188} INFO - [2026-08-16T00:14:46.267+0000] {dag.py:3089} INFO - Sync 1 DAGs
[2026-08-16T00:14:46.306+0000] {logging_mixin.py:188} INFO - [2026-08-16T00:14:46.306+0000] {dag.py:3947} INFO - Setting next_dagrun for nyc_taxi_ingest to None, run_after=None
[2026-08-16T00:14:46.341+0000] {processor.py:183} INFO - Processing /opt/airflow/dags/nyc_taxi_ingest.py took 0.535 seconds
[2026-08-16T00:15:16.471+0000] {processor.py:161} INFO - Started process (PID=750) to work on /opt/airflow/dags/nyc_taxi_ingest.py
[2026-08-16T00:15:16.473+0000] {processor.py:830} INFO - Processing file /opt/airflow/dags/nyc_taxi_ingest.py for tasks to queue
[2026-08-16T00:15:16.477+0000] {logging_mixin.py:188} INFO - [2026-08-16T00:15:16.476+0000] {dagbag.py:545} INFO - Filling up the DagBag from /opt/airflow/dags/nyc_taxi_ingest.py
[2026-08-16T00:15:16.988+0000] {processor.py:840} INFO - DAG(s) 'nyc_taxi_ingest' retrieved from /opt/airflow/dags/nyc_taxi_ingest.py
[2026-08-16T00:15:17.017+0000] {logging_mixin.py:188} INFO - [2026-08-16T00:15:17.017+0000] {dag.py:3089} INFO - Sync 1 DAGs
[2026-08-16T00:15:17.038+0000] {logging_mixin.py:188} INFO - [2026-08-16T00:15:17.038+0000] {dag.py:3947} INFO - Setting next_dagrun for nyc_taxi_ingest to None, run_after=None
[2026-08-16T00:15:17.064+0000] {processor.py:183} INFO - Processing /opt/airflow/dags/nyc_taxi_ingest.py took 0.601 seconds
[2026-08-16T00:15:47.444+0000] {processor.py:161} INFO - Started process (PID=752) to work on /opt/airflow/dags/nyc_taxi_ingest.py
[2026-08-16T00:15:47.445+0000] {processor.py:830} INFO - Processing file /opt/airflow/dags/nyc_taxi_ingest.py for tasks to queue
[2026-08-16T00:15:47.448+0000] {logging_mixin.py:188} INFO - [2026-08-16T00:15:47.447+0000] {dagbag.py:545} INFO - Filling up the DagBag from /opt/airflow/dags/nyc_taxi_ingest.py
[2026-08-16T00:15:47.829+0000] {processor.py:840} INFO - DAG(s) 'nyc_taxi_ingest' retrieved from /opt/airflow/dags/nyc_taxi_ingest.py
[2026-08-16T00:15:47.858+0000] {logging_mixin.py:188} INFO - [2026-08-16T00:15:47.858+0000] {dag.py:3089} INFO - Sync 1 DAGs
[2026-08-16T00:15:47.882+0000] {logging_mixin.py:188} INFO - [2026-08-16T00:15:47.882+0000] {dag.py:3947} INFO - Setting next_dagrun for nyc_taxi_ingest to None, run_after=None
[2026-08-16T00:15:47.905+0000] {processor.py:183} INFO - Processing /opt/airflow/dags/nyc_taxi_ingest.py took 0.471 seconds
[2026-08-16T00:16:18.228+0000] {processor.py:161} INFO - Started process (PID=754) to work on /opt/airflow/dags/nyc_taxi_ingest.py
[2026-08-16T00:16:18.230+0000] {processor.py:830} INFO - Processing file /opt/airflow/dags/nyc_taxi_ingest.py for tasks to queue
[2026-08-16T00:16:18.232+0000] {logging_mixin.py:188} INFO - [2026-08-16T00:16:18.232+0000] {dagbag.py:545} INFO - Filling up the DagBag from /opt/airflow/dags/nyc_taxi_ingest.py
[2026-08-16T00:16:18.603+0000] {processor.py:840} INFO - DAG(s) 'nyc_taxi_ingest' retrieved from /opt/airflow/dags/nyc_taxi_ingest.py
[2026-08-16T00:16:18.639+0000] {logging_mixin.py:188} INFO - [2026-08-16T00:16:18.638+0000] {dag.py:3089} INFO - Sync 1 DAGs
[2026-08-16T00:16:18.664+0000] {logging_mixin.py:188} INFO - [2026-08-16T00:16:18.664+0000] {dag.py:3947} INFO - Setting next_dagrun for nyc_taxi_ingest to None, run_after=None
[2026-08-16T00:16:18.687+0000] {processor.py:183} INFO - Processing /opt/airflow/dags/nyc_taxi_ingest.py took 0.466 seconds
[2026-08-16T00:16:49.042+0000] {processor.py:161} INFO - Started process (PID=756) to work on /opt/airflow/dags/nyc_taxi_ingest.py
[2026-08-16T00:16:49.044+0000] {processor.py:830} INFO - Processing file /opt/airflow/dags/nyc_taxi_ingest.py for tasks to queue
[2026-08-16T00:16:49.047+0000] {logging_mixin.py:188} INFO - [2026-08-16T00:16:49.047+0000] {dagbag.py:545} INFO - Filling up the DagBag from /opt/airflow/dags/nyc_taxi_ingest.py
[2026-08-16T00:16:49.403+0000] {processor.py:840} INFO - DAG(s) 'nyc_taxi_ingest' retrieved from /opt/airflow/dags/nyc_taxi_ingest.py
[2026-08-16T00:16:49.431+0000] {logging_mixin.py:188} INFO - [2026-08-16T00:16:49.431+0000] {dag.py:3089} INFO - Sync 1 DAGs
[2026-08-16T00:16:49.457+0000] {logging_mixin.py:188} INFO - [2026-08-16T00:16:49.457+0000] {dag.py:3947} INFO - Setting next_dagrun for nyc_taxi_ingest to None, run_after=None
[2026-08-16T00:16:49.480+0000] {processor.py:183} INFO - Processing /opt/airflow/dags/nyc_taxi_ingest.py took 0.447 seconds
[2026-08-16T00:17:19.935+0000] {processor.py:161} INFO - Started process (PID=758) to work on /opt/airflow/dags/nyc_taxi_ingest.py
[2026-08-16T00:17:19.936+0000] {processor.py:830} INFO - Processing file /opt/airflow/dags/nyc_taxi_ingest.py for tasks to queue
[2026-08-16T00:17:19.940+0000] {logging_mixin.py:188} INFO - [2026-08-16T00:17:19.940+0000] {dagbag.py:545} INFO - Filling up the DagBag from /opt/airflow/dags/nyc_taxi_ingest.py
[2026-08-16T00:17:20.329+0000] {processor.py:840} INFO - DAG(s) 'nyc_taxi_ingest' retrieved from /opt/airflow/dags/nyc_taxi_ingest.py
[2026-08-16T00:17:20.368+0000] {logging_mixin.py:188} INFO - [2026-08-16T00:17:20.368+0000] {dag.py:3089} INFO - Sync 1 DAGs
[2026-08-16T00:17:20.396+0000] {logging_mixin.py:188} INFO - [2026-08-16T00:17:20.396+0000] {dag.py:3947} INFO - Setting next_dagrun for nyc_taxi_ingest to None, run_after=None
[2026-08-16T00:17:20.423+0000] {processor.py:183} INFO - Processing /opt/airflow/dags/nyc_taxi_ingest.py took 0.495 seconds
[2026-08-16T00:17:50.780+0000] {processor.py:161} INFO - Started process (PID=760) to work on /opt/airflow/dags/nyc_taxi_ingest.py
[2026-08-16T00:17:50.782+0000] {processor.py:830} INFO - Processing file /opt/airflow/dags/nyc_taxi_ingest.py for tasks to queue
[2026-08-16T00:17:50.785+0000] {logging_mixin.py:188} INFO - [2026-08-16T00:17:50.785+0000] {dagbag.py:545} INFO - Filling up the DagBag from /opt/airflow/dags/nyc_taxi_ingest.py
[2026-08-16T00:17:51.246+0000] {processor.py:840} INFO - DAG(s) 'nyc_taxi_ingest' retrieved from /opt/airflow/dags/nyc_taxi_ingest.py
[2026-08-16T00:17:51.280+0000] {logging_mixin.py:188} INFO - [2026-08-16T00:17:51.279+0000] {dag.py:3089} INFO - Sync 1 DAGs
[2026-08-16T00:17:51.307+0000] {logging_mixin.py:188} INFO - [2026-08-16T00:17:51.306+0000] {dag.py:3947} INFO - Setting next_dagrun for nyc_taxi_ingest to None, run_after=None
[2026-08-16T00:17:51.333+0000] {processor.py:183} INFO - Processing /opt/airflow/dags/nyc_taxi_ingest.py took 0.562 seconds
[2026-08-16T00:18:21.609+0000] {processor.py:161} INFO - Started process (PID=762) to work on /opt/airflow/dags/nyc_taxi_ingest.py
[2026-08-16T00:18:21.610+0000] {processor.py:830} INFO - Processing file /opt/airflow/dags/nyc_taxi_ingest.py for tasks to queue
[2026-08-16T00:18:21.613+0000] {logging_mixin.py:188} INFO - [2026-08-16T00:18:21.613+0000] {dagbag.py:545} INFO - Filling up the DagBag from /opt/airflow/dags/nyc_taxi_ingest.py
[2026-08-16T00:18:22.068+0000] {processor.py:840} INFO - DAG(s) 'nyc_taxi_ingest' retrieved from /opt/airflow/dags/nyc_taxi_ingest.py
[2026-08-16T00:18:22.123+0000] {logging_mixin.py:188} INFO - [2026-08-16T00:18:22.123+0000] {dag.py:3089} INFO - Sync 1 DAGs
[2026-08-16T00:18:22.150+0000] {logging_mixin.py:188} INFO - [2026-08-16T00:18:22.150+0000] {dag.py:3947} INFO - Setting next_dagrun for nyc_taxi_ingest to None, run_after=None
[2026-08-16T00:18:22.177+0000] {processor.py:183} INFO - Processing /opt/airflow/dags/nyc_taxi_ingest.py took 0.580 seconds
[2026-08-16T00:18:52.544+0000] {processor.py:161} INFO - Started process (PID=764) to work on /opt/airflow/dags/nyc_taxi_ingest.py
[2026-08-16T00:18:52.547+0000] {processor.py:830} INFO - Processing file /opt/airflow/dags/nyc_taxi_ingest.py for tasks to queue
[2026-08-16T00:18:52.553+0000] {logging_mixin.py:188} INFO - [2026-08-16T00:18:52.552+0000] {dagbag.py:545} INFO - Filling up the DagBag from /opt/airflow/dags/nyc_taxi_ingest.py
[2026-08-16T00:18:53.015+0000] {processor.py:840} INFO - DAG(s) 'nyc_taxi_ingest' retrieved from /opt/airflow/dags/nyc_taxi_ingest.py
[2026-08-16T00:18:53.056+0000] {logging_mixin.py:188} INFO - [2026-08-16T00:18:53.056+0000] {dag.py:3089} INFO - Sync 1 DAGs
[2026-08-16T00:18:53.078+0000] {logging_mixin.py:188} INFO - [2026-08-16T00:18:53.077+0000] {dag.py:3947} INFO - Setting next_dagrun for nyc_taxi_ingest to None, run_after=None
[2026-08-16T00:18:53.108+0000] {processor.py:183} INFO - Processing /opt/airflow/dags/nyc_taxi_ingest.py took 0.584 seconds
[2026-08-16T00:19:23.240+0000] {processor.py:161} INFO - Started process (PID=766) to work on /opt/airflow/dags/nyc_taxi_ingest.py
[2026-08-16T00:19:23.242+0000] {processor.py:830} INFO - Processing file /opt/airflow/dags/nyc_taxi_ingest.py for tasks to queue
[2026-08-16T00:19:23.244+0000] {logging_mixin.py:188} INFO - [2026-08-16T00:19:23.244+0000] {dagbag.py:545} INFO - Filling up the DagBag from /opt/airflow/dags/nyc_taxi_ingest.py
[2026-08-16T00:19:23.921+0000] {processor.py:840} INFO - DAG(s) 'nyc_taxi_ingest' retrieved from /opt/airflow/dags/nyc_taxi_ingest.py
[2026-08-16T00:19:24.060+0000] {logging_mixin.py:188} INFO - [2026-08-16T00:19:24.059+0000] {dag.py:3089} INFO - Sync 1 DAGs
[2026-08-16T00:19:24.153+0000] {logging_mixin.py:188} INFO - [2026-08-16T00:19:24.152+0000] {dag.py:3947} INFO - Setting next_dagrun for nyc_taxi_ingest to None, run_after=None
[2026-08-16T00:19:24.183+0000] {processor.py:183} INFO - Processing /opt/airflow/dags/nyc_taxi_ingest.py took 0.954 seconds
[2026-08-16T00:19:54.530+0000] {processor.py:161} INFO - Started process (PID=768) to work on /opt/airflow/dags/nyc_taxi_ingest.py
[2026-08-16T00:19:54.531+0000] {processor.py:830} INFO - Processing file /opt/airflow/dags/nyc_taxi_ingest.py for tasks to queue
[2026-08-16T00:19:54.534+0000] {logging_mixin.py:188} INFO - [2026-08-16T00:19:54.534+0000] {dagbag.py:545} INFO - Filling up the DagBag from /opt/airflow/dags/nyc_taxi_ingest.py
[2026-08-16T00:19:54.910+0000] {processor.py:840} INFO - DAG(s) 'nyc_taxi_ingest' retrieved from /opt/airflow/dags/nyc_taxi_ingest.py
[2026-08-16T00:19:54.948+0000] {logging_mixin.py:188} INFO - [2026-08-16T00:19:54.947+0000] {dag.py:3089} INFO - Sync 1 DAGs
[2026-08-16T00:19:54.976+0000] {logging_mixin.py:188} INFO - [2026-08-16T00:19:54.976+0000] {dag.py:3947} INFO - Setting next_dagrun for nyc_taxi_ingest to None, run_after=None
[2026-08-16T00:19:55.004+0000] {processor.py:183} INFO - Processing /opt/airflow/dags/nyc_taxi_ingest.py took 0.483 seconds
[2026-08-16T00:20:25.346+0000] {processor.py:161} INFO - Started process (PID=770) to work on /opt/airflow/dags/nyc_taxi_ingest.py
[2026-08-16T00:20:25.347+0000] {processor.py:830} INFO - Processing file /opt/airflow/dags/nyc_taxi_ingest.py for tasks to queue
[2026-08-16T00:20:25.350+0000] {logging_mixin.py:188} INFO - [2026-08-16T00:20:25.350+0000] {dagbag.py:545} INFO - Filling up the DagBag from /opt/airflow/dags/nyc_taxi_ingest.py
[2026-08-16T00:20:25.740+0000] {processor.py:840} INFO - DAG(s) 'nyc_taxi_ingest' retrieved from /opt/airflow/dags/nyc_taxi_ingest.py
[2026-08-16T00:20:25.774+0000] {logging_mixin.py:188} INFO - [2026-08-16T00:20:25.773+0000] {dag.py:3089} INFO - Sync 1 DAGs
[2026-08-16T00:20:25.796+0000] {logging_mixin.py:188} INFO - [2026-08-16T00:20:25.796+0000] {dag.py:3947} INFO - Setting next_dagrun for nyc_taxi_ingest to None, run_after=None
[2026-08-16T00:20:25.821+0000] {processor.py:183} INFO - Processing /opt/airflow/dags/nyc_taxi_ingest.py took 0.488 seconds
[2026-08-16T00:20:56.192+0000] {processor.py:161} INFO - Started process (PID=772) to work on /opt/airflow/dags/nyc_taxi_ingest.py
[2026-08-16T00:20:56.194+0000] {processor.py:830} INFO - Processing file /opt/airflow/dags/nyc_taxi_ingest.py for tasks to queue
[2026-08-16T00:20:56.197+0000] {logging_mixin.py:188} INFO - [2026-08-16T00:20:56.196+0000] {dagbag.py:545} INFO - Filling up the DagBag from /opt/airflow/dags/nyc_taxi_ingest.py
[2026-08-16T00:20:56.608+0000] {processor.py:840} INFO - DAG(s) 'nyc_taxi_ingest' retrieved from /opt/airflow/dags/nyc_taxi_ingest.py
[2026-08-16T00:20:56.638+0000] {logging_mixin.py:188} INFO - [2026-08-16T00:20:56.638+0000] {dag.py:3089} INFO - Sync 1 DAGs
[2026-08-16T00:20:56.662+0000] {logging_mixin.py:188} INFO - [2026-08-16T00:20:56.662+0000] {dag.py:3947} INFO - Setting next_dagrun for nyc_taxi_ingest to None, run_after=None
[2026-08-16T00:20:56.687+0000] {processor.py:183} INFO - Processing /opt/airflow/dags/nyc_taxi_ingest.py took 0.504 seconds
[2026-08-16T00:21:26.959+0000] {processor.py:161} INFO - Started process (PID=774) to work on /opt/airflow/dags/nyc_taxi_ingest.py
[2026-08-16T00:21:26.961+0000] {processor.py:830} INFO - Processing file /opt/airflow/dags/nyc_taxi_ingest.py for tasks to queue
[2026-08-16T00:21:26.965+0000] {logging_mixin.py:188} INFO - [2026-08-16T00:21:26.965+0000] {dagbag.py:545} INFO - Filling up the DagBag from /opt/airflow/dags/nyc_taxi_ingest.py
[2026-08-16T00:21:27.421+0000] {processor.py:840} INFO - DAG(s) 'nyc_taxi_ingest' retrieved from /opt/airflow/dags/nyc_taxi_ingest.py
[2026-08-16T00:21:27.456+0000] {logging_mixin.py:188} INFO - [2026-08-16T00:21:27.455+0000] {dag.py:3089} INFO - Sync 1 DAGs
[2026-08-16T00:21:27.488+0000] {logging_mixin.py:188} INFO - [2026-08-16T00:21:27.488+0000] {dag.py:3947} INFO - Setting next_dagrun for nyc_taxi_ingest to None, run_after=None
[2026-08-16T00:21:27.516+0000] {processor.py:183} INFO - Processing /opt/airflow/dags/nyc_taxi_ingest.py took 0.569 seconds
[2026-08-16T00:21:57.865+0000] {processor.py:161} INFO - Started process (PID=776) to work on /opt/airflow/dags/nyc_taxi_ingest.py
[2026-08-16T00:21:57.867+0000] {processor.py:830} INFO - Processing file /opt/airflow/dags/nyc_taxi_ingest.py for tasks to queue
[2026-08-16T00:21:57.869+0000] {logging_mixin.py:188} INFO - [2026-08-16T00:21:57.869+0000] {dagbag.py:545} INFO - Filling up the DagBag from /opt/airflow/dags/nyc_taxi_ingest.py
[2026-08-16T00:21:58.339+0000] {processor.py:840} INFO - DAG(s) 'nyc_taxi_ingest' retrieved from /opt/airflow/dags/nyc_taxi_ingest.py
[2026-08-16T00:21:58.367+0000] {logging_mixin.py:188} INFO - [2026-08-16T00:21:58.366+0000] {dag.py:3089} INFO - Sync 1 DAGs
[2026-08-16T00:21:58.390+0000] {logging_mixin.py:188} INFO - [2026-08-16T00:21:58.390+0000] {dag.py:3947} INFO - Setting next_dagrun for nyc_taxi_ingest to None, run_after=None
[2026-08-16T00:21:58.417+0000] {processor.py:183} INFO - Processing /opt/airflow/dags/nyc_taxi_ingest.py took 0.558 seconds
[2026-08-16T00:22:28.800+0000] {processor.py:161} INFO - Started process (PID=778) to work on /opt/airflow/dags/nyc_taxi_ingest.py
[2026-08-16T00:22:28.802+0000] {processor.py:830} INFO - Processing file /opt/airflow/dags/nyc_taxi_ingest.py for tasks to queue
[2026-08-16T00:22:28.806+0000] {logging_mixin.py:188} INFO - [2026-08-16T00:22:28.805+0000] {dagbag.py:545} INFO - Filling up the DagBag from /opt/airflow/dags/nyc_taxi_ingest.py
[2026-08-16T00:22:29.234+0000] {processor.py:840} INFO - DAG(s) 'nyc_taxi_ingest' retrieved from /opt/airflow/dags/nyc_taxi_ingest.py
[2026-08-16T00:22:29.267+0000] {logging_mixin.py:188} INFO - [2026-08-16T00:22:29.266+0000] {dag.py:3089} INFO - Sync 1 DAGs
[2026-08-16T00:22:29.293+0000] {logging_mixin.py:188} INFO - [2026-08-16T00:22:29.293+0000] {dag.py:3947} INFO - Setting next_dagrun for nyc_taxi_ingest to None, run_after=None
[2026-08-16T00:22:29.320+0000] {processor.py:183} INFO - Processing /opt/airflow/dags/nyc_taxi_ingest.py took 0.530 seconds
[2026-08-16T00:22:59.935+0000] {processor.py:161} INFO - Started process (PID=780) to work on /opt/airflow/dags/nyc_taxi_ingest.py
[2026-08-16T00:22:59.938+0000] {processor.py:830} INFO - Processing file /opt/airflow/dags/nyc_taxi_ingest.py for tasks to queue
[2026-08-16T00:22:59.944+0000] {logging_mixin.py:188} INFO - [2026-08-16T00:22:59.943+0000] {dagbag.py:545} INFO - Filling up the DagBag from /opt/airflow/dags/nyc_taxi_ingest.py
[2026-08-16T00:23:00.630+0000] {processor.py:840} INFO - DAG(s) 'nyc_taxi_ingest' retrieved from /opt/airflow/dags/nyc_taxi_ingest.py
[2026-08-16T00:23:00.713+0000] {logging_mixin.py:188} INFO - [2026-08-16T00:23:00.711+0000] {dag.py:3089} INFO - Sync 1 DAGs
[2026-08-16T00:23:00.770+0000] {logging_mixin.py:188} INFO - [2026-08-16T00:23:00.770+0000] {dag.py:3947} INFO - Setting next_dagrun for nyc_taxi_ingest to None, run_after=None
[2026-08-16T00:23:00.814+0000] {processor.py:183} INFO - Processing /opt/airflow/dags/nyc_taxi_ingest.py took 0.892 seconds
[2026-08-16T00:23:31.210+0000] {processor.py:161} INFO - Started process (PID=782) to work on /opt/airflow/dags/nyc_taxi_ingest.py
[2026-08-16T00:23:31.212+0000] {processor.py:830} INFO - Processing file /opt/airflow/dags/nyc_taxi_ingest.py for tasks to queue
[2026-08-16T00:23:31.214+0000] {logging_mixin.py:188} INFO - [2026-08-16T00:23:31.214+0000] {dagbag.py:545} INFO - Filling up the DagBag from /opt/airflow/dags/nyc_taxi_ingest.py
[2026-08-16T00:23:31.562+0000] {processor.py:840} INFO - DAG(s) 'nyc_taxi_ingest' retrieved from /opt/airflow/dags/nyc_taxi_ingest.py
[2026-08-16T00:23:31.591+0000] {logging_mixin.py:188} INFO - [2026-08-16T00:23:31.590+0000] {dag.py:3089} INFO - Sync 1 DAGs
[2026-08-16T00:23:31.619+0000] {logging_mixin.py:188} INFO - [2026-08-16T00:23:31.618+0000] {dag.py:3947} INFO - Setting next_dagrun for nyc_taxi_ingest to None, run_after=None
[2026-08-16T00:23:31.643+0000] {processor.py:183} INFO - Processing /opt/airflow/dags/nyc_taxi_ingest.py took 0.440 seconds
[2026-08-16T00:24:01.755+0000] {processor.py:161} INFO - Started process (PID=784) to work on /opt/airflow/dags/nyc_taxi_ingest.py
[2026-08-16T00:24:01.757+0000] {processor.py:830} INFO - Processing file /opt/airflow/dags/nyc_taxi_ingest.py for tasks to queue
[2026-08-16T00:24:01.761+0000] {logging_mixin.py:188} INFO - [2026-08-16T00:24:01.761+0000] {dagbag.py:545} INFO - Filling up the DagBag from /opt/airflow/dags/nyc_taxi_ingest.py
[2026-08-16T00:24:02.223+0000] {processor.py:840} INFO - DAG(s) 'nyc_taxi_ingest' retrieved from /opt/airflow/dags/nyc_taxi_ingest.py
[2026-08-16T00:24:02.256+0000] {logging_mixin.py:188} INFO - [2026-08-16T00:24:02.256+0000] {dag.py:3089} INFO - Sync 1 DAGs
[2026-08-16T00:24:02.286+0000] {logging_mixin.py:188} INFO - [2026-08-16T00:24:02.286+0000] {dag.py:3947} INFO - Setting next_dagrun for nyc_taxi_ingest to None, run_after=None
[2026-08-16T00:24:02.310+0000] {processor.py:183} INFO - Processing /opt/airflow/dags/nyc_taxi_ingest.py took 0.567 seconds
[2026-08-16T00:24:32.675+0000] {processor.py:161} INFO - Started process (PID=786) to work on /opt/airflow/dags/nyc_taxi_ingest.py
[2026-08-16T00:24:32.677+0000] {processor.py:830} INFO - Processing file /opt/airflow/dags/nyc_taxi_ingest.py for tasks to queue
[2026-08-16T00:24:32.680+0000] {logging_mixin.py:188} INFO - [2026-08-16T00:24:32.679+0000] {dagbag.py:545} INFO - Filling up the DagBag from /opt/airflow/dags/nyc_taxi_ingest.py
[2026-08-16T00:24:33.079+0000] {processor.py:840} INFO - DAG(s) 'nyc_taxi_ingest' retrieved from /opt/airflow/dags/nyc_taxi_ingest.py
[2026-08-16T00:24:33.120+0000] {logging_mixin.py:188} INFO - [2026-08-16T00:24:33.119+0000] {dag.py:3089} INFO - Sync 1 DAGs
[2026-08-16T00:24:33.144+0000] {logging_mixin.py:188} INFO - [2026-08-16T00:24:33.143+0000] {dag.py:3947} INFO - Setting next_dagrun for nyc_taxi_ingest to None, run_after=None
[2026-08-16T00:24:33.172+0000] {processor.py:183} INFO - Processing /opt/airflow/dags/nyc_taxi_ingest.py took 0.508 seconds
[2026-08-16T00:25:03.543+0000] {processor.py:161} INFO - Started process (PID=788) to work on /opt/airflow/dags/nyc_taxi_ingest.py
[2026-08-16T00:25:03.545+0000] {processor.py:830} INFO - Processing file /opt/airflow/dags/nyc_taxi_ingest.py for tasks to queue
[2026-08-16T00:25:03.549+0000] {logging_mixin.py:188} INFO - [2026-08-16T00:25:03.549+0000] {dagbag.py:545} INFO - Filling up the DagBag from /opt/airflow/dags/nyc_taxi_ingest.py
[2026-08-16T00:25:03.913+0000] {processor.py:840} INFO - DAG(s) 'nyc_taxi_ingest' retrieved from /opt/airflow/dags/nyc_taxi_ingest.py
[2026-08-16T00:25:03.981+0000] {logging_mixin.py:188} INFO - [2026-08-16T00:25:03.980+0000] {dag.py:3089} INFO - Sync 1 DAGs
[2026-08-16T00:25:04.028+0000] {logging_mixin.py:188} INFO - [2026-08-16T00:25:04.027+0000] {dag.py:3947} INFO - Setting next_dagrun for nyc_taxi_ingest to None, run_after=None
[2026-08-16T00:25:04.060+0000] {processor.py:183} INFO - Processing /opt/airflow/dags/nyc_taxi_ingest.py took 0.528 seconds
[2026-08-16T00:25:34.269+0000] {processor.py:161} INFO - Started process (PID=790) to work on /opt/airflow/dags/nyc_taxi_ingest.py
[2026-08-16T00:25:34.272+0000] {processor.py:830} INFO - Processing file /opt/airflow/dags/nyc_taxi_ingest.py for tasks to queue
[2026-08-16T00:25:34.278+0000] {logging_mixin.py:188} INFO - [2026-08-16T00:25:34.277+0000] {dagbag.py:545} INFO - Filling up the DagBag from /opt/airflow/dags/nyc_taxi_ingest.py
[2026-08-16T00:25:34.705+0000] {processor.py:840} INFO - DAG(s) 'nyc_taxi_ingest' retrieved from /opt/airflow/dags/nyc_taxi_ingest.py
[2026-08-16T00:25:34.739+0000] {logging_mixin.py:188} INFO - [2026-08-16T00:25:34.738+0000] {dag.py:3089} INFO - Sync 1 DAGs
[2026-08-16T00:25:34.764+0000] {logging_mixin.py:188} INFO - [2026-08-16T00:25:34.763+0000] {dag.py:3947} INFO - Setting next_dagrun for nyc_taxi_ingest to None, run_after=None
[2026-08-16T00:25:34.791+0000] {processor.py:183} INFO - Processing /opt/airflow/dags/nyc_taxi_ingest.py took 0.543 seconds
[2026-08-16T00:26:05.167+0000] {processor.py:161} INFO - Started process (PID=792) to work on /opt/airflow/dags/nyc_taxi_ingest.py
[2026-08-16T00:26:05.170+0000] {processor.py:830} INFO - Processing file /opt/airflow/dags/nyc_taxi_ingest.py for tasks to queue
[2026-08-16T00:26:05.176+0000] {logging_mixin.py:188} INFO - [2026-08-16T00:26:05.175+0000] {dagbag.py:545} INFO - Filling up the DagBag from /opt/airflow/dags/nyc_taxi_ingest.py
[2026-08-16T00:26:05.664+0000] {processor.py:840} INFO - DAG(s) 'nyc_taxi_ingest' retrieved from /opt/airflow/dags/nyc_taxi_ingest.py
[2026-08-16T00:26:05.701+0000] {logging_mixin.py:188} INFO - [2026-08-16T00:26:05.700+0000] {dag.py:3089} INFO - Sync 1 DAGs
[2026-08-16T00:26:05.726+0000] {logging_mixin.py:188} INFO - [2026-08-16T00:26:05.726+0000] {dag.py:3947} INFO - Setting next_dagrun for nyc_taxi_ingest to None, run_after=None
[2026-08-16T00:26:05.754+0000] {processor.py:183} INFO - Processing /opt/airflow/dags/nyc_taxi_ingest.py took 0.606 seconds
[2026-08-16T00:26:36.015+0000] {processor.py:161} INFO - Started process (PID=794) to work on /opt/airflow/dags/nyc_taxi_ingest.py
[2026-08-16T00:26:36.017+0000] {processor.py:830} INFO - Processing file /opt/airflow/dags/nyc_taxi_ingest.py for tasks to queue
[2026-08-16T00:26:36.020+0000] {logging_mixin.py:188} INFO - [2026-08-16T00:26:36.020+0000] {dagbag.py:545} INFO - Filling up the DagBag from /opt/airflow/dags/nyc_taxi_ingest.py
[2026-08-16T00:26:36.707+0000] {processor.py:840} INFO - DAG(s) 'nyc_taxi_ingest' retrieved from /opt/airflow/dags/nyc_taxi_ingest.py
[2026-08-16T00:26:36.776+0000] {logging_mixin.py:188} INFO - [2026-08-16T00:26:36.775+0000] {dag.py:3089} INFO - Sync 1 DAGs
[2026-08-16T00:26:36.828+0000] {logging_mixin.py:188} INFO - [2026-08-16T00:26:36.827+0000] {dag.py:3947} INFO - Setting next_dagrun for nyc_taxi_ingest to None, run_after=None
[2026-08-16T00:26:36.867+0000] {processor.py:183} INFO - Processing /opt/airflow/dags/nyc_taxi_ingest.py took 0.863 seconds
[2026-08-16T00:27:07.247+0000] {processor.py:161} INFO - Started process (PID=796) to work on /opt/airflow/dags/nyc_taxi_ingest.py
[2026-08-16T00:27:07.249+0000] {processor.py:830} INFO - Processing file /opt/airflow/dags/nyc_taxi_ingest.py for tasks to queue
[2026-08-16T00:27:07.251+0000] {logging_mixin.py:188} INFO - [2026-08-16T00:27:07.250+0000] {dagbag.py:545} INFO - Filling up the DagBag from /opt/airflow/dags/nyc_taxi_ingest.py
[2026-08-16T00:27:07.613+0000] {processor.py:840} INFO - DAG(s) 'nyc_taxi_ingest' retrieved from /opt/airflow/dags/nyc_taxi_ingest.py
[2026-08-16T00:27:07.647+0000] {logging_mixin.py:188} INFO - [2026-08-16T00:27:07.646+0000] {dag.py:3089} INFO - Sync 1 DAGs
[2026-08-16T00:27:07.671+0000] {logging_mixin.py:188} INFO - [2026-08-16T00:27:07.670+0000] {dag.py:3947} INFO - Setting next_dagrun for nyc_taxi_ingest to None, run_after=None
[2026-08-16T00:27:07.689+0000] {processor.py:183} INFO - Processing /opt/airflow/dags/nyc_taxi_ingest.py took 0.449 seconds
[2026-08-16T00:27:37.992+0000] {processor.py:161} INFO - Started process (PID=798) to work on /opt/airflow/dags/nyc_taxi_ingest.py
[2026-08-16T00:27:37.994+0000] {processor.py:830} INFO - Processing file /opt/airflow/dags/nyc_taxi_ingest.py for tasks to queue
[2026-08-16T00:27:37.997+0000] {logging_mixin.py:188} INFO - [2026-08-16T00:27:37.996+0000] {dagbag.py:545} INFO - Filling up the DagBag from /opt/airflow/dags/nyc_taxi_ingest.py
[2026-08-16T00:27:38.352+0000] {processor.py:840} INFO - DAG(s) 'nyc_taxi_ingest' retrieved from /opt/airflow/dags/nyc_taxi_ingest.py
[2026-08-16T00:27:38.379+0000] {logging_mixin.py:188} INFO - [2026-08-16T00:27:38.379+0000] {dag.py:3089} INFO - Sync 1 DAGs
[2026-08-16T00:27:38.400+0000] {logging_mixin.py:188} INFO - [2026-08-16T00:27:38.399+0000] {dag.py:3947} INFO - Setting next_dagrun for nyc_taxi_ingest to None, run_after=None
[2026-08-16T00:27:38.420+0000] {processor.py:183} INFO - Processing /opt/airflow/dags/nyc_taxi_ingest.py took 0.435 seconds
[2026-08-16T00:28:08.804+0000] {processor.py:161} INFO - Started process (PID=800) to work on /opt/airflow/dags/nyc_taxi_ingest.py
[2026-08-16T00:28:08.806+0000] {processor.py:830} INFO - Processing file /opt/airflow/dags/nyc_taxi_ingest.py for tasks to queue
[2026-08-16T00:28:08.808+0000] {logging_mixin.py:188} INFO - [2026-08-16T00:28:08.808+0000] {dagbag.py:545} INFO - Filling up the DagBag from /opt/airflow/dags/nyc_taxi_ingest.py
[2026-08-16T00:28:09.376+0000] {processor.py:840} INFO - DAG(s) 'nyc_taxi_ingest' retrieved from /opt/airflow/dags/nyc_taxi_ingest.py
[2026-08-16T00:28:09.450+0000] {logging_mixin.py:188} INFO - [2026-08-16T00:28:09.449+0000] {dag.py:3089} INFO - Sync 1 DAGs
[2026-08-16T00:28:09.511+0000] {logging_mixin.py:188} INFO - [2026-08-16T00:28:09.510+0000] {dag.py:3947} INFO - Setting next_dagrun for nyc_taxi_ingest to None, run_after=None
[2026-08-16T00:28:09.561+0000] {processor.py:183} INFO - Processing /opt/airflow/dags/nyc_taxi_ingest.py took 0.772 seconds
[2026-08-16T00:28:39.871+0000] {processor.py:161} INFO - Started process (PID=802) to work on /opt/airflow/dags/nyc_taxi_ingest.py
[2026-08-16T00:28:39.873+0000] {processor.py:830} INFO - Processing file /opt/airflow/dags/nyc_taxi_ingest.py for tasks to queue
[2026-08-16T00:28:39.875+0000] {logging_mixin.py:188} INFO - [2026-08-16T00:28:39.875+0000] {dagbag.py:545} INFO - Filling up the DagBag from /opt/airflow/dags/nyc_taxi_ingest.py
[2026-08-16T00:28:40.241+0000] {processor.py:840} INFO - DAG(s) 'nyc_taxi_ingest' retrieved from /opt/airflow/dags/nyc_taxi_ingest.py
[2026-08-16T00:28:40.279+0000] {logging_mixin.py:188} INFO - [2026-08-16T00:28:40.278+0000] {dag.py:3089} INFO - Sync 1 DAGs
[2026-08-16T00:28:40.306+0000] {logging_mixin.py:188} INFO - [2026-08-16T00:28:40.306+0000] {dag.py:3947} INFO - Setting next_dagrun for nyc_taxi_ingest to None, run_after=None
[2026-08-16T00:28:40.331+0000] {processor.py:183} INFO - Processing /opt/airflow/dags/nyc_taxi_ingest.py took 0.467 seconds
[2026-08-16T00:29:10.640+0000] {processor.py:161} INFO - Started process (PID=804) to work on /opt/airflow/dags/nyc_taxi_ingest.py
[2026-08-16T00:29:10.642+0000] {processor.py:830} INFO - Processing file /opt/airflow/dags/nyc_taxi_ingest.py for tasks to queue
[2026-08-16T00:29:10.646+0000] {logging_mixin.py:188} INFO - [2026-08-16T00:29:10.645+0000] {dagbag.py:545} INFO - Filling up the DagBag from /opt/airflow/dags/nyc_taxi_ingest.py
[2026-08-16T00:29:11.042+0000] {processor.py:840} INFO - DAG(s) 'nyc_taxi_ingest' retrieved from /opt/airflow/dags/nyc_taxi_ingest.py
[2026-08-16T00:29:11.083+0000] {logging_mixin.py:188} INFO - [2026-08-16T00:29:11.083+0000] {dag.py:3089} INFO - Sync 1 DAGs
[2026-08-16T00:29:11.111+0000] {logging_mixin.py:188} INFO - [2026-08-16T00:29:11.110+0000] {dag.py:3947} INFO - Setting next_dagrun for nyc_taxi_ingest to None, run_after=None
[2026-08-16T00:29:11.132+0000] {processor.py:183} INFO - Processing /opt/airflow/dags/nyc_taxi_ingest.py took 0.501 seconds
[2026-08-16T00:29:41.425+0000] {processor.py:161} INFO - Started process (PID=806) to work on /opt/airflow/dags/nyc_taxi_ingest.py
[2026-08-16T00:29:41.426+0000] {processor.py:830} INFO - Processing file /opt/airflow/dags/nyc_taxi_ingest.py for tasks to queue
[2026-08-16T00:29:41.429+0000] {logging_mixin.py:188} INFO - [2026-08-16T00:29:41.428+0000] {dagbag.py:545} INFO - Filling up the DagBag from /opt/airflow/dags/nyc_taxi_ingest.py
[2026-08-16T00:29:41.881+0000] {processor.py:840} INFO - DAG(s) 'nyc_taxi_ingest' retrieved from /opt/airflow/dags/nyc_taxi_ingest.py
[2026-08-16T00:29:41.944+0000] {logging_mixin.py:188} INFO - [2026-08-16T00:29:41.943+0000] {dag.py:3089} INFO - Sync 1 DAGs
[2026-08-16T00:29:41.984+0000] {logging_mixin.py:188} INFO - [2026-08-16T00:29:41.984+0000] {dag.py:3947} INFO - Setting next_dagrun for nyc_taxi_ingest to None, run_after=None
[2026-08-16T00:29:42.030+0000] {processor.py:183} INFO - Processing /opt/airflow/dags/nyc_taxi_ingest.py took 0.613 seconds
[2026-08-16T00:30:12.377+0000] {processor.py:161} INFO - Started process (PID=808) to work on /opt/airflow/dags/nyc_taxi_ingest.py
[2026-08-16T00:30:12.379+0000] {processor.py:830} INFO - Processing file /opt/airflow/dags/nyc_taxi_ingest.py for tasks to queue
[2026-08-16T00:30:12.383+0000] {logging_mixin.py:188} INFO - [2026-08-16T00:30:12.382+0000] {dagbag.py:545} INFO - Filling up the DagBag from /opt/airflow/dags/nyc_taxi_ingest.py
[2026-08-16T00:30:12.973+0000] {processor.py:840} INFO - DAG(s) 'nyc_taxi_ingest' retrieved from /opt/airflow/dags/nyc_taxi_ingest.py
[2026-08-16T00:30:13.045+0000] {logging_mixin.py:188} INFO - [2026-08-16T00:30:13.044+0000] {dag.py:3089} INFO - Sync 1 DAGs
[2026-08-16T00:30:13.102+0000] {logging_mixin.py:188} INFO - [2026-08-16T00:30:13.101+0000] {dag.py:3947} INFO - Setting next_dagrun for nyc_taxi_ingest to None, run_after=None
[2026-08-16T00:30:13.158+0000] {processor.py:183} INFO - Processing /opt/airflow/dags/nyc_taxi_ingest.py took 0.789 seconds
[2026-08-16T00:30:43.502+0000] {processor.py:161} INFO - Started process (PID=810) to work on /opt/airflow/dags/nyc_taxi_ingest.py
[2026-08-16T00:30:43.504+0000] {processor.py:830} INFO - Processing file /opt/airflow/dags/nyc_taxi_ingest.py for tasks to queue
[2026-08-16T00:30:43.506+0000] {logging_mixin.py:188} INFO - [2026-08-16T00:30:43.506+0000] {dagbag.py:545} INFO - Filling up the DagBag from /opt/airflow/dags/nyc_taxi_ingest.py
[2026-08-16T00:30:43.928+0000] {processor.py:840} INFO - DAG(s) 'nyc_taxi_ingest' retrieved from /opt/airflow/dags/nyc_taxi_ingest.py
[2026-08-16T00:30:43.987+0000] {logging_mixin.py:188} INFO - [2026-08-16T00:30:43.986+0000] {dag.py:3089} INFO - Sync 1 DAGs
[2026-08-16T00:30:44.031+0000] {logging_mixin.py:188} INFO - [2026-08-16T00:30:44.031+0000] {dag.py:3947} INFO - Setting next_dagrun for nyc_taxi_ingest to None, run_after=None
[2026-08-16T00:30:44.053+0000] {processor.py:183} INFO - Processing /opt/airflow/dags/nyc_taxi_ingest.py took 0.559 seconds
[2026-08-16T00:31:14.245+0000] {processor.py:161} INFO - Started process (PID=812) to work on /opt/airflow/dags/nyc_taxi_ingest.py
[2026-08-16T00:31:14.247+0000] {processor.py:830} INFO - Processing file /opt/airflow/dags/nyc_taxi_ingest.py for tasks to queue
[2026-08-16T00:31:14.251+0000] {logging_mixin.py:188} INFO - [2026-08-16T00:31:14.250+0000] {dagbag.py:545} INFO - Filling up the DagBag from /opt/airflow/dags/nyc_taxi_ingest.py
[2026-08-16T00:31:14.599+0000] {processor.py:840} INFO - DAG(s) 'nyc_taxi_ingest' retrieved from /opt/airflow/dags/nyc_taxi_ingest.py
[2026-08-16T00:31:14.639+0000] {logging_mixin.py:188} INFO - [2026-08-16T00:31:14.639+0000] {dag.py:3089} INFO - Sync 1 DAGs
[2026-08-16T00:31:14.660+0000] {logging_mixin.py:188} INFO - [2026-08-16T00:31:14.659+0000] {dag.py:3947} INFO - Setting next_dagrun for nyc_taxi_ingest to None, run_after=None
[2026-08-16T00:31:14.690+0000] {processor.py:183} INFO - Processing /opt/airflow/dags/nyc_taxi_ingest.py took 0.458 seconds
[2026-08-16T00:31:45.040+0000] {processor.py:161} INFO - Started process (PID=814) to work on /opt/airflow/dags/nyc_taxi_ingest.py
[2026-08-16T00:31:45.042+0000] {processor.py:830} INFO - Processing file /opt/airflow/dags/nyc_taxi_ingest.py for tasks to queue
[2026-08-16T00:31:45.046+0000] {logging_mixin.py:188} INFO - [2026-08-16T00:31:45.045+0000] {dagbag.py:545} INFO - Filling up the DagBag from /opt/airflow/dags/nyc_taxi_ingest.py
[2026-08-16T00:31:45.504+0000] {processor.py:840} INFO - DAG(s) 'nyc_taxi_ingest' retrieved from /opt/airflow/dags/nyc_taxi_ingest.py
[2026-08-16T00:31:45.538+0000] {logging_mixin.py:188} INFO - [2026-08-16T00:31:45.537+0000] {dag.py:3089} INFO - Sync 1 DAGs
[2026-08-16T00:31:45.576+0000] {logging_mixin.py:188} INFO - [2026-08-16T00:31:45.575+0000] {dag.py:3947} INFO - Setting next_dagrun for nyc_taxi_ingest to None, run_after=None
[2026-08-16T00:31:45.620+0000] {processor.py:183} INFO - Processing /opt/airflow/dags/nyc_taxi_ingest.py took 0.591 seconds
[2026-08-16T00:32:15.880+0000] {processor.py:161} INFO - Started process (PID=816) to work on /opt/airflow/dags/nyc_taxi_ingest.py
[2026-08-16T00:32:15.881+0000] {processor.py:830} INFO - Processing file /opt/airflow/dags/nyc_taxi_ingest.py for tasks to queue
[2026-08-16T00:32:15.884+0000] {logging_mixin.py:188} INFO - [2026-08-16T00:32:15.884+0000] {dagbag.py:545} INFO - Filling up the DagBag from /opt/airflow/dags/nyc_taxi_ingest.py
[2026-08-16T00:32:16.246+0000] {processor.py:840} INFO - DAG(s) 'nyc_taxi_ingest' retrieved from /opt/airflow/dags/nyc_taxi_ingest.py
[2026-08-16T00:32:16.281+0000] {logging_mixin.py:188} INFO - [2026-08-16T00:32:16.280+0000] {dag.py:3089} INFO - Sync 1 DAGs
[2026-08-16T00:32:16.306+0000] {logging_mixin.py:188} INFO - [2026-08-16T00:32:16.305+0000] {dag.py:3947} INFO - Setting next_dagrun for nyc_taxi_ingest to None, run_after=None
[2026-08-16T00:32:16.327+0000] {processor.py:183} INFO - Processing /opt/airflow/dags/nyc_taxi_ingest.py took 0.456 seconds
[2026-08-16T00:32:46.629+0000] {processor.py:161} INFO - Started process (PID=818) to work on /opt/airflow/dags/nyc_taxi_ingest.py
[2026-08-16T00:32:46.630+0000] {processor.py:830} INFO - Processing file /opt/airflow/dags/nyc_taxi_ingest.py for tasks to queue
[2026-08-16T00:32:46.633+0000] {logging_mixin.py:188} INFO - [2026-08-16T00:32:46.632+0000] {dagbag.py:545} INFO - Filling up the DagBag from /opt/airflow/dags/nyc_taxi_ingest.py
[2026-08-16T00:32:46.993+0000] {processor.py:840} INFO - DAG(s) 'nyc_taxi_ingest' retrieved from /opt/airflow/dags/nyc_taxi_ingest.py
[2026-08-16T00:32:47.030+0000] {logging_mixin.py:188} INFO - [2026-08-16T00:32:47.030+0000] {dag.py:3089} INFO - Sync 1 DAGs
[2026-08-16T00:32:47.056+0000] {logging_mixin.py:188} INFO - [2026-08-16T00:32:47.056+0000] {dag.py:3947} INFO - Setting next_dagrun for nyc_taxi_ingest to None, run_after=None
[2026-08-16T00:32:47.079+0000] {processor.py:183} INFO - Processing /opt/airflow/dags/nyc_taxi_ingest.py took 0.458 seconds
[2026-08-16T00:33:17.395+0000] {processor.py:161} INFO - Started process (PID=820) to work on /opt/airflow/dags/nyc_taxi_ingest.py
[2026-08-16T00:33:17.396+0000] {processor.py:830} INFO - Processing file /opt/airflow/dags/nyc_taxi_ingest.py for tasks to queue
[2026-08-16T00:33:17.399+0000] {logging_mixin.py:188} INFO - [2026-08-16T00:33:17.399+0000] {dagbag.py:545} INFO - Filling up the DagBag from /opt/airflow/dags/nyc_taxi_ingest.py
[2026-08-16T00:33:17.758+0000] {processor.py:840} INFO - DAG(s) 'nyc_taxi_ingest' retrieved from /opt/airflow/dags/nyc_taxi_ingest.py
[2026-08-16T00:33:17.797+0000] {logging_mixin.py:188} INFO - [2026-08-16T00:33:17.797+0000] {dag.py:3089} INFO - Sync 1 DAGs
[2026-08-16T00:33:17.827+0000] {logging_mixin.py:188} INFO - [2026-08-16T00:33:17.827+0000] {dag.py:3947} INFO - Setting next_dagrun for nyc_taxi_ingest to None, run_after=None
[2026-08-16T00:33:17.849+0000] {processor.py:183} INFO - Processing /opt/airflow/dags/nyc_taxi_ingest.py took 0.461 seconds
[2026-08-16T00:33:48.153+0000] {processor.py:161} INFO - Started process (PID=822) to work on /opt/airflow/dags/nyc_taxi_ingest.py
[2026-08-16T00:33:48.154+0000] {processor.py:830} INFO - Processing file /opt/airflow/dags/nyc_taxi_ingest.py for tasks to queue
[2026-08-16T00:33:48.155+0000] {logging_mixin.py:188} INFO - [2026-08-16T00:33:48.155+0000] {dagbag.py:545} INFO - Filling up the DagBag from /opt/airflow/dags/nyc_taxi_ingest.py
[2026-08-16T00:33:48.454+0000] {processor.py:840} INFO - DAG(s) 'nyc_taxi_ingest' retrieved from /opt/airflow/dags/nyc_taxi_ingest.py
[2026-08-16T00:33:48.486+0000] {logging_mixin.py:188} INFO - [2026-08-16T00:33:48.486+0000] {dag.py:3089} INFO - Sync 1 DAGs
[2026-08-16T00:33:48.515+0000] {logging_mixin.py:188} INFO - [2026-08-16T00:33:48.515+0000] {dag.py:3947} INFO - Setting next_dagrun for nyc_taxi_ingest to None, run_after=None
[2026-08-16T00:33:48.537+0000] {processor.py:183} INFO - Processing /opt/airflow/dags/nyc_taxi_ingest.py took 0.391 seconds
[2026-08-16T00:34:18.864+0000] {processor.py:161} INFO - Started process (PID=824) to work on /opt/airflow/dags/nyc_taxi_ingest.py
[2026-08-16T00:34:18.865+0000] {processor.py:830} INFO - Processing file /opt/airflow/dags/nyc_taxi_ingest.py for tasks to queue
[2026-08-16T00:34:18.868+0000] {logging_mixin.py:188} INFO - [2026-08-16T00:34:18.867+0000] {dagbag.py:545} INFO - Filling up the DagBag from /opt/airflow/dags/nyc_taxi_ingest.py
[2026-08-16T00:34:19.228+0000] {processor.py:840} INFO - DAG(s) 'nyc_taxi_ingest' retrieved from /opt/airflow/dags/nyc_taxi_ingest.py
[2026-08-16T00:34:19.261+0000] {logging_mixin.py:188} INFO - [2026-08-16T00:34:19.260+0000] {dag.py:3089} INFO - Sync 1 DAGs
[2026-08-16T00:34:19.283+0000] {logging_mixin.py:188} INFO - [2026-08-16T00:34:19.283+0000] {dag.py:3947} INFO - Setting next_dagrun for nyc_taxi_ingest to None, run_after=None
[2026-08-16T00:34:19.306+0000] {processor.py:183} INFO - Processing /opt/airflow/dags/nyc_taxi_ingest.py took 0.448 seconds
[2026-08-16T00:34:49.616+0000] {processor.py:161} INFO - Started process (PID=826) to work on /opt/airflow/dags/nyc_taxi_ingest.py
[2026-08-16T00:34:49.617+0000] {processor.py:830} INFO - Processing file /opt/airflow/dags/nyc_taxi_ingest.py for tasks to queue
[2026-08-16T00:34:49.620+0000] {logging_mixin.py:188} INFO - [2026-08-16T00:34:49.619+0000] {dagbag.py:545} INFO - Filling up the DagBag from /opt/airflow/dags/nyc_taxi_ingest.py
[2026-08-16T00:34:50.026+0000] {processor.py:840} INFO - DAG(s) 'nyc_taxi_ingest' retrieved from /opt/airflow/dags/nyc_taxi_ingest.py
[2026-08-16T00:34:50.074+0000] {logging_mixin.py:188} INFO - [2026-08-16T00:34:50.074+0000] {dag.py:3089} INFO - Sync 1 DAGs
[2026-08-16T00:34:50.113+0000] {logging_mixin.py:188} INFO - [2026-08-16T00:34:50.112+0000] {dag.py:3947} INFO - Setting next_dagrun for nyc_taxi_ingest to None, run_after=None
[2026-08-16T00:34:50.143+0000] {processor.py:183} INFO - Processing /opt/airflow/dags/nyc_taxi_ingest.py took 0.537 seconds
[2026-08-16T00:35:20.434+0000] {processor.py:161} INFO - Started process (PID=828) to work on /opt/airflow/dags/nyc_taxi_ingest.py
[2026-08-16T00:35:20.436+0000] {processor.py:830} INFO - Processing file /opt/airflow/dags/nyc_taxi_ingest.py for tasks to queue
[2026-08-16T00:35:20.439+0000] {logging_mixin.py:188} INFO - [2026-08-16T00:35:20.439+0000] {dagbag.py:545} INFO - Filling up the DagBag from /opt/airflow/dags/nyc_taxi_ingest.py
[2026-08-16T00:35:20.967+0000] {processor.py:840} INFO - DAG(s) 'nyc_taxi_ingest' retrieved from /opt/airflow/dags/nyc_taxi_ingest.py
[2026-08-16T00:35:21.007+0000] {logging_mixin.py:188} INFO - [2026-08-16T00:35:21.006+0000] {dag.py:3089} INFO - Sync 1 DAGs
[2026-08-16T00:35:21.041+0000] {logging_mixin.py:188} INFO - [2026-08-16T00:35:21.041+0000] {dag.py:3947} INFO - Setting next_dagrun for nyc_taxi_ingest to None, run_after=None
[2026-08-16T00:35:21.063+0000] {processor.py:183} INFO - Processing /opt/airflow/dags/nyc_taxi_ingest.py took 0.638 seconds
[2026-08-16T00:35:51.399+0000] {processor.py:161} INFO - Started process (PID=830) to work on /opt/airflow/dags/nyc_taxi_ingest.py
[2026-08-16T00:35:51.400+0000] {processor.py:830} INFO - Processing file /opt/airflow/dags/nyc_taxi_ingest.py for tasks to queue
[2026-08-16T00:35:51.403+0000] {logging_mixin.py:188} INFO - [2026-08-16T00:35:51.403+0000] {dagbag.py:545} INFO - Filling up the DagBag from /opt/airflow/dags/nyc_taxi_ingest.py
[2026-08-16T00:35:51.783+0000] {processor.py:840} INFO - DAG(s) 'nyc_taxi_ingest' retrieved from /opt/airflow/dags/nyc_taxi_ingest.py
[2026-08-16T00:35:51.816+0000] {logging_mixin.py:188} INFO - [2026-08-16T00:35:51.815+0000] {dag.py:3089} INFO - Sync 1 DAGs
[2026-08-16T00:35:51.846+0000] {logging_mixin.py:188} INFO - [2026-08-16T00:35:51.845+0000] {dag.py:3947} INFO - Setting next_dagrun for nyc_taxi_ingest to None, run_after=None
[2026-08-16T00:35:51.875+0000] {processor.py:183} INFO - Processing /opt/airflow/dags/nyc_taxi_ingest.py took 0.485 seconds
[2026-08-16T00:36:22.042+0000] {processor.py:161} INFO - Started process (PID=832) to work on /opt/airflow/dags/nyc_taxi_ingest.py
[2026-08-16T00:36:22.044+0000] {processor.py:830} INFO - Processing file /opt/airflow/dags/nyc_taxi_ingest.py for tasks to queue
[2026-08-16T00:36:22.048+0000] {logging_mixin.py:188} INFO - [2026-08-16T00:36:22.047+0000] {dagbag.py:545} INFO - Filling up the DagBag from /opt/airflow/dags/nyc_taxi_ingest.py
[2026-08-16T00:36:22.435+0000] {processor.py:840} INFO - DAG(s) 'nyc_taxi_ingest' retrieved from /opt/airflow/dags/nyc_taxi_ingest.py
[2026-08-16T00:36:22.468+0000] {logging_mixin.py:188} INFO - [2026-08-16T00:36:22.467+0000] {dag.py:3089} INFO - Sync 1 DAGs
[2026-08-16T00:36:22.495+0000] {logging_mixin.py:188} INFO - [2026-08-16T00:36:22.495+0000] {dag.py:3947} INFO - Setting next_dagrun for nyc_taxi_ingest to None, run_after=None
[2026-08-16T00:36:22.520+0000] {processor.py:183} INFO - Processing /opt/airflow/dags/nyc_taxi_ingest.py took 0.492 seconds
[2026-08-16T00:36:52.864+0000] {processor.py:161} INFO - Started process (PID=834) to work on /opt/airflow/dags/nyc_taxi_ingest.py
[2026-08-16T00:36:52.866+0000] {processor.py:830} INFO - Processing file /opt/airflow/dags/nyc_taxi_ingest.py for tasks to queue
[2026-08-16T00:36:52.868+0000] {logging_mixin.py:188} INFO - [2026-08-16T00:36:52.868+0000] {dagbag.py:545} INFO - Filling up the DagBag from /opt/airflow/dags/nyc_taxi_ingest.py
[2026-08-16T00:36:53.265+0000] {processor.py:840} INFO - DAG(s) 'nyc_taxi_ingest' retrieved from /opt/airflow/dags/nyc_taxi_ingest.py
[2026-08-16T00:36:53.301+0000] {logging_mixin.py:188} INFO - [2026-08-16T00:36:53.300+0000] {dag.py:3089} INFO - Sync 1 DAGs
[2026-08-16T00:36:53.332+0000] {logging_mixin.py:188} INFO - [2026-08-16T00:36:53.332+0000] {dag.py:3947} INFO - Setting next_dagrun for nyc_taxi_ingest to None, run_after=None
[2026-08-16T00:36:53.361+0000] {processor.py:183} INFO - Processing /opt/airflow/dags/nyc_taxi_ingest.py took 0.504 seconds
[2026-08-16T00:37:23.662+0000] {processor.py:161} INFO - Started process (PID=836) to work on /opt/airflow/dags/nyc_taxi_ingest.py
[2026-08-16T00:37:23.664+0000] {processor.py:830} INFO - Processing file /opt/airflow/dags/nyc_taxi_ingest.py for tasks to queue
[2026-08-16T00:37:23.666+0000] {logging_mixin.py:188} INFO - [2026-08-16T00:37:23.666+0000] {dagbag.py:545} INFO - Filling up the DagBag from /opt/airflow/dags/nyc_taxi_ingest.py
[2026-08-16T00:37:24.106+0000] {processor.py:840} INFO - DAG(s) 'nyc_taxi_ingest' retrieved from /opt/airflow/dags/nyc_taxi_ingest.py
[2026-08-16T00:37:24.152+0000] {logging_mixin.py:188} INFO - [2026-08-16T00:37:24.151+0000] {dag.py:3089} INFO - Sync 1 DAGs
[2026-08-16T00:37:24.188+0000] {logging_mixin.py:188} INFO - [2026-08-16T00:37:24.188+0000] {dag.py:3947} INFO - Setting next_dagrun for nyc_taxi_ingest to None, run_after=None
[2026-08-16T00:37:24.220+0000] {processor.py:183} INFO - Processing /opt/airflow/dags/nyc_taxi_ingest.py took 0.565 seconds
[2026-08-16T00:37:54.513+0000] {processor.py:161} INFO - Started process (PID=838) to work on /opt/airflow/dags/nyc_taxi_ingest.py
[2026-08-16T00:37:54.516+0000] {processor.py:830} INFO - Processing file /opt/airflow/dags/nyc_taxi_ingest.py for tasks to queue
[2026-08-16T00:37:54.519+0000] {logging_mixin.py:188} INFO - [2026-08-16T00:37:54.519+0000] {dagbag.py:545} INFO - Filling up the DagBag from /opt/airflow/dags/nyc_taxi_ingest.py
[2026-08-16T00:37:54.939+0000] {processor.py:840} INFO - DAG(s) 'nyc_taxi_ingest' retrieved from /opt/airflow/dags/nyc_taxi_ingest.py
[2026-08-16T00:37:54.976+0000] {logging_mixin.py:188} INFO - [2026-08-16T00:37:54.975+0000] {dag.py:3089} INFO - Sync 1 DAGs
[2026-08-16T00:37:55.005+0000] {logging_mixin.py:188} INFO - [2026-08-16T00:37:55.005+0000] {dag.py:3947} INFO - Setting next_dagrun for nyc_taxi_ingest to None, run_after=None
[2026-08-16T00:37:55.030+0000] {processor.py:183} INFO - Processing /opt/airflow/dags/nyc_taxi_ingest.py took 0.527 seconds
[2026-08-16T00:38:25.364+0000] {processor.py:161} INFO - Started process (PID=840) to work on /opt/airflow/dags/nyc_taxi_ingest.py
[2026-08-16T00:38:25.366+0000] {processor.py:830} INFO - Processing file /opt/airflow/dags/nyc_taxi_ingest.py for tasks to queue
[2026-08-16T00:38:25.370+0000] {logging_mixin.py:188} INFO - [2026-08-16T00:38:25.369+0000] {dagbag.py:545} INFO - Filling up the DagBag from /opt/airflow/dags/nyc_taxi_ingest.py
[2026-08-16T00:38:25.748+0000] {processor.py:840} INFO - DAG(s) 'nyc_taxi_ingest' retrieved from /opt/airflow/dags/nyc_taxi_ingest.py
[2026-08-16T00:38:25.777+0000] {logging_mixin.py:188} INFO - [2026-08-16T00:38:25.777+0000] {dag.py:3089} INFO - Sync 1 DAGs
[2026-08-16T00:38:25.800+0000] {logging_mixin.py:188} INFO - [2026-08-16T00:38:25.799+0000] {dag.py:3947} INFO - Setting next_dagrun for nyc_taxi_ingest to None, run_after=None
[2026-08-16T00:38:25.825+0000] {processor.py:183} INFO - Processing /opt/airflow/dags/nyc_taxi_ingest.py took 0.470 seconds
[2026-08-16T00:38:56.111+0000] {processor.py:161} INFO - Started process (PID=842) to work on /opt/airflow/dags/nyc_taxi_ingest.py
[2026-08-16T00:38:56.113+0000] {processor.py:830} INFO - Processing file /opt/airflow/dags/nyc_taxi_ingest.py for tasks to queue
[2026-08-16T00:38:56.116+0000] {logging_mixin.py:188} INFO - [2026-08-16T00:38:56.115+0000] {dagbag.py:545} INFO - Filling up the DagBag from /opt/airflow/dags/nyc_taxi_ingest.py
[2026-08-16T00:38:56.507+0000] {processor.py:840} INFO - DAG(s) 'nyc_taxi_ingest' retrieved from /opt/airflow/dags/nyc_taxi_ingest.py
[2026-08-16T00:38:56.540+0000] {logging_mixin.py:188} INFO - [2026-08-16T00:38:56.539+0000] {dag.py:3089} INFO - Sync 1 DAGs
[2026-08-16T00:38:56.568+0000] {logging_mixin.py:188} INFO - [2026-08-16T00:38:56.567+0000] {dag.py:3947} INFO - Setting next_dagrun for nyc_taxi_ingest to None, run_after=None
[2026-08-16T00:38:56.596+0000] {processor.py:183} INFO - Processing /opt/airflow/dags/nyc_taxi_ingest.py took 0.496 seconds
[2026-08-16T00:39:26.973+0000] {processor.py:161} INFO - Started process (PID=844) to work on /opt/airflow/dags/nyc_taxi_ingest.py
[2026-08-16T00:39:26.975+0000] {processor.py:830} INFO - Processing file /opt/airflow/dags/nyc_taxi_ingest.py for tasks to queue
[2026-08-16T00:39:26.978+0000] {logging_mixin.py:188} INFO - [2026-08-16T00:39:26.977+0000] {dagbag.py:545} INFO - Filling up the DagBag from /opt/airflow/dags/nyc_taxi_ingest.py
[2026-08-16T00:39:27.358+0000] {processor.py:840} INFO - DAG(s) 'nyc_taxi_ingest' retrieved from /opt/airflow/dags/nyc_taxi_ingest.py
[2026-08-16T00:39:27.401+0000] {logging_mixin.py:188} INFO - [2026-08-16T00:39:27.401+0000] {dag.py:3089} INFO - Sync 1 DAGs
[2026-08-16T00:39:27.425+0000] {logging_mixin.py:188} INFO - [2026-08-16T00:39:27.424+0000] {dag.py:3947} INFO - Setting next_dagrun for nyc_taxi_ingest to None, run_after=None
[2026-08-16T00:39:27.448+0000] {processor.py:183} INFO - Processing /opt/airflow/dags/nyc_taxi_ingest.py took 0.486 seconds
[2026-08-16T00:39:57.759+0000] {processor.py:161} INFO - Started process (PID=846) to work on /opt/airflow/dags/nyc_taxi_ingest.py
[2026-08-16T00:39:57.760+0000] {processor.py:830} INFO - Processing file /opt/airflow/dags/nyc_taxi_ingest.py for tasks to queue
[2026-08-16T00:39:57.763+0000] {logging_mixin.py:188} INFO - [2026-08-16T00:39:57.762+0000] {dagbag.py:545} INFO - Filling up the DagBag from /opt/airflow/dags/nyc_taxi_ingest.py
[2026-08-16T00:39:58.181+0000] {processor.py:840} INFO - DAG(s) 'nyc_taxi_ingest' retrieved from /opt/airflow/dags/nyc_taxi_ingest.py
[2026-08-16T00:39:58.220+0000] {logging_mixin.py:188} INFO - [2026-08-16T00:39:58.219+0000] {dag.py:3089} INFO - Sync 1 DAGs
[2026-08-16T00:39:58.249+0000] {logging_mixin.py:188} INFO - [2026-08-16T00:39:58.248+0000] {dag.py:3947} INFO - Setting next_dagrun for nyc_taxi_ingest to None, run_after=None
[2026-08-16T00:39:58.274+0000] {processor.py:183} INFO - Processing /opt/airflow/dags/nyc_taxi_ingest.py took 0.526 seconds
[2026-08-16T00:40:28.655+0000] {processor.py:161} INFO - Started process (PID=848) to work on /opt/airflow/dags/nyc_taxi_ingest.py
[2026-08-16T00:40:28.657+0000] {processor.py:830} INFO - Processing file /opt/airflow/dags/nyc_taxi_ingest.py for tasks to queue
[2026-08-16T00:40:28.660+0000] {logging_mixin.py:188} INFO - [2026-08-16T00:40:28.659+0000] {dagbag.py:545} INFO - Filling up the DagBag from /opt/airflow/dags/nyc_taxi_ingest.py
[2026-08-16T00:40:29.029+0000] {processor.py:840} INFO - DAG(s) 'nyc_taxi_ingest' retrieved from /opt/airflow/dags/nyc_taxi_ingest.py
[2026-08-16T00:40:29.058+0000] {logging_mixin.py:188} INFO - [2026-08-16T00:40:29.058+0000] {dag.py:3089} INFO - Sync 1 DAGs
[2026-08-16T00:40:29.084+0000] {logging_mixin.py:188} INFO - [2026-08-16T00:40:29.084+0000] {dag.py:3947} INFO - Setting next_dagrun for nyc_taxi_ingest to None, run_after=None
[2026-08-16T00:40:29.109+0000] {processor.py:183} INFO - Processing /opt/airflow/dags/nyc_taxi_ingest.py took 0.466 seconds
[2026-08-16T00:40:59.331+0000] {processor.py:161} INFO - Started process (PID=850) to work on /opt/airflow/dags/nyc_taxi_ingest.py
[2026-08-16T00:40:59.332+0000] {processor.py:830} INFO - Processing file /opt/airflow/dags/nyc_taxi_ingest.py for tasks to queue
[2026-08-16T00:40:59.335+0000] {logging_mixin.py:188} INFO - [2026-08-16T00:40:59.335+0000] {dagbag.py:545} INFO - Filling up the DagBag from /opt/airflow/dags/nyc_taxi_ingest.py
[2026-08-16T00:40:59.711+0000] {processor.py:840} INFO - DAG(s) 'nyc_taxi_ingest' retrieved from /opt/airflow/dags/nyc_taxi_ingest.py
[2026-08-16T00:40:59.747+0000] {logging_mixin.py:188} INFO - [2026-08-16T00:40:59.746+0000] {dag.py:3089} INFO - Sync 1 DAGs
[2026-08-16T00:40:59.779+0000] {logging_mixin.py:188} INFO - [2026-08-16T00:40:59.778+0000] {dag.py:3947} INFO - Setting next_dagrun for nyc_taxi_ingest to None, run_after=None
[2026-08-16T00:40:59.807+0000] {processor.py:183} INFO - Processing /opt/airflow/dags/nyc_taxi_ingest.py took 0.483 seconds
[2026-08-16T00:41:30.171+0000] {processor.py:161} INFO - Started process (PID=852) to work on /opt/airflow/dags/nyc_taxi_ingest.py
[2026-08-16T00:41:30.172+0000] {processor.py:830} INFO - Processing file /opt/airflow/dags/nyc_taxi_ingest.py for tasks to queue
[2026-08-16T00:41:30.177+0000] {logging_mixin.py:188} INFO - [2026-08-16T00:41:30.176+0000] {dagbag.py:545} INFO - Filling up the DagBag from /opt/airflow/dags/nyc_taxi_ingest.py
[2026-08-16T00:41:30.524+0000] {processor.py:840} INFO - DAG(s) 'nyc_taxi_ingest' retrieved from /opt/airflow/dags/nyc_taxi_ingest.py
[2026-08-16T00:41:30.555+0000] {logging_mixin.py:188} INFO - [2026-08-16T00:41:30.555+0000] {dag.py:3089} INFO - Sync 1 DAGs
[2026-08-16T00:41:30.582+0000] {logging_mixin.py:188} INFO - [2026-08-16T00:41:30.582+0000] {dag.py:3947} INFO - Setting next_dagrun for nyc_taxi_ingest to None, run_after=None
[2026-08-16T00:41:30.602+0000] {processor.py:183} INFO - Processing /opt/airflow/dags/nyc_taxi_ingest.py took 0.441 seconds
[2026-08-16T00:42:00.887+0000] {processor.py:161} INFO - Started process (PID=854) to work on /opt/airflow/dags/nyc_taxi_ingest.py
[2026-08-16T00:42:00.890+0000] {processor.py:830} INFO - Processing file /opt/airflow/dags/nyc_taxi_ingest.py for tasks to queue
[2026-08-16T00:42:00.893+0000] {logging_mixin.py:188} INFO - [2026-08-16T00:42:00.893+0000] {dagbag.py:545} INFO - Filling up the DagBag from /opt/airflow/dags/nyc_taxi_ingest.py
[2026-08-16T00:42:01.362+0000] {processor.py:840} INFO - DAG(s) 'nyc_taxi_ingest' retrieved from /opt/airflow/dags/nyc_taxi_ingest.py
[2026-08-16T00:42:01.402+0000] {logging_mixin.py:188} INFO - [2026-08-16T00:42:01.401+0000] {dag.py:3089} INFO - Sync 1 DAGs
[2026-08-16T00:42:01.441+0000] {logging_mixin.py:188} INFO - [2026-08-16T00:42:01.441+0000] {dag.py:3947} INFO - Setting next_dagrun for nyc_taxi_ingest to None, run_after=None
[2026-08-16T00:42:01.526+0000] {processor.py:183} INFO - Processing /opt/airflow/dags/nyc_taxi_ingest.py took 0.647 seconds
[2026-08-16T00:42:31.705+0000] {processor.py:161} INFO - Started process (PID=856) to work on /opt/airflow/dags/nyc_taxi_ingest.py
[2026-08-16T00:42:31.706+0000] {processor.py:830} INFO - Processing file /opt/airflow/dags/nyc_taxi_ingest.py for tasks to queue
[2026-08-16T00:42:31.709+0000] {logging_mixin.py:188} INFO - [2026-08-16T00:42:31.709+0000] {dagbag.py:545} INFO - Filling up the DagBag from /opt/airflow/dags/nyc_taxi_ingest.py
[2026-08-16T00:42:32.076+0000] {processor.py:840} INFO - DAG(s) 'nyc_taxi_ingest' retrieved from /opt/airflow/dags/nyc_taxi_ingest.py
[2026-08-16T00:42:32.108+0000] {logging_mixin.py:188} INFO - [2026-08-16T00:42:32.108+0000] {dag.py:3089} INFO - Sync 1 DAGs
[2026-08-16T00:42:32.138+0000] {logging_mixin.py:188} INFO - [2026-08-16T00:42:32.137+0000] {dag.py:3947} INFO - Setting next_dagrun for nyc_taxi_ingest to None, run_after=None
[2026-08-16T00:42:32.164+0000] {processor.py:183} INFO - Processing /opt/airflow/dags/nyc_taxi_ingest.py took 0.466 seconds
[2026-08-16T00:43:02.309+0000] {processor.py:161} INFO - Started process (PID=858) to work on /opt/airflow/dags/nyc_taxi_ingest.py
[2026-08-16T00:43:02.311+0000] {processor.py:830} INFO - Processing file /opt/airflow/dags/nyc_taxi_ingest.py for tasks to queue
[2026-08-16T00:43:02.314+0000] {logging_mixin.py:188} INFO - [2026-08-16T00:43:02.314+0000] {dagbag.py:545} INFO - Filling up the DagBag from /opt/airflow/dags/nyc_taxi_ingest.py
[2026-08-16T00:43:02.991+0000] {processor.py:840} INFO - DAG(s) 'nyc_taxi_ingest' retrieved from /opt/airflow/dags/nyc_taxi_ingest.py
[2026-08-16T00:43:03.030+0000] {logging_mixin.py:188} INFO - [2026-08-16T00:43:03.029+0000] {dag.py:3089} INFO - Sync 1 DAGs
[2026-08-16T00:43:03.059+0000] {logging_mixin.py:188} INFO - [2026-08-16T00:43:03.059+0000] {dag.py:3947} INFO - Setting next_dagrun for nyc_taxi_ingest to None, run_after=None
[2026-08-16T00:43:03.093+0000] {processor.py:183} INFO - Processing /opt/airflow/dags/nyc_taxi_ingest.py took 0.797 seconds
[2026-08-16T00:43:33.484+0000] {processor.py:161} INFO - Started process (PID=860) to work on /opt/airflow/dags/nyc_taxi_ingest.py
[2026-08-16T00:43:33.486+0000] {processor.py:830} INFO - Processing file /opt/airflow/dags/nyc_taxi_ingest.py for tasks to queue
[2026-08-16T00:43:33.490+0000] {logging_mixin.py:188} INFO - [2026-08-16T00:43:33.489+0000] {dagbag.py:545} INFO - Filling up the DagBag from /opt/airflow/dags/nyc_taxi_ingest.py
[2026-08-16T00:43:33.863+0000] {processor.py:840} INFO - DAG(s) 'nyc_taxi_ingest' retrieved from /opt/airflow/dags/nyc_taxi_ingest.py
[2026-08-16T00:43:33.926+0000] {logging_mixin.py:188} INFO - [2026-08-16T00:43:33.925+0000] {dag.py:3089} INFO - Sync 1 DAGs
[2026-08-16T00:43:33.976+0000] {logging_mixin.py:188} INFO - [2026-08-16T00:43:33.976+0000] {dag.py:3947} INFO - Setting next_dagrun for nyc_taxi_ingest to None, run_after=None
[2026-08-16T00:43:34.004+0000] {processor.py:183} INFO - Processing /opt/airflow/dags/nyc_taxi_ingest.py took 0.533 seconds
[2026-08-16T00:44:04.391+0000] {processor.py:161} INFO - Started process (PID=862) to work on /opt/airflow/dags/nyc_taxi_ingest.py
[2026-08-16T00:44:04.392+0000] {processor.py:830} INFO - Processing file /opt/airflow/dags/nyc_taxi_ingest.py for tasks to queue
[2026-08-16T00:44:04.395+0000] {logging_mixin.py:188} INFO - [2026-08-16T00:44:04.394+0000] {dagbag.py:545} INFO - Filling up the DagBag from /opt/airflow/dags/nyc_taxi_ingest.py
[2026-08-16T00:44:04.816+0000] {processor.py:840} INFO - DAG(s) 'nyc_taxi_ingest' retrieved from /opt/airflow/dags/nyc_taxi_ingest.py
[2026-08-16T00:44:04.845+0000] {logging_mixin.py:188} INFO - [2026-08-16T00:44:04.844+0000] {dag.py:3089} INFO - Sync 1 DAGs
[2026-08-16T00:44:04.866+0000] {logging_mixin.py:188} INFO - [2026-08-16T00:44:04.866+0000] {dag.py:3947} INFO - Setting next_dagrun for nyc_taxi_ingest to None, run_after=None
[2026-08-16T00:44:04.895+0000] {processor.py:183} INFO - Processing /opt/airflow/dags/nyc_taxi_ingest.py took 0.514 seconds
[2026-08-16T00:44:35.262+0000] {processor.py:161} INFO - Started process (PID=864) to work on /opt/airflow/dags/nyc_taxi_ingest.py
[2026-08-16T00:44:35.264+0000] {processor.py:830} INFO - Processing file /opt/airflow/dags/nyc_taxi_ingest.py for tasks to queue
[2026-08-16T00:44:35.266+0000] {logging_mixin.py:188} INFO - [2026-08-16T00:44:35.266+0000] {dagbag.py:545} INFO - Filling up the DagBag from /opt/airflow/dags/nyc_taxi_ingest.py
[2026-08-16T00:44:35.652+0000] {processor.py:840} INFO - DAG(s) 'nyc_taxi_ingest' retrieved from /opt/airflow/dags/nyc_taxi_ingest.py
[2026-08-16T00:44:35.683+0000] {logging_mixin.py:188} INFO - [2026-08-16T00:44:35.683+0000] {dag.py:3089} INFO - Sync 1 DAGs
[2026-08-16T00:44:35.711+0000] {logging_mixin.py:188} INFO - [2026-08-16T00:44:35.711+0000] {dag.py:3947} INFO - Setting next_dagrun for nyc_taxi_ingest to None, run_after=None
[2026-08-16T00:44:35.736+0000] {processor.py:183} INFO - Processing /opt/airflow/dags/nyc_taxi_ingest.py took 0.484 seconds
[2026-08-16T00:45:05.979+0000] {processor.py:161} INFO - Started process (PID=866) to work on /opt/airflow/dags/nyc_taxi_ingest.py
[2026-08-16T00:45:05.981+0000] {processor.py:830} INFO - Processing file /opt/airflow/dags/nyc_taxi_ingest.py for tasks to queue
[2026-08-16T00:45:05.983+0000] {logging_mixin.py:188} INFO - [2026-08-16T00:45:05.983+0000] {dagbag.py:545} INFO - Filling up the DagBag from /opt/airflow/dags/nyc_taxi_ingest.py
[2026-08-16T00:45:06.452+0000] {processor.py:840} INFO - DAG(s) 'nyc_taxi_ingest' retrieved from /opt/airflow/dags/nyc_taxi_ingest.py
[2026-08-16T00:45:06.497+0000] {logging_mixin.py:188} INFO - [2026-08-16T00:45:06.497+0000] {dag.py:3089} INFO - Sync 1 DAGs
[2026-08-16T00:45:06.532+0000] {logging_mixin.py:188} INFO - [2026-08-16T00:45:06.531+0000] {dag.py:3947} INFO - Setting next_dagrun for nyc_taxi_ingest to None, run_after=None
[2026-08-16T00:45:06.553+0000] {processor.py:183} INFO - Processing /opt/airflow/dags/nyc_taxi_ingest.py took 0.583 seconds
[2026-08-16T00:45:36.889+0000] {processor.py:161} INFO - Started process (PID=868) to work on /opt/airflow/dags/nyc_taxi_ingest.py
[2026-08-16T00:45:36.891+0000] {processor.py:830} INFO - Processing file /opt/airflow/dags/nyc_taxi_ingest.py for tasks to queue
[2026-08-16T00:45:36.894+0000] {logging_mixin.py:188} INFO - [2026-08-16T00:45:36.893+0000] {dagbag.py:545} INFO - Filling up the DagBag from /opt/airflow/dags/nyc_taxi_ingest.py
[2026-08-16T00:45:37.279+0000] {processor.py:840} INFO - DAG(s) 'nyc_taxi_ingest' retrieved from /opt/airflow/dags/nyc_taxi_ingest.py
[2026-08-16T00:45:37.314+0000] {logging_mixin.py:188} INFO - [2026-08-16T00:45:37.314+0000] {dag.py:3089} INFO - Sync 1 DAGs
[2026-08-16T00:45:37.337+0000] {logging_mixin.py:188} INFO - [2026-08-16T00:45:37.336+0000] {dag.py:3947} INFO - Setting next_dagrun for nyc_taxi_ingest to None, run_after=None
[2026-08-16T00:45:37.357+0000] {processor.py:183} INFO - Processing /opt/airflow/dags/nyc_taxi_ingest.py took 0.476 seconds
[2026-08-16T00:46:07.638+0000] {processor.py:161} INFO - Started process (PID=870) to work on /opt/airflow/dags/nyc_taxi_ingest.py
[2026-08-16T00:46:07.640+0000] {processor.py:830} INFO - Processing file /opt/airflow/dags/nyc_taxi_ingest.py for tasks to queue
[2026-08-16T00:46:07.644+0000] {logging_mixin.py:188} INFO - [2026-08-16T00:46:07.644+0000] {dagbag.py:545} INFO - Filling up the DagBag from /opt/airflow/dags/nyc_taxi_ingest.py
[2026-08-16T00:46:08.011+0000] {processor.py:840} INFO - DAG(s) 'nyc_taxi_ingest' retrieved from /opt/airflow/dags/nyc_taxi_ingest.py
[2026-08-16T00:46:08.053+0000] {logging_mixin.py:188} INFO - [2026-08-16T00:46:08.053+0000] {dag.py:3089} INFO - Sync 1 DAGs
[2026-08-16T00:46:08.077+0000] {logging_mixin.py:188} INFO - [2026-08-16T00:46:08.077+0000] {dag.py:3947} INFO - Setting next_dagrun for nyc_taxi_ingest to None, run_after=None
[2026-08-16T00:46:08.100+0000] {processor.py:183} INFO - Processing /opt/airflow/dags/nyc_taxi_ingest.py took 0.471 seconds
[2026-08-16T16:13:37.857+0000] {processor.py:161} INFO - Started process (PID=47) to work on /opt/airflow/dags/nyc_taxi_ingest.py
[2026-08-16T16:13:37.915+0000] {processor.py:830} INFO - Processing file /opt/airflow/dags/nyc_taxi_ingest.py for tasks to queue
[2026-08-16T16:13:38.050+0000] {logging_mixin.py:188} INFO - [2026-08-16T16:13:38.047+0000] {dagbag.py:545} INFO - Filling up the DagBag from /opt/airflow/dags/nyc_taxi_ingest.py
[2026-08-16T16:14:01.656+0000] {processor.py:840} INFO - DAG(s) 'nyc_taxi_ingest' retrieved from /opt/airflow/dags/nyc_taxi_ingest.py
[2026-08-16T16:14:13.692+0000] {logging_mixin.py:188} INFO - [2026-08-16T16:14:13.689+0000] {dag.py:3089} INFO - Sync 1 DAGs
[2026-08-16T16:14:14.152+0000] {logging_mixin.py:188} INFO - [2026-08-16T16:14:14.151+0000] {dag.py:3947} INFO - Setting next_dagrun for nyc_taxi_ingest to None, run_after=None
[2026-08-16T16:14:14.553+0000] {processor.py:183} INFO - Processing /opt/airflow/dags/nyc_taxi_ingest.py took 37.155 seconds
[2026-08-16T16:14:47.156+0000] {processor.py:161} INFO - Started process (PID=49) to work on /opt/airflow/dags/nyc_taxi_ingest.py
[2026-08-16T16:14:47.258+0000] {processor.py:830} INFO - Processing file /opt/airflow/dags/nyc_taxi_ingest.py for tasks to queue
[2026-08-16T16:14:47.363+0000] {logging_mixin.py:188} INFO - [2026-08-16T16:14:47.360+0000] {dagbag.py:545} INFO - Filling up the DagBag from /opt/airflow/dags/nyc_taxi_ingest.py
[2026-08-16T16:16:06.898+0000] {processor.py:161} INFO - Started process (PID=51) to work on /opt/airflow/dags/nyc_taxi_ingest.py
[2026-08-16T16:16:06.916+0000] {processor.py:830} INFO - Processing file /opt/airflow/dags/nyc_taxi_ingest.py for tasks to queue
[2026-08-16T16:16:06.931+0000] {logging_mixin.py:188} INFO - [2026-08-16T16:16:06.928+0000] {dagbag.py:545} INFO - Filling up the DagBag from /opt/airflow/dags/nyc_taxi_ingest.py
[2026-08-16T16:16:13.279+0000] {processor.py:840} INFO - DAG(s) 'nyc_taxi_ingest' retrieved from /opt/airflow/dags/nyc_taxi_ingest.py
[2026-08-16T16:16:20.912+0000] {logging_mixin.py:188} INFO - [2026-08-16T16:16:20.902+0000] {dag.py:3089} INFO - Sync 1 DAGs
[2026-08-16T16:16:21.038+0000] {logging_mixin.py:188} INFO - [2026-08-16T16:16:21.037+0000] {dag.py:3947} INFO - Setting next_dagrun for nyc_taxi_ingest to None, run_after=None
[2026-08-16T16:16:21.185+0000] {processor.py:183} INFO - Processing /opt/airflow/dags/nyc_taxi_ingest.py took 14.354 seconds
[2026-08-16T16:16:51.762+0000] {processor.py:161} INFO - Started process (PID=53) to work on /opt/airflow/dags/nyc_taxi_ingest.py
[2026-08-16T16:16:51.776+0000] {processor.py:830} INFO - Processing file /opt/airflow/dags/nyc_taxi_ingest.py for tasks to queue
[2026-08-16T16:16:51.812+0000] {logging_mixin.py:188} INFO - [2026-08-16T16:16:51.810+0000] {dagbag.py:545} INFO - Filling up the DagBag from /opt/airflow/dags/nyc_taxi_ingest.py
[2026-08-16T16:17:00.555+0000] {processor.py:840} INFO - DAG(s) 'nyc_taxi_ingest' retrieved from /opt/airflow/dags/nyc_taxi_ingest.py
[2026-08-16T16:17:04.276+0000] {logging_mixin.py:188} INFO - [2026-08-16T16:17:04.263+0000] {dag.py:3089} INFO - Sync 1 DAGs
[2026-08-16T16:17:04.417+0000] {logging_mixin.py:188} INFO - [2026-08-16T16:17:04.416+0000] {dag.py:3947} INFO - Setting next_dagrun for nyc_taxi_ingest to None, run_after=None
[2026-08-16T16:17:04.780+0000] {processor.py:183} INFO - Processing /opt/airflow/dags/nyc_taxi_ingest.py took 13.156 seconds
[2026-08-16T16:17:54.427+0000] {processor.py:161} INFO - Started process (PID=55) to work on /opt/airflow/dags/nyc_taxi_ingest.py
[2026-08-16T16:17:54.432+0000] {processor.py:830} INFO - Processing file /opt/airflow/dags/nyc_taxi_ingest.py for tasks to queue
[2026-08-16T16:17:54.435+0000] {logging_mixin.py:188} INFO - [2026-08-16T16:17:54.434+0000] {dagbag.py:545} INFO - Filling up the DagBag from /opt/airflow/dags/nyc_taxi_ingest.py
[2026-08-16T16:18:13.728+0000] {processor.py:840} INFO - DAG(s) 'nyc_taxi_ingest' retrieved from /opt/airflow/dags/nyc_taxi_ingest.py
[2026-08-16T16:18:14.130+0000] {logging_mixin.py:188} INFO - [2026-08-16T16:18:14.129+0000] {dag.py:3089} INFO - Sync 1 DAGs
[2026-08-16T16:18:14.285+0000] {logging_mixin.py:188} INFO - [2026-08-16T16:18:14.285+0000] {dag.py:3947} INFO - Setting next_dagrun for nyc_taxi_ingest to None, run_after=None
[2026-08-16T16:18:14.442+0000] {processor.py:183} INFO - Processing /opt/airflow/dags/nyc_taxi_ingest.py took 20.393 seconds
[2026-08-16T16:18:46.586+0000] {processor.py:161} INFO - Started process (PID=57) to work on /opt/airflow/dags/nyc_taxi_ingest.py
[2026-08-16T16:18:46.615+0000] {processor.py:830} INFO - Processing file /opt/airflow/dags/nyc_taxi_ingest.py for tasks to queue
[2026-08-16T16:18:46.652+0000] {logging_mixin.py:188} INFO - [2026-08-16T16:18:46.650+0000] {dagbag.py:545} INFO - Filling up the DagBag from /opt/airflow/dags/nyc_taxi_ingest.py
[2026-08-16T16:18:55.522+0000] {processor.py:840} INFO - DAG(s) 'nyc_taxi_ingest' retrieved from /opt/airflow/dags/nyc_taxi_ingest.py
[2026-08-16T16:18:58.677+0000] {logging_mixin.py:188} INFO - [2026-08-16T16:18:58.665+0000] {dag.py:3089} INFO - Sync 1 DAGs
[2026-08-16T16:18:58.915+0000] {logging_mixin.py:188} INFO - [2026-08-16T16:18:58.914+0000] {dag.py:3947} INFO - Setting next_dagrun for nyc_taxi_ingest to None, run_after=None
[2026-08-16T16:18:59.285+0000] {processor.py:183} INFO - Processing /opt/airflow/dags/nyc_taxi_ingest.py took 12.768 seconds
[2026-08-16T16:19:30.297+0000] {processor.py:161} INFO - Started process (PID=59) to work on /opt/airflow/dags/nyc_taxi_ingest.py
[2026-08-16T16:19:30.312+0000] {processor.py:830} INFO - Processing file /opt/airflow/dags/nyc_taxi_ingest.py for tasks to queue
[2026-08-16T16:19:30.322+0000] {logging_mixin.py:188} INFO - [2026-08-16T16:19:30.318+0000] {dagbag.py:545} INFO - Filling up the DagBag from /opt/airflow/dags/nyc_taxi_ingest.py
[2026-08-16T16:19:34.011+0000] {processor.py:840} INFO - DAG(s) 'nyc_taxi_ingest' retrieved from /opt/airflow/dags/nyc_taxi_ingest.py
[2026-08-16T16:19:37.766+0000] {logging_mixin.py:188} INFO - [2026-08-16T16:19:37.764+0000] {dag.py:3089} INFO - Sync 1 DAGs
[2026-08-16T16:19:37.944+0000] {logging_mixin.py:188} INFO - [2026-08-16T16:19:37.944+0000] {dag.py:3947} INFO - Setting next_dagrun for nyc_taxi_ingest to None, run_after=None
[2026-08-16T16:19:38.150+0000] {processor.py:183} INFO - Processing /opt/airflow/dags/nyc_taxi_ingest.py took 7.960 seconds
[2026-08-16T16:20:09.645+0000] {processor.py:161} INFO - Started process (PID=61) to work on /opt/airflow/dags/nyc_taxi_ingest.py
[2026-08-16T16:20:09.651+0000] {processor.py:830} INFO - Processing file /opt/airflow/dags/nyc_taxi_ingest.py for tasks to queue
[2026-08-16T16:20:09.663+0000] {logging_mixin.py:188} INFO - [2026-08-16T16:20:09.654+0000] {dagbag.py:545} INFO - Filling up the DagBag from /opt/airflow/dags/nyc_taxi_ingest.py
[2026-08-16T16:20:21.268+0000] {processor.py:840} INFO - DAG(s) 'nyc_taxi_ingest' retrieved from /opt/airflow/dags/nyc_taxi_ingest.py
[2026-08-16T16:20:21.506+0000] {logging_mixin.py:188} INFO - [2026-08-16T16:20:21.505+0000] {dag.py:3089} INFO - Sync 1 DAGs
[2026-08-16T16:20:21.756+0000] {logging_mixin.py:188} INFO - [2026-08-16T16:20:21.749+0000] {dag.py:3947} INFO - Setting next_dagrun for nyc_taxi_ingest to None, run_after=None
[2026-08-16T16:20:21.937+0000] {processor.py:183} INFO - Processing /opt/airflow/dags/nyc_taxi_ingest.py took 12.443 seconds
[2026-08-16T16:20:52.798+0000] {processor.py:161} INFO - Started process (PID=63) to work on /opt/airflow/dags/nyc_taxi_ingest.py
[2026-08-16T16:20:52.803+0000] {processor.py:830} INFO - Processing file /opt/airflow/dags/nyc_taxi_ingest.py for tasks to queue
[2026-08-16T16:20:52.816+0000] {logging_mixin.py:188} INFO - [2026-08-16T16:20:52.814+0000] {dagbag.py:545} INFO - Filling up the DagBag from /opt/airflow/dags/nyc_taxi_ingest.py
[2026-08-16T16:21:01.250+0000] {processor.py:840} INFO - DAG(s) 'nyc_taxi_ingest' retrieved from /opt/airflow/dags/nyc_taxi_ingest.py
[2026-08-16T16:21:01.530+0000] {logging_mixin.py:188} INFO - [2026-08-16T16:21:01.528+0000] {dag.py:3089} INFO - Sync 1 DAGs
[2026-08-16T16:21:01.735+0000] {logging_mixin.py:188} INFO - [2026-08-16T16:21:01.735+0000] {dag.py:3947} INFO - Setting next_dagrun for nyc_taxi_ingest to None, run_after=None
[2026-08-16T16:21:02.056+0000] {processor.py:183} INFO - Processing /opt/airflow/dags/nyc_taxi_ingest.py took 9.375 seconds
[2026-08-16T16:21:33.603+0000] {processor.py:161} INFO - Started process (PID=65) to work on /opt/airflow/dags/nyc_taxi_ingest.py
[2026-08-16T16:21:33.650+0000] {processor.py:830} INFO - Processing file /opt/airflow/dags/nyc_taxi_ingest.py for tasks to queue
[2026-08-16T16:21:33.681+0000] {logging_mixin.py:188} INFO - [2026-08-16T16:21:33.677+0000] {dagbag.py:545} INFO - Filling up the DagBag from /opt/airflow/dags/nyc_taxi_ingest.py
[2026-08-16T16:21:43.545+0000] {processor.py:840} INFO - DAG(s) 'nyc_taxi_ingest' retrieved from /opt/airflow/dags/nyc_taxi_ingest.py
[2026-08-16T16:21:43.816+0000] {logging_mixin.py:188} INFO - [2026-08-16T16:21:43.814+0000] {dag.py:3089} INFO - Sync 1 DAGs
[2026-08-16T16:21:44.151+0000] {logging_mixin.py:188} INFO - [2026-08-16T16:21:44.151+0000] {dag.py:3947} INFO - Setting next_dagrun for nyc_taxi_ingest to None, run_after=None
[2026-08-16T16:21:44.303+0000] {processor.py:183} INFO - Processing /opt/airflow/dags/nyc_taxi_ingest.py took 10.937 seconds
[2026-08-16T16:22:15.193+0000] {processor.py:161} INFO - Started process (PID=67) to work on /opt/airflow/dags/nyc_taxi_ingest.py
[2026-08-16T16:22:15.215+0000] {processor.py:830} INFO - Processing file /opt/airflow/dags/nyc_taxi_ingest.py for tasks to queue
[2026-08-16T16:22:15.234+0000] {logging_mixin.py:188} INFO - [2026-08-16T16:22:15.232+0000] {dagbag.py:545} INFO - Filling up the DagBag from /opt/airflow/dags/nyc_taxi_ingest.py
[2026-08-16T16:22:19.238+0000] {processor.py:840} INFO - DAG(s) 'nyc_taxi_ingest' retrieved from /opt/airflow/dags/nyc_taxi_ingest.py
[2026-08-16T16:22:26.102+0000] {logging_mixin.py:188} INFO - [2026-08-16T16:22:26.098+0000] {dag.py:3089} INFO - Sync 1 DAGs
[2026-08-16T16:22:26.455+0000] {logging_mixin.py:188} INFO - [2026-08-16T16:22:26.454+0000] {dag.py:3947} INFO - Setting next_dagrun for nyc_taxi_ingest to None, run_after=None
[2026-08-16T16:22:26.634+0000] {processor.py:183} INFO - Processing /opt/airflow/dags/nyc_taxi_ingest.py took 11.496 seconds
