[2026-08-15T19:17:46.467+0000] {local_task_job_runner.py:120} INFO - ::group::Pre task execution logs
[2026-08-15T19:17:46.529+0000] {taskinstance.py:2076} INFO - Dependencies all met for dep_context=non-requeueable deps ti=<TaskInstance: nyc_taxi_ingest.load_bronze manual__2026-08-15T19:17:12.480399+00:00 [queued]>
[2026-08-15T19:17:46.547+0000] {taskinstance.py:2076} INFO - Dependencies all met for dep_context=requeueable deps ti=<TaskInstance: nyc_taxi_ingest.load_bronze manual__2026-08-15T19:17:12.480399+00:00 [queued]>
[2026-08-15T19:17:46.549+0000] {taskinstance.py:2306} INFO - Starting attempt 1 of 2
[2026-08-15T19:17:46.596+0000] {taskinstance.py:2330} INFO - Executing <Task(PythonOperator): load_bronze> on 2026-08-15 19:17:12.480399+00:00
[2026-08-15T19:17:46.613+0000] {warnings.py:112} WARNING - /home/***/.local/lib/python3.12/site-packages/***/task/task_runner/standard_task_runner.py:62: DeprecationWarning: This process (pid=79) is multi-threaded, use of fork() may lead to deadlocks in the child.
  pid = os.fork()

[2026-08-15T19:17:46.616+0000] {standard_task_runner.py:64} INFO - Started process 81 to run task
[2026-08-15T19:17:46.616+0000] {standard_task_runner.py:90} INFO - Running: ['***', 'tasks', 'run', 'nyc_taxi_ingest', 'load_bronze', 'manual__2026-08-15T19:17:12.480399+00:00', '--job-id', '11', '--raw', '--subdir', 'DAGS_FOLDER/nyc_taxi_ingest.py', '--cfg-path', '/tmp/tmpev707jxg']
[2026-08-15T19:17:46.620+0000] {standard_task_runner.py:91} INFO - Job 11: Subtask load_bronze
[2026-08-15T19:17:47.250+0000] {task_command.py:426} INFO - Running <TaskInstance: nyc_taxi_ingest.load_bronze manual__2026-08-15T19:17:12.480399+00:00 [running]> on host ***-worker
[2026-08-15T19:17:47.437+0000] {taskinstance.py:2648} INFO - Exporting env vars: AIRFLOW_CTX_DAG_OWNER='aadya-anil-kumar' AIRFLOW_CTX_DAG_ID='nyc_taxi_ingest' AIRFLOW_CTX_TASK_ID='load_bronze' AIRFLOW_CTX_EXECUTION_DATE='2026-08-15T19:17:12.480399+00:00' AIRFLOW_CTX_TRY_NUMBER='1' AIRFLOW_CTX_DAG_RUN_ID='manual__2026-08-15T19:17:12.480399+00:00'
[2026-08-15T19:17:47.438+0000] {taskinstance.py:430} INFO - ::endgroup::
[2026-08-15T19:18:28.244+0000] {taskinstance.py:441} INFO - ::group::Post task execution logs
[2026-08-15T19:18:28.248+0000] {taskinstance.py:2905} ERROR - Task failed with exception
Traceback (most recent call last):
  File "/home/airflow/.local/lib/python3.12/site-packages/airflow/models/taskinstance.py", line 465, in _execute_task
    result = _execute_callable(context=context, **execute_callable_kwargs)
             ^^^^^^^^^^^^^^^^^^^^^^^^^^^^^^^^^^^^^^^^^^^^^^^^^^^^^^^^^^^^^
  File "/home/airflow/.local/lib/python3.12/site-packages/airflow/models/taskinstance.py", line 432, in _execute_callable
    return execute_callable(context=context, **execute_callable_kwargs)
           ^^^^^^^^^^^^^^^^^^^^^^^^^^^^^^^^^^^^^^^^^^^^^^^^^^^^^^^^^^^^
  File "/home/airflow/.local/lib/python3.12/site-packages/airflow/models/baseoperator.py", line 401, in wrapper
    return func(self, *args, **kwargs)
           ^^^^^^^^^^^^^^^^^^^^^^^^^^^
  File "/home/airflow/.local/lib/python3.12/site-packages/airflow/operators/python.py", line 235, in execute
    return_value = self.execute_callable()
                   ^^^^^^^^^^^^^^^^^^^^^^^
  File "/home/airflow/.local/lib/python3.12/site-packages/airflow/operators/python.py", line 252, in execute_callable
    return self.python_callable(*self.op_args, **self.op_kwargs)
           ^^^^^^^^^^^^^^^^^^^^^^^^^^^^^^^^^^^^^^^^^^^^^^^^^^^^^
  File "/opt/airflow/dags/nyc_taxi_ingest.py", line 75, in load_bronze
    client.execute(
  File "/home/airflow/.local/lib/python3.12/site-packages/clickhouse_driver/client.py", line 415, in execute
    rv = self.process_insert_query(
         ^^^^^^^^^^^^^^^^^^^^^^^^^^
  File "/home/airflow/.local/lib/python3.12/site-packages/clickhouse_driver/client.py", line 749, in process_insert_query
    rv = self.send_data(sample_block, data,
         ^^^^^^^^^^^^^^^^^^^^^^^^^^^^^^^^^^
  File "/home/airflow/.local/lib/python3.12/site-packages/clickhouse_driver/client.py", line 802, in send_data
    self.connection.send_data(block)
  File "/home/airflow/.local/lib/python3.12/site-packages/clickhouse_driver/connection.py", line 720, in send_data
    self.block_out.write(block)
  File "/home/airflow/.local/lib/python3.12/site-packages/clickhouse_driver/streams/native.py", line 48, in write
    write_column(self.context, col_name, col_type, items,
  File "/home/airflow/.local/lib/python3.12/site-packages/clickhouse_driver/columns/service.py", line 183, in write_column
    column.write_data(items, buf)
  File "/home/airflow/.local/lib/python3.12/site-packages/clickhouse_driver/columns/base.py", line 151, in write_data
    self._write_data(items, buf)
  File "/home/airflow/.local/lib/python3.12/site-packages/clickhouse_driver/columns/base.py", line 154, in _write_data
    prepared = self.prepare_items(items)
               ^^^^^^^^^^^^^^^^^^^^^^^^^
  File "/home/airflow/.local/lib/python3.12/site-packages/clickhouse_driver/columns/base.py", line 143, in prepare_items
    self.before_write_items(items, nulls_map=nulls_map)
  File "/home/airflow/.local/lib/python3.12/site-packages/clickhouse_driver/columns/datetimecolumn.py", line 74, in before_write_items
    if item.tzinfo is None:
       ^^^^^^^^^^^
AttributeError: 'NoneType' object has no attribute 'tzinfo'
[2026-08-15T19:18:28.300+0000] {taskinstance.py:1206} INFO - Marking task as UP_FOR_RETRY. dag_id=nyc_taxi_ingest, task_id=load_bronze, run_id=manual__2026-08-15T19:17:12.480399+00:00, execution_date=20260815T191712, start_date=20260815T191746, end_date=20260815T191828
[2026-08-15T19:18:28.336+0000] {standard_task_runner.py:110} ERROR - Failed to execute job 11 for task load_bronze ('NoneType' object has no attribute 'tzinfo'; 81)
[2026-08-15T19:18:28.576+0000] {local_task_job_runner.py:243} INFO - Task exited with return code 1
[2026-08-15T19:18:28.600+0000] {taskinstance.py:3503} INFO - 0 downstream tasks scheduled from follow-on schedule check
[2026-08-15T19:18:28.605+0000] {local_task_job_runner.py:222} INFO - ::endgroup::
